##############################################################################
#                                                                            #
# IAR ARM ANSI C/C++ Compiler V4.40A/W32 EVALUATION    11/Sep/2007  11:32:02 #
# Copyright 1999-2005 IAR Systems. All rights reserved.                      #
#                                                                            #
#    Cpu mode        =  interwork                                            #
#    Endian          =  little                                               #
#    Stack alignment =  4                                                    #
#    Source file     =  C:\E-pia\EpiaGuardMain_v099\EpiaGuardMain\src\EpiaGu #
#                       ardMain_lib.c                                        #
#    Command line    =  C:\E-pia\EpiaGuardMain_v099\EpiaGuardMain\src\EpiaGu #
#                       ardMain_lib.c -D NDEBUG -lC                          #
#                       C:\E-pia\EpiaGuardMain_v099\EpiaGuardMain\compil\Rel #
#                       ease\List\ -o C:\E-pia\EpiaGuardMain_v099\EpiaGuardM #
#                       ain\compil\Release\Obj\ -z9 --debug --cpu_mode       #
#                       thumb --endian little --cpu ARM7TDMI --stack_align   #
#                       4 --interwork -e --fpu None --dlib_config            #
#                       "C:\Program Files\IAR Systems\Embedded Workbench     #
#                       4.0 Evaluation\ARM\LIB\dl4tptinl8n.h" -I             #
#                       C:\E-pia\EpiaGuardMain_v099\EpiaGuardMain\compil\src #
#                       IAR\ -I C:\E-pia\EpiaGuardMain_v099\EpiaGuardMain\co #
#                       mpil\..\src\ -I C:\E-pia\EpiaGuardMain_v099\EpiaGuar #
#                       dMain\compil\..\..\ -I "C:\Program Files\IAR         #
#                       Systems\Embedded Workbench 4.0 Evaluation\ARM\INC\"  #
#    List file       =  C:\E-pia\EpiaGuardMain_v099\EpiaGuardMain\compil\Rel #
#                       ease\List\EpiaGuardMain_lib.lst                      #
#    Object file     =  C:\E-pia\EpiaGuardMain_v099\EpiaGuardMain\compil\Rel #
#                       ease\Obj\EpiaGuardMain_lib.r79                       #
#                                                                            #
#                                                                            #
##############################################################################

C:\E-pia\EpiaGuardMain_v099\EpiaGuardMain\src\EpiaGuardMain_lib.c
      1          // ----------------------------------------------------------------------------
      2          //         Epiatech co,. LTD  -  Lee Y k  -
      3          // ----------------------------------------------------------------------------
      4          // File Name           : EpiaGate_lib.c
      5          // Object              : EpiaGate main library Function
      6          // Creation            : 2006-11-16
      7          // update              : 2007-02-07
      8          // ----------------------------------------------------------------------------
      9          // Include Standard LIB  files
     10          #include "project.h"
     11          /* IAR Systems\Embedded Workbench 4.0 Evaluation\ARM\INC\stdio.h
     12           <<< _STDIO Functions >>>
     13          #if defined(_STD_USING) && defined(__cplusplus)
     14            using _CSTD fpos_t;
     15            using _CSTD clearerr; using _CSTD fclose; using _CSTD feof;
     16            using _CSTD ferror; using _CSTD fflush; using _CSTD fgetc;
     17            using _CSTD fgetpos; using _CSTD fgets; using _CSTD fopen;
     18            using _CSTD fprintf; using _CSTD fputc; using _CSTD fputs;
     19            using _CSTD fread; using _CSTD freopen; using _CSTD fscanf;
     20            using _CSTD fseek; using _CSTD fsetpos; using _CSTD ftell;
     21            using _CSTD fwrite; using _CSTD getc; using _CSTD getchar;
     22            using _CSTD gets; using _CSTD perror;
     23            using _CSTD putc; using _CSTD putchar;
     24            using _CSTD printf; using _CSTD puts; using _CSTD remove;
     25            using _CSTD rename; using _CSTD rewind; using _CSTD scanf;
     26            using _CSTD setbuf; using _CSTD setvbuf; using _CSTD sprintf;
     27            using _CSTD sscanf; using _CSTD tmpfile; using _CSTD tmpnam;
     28            using _CSTD ungetc; using _CSTD vfprintf; using _CSTD vprintf;
     29            using _CSTD vsprintf;
     30            #if _DLIB_ADD_EXTRA_SYMBOLS
     31              using _CSTD fdopen; using _CSTD fileno;
     32            #endif // _DLIB_ADD_EXTRA_SYMBOLS
     33            #if _DLIB_ADD_C99_SYMBOLS
     34              using _CSTD snprintf; using _CSTD vsnprintf;
     35              using _CSTD vscanf; using _CSTD vsscanf;
     36              using _CSTD vfscanf; 
     37            #endif // _DLIB_ADD_C99_SYMBOLS 
     38          
     39          
     40            #if _DLIB_FILE_DESCRIPTOR
     41              using _CSTD FILE;
     42            #endif
     43          #endif //defined(_STD_USING) && defined(__cplusplus)
     44          */
     45          
     46          // printf() Function using _CSTD putchar;

   \                                 In segment CODE, align 4, keep-with-next
     47          int putchar(int c)
     48          {
   \                     putchar:
   \   00000000   70B5               PUSH     {R4-R6,LR}
   \   00000002   0400               MOVS     R4,R0
     49            unsigned short code;
     50            code = c;
   \   00000004   2504               LSLS     R5,R4,#+16
   \   00000006   2D0C               LSRS     R5,R5,#+16
     51            if (DebugMonit & MONOUT) putchar_dp(code);
   \   00000008   ....               LDR      R6,??DataTable2  ;; DebugMonit
   \   0000000A   3078               LDRB     R0,[R6, #+0]
   \   0000000C   C007               LSLS     R0,R0,#+31
   \   0000000E   02D5               BPL      ??putchar_0
   \   00000010   2800               MOVS     R0,R5
   \   00000012   ........           _BLF     putchar_dp,??putchar_dp??rT
     52            if (DebugMonit & COM2OUT) putchar2(code);
   \                     ??putchar_0:
   \   00000016   3078               LDRB     R0,[R6, #+0]
   \   00000018   8007               LSLS     R0,R0,#+30
   \   0000001A   03D5               BPL      ??putchar_1
   \   0000001C   2806               LSLS     R0,R5,#+24
   \   0000001E   000E               LSRS     R0,R0,#+24
   \   00000020   ........           _BLF     putchar2,??putchar2??rT
     53            //if (DebugMonit & 0x04) putchar1(code);
     54            if (DebugMonit & COM0OUT) putchar0(code);
   \                     ??putchar_1:
   \   00000024   3078               LDRB     R0,[R6, #+0]
   \   00000026   0007               LSLS     R0,R0,#+28
   \   00000028   03D5               BPL      ??putchar_2
   \   0000002A   2806               LSLS     R0,R5,#+24
   \   0000002C   000E               LSRS     R0,R0,#+24
   \   0000002E   ........           _BLF     putchar0,??putchar0??rT
     55            return c;
   \                     ??putchar_2:
   \   00000032   2000               MOVS     R0,R4
   \   00000034   ....               B.N      ?Subroutine36
     56          }

   \                                 In segment CODE, align 4, keep-with-next
   \                     ?Subroutine36:
   \   00000000   70BC               POP      {R4-R6}
   \   00000002   02BC               POP      {R1}
   \   00000004   0847               BX       R1               ;; return
     57          

   \                                 In segment CODE, align 4, keep-with-next
     58          void print_str(const unsigned char* ptr)
     59          {
   \                     print_str:
   \   00000000   10B5               PUSH     {R4,LR}
   \   00000002   0400               MOVS     R4,R0
     60            do 
     61            {
     62              if (*ptr == '\r') 
   \                     ??print_str_0:
   \   00000004   2078               LDRB     R0,[R4, #+0]
   \   00000006   0D28               CMP      R0,#+13
   \   00000008   02D1               BNE      ??print_str_1
     63              {
     64                LCD_carrige_return();
   \   0000000A   ........           _BLF     LCD_carrige_return,??LCD_carrige_return??rT
   \   0000000E   08E0               B        ??print_str_2
     65              }
     66              else if (*ptr == '\n') 
   \                     ??print_str_1:
   \   00000010   0A28               CMP      R0,#+10
   \   00000012   02D1               BNE      ??print_str_3
     67              {
     68                LCD_line_feed();
   \   00000014   ........           _BLF     LCD_line_feed,??LCD_line_feed??rT
   \   00000018   03E0               B        ??print_str_2
     69              }
     70              else if (*ptr >= ' ') putchar_dp(*ptr);  
   \                     ??print_str_3:
   \   0000001A   2028               CMP      R0,#+32
   \   0000001C   01D3               BCC      ??print_str_2
   \   0000001E   ........           _BLF     putchar_dp,??putchar_dp??rT
     71            }
     72              while(*ptr++ != ASC_ETX);           
   \                     ??print_str_2:
   \   00000022   2000               MOVS     R0,R4
   \   00000024   641C               ADDS     R4,R4,#+1
   \   00000026   0078               LDRB     R0,[R0, #+0]
   \   00000028   0328               CMP      R0,#+3
   \   0000002A   EBD1               BNE      ??print_str_0
     73          }
   \   0000002C   ....               B.N      ??Subroutine37_0

   \                                 In segment CODE, align 4, keep-with-next
   \                     ?Subroutine37:
   \   00000000   0870               STRB     R0,[R1, #+0]
   \                     ??Subroutine37_0:
   \   00000002   10BC               POP      {R4}
   \   00000004   01BC               POP      {R0}
   \   00000006   0047               BX       R0               ;; return
   \                     ??Subroutine37_1:
   \   00000008   ........           DC32     BMCresetIs
     74          

   \                                 In segment CODE, align 4, keep-with-next
     75          void putstring1(const unsigned char* ptr)
     76          {
   \                     putstring1:
   \   00000000   70B5               PUSH     {R4-R6,LR}
   \   00000002   0400               MOVS     R4,R0
     77            unsigned char c, end;
     78            end = 1;
   \   00000004   0125               MOVS     R5,#+1
     79           
     80            do 
     81            {
     82              c = *ptr;
   \                     ??putstring1_0:
   \   00000006   2678               LDRB     R6,[R4, #+0]
     83              putchar1(c);
   \   00000008   3000               MOVS     R0,R6
   \   0000000A   ........           _BLF     putchar1,??putchar1??rT
     84              delay_us(200);
   \   0000000E   C820               MOVS     R0,#+200
   \   00000010   ........           _BLF     delay_us,??delay_us??rT
     85              ifMODEMctrl
   \   00000014   ....               LDR      R0,??DataTable1  ;; ExecMode
   \   00000016   0078               LDRB     R0,[R0, #+0]
   \   00000018   0328               CMP      R0,#+3
   \   0000001A   01D0               BEQ      ??putstring1_1
   \   0000001C   0B28               CMP      R0,#+11
   \   0000001E   0BD1               BNE      ??putstring1_2
     86                if (Com2Mode) printf("%1c", c);
   \                     ??putstring1_1:
   \   00000020   0B48               LDR      R0,??putstring1_3  ;; Com2Mode
   \   00000022   0078               LDRB     R0,[R0, #+0]
   \   00000024   0028               CMP      R0,#+0
   \   00000026   04D0               BEQ      ??putstring1_4
   \   00000028   3100               MOVS     R1,R6
   \   0000002A   0AA0               ADR      R0,??putstring1_3+0x4  ;; "%1c"
   \   0000002C   ........           _BLF     printf,??printf??rT
   \   00000030   02E0               B        ??putstring1_2
     87                else putchar2(c);
   \                     ??putstring1_4:
   \   00000032   3000               MOVS     R0,R6
   \   00000034   ........           _BLF     putchar2,??putchar2??rT
     88              if ((c == ASC_ETX)|(c == '\r')|(c == '\n')) end = 0;
   \                     ??putstring1_2:
   \   00000038   032E               CMP      R6,#+3
   \   0000003A   03D0               BEQ      ??putstring1_5
   \   0000003C   0D2E               CMP      R6,#+13
   \   0000003E   01D0               BEQ      ??putstring1_5
   \   00000040   0A2E               CMP      R6,#+10
   \   00000042   00D1               BNE      ??putstring1_6
   \                     ??putstring1_5:
   \   00000044   0025               MOVS     R5,#+0
     89              ptr++;
   \                     ??putstring1_6:
   \   00000046   641C               ADDS     R4,R4,#+1
     90            }
     91              while(end);           
   \   00000048   002D               CMP      R5,#+0
   \   0000004A   DCD1               BNE      ??putstring1_0
     92          }
   \   0000004C   ....               B.N      ?Subroutine38
   \   0000004E   C046               Nop      
   \                     ??putstring1_3:
   \   00000050   ........           DC32     Com2Mode
   \   00000054   25316300           DC8      "%1c"

   \                                 In segment CODE, align 4, keep-with-next
   \                     ?Subroutine38:
   \   00000000   70BC               POP      {R4-R6}
   \   00000002   01BC               POP      {R0}
   \   00000004   0047               BX       R0               ;; return
     93          

   \                                 In segment DATA_Z, align 1, align-sorted
     94          char DebugMonit;
   \                     DebugMonit:
   \   00000000                      DS8 1

   \                                 In segment CODE, align 4, keep-with-next
     95          void debug_monit(char mode)
     96          {
     97             DebugMonit = mode; 
   \                     debug_monit:
   \   00000000   ....               LDR      R1,??DataTable2  ;; DebugMonit
   \   00000002   0870               STRB     R0,[R1, #+0]
     98          }
   \   00000004   7047               BX       LR               ;; return
     99          

   \                                 In segment CODE, align 4, keep-with-next
    100          char ascii2hex(char asc)                  
    101          {                                              
   \                     ascii2hex:
   \   00000000   00B5               PUSH     {LR}
    102          if (asc < 58) asc = asc - 48; else asc = asc - 55;
   \   00000002   3A28               CMP      R0,#+58
   \   00000004   01D2               BCS      ??ascii2hex_0
   \   00000006   D030               ADDS     R0,R0,#+208
   \   00000008   00E0               B        ??ascii2hex_1
   \                     ??ascii2hex_0:
   \   0000000A   C930               ADDS     R0,R0,#+201
    103          return asc;
   \                     ??ascii2hex_1:
   \   0000000C   ....               B.N      ??Subroutine39_0
    104          }

   \                                 In segment CODE, align 4, keep-with-next
   \                     ?Subroutine39:
   \   00000000   0A28               CMP      R0,#+10
   \   00000002   01D2               BCS      ??Subroutine39_1
   \   00000004   3030               ADDS     R0,R0,#+48
   \   00000006   00E0               B        ??Subroutine39_0
   \                     ??Subroutine39_1:
   \   00000008   3730               ADDS     R0,R0,#+55
   \                     ??Subroutine39_0:
   \   0000000A   0006               LSLS     R0,R0,#+24
   \   0000000C   000E               LSRS     R0,R0,#+24
   \   0000000E   02BC               POP      {R1}
   \   00000010   0847               BX       R1               ;; return
    105          

   \                                 In segment CODE, align 4, keep-with-next
    106          char ascii2byte(char high, char low)                  
    107          {                                              
   \                     ascii2byte:
   \   00000000   00B5               PUSH     {LR}
    108          char byte;
    109          if (high < 58) high = high - 48; else high = high - 55;
   \   00000002   3A28               CMP      R0,#+58
   \   00000004   01D2               BCS      ??ascii2byte_0
   \   00000006   D030               ADDS     R0,R0,#+208
   \   00000008   00E0               B        ??ascii2byte_1
   \                     ??ascii2byte_0:
   \   0000000A   C930               ADDS     R0,R0,#+201
    110          if (low < 58) low = low - 48; else low = low - 55;
   \                     ??ascii2byte_1:
   \   0000000C   3A29               CMP      R1,#+58
   \   0000000E   01D2               BCS      ??ascii2byte_2
   \   00000010   D031               ADDS     R1,R1,#+208
   \   00000012   00E0               B        ??ascii2byte_3
   \                     ??ascii2byte_2:
   \   00000014   C931               ADDS     R1,R1,#+201
    111          byte = (low & 0x0F) | (high << 4);
    112          return byte;
   \                     ??ascii2byte_3:
   \   00000016   0907               LSLS     R1,R1,#+28
   \   00000018   090F               LSRS     R1,R1,#+28
   \   0000001A   0001               LSLS     R0,R0,#+4
   \   0000001C   0843               ORRS     R0,R0,R1
   \   0000001E   ....               B.N      ??Subroutine39_0
    113          }
    114          

   \                                 In segment CODE, align 4, keep-with-next
    115          unsigned short ascii2short(char d3, char d2, char d1, char d0)                  
    116          {                                              
   \                     ascii2short:
   \   00000000   70B5               PUSH     {R4-R6,LR}
   \   00000002   1400               MOVS     R4,R2
   \   00000004   1D00               MOVS     R5,R3
    117          unsigned short s;
    118          s = ascii2byte(d3, d2); 
   \   00000006   ........           BL       ascii2byte
    119          s = s<<8 | ascii2byte(d1, d0); 
   \   0000000A   0602               LSLS     R6,R0,#+8
   \   0000000C   2900               MOVS     R1,R5
   \   0000000E   2000               MOVS     R0,R4
   \   00000010   ........           BL       ascii2byte
   \   00000014   3043               ORRS     R0,R0,R6
   \   00000016   C046               Nop      
    120          return s;
   \   00000018                      REQUIRE ?Subroutine36
   \   00000018                      ;; // Fall through to label ?Subroutine36
    121          }
    122          

   \                                 In segment CODE, align 4, keep-with-next
    123          char high2ascii(char byte)
    124          {
   \                     high2ascii:
   \   00000000   00B5               PUSH     {LR}
    125          byte = byte>>4;
   \   00000002   0009               LSRS     R0,R0,#+4
    126          if (byte < 10) byte = byte + 48; else byte = byte + 55;
   \   00000004   ....               B.N      ?Subroutine39
    127          return byte;
    128          }
    129          

   \                                 In segment CODE, align 4, keep-with-next
    130          char low2ascii(char byte)
    131          {
   \                     low2ascii:
   \   00000000   00B5               PUSH     {LR}
    132          byte = byte & 0x0F;
   \   00000002   0007               LSLS     R0,R0,#+28
   \   00000004   000F               LSRS     R0,R0,#+28
   \   00000006   C046               Nop      
    133          if (byte < 10) byte = byte + 48; else byte = byte + 55;
   \   00000008                      REQUIRE ?Subroutine39
   \   00000008                      ;; // Fall through to label ?Subroutine39
    134          return byte;
    135          }
    136          

   \                                 In segment CODE, align 4, keep-with-next
    137          int bcd2int(char high, char low)
    138          {                                             
    139          int	int_hex;
    140          int int1000, int100, int10;
    141          int1000 = (int)(high >> 4) * 1000;
    142          int100 = (int)(high & 0x0F) * 100;
    143          int10 = (int)(low >> 4) * 10;   
    144          int_hex = int1000 + int100 + int10;
    145          return int_hex;                           
   \                     bcd2int:
   \   00000000   0209               LSRS     R2,R0,#+4
   \   00000002   FA23               MOVS     R3,#+250
   \   00000004   9B00               LSLS     R3,R3,#+2        ;; #+1000
   \   00000006   5A43               MULS     R2,R3,R2
   \   00000008   0007               LSLS     R0,R0,#+28
   \   0000000A   000F               LSRS     R0,R0,#+28
   \   0000000C   6423               MOVS     R3,#+100
   \   0000000E   5843               MULS     R0,R3,R0
   \   00000010   1018               ADDS     R0,R2,R0
   \   00000012   0909               LSRS     R1,R1,#+4
   \   00000014   0A22               MOVS     R2,#+10
   \   00000016   5143               MULS     R1,R2,R1
   \   00000018   4018               ADDS     R0,R0,R1
   \   0000001A   7047               BX       LR               ;; return
    146          }                                                          
    147          

   \                                 In segment CODE, align 4, keep-with-next
    148          unsigned char bcd2hex(unsigned char bcd)
    149          {                                             
    150          unsigned char hex;
    151          hex = (bcd >> 4) * 10;
    152          hex += bcd & 0x0F;
    153          return hex;                           
   \                     bcd2hex:
   \   00000000   0109               LSRS     R1,R0,#+4
   \   00000002   0A22               MOVS     R2,#+10
   \   00000004   5143               MULS     R1,R2,R1
   \   00000006   0007               LSLS     R0,R0,#+28
   \   00000008   000F               LSRS     R0,R0,#+28
   \   0000000A   0818               ADDS     R0,R1,R0
   \   0000000C   0006               LSLS     R0,R0,#+24
   \   0000000E   000E               LSRS     R0,R0,#+24
   \   00000010   7047               BX       LR               ;; return
    154          }
    155          

   \                                 In segment CODE, align 4, keep-with-next
    156          unsigned char hex2bcd(unsigned char hex)
    157          {                                             
   \                     hex2bcd:
   \   00000000   00B5               PUSH     {LR}
   \   00000002   0300               MOVS     R3,R0
    158          unsigned char bcd, bcd1, bcd0;
    159          bcd1 = hex / 10;
    160          bcd0 = hex % 10;
    161          bcd = bcd1 << 4 + bcd0;
    162          return bcd;                           
   \   00000004   0A21               MOVS     R1,#+10
   \   00000006   ........           _BLF     ??div32_t,??rT??div32_t
   \   0000000A   0A06               LSLS     R2,R1,#+24
   \   0000000C   120E               LSRS     R2,R2,#+24
   \   0000000E   1800               MOVS     R0,R3
   \   00000010   0A21               MOVS     R1,#+10
   \   00000012   ........           _BLF     ??div32_t,??rT??div32_t
   \   00000016   011D               ADDS     R1,R0,#+4
   \   00000018   1000               MOVS     R0,R2
   \   0000001A   8840               LSLS     R0,R0,R1
   \   0000001C   ....               B.N      ??Subroutine39_0
    163          } 
    164          
    165          

   \                                 In segment CODE, align 4, keep-with-next
    166          int bcd2hex_int(int bcd)
    167          {                                             
   \                     bcd2hex_int:
   \   00000000   10B4               PUSH     {R4}
    168          int hex;
    169          hex = ((bcd >> 12)& 0x0F) * 1000;
    170          hex += ((bcd >> 8)& 0x0F) * 100;
    171          hex += ((bcd >> 4)& 0x0F) * 10;
    172          hex += bcd & 0x0F;
    173          return hex;                           
   \   00000002   0F21               MOVS     R1,#+15
   \   00000004   0213               ASRS     R2,R0,#+12
   \   00000006   0A40               ANDS     R2,R2,R1
   \   00000008   FA23               MOVS     R3,#+250
   \   0000000A   9B00               LSLS     R3,R3,#+2        ;; #+1000
   \   0000000C   5A43               MULS     R2,R3,R2
   \   0000000E   0312               ASRS     R3,R0,#+8
   \   00000010   0B40               ANDS     R3,R3,R1
   \   00000012   6424               MOVS     R4,#+100
   \   00000014   6343               MULS     R3,R4,R3
   \   00000016   D218               ADDS     R2,R2,R3
   \   00000018   0311               ASRS     R3,R0,#+4
   \   0000001A   0B40               ANDS     R3,R3,R1
   \   0000001C   0A24               MOVS     R4,#+10
   \   0000001E   6343               MULS     R3,R4,R3
   \   00000020   D218               ADDS     R2,R2,R3
   \   00000022   0140               ANDS     R1,R1,R0
   \   00000024   5018               ADDS     R0,R2,R1
   \   00000026   10BC               POP      {R4}
   \   00000028   7047               BX       LR               ;; return
    174          }  
    175          

   \                                 In segment CODE, align 4, keep-with-next
    176          char hour24to12(char hour)                            
    177          {
   \                     hour24to12:
   \   00000000   00B5               PUSH     {LR}
    178          if (hour > 23) hour = 23;
   \   00000002   1828               CMP      R0,#+24
   \   00000004   01D3               BCC      ??hour24to12_0
   \   00000006   1720               MOVS     R0,#+23
   \   00000008   01E0               B        ??hour24to12_1
    179          if (hour > 11) hour = hour - 12;
   \                     ??hour24to12_0:
   \   0000000A   0C28               CMP      R0,#+12
   \   0000000C   00D3               BCC      ??hour24to12_2
   \                     ??hour24to12_1:
   \   0000000E   F430               ADDS     R0,R0,#+244
    180          return hour;
   \                     ??hour24to12_2:
   \   00000010   ....               B.N      ??Subroutine39_0
    181          }
    182          
    183          /********************************************************************
    184          *  MakeCrc16() : make to cyclic redendancy check 16 
    185          * *ptr로 지정된 번지부터 n byte 의 CRC를 계산해 16bit CRC를 리턴
    186          ********************************************************************/

   \                                 In segment CODE, align 4, keep-with-next
    187          unsigned short	MakeCrc16(unsigned char	*ptr, unsigned short	n)
    188          {
   \                     MakeCrc16:
   \   00000000   30B5               PUSH     {R4,R5,LR}
   \   00000002   0200               MOVS     R2,R0
    189          	unsigned short	crc = 0xffff;
   \   00000004   ....               LDR      R0,??DataTable3  ;; 0xffff
    190          	unsigned short	uitmp;
    191          	unsigned char	uctmp;
    192          
    193          	for(uitmp = 0;uitmp < n;uitmp++)
   \   00000006   0023               MOVS     R3,#+0
   \   00000008   05E0               B        ??MakeCrc16_0
    194          	{
    195          		crc = (crc & 0xff00) | (crc ^ (unsigned short)(ptr[uitmp] & 0xff));
    196          		for(uctmp = 0;uctmp < 8;uctmp++)
    197          		{
    198          			if(crc & 0x0001)
    199          				crc = (crc >> 1) ^ 0xa001;
    200          			else
    201          				crc >>= 1;
   \                     ??MakeCrc16_1:
   \   0000000A   2000               MOVS     R0,R4
   \                     ??MakeCrc16_2:
   \   0000000C   6D1E               SUBS     R5,R5,#+1
   \   0000000E   0DD1               BNE      ??MakeCrc16_3
   \   00000010   5B1C               ADDS     R3,R3,#+1
   \   00000012   1B04               LSLS     R3,R3,#+16
   \   00000014   1B0C               LSRS     R3,R3,#+16
   \                     ??MakeCrc16_0:
   \   00000016   8B42               CMP      R3,R1
   \   00000018   0FD2               BCS      ??MakeCrc16_4
   \   0000001A   FF25               MOVS     R5,#+255
   \   0000001C   2D02               LSLS     R5,R5,#+8        ;; #+65280
   \   0000001E   0540               ANDS     R5,R5,R0
   \   00000020   D45C               LDRB     R4,[R2, R3]
   \   00000022   4440               EORS     R4,R4,R0
   \   00000024   2C43               ORRS     R4,R4,R5
   \   00000026   2004               LSLS     R0,R4,#+16
   \   00000028   000C               LSRS     R0,R0,#+16
   \   0000002A   0825               MOVS     R5,#+8
   \                     ??MakeCrc16_3:
   \   0000002C   0404               LSLS     R4,R0,#+16
   \   0000002E   640C               LSRS     R4,R4,#+17
   \   00000030   C007               LSLS     R0,R0,#+31
   \   00000032   EAD5               BPL      ??MakeCrc16_1
   \   00000034   0248               LDR      R0,??MakeCrc16_5  ;; 0xa001
   \   00000036   6040               EORS     R0,R0,R4
   \   00000038   E8E7               B        ??MakeCrc16_2
    202          		}
    203          	}
    204          	return(crc);
   \                     ??MakeCrc16_4:
   \   0000003A   0004               LSLS     R0,R0,#+16
   \   0000003C   000C               LSRS     R0,R0,#+16
   \   0000003E   ....               B.N      ?Subroutine40
   \                     ??MakeCrc16_5:
   \   00000040   01A00000           DC32     0xa001
    205          }

   \                                 In segment CODE, align 4, keep-with-next
   \                     ?Subroutine40:
   \   00000000   30BC               POP      {R4,R5}
   \   00000002   02BC               POP      {R1}
   \   00000004   0847               BX       R1               ;; return
   \   00000006   C046               Nop      
   \                     ??Subroutine40_0:
   \   00000008   ........           DC32     DelayStep
    206          
    207          //*----------------------------------------------------------------------------
    208          //* Function Name       : delay
    209          //* Object              : Wait
    210          //* Input Parameters    : none
    211          //* Output Parameters   : none
    212          //* Functions calAT91B_LED    : none
    213          //*----------------------------------------------------------------------------

   \                                 In segment CODE, align 4, keep-with-next
    214          void delay ( void )
    215          {
   \                     delay:
   \   00000000   01B5               PUSH     {R0,LR}
    216          //* Set in Volatile for Optimisation
    217              volatile unsigned int    i ;
    218          //* loop delay
    219              for ( i = 0 ;(i < WAIT_TIME/100 );i++ ) ;
   \   00000002   0020               MOVS     R0,#+0
   \   00000004   0090               STR      R0,[SP, #+0]
   \   00000006   0549               LDR      R1,??delay_0     ;; 0x75524
   \   00000008   02E0               B        ??delay_1
   \                     ??delay_2:
   \   0000000A   0098               LDR      R0,[SP, #+0]
   \   0000000C   401C               ADDS     R0,R0,#+1
   \   0000000E   0090               STR      R0,[SP, #+0]
   \                     ??delay_1:
   \   00000010   0098               LDR      R0,[SP, #+0]
   \   00000012   8842               CMP      R0,R1
   \   00000014   F9D3               BCC      ??delay_2
    220              //for ( i = 0 ;(i < 30000 );i++ ) ;
    221          }
   \   00000016   08BC               POP      {R3}
   \   00000018   01BC               POP      {R0}
   \   0000001A   0047               BX       R0               ;; return
   \                     ??delay_0:
   \   0000001C   24550700           DC32     0x75524
    222          

   \                                 In segment CODE_I, align 4, keep-with-next
    223          __ramfunc void delay_us (int time )
    224          {
   \                     delay_us:
   \   00000000   00B5               PUSH     {LR}
    225          //* Set in Volatile for Optimisation
    226              unsigned int    i ;
    227          //* loop delay
    228              time = time << 3;//* 48 / 5;
   \   00000002   C000               LSLS     R0,R0,#+3
    229              for ( i = 0 ;(i < time );i++ ) ;
   \   00000004   0021               MOVS     R1,#+0
   \   00000006   00E0               B        ??delay_us_0
   \                     ??delay_us_1:
   \   00000008   491C               ADDS     R1,R1,#+1
   \                     ??delay_us_0:
   \   0000000A   8142               CMP      R1,R0
   \   0000000C   FCD3               BCC      ??delay_us_1
    230              //for ( i = 0 ;(i < 30000 );i++ ) ;
    231          }
   \   0000000E   01BC               POP      {R0}
   \   00000010   0047               BX       R0               ;; return
    232          

   \                                 In segment DATA_Z, align 4, align-sorted
    233          char DelayStep;
   \                     DelayStep:
   \   00000000                      DS8 1
   \   00000001                      DS8 3
    234          int iStepCount;
   \                     iStepCount:
   \   00000004                      DS8 4

   \                                 In segment CODE, align 4, keep-with-next
    235          char step_delay(int time)
    236          {
   \                     step_delay:
   \   00000000   30B5               PUSH     {R4,R5,LR}
   \   00000002   0100               MOVS     R1,R0
    237            char end;
    238            end = 0;
   \   00000004   0022               MOVS     R2,#+0
   \   00000006   0020               MOVS     R0,#+0
    239            if (DelayStep == 0) 
   \   00000008   0123               MOVS     R3,#+1
   \   0000000A   ....               LDR      R4,??Subroutine40_0  ;; DelayStep
   \   0000000C   2578               LDRB     R5,[R4, #+0]
   \   0000000E   002D               CMP      R5,#+0
   \   00000010   01D1               BNE      ??step_delay_0
    240            {
    241              DelayStep = 1;
   \   00000012   2370               STRB     R3,[R4, #+0]
    242              iStepCount = time;
   \   00000014   09E0               B        ??step_delay_1
    243            }
    244            else if (--iStepCount < 1)
   \                     ??step_delay_0:
   \   00000016   6168               LDR      R1,[R4, #+4]
   \   00000018   491E               SUBS     R1,R1,#+1
   \   0000001A   0129               CMP      R1,#+1
   \   0000001C   05DA               BGE      ??step_delay_1
    245            {
    246              DelayStep = 0;
   \   0000001E   2270               STRB     R2,[R4, #+0]
    247              sExecStep++;
   \   00000020   ....               LDR      R0,??DataTable4  ;; sExecStep
   \   00000022   0288               LDRH     R2,[R0, #+0]
   \   00000024   521C               ADDS     R2,R2,#+1
   \   00000026   0280               STRH     R2,[R0, #+0]
    248              end = 1;
   \   00000028   0120               MOVS     R0,#+1
   \                     ??step_delay_1:
   \   0000002A   6160               STR      R1,[R4, #+4]
    249            }
    250            return end;
   \   0000002C                      REQUIRE ?Subroutine40
   \   0000002C                      ;; // Fall through to label ?Subroutine40
    251          }
    252            
    253          /*****************************************/
    254          /*        Lamp ON/OFF Functions          */
    255          /*              0: OFF                   */
    256          /*              1: ON                    */
    257          /*              2: TOGGLE                */
    258          /*              3: Blink                 */
    259          /*****************************************/

   \                                 In segment DATA_Z, align 1, align-sorted
    260          unsigned char RunLampIs;
   \                     RunLampIs:
   \   00000000                      DS8 1

   \                                 In segment DATA_Z, align 1, align-sorted
    261          unsigned char LcdLampIs;
   \                     LcdLampIs:
   \   00000000                      DS8 1

   \                                 In segment DATA_Z, align 1, align-sorted
    262          unsigned char BuzzerIs;
   \                     BuzzerIs:
   \   00000000                      DS8 1

   \                                 In segment DATA_Z, align 1, align-sorted
    263          unsigned char ModemPowerIs;
   \                     ModemPowerIs:
   \   00000000                      DS8 1

   \                                 In segment DATA_Z, align 1, align-sorted
    264          unsigned char BMCresetIs;
   \                     BMCresetIs:
   \   00000000                      DS8 1

   \                                 In segment DATA_Z, align 1, align-sorted
    265          unsigned char RFresetIs;
   \                     RFresetIs:
   \   00000000                      DS8 1

   \                                 In segment DATA_Z, align 1, align-sorted
    266          unsigned char RFint0Is;
   \                     RFint0Is:
   \   00000000                      DS8 1

   \                                 In segment DATA_Z, align 1, align-sorted
    267          unsigned char RFispIs;
   \                     RFispIs:
   \   00000000                      DS8 1

   \                                 In segment DATA_Z, align 1, align-sorted
    268          unsigned char BMCdataIs;
   \                     BMCdataIs:
   \   00000000                      DS8 1

   \                                 In segment DATA_Z, align 2, align-sorted
    269          unsigned short sLampOnTime;
   \                     sLampOnTime:
   \   00000000                      DS8 2
    270          unsigned short sLcdOnTime;
   \                     sLcdOnTime:
   \   00000002                      DS8 2
    271          unsigned short sBuzzOnTime;
   \                     sBuzzOnTime:
   \   00000004                      DS8 2
    272          

   \                                 In segment CODE, align 4, keep-with-next
    273          void RUNlamp(BYTE onoff)
    274          {
   \                     RUNlamp:
   \   00000000   10B5               PUSH     {R4,LR}
    275           if (!onoff)  pio_set( PIOB, LP_RUN );
   \   00000002   ....               LDR      R1,??DataTable34  ;; 0xfffff630
   \   00000004   8022               MOVS     R2,#+128
   \   00000006   D205               LSLS     R2,R2,#+23       ;; #+1073741824
   \   00000008   0028               CMP      R0,#+0
   \   0000000A   0AD0               BEQ      ??RUNlamp_0
    276            else if (onoff == 1) pio_clear( PIOB, LP_RUN );
   \   0000000C   ....               LDR      R3,??DataTable35  ;; 0xfffff634
   \   0000000E   0128               CMP      R0,#+1
   \   00000010   01D1               BNE      ??RUNlamp_1
   \                     ??RUNlamp_2:
   \   00000012   1A60               STR      R2,[R3, #+0]
   \   00000014   06E0               B        ??RUNlamp_3
    277            else if (onoff == 2) 
   \                     ??RUNlamp_1:
   \   00000016   0228               CMP      R0,#+2
   \   00000018   04D1               BNE      ??RUNlamp_3
    278             //* Read the output state
    279              if ((pio_read(PIOB) & LP_RUN ) == LP_RUN ) pio_clear( PIOB, LP_RUN);
   \   0000001A   ....               LDR      R4,??DataTable28  ;; 0xfffff63c
   \   0000001C   2468               LDR      R4,[R4, #+0]
   \   0000001E   1440               ANDS     R4,R4,R2
   \   00000020   F7D1               BNE      ??RUNlamp_2
    280               else pio_set( PIOB, LP_RUN);
   \                     ??RUNlamp_0:
   \   00000022   0A60               STR      R2,[R1, #+0]
    281           RunLampIs = onoff;
   \                     ??RUNlamp_3:
   \   00000024   0049               LDR      R1,??RUNlamp_4   ;; RunLampIs
   \   00000026   ....               B.N      ?Subroutine37
   \                     ??RUNlamp_4:
   \   00000028   ........           DC32     RunLampIs
    282          } 
    283          

   \                                 In segment CODE, align 4, keep-with-next
    284          void LCDlamp(BYTE onoff)
    285          {
   \                     LCDlamp:
   \   00000000   30B5               PUSH     {R4,R5,LR}
    286           if (!onoff)  pio_clear( PIOB, LCD_LP );
   \   00000002   ....               LDR      R1,??DataTable35  ;; 0xfffff634
   \   00000004   8022               MOVS     R2,#+128
   \   00000006   D201               LSLS     R2,R2,#+7        ;; #+16384
   \   00000008   0028               CMP      R0,#+0
   \   0000000A   01D1               BNE      ??LCDlamp_0
   \                     ??LCDlamp_1:
   \   0000000C   0A60               STR      R2,[R1, #+0]
   \   0000000E   0BE0               B        ??LCDlamp_2
    287            else if (onoff == 1) pio_set( PIOB, LCD_LP );
   \                     ??LCDlamp_0:
   \   00000010   ....               LDR      R3,??DataTable34  ;; 0xfffff630
   \   00000012   0128               CMP      R0,#+1
   \   00000014   07D0               BEQ      ??LCDlamp_3
    288            else if (onoff == 2) 
   \   00000016   0228               CMP      R0,#+2
   \   00000018   06D1               BNE      ??LCDlamp_2
    289             //* Read the output state
    290              if ((pio_read(PIOB) & LP_RUN ) == LCD_LP ) pio_clear( PIOB, LCD_LP);
   \   0000001A   ....               LDR      R4,??DataTable28  ;; 0xfffff63c
   \   0000001C   2468               LDR      R4,[R4, #+0]
   \   0000001E   1504               LSLS     R5,R2,#+16
   \   00000020   2540               ANDS     R5,R5,R4
   \   00000022   9542               CMP      R5,R2
   \   00000024   F2D0               BEQ      ??LCDlamp_1
    291               else pio_set( PIOB, LCD_LP);
   \                     ??LCDlamp_3:
   \   00000026   1A60               STR      R2,[R3, #+0]
    292           LcdLampIs = onoff;
   \                     ??LCDlamp_2:
   \   00000028   0149               LDR      R1,??LCDlamp_4   ;; LcdLampIs
   \   0000002A   0870               STRB     R0,[R1, #+0]
    293          } 
   \   0000002C   ....               B.N      ?Subroutine41
   \   0000002E   C046               Nop      
   \                     ??LCDlamp_4:
   \   00000030   ........           DC32     LcdLampIs

   \                                 In segment CODE, align 4, keep-with-next
   \                     ?Subroutine41:
   \   00000000   30BC               POP      {R4,R5}
   \   00000002   01BC               POP      {R0}
   \   00000004   0047               BX       R0               ;; return
   \   00000006   C046               Nop      
   \                     ??Subroutine41_0:
   \   00000008   ........           DC32     sLampOnTime
    294          

   \                                 In segment CODE, align 4, keep-with-next
    295          void BMCreset(BYTE onoff)
    296          {
   \                     BMCreset:
   \   00000000   10B5               PUSH     {R4,LR}
    297           if (!onoff)  pio_clear( PIOB, BMC_RST );
   \   00000002   ....               LDR      R1,??DataTable35  ;; 0xfffff634
   \   00000004   8022               MOVS     R2,#+128
   \   00000006   5201               LSLS     R2,R2,#+5        ;; #+4096
   \   00000008   0028               CMP      R0,#+0
   \   0000000A   01D1               BNE      ??BMCreset_0
   \                     ??BMCreset_1:
   \   0000000C   0A60               STR      R2,[R1, #+0]
   \   0000000E   09E0               B        ??BMCreset_2
    298            else if (onoff == 1) pio_set( PIOB, BMC_RST );
   \                     ??BMCreset_0:
   \   00000010   ....               LDR      R3,??DataTable34  ;; 0xfffff630
   \   00000012   0128               CMP      R0,#+1
   \   00000014   05D0               BEQ      ??BMCreset_3
    299            else if (onoff == 2) 
   \   00000016   0228               CMP      R0,#+2
   \   00000018   04D1               BNE      ??BMCreset_2
    300             //* Read the output state
    301              if ((pio_read(PIOB) & BMC_RST ) == BMC_RST ) pio_clear( PIOB, BMC_RST);
   \   0000001A   ....               LDR      R4,??DataTable28  ;; 0xfffff63c
   \   0000001C   2468               LDR      R4,[R4, #+0]
   \   0000001E   1442               TST      R4,R2
   \   00000020   F4D1               BNE      ??BMCreset_1
    302               else pio_set( PIOB, BMC_RST);
   \                     ??BMCreset_3:
   \   00000022   1A60               STR      R2,[R3, #+0]
    303           BMCresetIs = onoff;
   \                     ??BMCreset_2:
   \   00000024   ....               LDR      R1,??Subroutine37_1  ;; BMCresetIs
   \   00000026   C046               Nop      
   \   00000028                      REQUIRE ?Subroutine37
   \   00000028                      ;; // Fall through to label ?Subroutine37
    304           //if ((pio_read(PIOB) & BMC_RST ) == BMC_RST ) BMCresetIs = ON; else BMCresetIs = OFF;
    305          }
    306          

   \                                 In segment CODE, align 4, keep-with-next
    307          void RFreset(BYTE onoff)
    308          {
   \                     RFreset:
   \   00000000   10B5               PUSH     {R4,LR}
    309           if (!onoff)  pio_clear( PIOA, RF_RST );
   \   00000002   ....               LDR      R1,??DataTable33  ;; 0xfffff434
   \   00000004   0422               MOVS     R2,#+4
   \   00000006   0028               CMP      R0,#+0
   \   00000008   01D1               BNE      ??RFreset_0
   \                     ??RFreset_1:
   \   0000000A   0A60               STR      R2,[R1, #+0]
   \   0000000C   09E0               B        ??RFreset_2
    310            else if (onoff == 1) pio_set( PIOA, RF_RST );
   \                     ??RFreset_0:
   \   0000000E   ....               LDR      R3,??DataTable32  ;; 0xfffff430
   \   00000010   0128               CMP      R0,#+1
   \   00000012   05D0               BEQ      ??RFreset_3
    311            else if (onoff == 2) 
   \   00000014   0228               CMP      R0,#+2
   \   00000016   04D1               BNE      ??RFreset_2
    312             //* Read the output state
    313              if ((pio_read(PIOA) & RF_RST ) == RF_RST ) pio_clear( PIOA, RF_RST);
   \   00000018   ....               LDR      R4,??DataTable31  ;; 0xfffff43c
   \   0000001A   2468               LDR      R4,[R4, #+0]
   \   0000001C   1442               TST      R4,R2
   \   0000001E   F4D1               BNE      ??RFreset_1
    314               else pio_set( PIOA, RF_RST);
   \                     ??RFreset_3:
   \   00000020   1A60               STR      R2,[R3, #+0]
    315           RFresetIs = onoff;
   \                     ??RFreset_2:
   \   00000022   0149               LDR      R1,??RFreset_4   ;; RFresetIs
   \   00000024   ....               B.N      ?Subroutine37
   \   00000026   C046               Nop      
   \                     ??RFreset_4:
   \   00000028   ........           DC32     RFresetIs
    316           //if ((pio_read(PIOA) & RF_RST ) == RF_RST ) RFresetIs = ON; else RFresetIs = OFF;
    317          }
    318          

   \                                 In segment CODE, align 4, keep-with-next
    319          void RFint0req(BYTE onoff)
    320          {
   \                     RFint0req:
   \   00000000   10B5               PUSH     {R4,LR}
    321           if (!onoff)  pio_clear( PIOB, RF_INT0 );
   \   00000002   ....               LDR      R1,??DataTable35  ;; 0xfffff634
   \   00000004   8022               MOVS     R2,#+128
   \   00000006   5200               LSLS     R2,R2,#+1        ;; #+256
   \   00000008   0028               CMP      R0,#+0
   \   0000000A   01D1               BNE      ??RFint0req_0
   \                     ??RFint0req_1:
   \   0000000C   0A60               STR      R2,[R1, #+0]
   \   0000000E   09E0               B        ??RFint0req_2
    322            else if (onoff == 1) pio_set( PIOB, RF_INT0 );
   \                     ??RFint0req_0:
   \   00000010   ....               LDR      R3,??DataTable34  ;; 0xfffff630
   \   00000012   0128               CMP      R0,#+1
   \   00000014   05D0               BEQ      ??RFint0req_3
    323            else if (onoff == 2) 
   \   00000016   0228               CMP      R0,#+2
   \   00000018   04D1               BNE      ??RFint0req_2
    324             //* Read the output state
    325              if ((pio_read(PIOB) & RF_INT0 ) == RF_INT0 ) pio_clear( PIOB, RF_INT0);
   \   0000001A   ....               LDR      R4,??DataTable28  ;; 0xfffff63c
   \   0000001C   2468               LDR      R4,[R4, #+0]
   \   0000001E   1442               TST      R4,R2
   \   00000020   F4D1               BNE      ??RFint0req_1
    326               else pio_set( PIOB, RF_INT0);
   \                     ??RFint0req_3:
   \   00000022   1A60               STR      R2,[R3, #+0]
    327           RFint0Is = onoff;
   \                     ??RFint0req_2:
   \   00000024   0049               LDR      R1,??RFint0req_4  ;; RFint0Is
   \   00000026   ....               B.N      ?Subroutine37
   \                     ??RFint0req_4:
   \   00000028   ........           DC32     RFint0Is
    328          } 
    329          

   \                                 In segment CODE, align 4, keep-with-next
    330          void RFisp(BYTE onoff)
    331          {
   \                     RFisp:
   \   00000000   10B5               PUSH     {R4,LR}
    332           if (!onoff)  pio_clear( PIOB, RF_ISP );
   \   00000002   ....               LDR      R1,??DataTable35  ;; 0xfffff634
   \   00000004   8022               MOVS     R2,#+128
   \   00000006   9200               LSLS     R2,R2,#+2        ;; #+512
   \   00000008   0028               CMP      R0,#+0
   \   0000000A   01D1               BNE      ??RFisp_0
   \                     ??RFisp_1:
   \   0000000C   0A60               STR      R2,[R1, #+0]
   \   0000000E   09E0               B        ??RFisp_2
    333            else if (onoff == 1) pio_set( PIOB, RF_ISP );
   \                     ??RFisp_0:
   \   00000010   ....               LDR      R3,??DataTable34  ;; 0xfffff630
   \   00000012   0128               CMP      R0,#+1
   \   00000014   05D0               BEQ      ??RFisp_3
    334            else if (onoff == 2) 
   \   00000016   0228               CMP      R0,#+2
   \   00000018   04D1               BNE      ??RFisp_2
    335             //* Read the output state
    336              if ((pio_read(PIOB) & RF_ISP ) == RF_ISP ) pio_clear( PIOB, RF_ISP);
   \   0000001A   ....               LDR      R4,??DataTable28  ;; 0xfffff63c
   \   0000001C   2468               LDR      R4,[R4, #+0]
   \   0000001E   1442               TST      R4,R2
   \   00000020   F4D1               BNE      ??RFisp_1
    337               else pio_set( PIOB, RF_ISP);
   \                     ??RFisp_3:
   \   00000022   1A60               STR      R2,[R3, #+0]
    338           RFispIs = onoff;
   \                     ??RFisp_2:
   \   00000024   0049               LDR      R1,??RFisp_4     ;; RFispIs
   \   00000026   ....               B.N      ?Subroutine37
   \                     ??RFisp_4:
   \   00000028   ........           DC32     RFispIs
    339          } 
    340          

   \                                 In segment CODE, align 4, keep-with-next
    341          void BMCdata(BYTE onoff)
    342          {
   \                     BMCdata:
   \   00000000   10B5               PUSH     {R4,LR}
    343           if (!onoff)  pio_clear( PIOA, BMC_DOUT );
   \   00000002   ....               LDR      R1,??DataTable33  ;; 0xfffff434
   \   00000004   8022               MOVS     R2,#+128
   \   00000006   5202               LSLS     R2,R2,#+9        ;; #+65536
   \   00000008   0028               CMP      R0,#+0
   \   0000000A   01D1               BNE      ??BMCdata_0
   \                     ??BMCdata_1:
   \   0000000C   0A60               STR      R2,[R1, #+0]
   \   0000000E   09E0               B        ??BMCdata_2
    344            else if (onoff == 1) pio_set( PIOA, BMC_DOUT );
   \                     ??BMCdata_0:
   \   00000010   ....               LDR      R3,??DataTable32  ;; 0xfffff430
   \   00000012   0128               CMP      R0,#+1
   \   00000014   05D0               BEQ      ??BMCdata_3
    345            else if (onoff == 2) 
   \   00000016   0228               CMP      R0,#+2
   \   00000018   04D1               BNE      ??BMCdata_2
    346             //* Read the output state
    347              if ((pio_read(PIOA) & BMC_DOUT ) == BMC_DOUT ) pio_clear( PIOA, BMC_DOUT);
   \   0000001A   ....               LDR      R4,??DataTable31  ;; 0xfffff43c
   \   0000001C   2468               LDR      R4,[R4, #+0]
   \   0000001E   1440               ANDS     R4,R4,R2
   \   00000020   F4D1               BNE      ??BMCdata_1
    348               else pio_set( PIOA, BMC_DOUT);
   \                     ??BMCdata_3:
   \   00000022   1A60               STR      R2,[R3, #+0]
    349           BMCdataIs = onoff;
   \                     ??BMCdata_2:
   \   00000024   0049               LDR      R1,??BMCdata_4   ;; BMCdataIs
   \   00000026   ....               B.N      ?Subroutine37
   \                     ??BMCdata_4:
   \   00000028   ........           DC32     BMCdataIs
    350           //if ((pio_read(PIOA) & BMC_DOUT ) == BMC_DOUT ) BMCdataIs = ON; else BMCdataIs = OFF;
    351          }
    352          
    353          

   \                                 In segment CODE, align 4, keep-with-next
    354          void MODEMpower(BYTE onoff)
    355          {
   \                     MODEMpower:
   \   00000000   10B5               PUSH     {R4,LR}
    356           if (!onoff)  pio_clear( PIOB, MODEM_POWER );
   \   00000002   ....               LDR      R1,??DataTable35  ;; 0xfffff634
   \   00000004   8022               MOVS     R2,#+128
   \   00000006   D204               LSLS     R2,R2,#+19       ;; #+67108864
   \   00000008   0028               CMP      R0,#+0
   \   0000000A   01D1               BNE      ??MODEMpower_0
   \                     ??MODEMpower_1:
   \   0000000C   0A60               STR      R2,[R1, #+0]
   \   0000000E   09E0               B        ??MODEMpower_2
    357            else if (onoff == 1) pio_set( PIOB, MODEM_POWER );
   \                     ??MODEMpower_0:
   \   00000010   ....               LDR      R3,??DataTable34  ;; 0xfffff630
   \   00000012   0128               CMP      R0,#+1
   \   00000014   05D0               BEQ      ??MODEMpower_3
    358            else if (onoff == 2) 
   \   00000016   0228               CMP      R0,#+2
   \   00000018   04D1               BNE      ??MODEMpower_2
    359             //* Read the output state
    360              if ((pio_read(PIOB) & MODEM_POWER ) == MODEM_POWER ) pio_clear( PIOB, MODEM_POWER);
   \   0000001A   ....               LDR      R4,??DataTable28  ;; 0xfffff63c
   \   0000001C   2468               LDR      R4,[R4, #+0]
   \   0000001E   1440               ANDS     R4,R4,R2
   \   00000020   F4D1               BNE      ??MODEMpower_1
    361               else pio_set( PIOB, MODEM_POWER);
   \                     ??MODEMpower_3:
   \   00000022   1A60               STR      R2,[R3, #+0]
    362           ModemPowerIs = onoff;
   \                     ??MODEMpower_2:
   \   00000024   0049               LDR      R1,??MODEMpower_4  ;; ModemPowerIs
   \   00000026   ....               B.N      ?Subroutine37
   \                     ??MODEMpower_4:
   \   00000028   ........           DC32     ModemPowerIs
    363          } 
    364          

   \                                 In segment DATA_Z, align 1, align-sorted
    365          char ModemRtsIs;
   \                     ModemRtsIs:
   \   00000000                      DS8 1

   \                                 In segment CODE, align 4, keep-with-next
    366          void MODEMrts(BYTE onoff)
    367          {
   \                     MODEMrts:
   \   00000000   10B5               PUSH     {R4,LR}
    368           if (!onoff)  pio_set(PIOA, MODEM_RTS);
   \   00000002   ....               LDR      R1,??DataTable32  ;; 0xfffff430
   \   00000004   8022               MOVS     R2,#+128
   \   00000006   5200               LSLS     R2,R2,#+1        ;; #+256
   \   00000008   0028               CMP      R0,#+0
   \   0000000A   0AD0               BEQ      ??MODEMrts_0
    369            else if (onoff == 1) pio_clear(PIOA, MODEM_RTS);
   \   0000000C   ....               LDR      R3,??DataTable33  ;; 0xfffff434
   \   0000000E   0128               CMP      R0,#+1
   \   00000010   01D1               BNE      ??MODEMrts_1
   \                     ??MODEMrts_2:
   \   00000012   1A60               STR      R2,[R3, #+0]
   \   00000014   06E0               B        ??MODEMrts_3
    370            else if (onoff == 2) 
   \                     ??MODEMrts_1:
   \   00000016   0228               CMP      R0,#+2
   \   00000018   04D1               BNE      ??MODEMrts_3
    371             //* Read the output state
    372              if ((pio_read(PIOA) & MODEM_RTS ) == MODEM_RTS ) pio_clear( PIOA, MODEM_RTS);
   \   0000001A   ....               LDR      R4,??DataTable31  ;; 0xfffff43c
   \   0000001C   2468               LDR      R4,[R4, #+0]
   \   0000001E   1442               TST      R4,R2
   \   00000020   F7D1               BNE      ??MODEMrts_2
    373               else pio_set( PIOA, MODEM_RTS);
   \                     ??MODEMrts_0:
   \   00000022   0A60               STR      R2,[R1, #+0]
    374           ModemRtsIs = onoff;
   \                     ??MODEMrts_3:
   \   00000024   0049               LDR      R1,??MODEMrts_4  ;; ModemRtsIs
   \   00000026   ....               B.N      ?Subroutine37
   \                     ??MODEMrts_4:
   \   00000028   ........           DC32     ModemRtsIs
    375          } 
    376          

   \                                 In segment CODE, align 4, keep-with-next
    377          void pio_init(void)
    378          //configure the PIO Lines
    379          {
    380            // First, enable the clock of the PIO
    381            AT91F_PMC_EnablePeriphClock ( AT91C_BASE_PMC, 1 << AT91C_ID_PIOA ) ;
   \                     pio_init:
   \   00000000   1248               LDR      R0,??pio_init_0  ;; 0xfffffc10
   \   00000002   0421               MOVS     R1,#+4
   \   00000004   0160               STR      R1,[R0, #+0]
    382            AT91F_PMC_EnablePeriphClock ( AT91C_BASE_PMC, 1 << AT91C_ID_PIOB ) ;
   \   00000006   0821               MOVS     R1,#+8
   \   00000008   0160               STR      R1,[R0, #+0]
    383          
    384            pio_is_in( PIOA, AT91A_IN_MASK ) ;
   \   0000000A   1148               LDR      R0,??pio_init_0+0x4  ;; 0x705f6fb
   \   0000000C   1149               LDR      R1,??pio_init_0+0x8  ;; 0xfffff414
   \   0000000E   0860               STR      R0,[R1, #+0]
   \   00000010   1149               LDR      R1,??pio_init_0+0xC  ;; 0xfffff400
   \   00000012   0860               STR      R0,[R1, #+0]
    385            pio_is_out( PIOA, AT91A_OUT_MASK ) ;
   \   00000014   1148               LDR      R0,??pio_init_0+0x10  ;; 0x7050904
   \   00000016   0860               STR      R0,[R1, #+0]
   \   00000018   1149               LDR      R1,??pio_init_0+0x14  ;; 0xfffff410
   \   0000001A   0860               STR      R0,[R1, #+0]
    386               	
    387            pio_is_in( PIOB, AT91B_IN_MASK ) ;
   \   0000001C   1148               LDR      R0,??pio_init_0+0x18  ;; 0x6e1f2400
   \   0000001E   1249               LDR      R1,??pio_init_0+0x1C  ;; 0xfffff614
   \   00000020   0860               STR      R0,[R1, #+0]
   \   00000022   1249               LDR      R1,??pio_init_0+0x20  ;; 0xfffff600
   \   00000024   0860               STR      R0,[R1, #+0]
    388            pio_is_out( PIOB, AT91B_OUT_MASK ) ;  
   \   00000026   1248               LDR      R0,??pio_init_0+0x24  ;; 0x6e1fdbff
   \   00000028   0860               STR      R0,[R1, #+0]
   \   0000002A   1249               LDR      R1,??pio_init_0+0x28  ;; 0xfffff610
   \   0000002C   0860               STR      R0,[R1, #+0]
    389          
    390            pio_set( PIOA, MODEM_RTS|I2C_CK|BMC_DOUT|BMC_CLK );
   \   0000002E   ....               LDR      R0,??DataTable32  ;; 0xfffff430
   \   00000030   1149               LDR      R1,??pio_init_0+0x2C  ;; 0x50900
   \   00000032   0160               STR      R1,[R0, #+0]
    391            pio_clear( PIOA, RF_RST|KEY_ADD0|KEY_ADD1|KEY_ADD2);
   \   00000034   ....               LDR      R0,??DataTable33  ;; 0xfffff434
   \   00000036   1149               LDR      R1,??pio_init_0+0x30  ;; 0x7000004
   \   00000038   0160               STR      R1,[R0, #+0]
    392            pio_set( PIOB, RF_INT0|RF_ISP|LCD_RST|LCD_CS1|LCD_CS2|LCD_RW|LCD_EN|MODEM_DTR|MODEM_POWER|LP_RUN);
   \   0000003A   ....               LDR      R0,??DataTable34  ;; 0xfffff630
   \   0000003C   1049               LDR      R1,??pio_init_0+0x34  ;; 0x461e8300
   \   0000003E   0160               STR      R1,[R0, #+0]
    393            pio_clear( PIOB, BMC_RST|LCD_LP);
   \   00000040   ....               LDR      R0,??DataTable35  ;; 0xfffff634
   \   00000042   A021               MOVS     R1,#+160
   \   00000044   C901               LSLS     R1,R1,#+7        ;; #+20480
   \   00000046   0160               STR      R1,[R0, #+0]
    394          }        
   \   00000048   7047               BX       LR               ;; return
   \   0000004A   C046               Nop      
   \                     ??pio_init_0:
   \   0000004C   10FCFFFF           DC32     0xfffffc10
   \   00000050   FBF60507           DC32     0x705f6fb
   \   00000054   14F4FFFF           DC32     0xfffff414
   \   00000058   00F4FFFF           DC32     0xfffff400
   \   0000005C   04090507           DC32     0x7050904
   \   00000060   10F4FFFF           DC32     0xfffff410
   \   00000064   00241F6E           DC32     0x6e1f2400
   \   00000068   14F6FFFF           DC32     0xfffff614
   \   0000006C   00F6FFFF           DC32     0xfffff600
   \   00000070   FFDB1F6E           DC32     0x6e1fdbff
   \   00000074   10F6FFFF           DC32     0xfffff610
   \   00000078   00090500           DC32     0x50900
   \   0000007C   04000007           DC32     0x7000004
   \   00000080   00831E46           DC32     0x461e8300
    395          
    396          /******************************************/
    397          /*    EVENT 발생시 램프 점등으로 표시     */
    398          /*    LampOnTime 동안 점등을 유지         */
    399          /* This function must locate in main loop */
    400          /******************************************/

   \                                 In segment CODE, align 4, keep-with-next
    401          void event_indicating(void)
    402          {
   \                     event_indicating:
   \   00000000   30B5               PUSH     {R4,R5,LR}
    403           //if (bPushKey|bPullKey)
    404           if (bPushKey) 
   \   00000002   ....               LDR      R4,??Subroutine41_0  ;; sLampOnTime
   \   00000004   ....               LDR      R0,??DataTable38  ;; bPushKey
   \   00000006   0078               LDRB     R0,[R0, #+0]
   \   00000008   0028               CMP      R0,#+0
   \   0000000A   08D0               BEQ      ??event_indicating_0
    405            { 
    406              sLampOnTime = SEC_1 >> 2;
   \   0000000C   7D20               MOVS     R0,#+125
   \   0000000E   2080               STRH     R0,[R4, #+0]
    407              sLcdOnTime = SEC_1 << 4;
   \   00000010   8001               LSLS     R0,R0,#+6
   \   00000012   6080               STRH     R0,[R4, #+2]
    408              LCDlamp(ON);
   \   00000014   0120               MOVS     R0,#+1
   \   00000016   ........           BL       LCDlamp
    409              sBuzzOnTime = SEC_1 >> 4;
   \   0000001A   1F20               MOVS     R0,#+31
   \   0000001C   A080               STRH     R0,[R4, #+4]
    410              //Buzzer(ON);
    411            }
    412           
    413           if (sLampOnTime) sLampOnTime--; else RUNlamp(OFF);
   \                     ??event_indicating_0:
   \   0000001E   2088               LDRH     R0,[R4, #+0]
   \   00000020   ....               LDR      R5,??DataTable37  ;; 0xffff
   \   00000022   0028               CMP      R0,#+0
   \   00000024   02D0               BEQ      ??event_indicating_1
   \   00000026   4019               ADDS     R0,R0,R5
   \   00000028   2080               STRH     R0,[R4, #+0]
   \   0000002A   01E0               B        ??event_indicating_2
   \                     ??event_indicating_1:
   \   0000002C   ........           BL       RUNlamp
    414           if (sLcdOnTime) sLcdOnTime--; else LCDlamp(OFF);
   \                     ??event_indicating_2:
   \   00000030   6088               LDRH     R0,[R4, #+2]
   \   00000032   0028               CMP      R0,#+0
   \   00000034   02D0               BEQ      ??event_indicating_3
   \   00000036   4019               ADDS     R0,R0,R5
   \   00000038   6080               STRH     R0,[R4, #+2]
   \   0000003A   01E0               B        ??event_indicating_4
   \                     ??event_indicating_3:
   \   0000003C   ........           BL       LCDlamp
    415           //if (sBuzzOnTime) sBuzzOnTime--; else Buzzer(OFF);
    416          }
   \                     ??event_indicating_4:
   \   00000040                      REQUIRE ?Subroutine41
   \   00000040                      ;; // Fall through to label ?Subroutine41
    417          
    418          /*****************************************/
    419          /*    EVENT 발생 변수를 클리어           */
    420          /*****************************************/

   \                                 In segment CODE, align 4, keep-with-next
    421          void event_clear(void)
    422          {
    423            bPushKey = 0;
   \                     event_clear:
   \   00000000   0020               MOVS     R0,#+0
   \   00000002   ....               LDR      R1,??DataTable38  ;; bPushKey
   \   00000004   0870               STRB     R0,[R1, #+0]
    424            bPullKey = 0;
   \   00000006   0249               LDR      R1,??event_clear_0  ;; bPullKey
   \   00000008   0870               STRB     R0,[R1, #+0]
    425            ModemCmd = 0;
   \   0000000A   0249               LDR      R1,??event_clear_0+0x4  ;; ModemCmd
   \   0000000C   0870               STRB     R0,[R1, #+0]
    426            //MsgPC = 0;
    427          }
   \   0000000E   7047               BX       LR               ;; return
   \                     ??event_clear_0:
   \   00000010   ........           DC32     bPullKey
   \   00000014   ........           DC32     ModemCmd
    428          

   \                                 In segment CODE, align 4, keep-with-next
    429          void pulse_out(char no)
    430          {
   \                     pulse_out:
   \   00000000   70B5               PUSH     {R4-R6,LR}
   \   00000002   0400               MOVS     R4,R0
    431                char loop;
    432            for (loop = 0; loop < no; loop++)
   \   00000004   0025               MOVS     R5,#+0
   \   00000006   8026               MOVS     R6,#+128
   \   00000008   3601               LSLS     R6,R6,#+4        ;; #+2048
   \   0000000A   0CE0               B        ??pulse_out_0
    433            {
    434              pio_set(PIOB, SP_OUT);
   \                     ??pulse_out_1:
   \   0000000C   ....               LDR      R0,??DataTable39  ;; 0xfffff630
   \   0000000E   0660               STR      R6,[R0, #+0]
    435              delay_us(100);
   \   00000010   6420               MOVS     R0,#+100
   \   00000012   ........           _BLF     delay_us,??delay_us??rT
    436              delay_us(100);
   \   00000016   6420               MOVS     R0,#+100
   \   00000018   ........           _BLF     delay_us,??delay_us??rT
    437              pio_clear(PIOB, SP_OUT);
   \   0000001C   ....               LDR      R0,??DataTable40  ;; 0xfffff634
   \   0000001E   0660               STR      R6,[R0, #+0]
    438            }
   \   00000020   6D1C               ADDS     R5,R5,#+1
   \   00000022   2D06               LSLS     R5,R5,#+24
   \   00000024   2D0E               LSRS     R5,R5,#+24
   \                     ??pulse_out_0:
   \   00000026   A542               CMP      R5,R4
   \   00000028   F0D3               BCC      ??pulse_out_1
   \   0000002A   C046               Nop      
    439          }
   \   0000002C                      REQUIRE ?Subroutine38
   \   0000002C                      ;; // Fall through to label ?Subroutine38
    440          
    441          /**********************************************/
    442          /* Calculate execute time current main loop   */
    443          /* If ExecTime is biggest, update MaxExecTime */
    444          /* This function must locate in main loop     */ 
    445          /**********************************************/

   \                                 In segment DATA_Z, align 4, align-sorted
    446          int iCounterT0;
   \                     iCounterT0:
   \   00000000                      DS8 4
    447          int iExecTime;
   \                     iExecTime:
   \   00000004                      DS8 4
    448          int iMaxExecTime;
   \                     iMaxExecTime:
   \   00000008                      DS8 4

   \                                 In segment CODE, align 4, keep-with-next
    449          void exec_time_check(void)
    450          {
   \                     exec_time_check:
   \   00000000   10B5               PUSH     {R4,LR}
    451            AT91PS_TC TC_pt = AT91C_BASE_TC0; 
    452            iCounterT0 = TC_pt->TC_CV;
   \   00000002   ....               LDR      R2,??DataTable42  ;; iCounterT0
   \   00000004   0B48               LDR      R0,??exec_time_check_0  ;; 0xfffa0010
   \   00000006   0068               LDR      R0,[R0, #+0]
   \   00000008   1060               STR      R0,[R2, #+0]
    453            iCounterT0 = iCounterT0 + ((Scan2ms - 1) * CLOCK_2MS);
   \   0000000A   0B49               LDR      R1,??exec_time_check_0+0x4  ;; Scan2ms
   \   0000000C   0B88               LDRH     R3,[R1, #+0]
   \   0000000E   5B1E               SUBS     R3,R3,#+1
   \   00000010   0A4C               LDR      R4,??exec_time_check_0+0x8  ;; 0xbbb7
   \   00000012   6343               MULS     R3,R4,R3
   \   00000014   C018               ADDS     R0,R0,R3
   \   00000016   1060               STR      R0,[R2, #+0]
    454            Scan2ms = 0;
   \   00000018   0023               MOVS     R3,#+0
   \   0000001A   0B80               STRH     R3,[R1, #+0]
    455            iExecTime = iCounterT0 * 1000;
    456            iExecTime = iExecTime / CLOCK_1MS;  // us
   \   0000001C   FA21               MOVS     R1,#+250
   \   0000001E   8900               LSLS     R1,R1,#+2        ;; #+1000
   \   00000020   4843               MULS     R0,R1,R0
   \   00000022   6108               LSRS     R1,R4,#+1
   \   00000024   ........           _BLF     ??div32_t,??rT??div32_t
   \   00000028   5160               STR      R1,[R2, #+4]
    457            if (iExecTime > iMaxExecTime) iMaxExecTime = iExecTime;
   \   0000002A   9068               LDR      R0,[R2, #+8]
   \   0000002C   8842               CMP      R0,R1
   \   0000002E   00DA               BGE      ??exec_time_check_1
   \   00000030   9160               STR      R1,[R2, #+8]
    458          }
   \                     ??exec_time_check_1:
   \   00000032   ....               B.N      ??Subroutine37_0
   \                     ??exec_time_check_0:
   \   00000034   1000FAFF           DC32     0xfffa0010
   \   00000038   ........           DC32     Scan2ms
   \   0000003C   B7BB0000           DC32     0xbbb7
    459          

   \                                 In segment CODE, align 4, keep-with-next
    460          void print_ExecTime(void)
    461          {
   \                     print_ExecTime:
   \   00000000   00B5               PUSH     {LR}
    462             printf("\nExecTime:%4duS", iExecTime);
   \   00000002   0348               LDR      R0,??print_ExecTime_0  ;; iCounterT0 + 4
   \   00000004   0168               LDR      R1,[R0, #+0]
   \   00000006   0348               LDR      R0,??print_ExecTime_0+0x4  ;; `?<Constant "\\nExecTime:%4duS">`
   \   00000008   ........           _BLF     printf,??printf??rT
    463          }
   \   0000000C   01BC               POP      {R0}
   \   0000000E   0047               BX       R0               ;; return
   \                     ??print_ExecTime_0:
   \   00000010   ........           DC32     iCounterT0 + 4
   \   00000014   ........           DC32     `?<Constant "\\nExecTime:%4duS">`
    464          

   \                                 In segment CODE, align 4, keep-with-next
    465          void print_MaxExecTime(void)
    466          {
   \                     print_MaxExecTime:
   \   00000000   10B5               PUSH     {R4,LR}
    467             printf("\nMaxExecTime:%4duS", iMaxExecTime);
   \   00000002   044C               LDR      R4,??print_MaxExecTime_0  ;; iCounterT0
   \   00000004   A168               LDR      R1,[R4, #+8]
   \   00000006   0448               LDR      R0,??print_MaxExecTime_0+0x4  ;; `?<Constant "\\nMaxExecTime:%4duS">`
   \   00000008   ........           _BLF     printf,??printf??rT
    468             iMaxExecTime = iExecTime+1;
   \   0000000C   6068               LDR      R0,[R4, #+4]
   \   0000000E   401C               ADDS     R0,R0,#+1
   \   00000010   A060               STR      R0,[R4, #+8]
    469          }
   \   00000012   ....               B.N      ??Subroutine37_0
   \                     ??print_MaxExecTime_0:
   \   00000014   ........           DC32     iCounterT0
   \   00000018   ........           DC32     `?<Constant "\\nMaxExecTime:%4duS">`
    470          

   \                                 In segment CODE, align 4, keep-with-next
    471          void exec_time_display(void)
    472          {
   \                     exec_time_display:
   \   00000000   00B5               PUSH     {LR}
    473            iExecTime = iCounterT0 * 1000;
    474            iExecTime = iExecTime / CLOCK_1MS;  // us
   \   00000002   ....               LDR      R2,??DataTable42  ;; iCounterT0
   \   00000004   1068               LDR      R0,[R2, #+0]
   \   00000006   FA21               MOVS     R1,#+250
   \   00000008   8900               LSLS     R1,R1,#+2        ;; #+1000
   \   0000000A   4843               MULS     R0,R1,R0
   \   0000000C   0549               LDR      R1,??exec_time_display_0  ;; 0x5ddb
   \   0000000E   ........           _BLF     ??div32_t,??rT??div32_t
   \   00000012   5160               STR      R1,[R2, #+4]
    475            if (iExecTime > iMaxExecTime) print_MaxExecTime();
   \   00000014   9068               LDR      R0,[R2, #+8]
   \   00000016   8842               CMP      R0,R1
   \   00000018   01DA               BGE      ??exec_time_display_1
   \   0000001A   ........           BL       print_MaxExecTime
    476          }
   \                     ??exec_time_display_1:
   \   0000001E   01BC               POP      {R0}
   \   00000020   0047               BX       R0               ;; return
   \   00000022   C046               Nop      
   \                     ??exec_time_display_0:
   \   00000024   DB5D0000           DC32     0x5ddb
    477          

   \                                 In segment CODE, align 4, keep-with-next
    478          void execmode_change(char mode)
    479          {
    480             sExecStep = 0;
   \                     execmode_change:
   \   00000000   ....               LDR      R1,??DataTable43  ;; sExecStep
   \   00000002   0022               MOVS     R2,#+0
   \   00000004   0A80               STRH     R2,[R1, #+0]
    481             ExecMode = mode;
   \   00000006   ....               LDR      R1,??DataTable44  ;; ExecMode
   \   00000008   0870               STRB     R0,[R1, #+0]
    482          }
   \   0000000A   7047               BX       LR               ;; return

   \                                 In segment CODE, align 4, keep-with-next
   \                     ??DataTable1:
   \   00000000   ........           DC32     ExecMode

   \                                 In segment CODE, align 4, keep-with-next
   \                     ??DataTable2:
   \   00000000   ........           DC32     DebugMonit

   \                                 In segment CODE, align 4, keep-with-next
   \                     ??DataTable3:
   \   00000000   FFFF0000           DC32     0xffff

   \                                 In segment CODE, align 4, keep-with-next
   \                     ??DataTable4:
   \   00000000   ........           DC32     sExecStep

   \                                 In segment CODE, align 4, keep-with-next
   \                     ??DataTable28:
   \   00000000   3CF6FFFF           DC32     0xfffff63c

   \                                 In segment CODE, align 4, keep-with-next
   \                     ??DataTable31:
   \   00000000   3CF4FFFF           DC32     0xfffff43c

   \                                 In segment CODE, align 4, keep-with-next
   \                     ??DataTable32:
   \   00000000   30F4FFFF           DC32     0xfffff430

   \                                 In segment CODE, align 4, keep-with-next
   \                     ??DataTable33:
   \   00000000   34F4FFFF           DC32     0xfffff434

   \                                 In segment CODE, align 4, keep-with-next
   \                     ??DataTable34:
   \   00000000   30F6FFFF           DC32     0xfffff630

   \                                 In segment CODE, align 4, keep-with-next
   \                     ??DataTable35:
   \   00000000   34F6FFFF           DC32     0xfffff634

   \                                 In segment CODE, align 4, keep-with-next
   \                     ??DataTable37:
   \   00000000   FFFF0000           DC32     0xffff

   \                                 In segment CODE, align 4, keep-with-next
   \                     ??DataTable38:
   \   00000000   ........           DC32     bPushKey

   \                                 In segment CODE, align 4, keep-with-next
   \                     ??DataTable39:
   \   00000000   30F6FFFF           DC32     0xfffff630

   \                                 In segment CODE, align 4, keep-with-next
   \                     ??DataTable40:
   \   00000000   34F6FFFF           DC32     0xfffff634

   \                                 In segment CODE, align 4, keep-with-next
   \                     ??DataTable42:
   \   00000000   ........           DC32     iCounterT0

   \                                 In segment CODE, align 4, keep-with-next
   \                     ??DataTable43:
   \   00000000   ........           DC32     sExecStep

   \                                 In segment CODE, align 4, keep-with-next
   \                     ??DataTable44:
   \   00000000   ........           DC32     ExecMode

   \                                 In segment DATA_C, align 4, align-sorted
   \   00000000   25316300           DC8 "%1c"

   \                                 In segment DATA_C, align 4, align-sorted
   \                     `?<Constant "\\nExecTime:%4duS">`:
   \   00000000   0A4578656354       DC8 "\012ExecTime:%4duS"
   \              696D653A2534
   \              64755300    

   \                                 In segment DATA_C, align 4, align-sorted
   \                     `?<Constant "\\nMaxExecTime:%4duS">`:
   \   00000000   0A4D61784578       DC8 "\012MaxExecTime:%4duS"
   \              656354696D65
   \              3A2534647553
   \              00          
   \   00000013   00                 DC8 0
    483          
    484          
    485          /* Not Use codes
    486          int change_led ( int no )
    487          {
    488              if ( (AT91F_PIO_GetInput(AT91D_BASE_PIO_SW) & AT91B_SW3) == 0 )
    489              {
    490                 no--;
    491              }
    492              if ( (AT91F_PIO_GetInput(AT91D_BASE_PIO_SW) & AT91B_SW4) == 0 )
    493              {
    494                 no++;
    495              }
    496              no &= 0x03;
    497              return no;
    498          }
    499          
    500          
    501          void all_led_onoff(char onoff)
    502          {
    503            if (onoff == 0) 
    504            {
    505             AT91F_PIO_ClearOutput( AT91C_BASE_PIOB, AT91B_LED1 );
    506             AT91F_PIO_ClearOutput( AT91C_BASE_PIOB, AT91B_LED2);
    507             AT91F_PIO_ClearOutput( AT91C_BASE_PIOB, AT91B_LED3 );
    508             AT91F_PIO_ClearOutput( AT91C_BASE_PIOB, AT91B_LED4 );
    509            } 
    510            else 
    511            {
    512              AT91F_PIO_SetOutput( AT91C_BASE_PIOB, AT91B_LED1 );
    513              AT91F_PIO_SetOutput( AT91C_BASE_PIOB, AT91B_LED2 );
    514              AT91F_PIO_SetOutput( AT91C_BASE_PIOB, AT91B_LED3 );
    515              AT91F_PIO_SetOutput( AT91C_BASE_PIOB, AT91B_LED4 );
    516            };
    517          }
    518          
    519          void led_rotate(void)
    520          {
    521            int i;
    522                  // Once a Shot on each led
    523          	for ( i=0 ; i < AT91B_NB_LEB ; i++ )
    524                  {
    525          	    AT91F_PIO_ClearOutput( AT91D_BASE_PIO_LED, led_mask[i]) ;
    526          	    wait();
    527          	    AT91F_PIO_SetOutput( AT91D_BASE_PIO_LED, led_mask[i] ) ;
    528          	    wait();
    529                  }// End for
    530                 
    531                  // Once a Shot on each led
    532                  for ( i=(AT91B_NB_LEB-1) ; i >= 0 ; i-- )
    533                  {
    534          	    AT91F_PIO_ClearOutput( AT91D_BASE_PIO_LED, led_mask[i]) ;
    535          	    wait();
    536          	    AT91F_PIO_SetOutput( AT91D_BASE_PIO_LED, led_mask[i] ) ;
    537          	    wait();
    538                  } 
    539          }
    540          
    541          //--------------------------------------------------------------------------------------
    542          // Function Name       : change_speed
    543          // Object              : Adjust "LedSpeed" value depending on SW1 and SW2 are pressed or not
    544          // Input Parameters    : none
    545          // Output Parameters   : Update of LedSpeed value.
    546          //--------------------------------------------------------------------------------------
    547          void change_speed ( void )
    548          {
    549              if ( (AT91F_PIO_GetInput(AT91D_BASE_PIO_SW) & AT91B_SW1) == 0 )
    550              {
    551                  if ( LedSpeed > SPEED ) LedSpeed -=SPEED ;
    552              }
    553              if ( (AT91F_PIO_GetInput(AT91D_BASE_PIO_SW) & AT91B_SW2) == 0 )
    554              {
    555                  if ( LedSpeed < AT91B_MAIN_OSC ) LedSpeed +=SPEED ;
    556              }
    557          }
    558          
    559          //--------------------------------------------------------------------------------------
    560          // Function Name       : wait
    561          // Object              : Software waiting loop
    562          // Input Parameters    : none. Waiting time is defined by the global variable LedSpeed.
    563          // Output Parameters   : none
    564          //--------------------------------------------------------------------------------------
    565          void wait ( void )
    566          {// Begin
    567              unsigned int waiting_time ;
    568              change_speed () ;
    569              for(waiting_time = 0; waiting_time < LedSpeed; waiting_time++) ;
    570          }// End
    571          
    572          void led_shift(void)
    573          {
    574           unsigned char no;
    575            led_onoff(LEDno, LEDon);
    576            no = change_led(LEDno);
    577            if (no != LEDno) 
    578            {
    579              led_onoff(LEDno, 0);
    580              LEDno = no;
    581            }
    582            LEDon ^= 1; 
    583          }
    584          
    585          */

   Maximum stack usage in bytes:

     Function          CSTACK
     --------          ------
     BMCdata               8
     BMCreset              8
     LCDlamp              12
     MODEMpower            8
     MODEMrts              8
     MakeCrc16            12
     RFint0req             8
     RFisp                 8
     RFreset              12
     RUNlamp               8
     ascii2byte            4
     ascii2hex             4
     ascii2short          16
     bcd2hex               0
     bcd2hex_int           4
     bcd2int               0
     debug_monit           0
     delay                 8
     delay_us              4
     event_clear           0
     event_indicating     12
     exec_time_check       8
     exec_time_display     4
     execmode_change       0
     hex2bcd               4
     high2ascii            4
     hour24to12            4
     low2ascii             4
     pio_init              0
     print_ExecTime        4
     print_MaxExecTime     8
     print_str             8
     pulse_out            16
     putchar              16
     putstring1           16
     step_delay           12


   Segment part sizes:

     Function/Label                 Bytes
     --------------                 -----
     putchar                          54
     ?Subroutine36                     6
     print_str                        46
     ?Subroutine37                    12
     putstring1                       88
     ?Subroutine38                     6
     DebugMonit                        1
     debug_monit                       6
     ascii2hex                        14
     ?Subroutine39                    18
     ascii2byte                       32
     ascii2short                      24
     high2ascii                        6
     low2ascii                         8
     bcd2int                          28
     bcd2hex                          18
     hex2bcd                          30
     bcd2hex_int                      42
     hour24to12                       18
     MakeCrc16                        68
     ?Subroutine40                    12
     delay                            32
     delay_us                         18
     DelayStep                         8
     step_delay                       44
     RunLampIs                         1
     LcdLampIs                         1
     BuzzerIs                          1
     ModemPowerIs                      1
     BMCresetIs                        1
     RFresetIs                         1
     RFint0Is                          1
     RFispIs                           1
     BMCdataIs                         1
     sLampOnTime                       6
     RUNlamp                          44
     LCDlamp                          52
     ?Subroutine41                    12
     BMCreset                         40
     RFreset                          44
     RFint0req                        44
     RFisp                            44
     BMCdata                          44
     MODEMpower                       44
     ModemRtsIs                        1
     MODEMrts                         44
     pio_init                        132
     event_indicating                 64
     event_clear                      24
     pulse_out                        44
     iCounterT0                       12
     exec_time_check                  64
     print_ExecTime                   24
     print_MaxExecTime                28
     exec_time_display                40
     execmode_change                  12
     ??DataTable1                      4
     ??DataTable2                      4
     ??DataTable3                      4
     ??DataTable4                      4
     ??DataTable28                     4
     ??DataTable31                     4
     ??DataTable32                     4
     ??DataTable33                     4
     ??DataTable34                     4
     ??DataTable35                     4
     ??DataTable37                     4
     ??DataTable38                     4
     ??DataTable39                     4
     ??DataTable40                     4
     ??DataTable42                     4
     ??DataTable43                     4
     ??DataTable44                     4
     ?<Constant "%1c">                 4
     ?<Constant "\nExecTime:%4duS">   16
     ?<Constant "\nMaxExecTime:%4duS">
                                      20
      Others                         400

 
 1 892 bytes in segment CODE
    26 bytes in segment CODE_I
    40 bytes in segment DATA_C
    37 bytes in segment DATA_Z
    24 bytes in segment INITTAB
 
 1 542 bytes of CODE  memory (+ 400 bytes shared)
    40 bytes of CONST memory
    37 bytes of DATA  memory

Errors: none
Warnings: none
