##############################################################################
#                                                                            #
# IAR ARM ANSI C/C++ Compiler V4.40A/W32 EVALUATION    11/Sep/2007  11:32:01 #
# Copyright 1999-2005 IAR Systems. All rights reserved.                      #
#                                                                            #
#    Cpu mode        =  interwork                                            #
#    Endian          =  little                                               #
#    Stack alignment =  4                                                    #
#    Source file     =  C:\E-pia\EpiaGuardMain_v099\EpiaGuardMain\src\EpiaGu #
#                       ardMain_debug.c                                      #
#    Command line    =  C:\E-pia\EpiaGuardMain_v099\EpiaGuardMain\src\EpiaGu #
#                       ardMain_debug.c -D NDEBUG -lC                        #
#                       C:\E-pia\EpiaGuardMain_v099\EpiaGuardMain\compil\Rel #
#                       ease\List\ -o C:\E-pia\EpiaGuardMain_v099\EpiaGuardM #
#                       ain\compil\Release\Obj\ -z9 --debug --cpu_mode       #
#                       thumb --endian little --cpu ARM7TDMI --stack_align   #
#                       4 --interwork -e --fpu None --dlib_config            #
#                       "C:\Program Files\IAR Systems\Embedded Workbench     #
#                       4.0 Evaluation\ARM\LIB\dl4tptinl8n.h" -I             #
#                       C:\E-pia\EpiaGuardMain_v099\EpiaGuardMain\compil\src #
#                       IAR\ -I C:\E-pia\EpiaGuardMain_v099\EpiaGuardMain\co #
#                       mpil\..\src\ -I C:\E-pia\EpiaGuardMain_v099\EpiaGuar #
#                       dMain\compil\..\..\ -I "C:\Program Files\IAR         #
#                       Systems\Embedded Workbench 4.0 Evaluation\ARM\INC\"  #
#    List file       =  C:\E-pia\EpiaGuardMain_v099\EpiaGuardMain\compil\Rel #
#                       ease\List\EpiaGuardMain_debug.lst                    #
#    Object file     =  C:\E-pia\EpiaGuardMain_v099\EpiaGuardMain\compil\Rel #
#                       ease\Obj\EpiaGuardMain_debug.r79                     #
#                                                                            #
#                                                                            #
##############################################################################

C:\E-pia\EpiaGuardMain_v099\EpiaGuardMain\src\EpiaGuardMain_debug.c
      1          // ----------------------------------------------------------------------------
      2          //         Epiatech co,. LTD  -  Lee Y k  -
      3          // ----------------------------------------------------------------------------
      4          // File Name           : EpiaGate_debug.c
      5          // Object              : EpiaGate Main debugging functions
      6          // Creation            : 2007-02-07
      7          // ----------------------------------------------------------------------------
      8          // Include Standard LIB  files
      9          #include "project.h"
     10           
     11          #define	SYSTEM_MAIN	10
     12          #define	WDT_TEST	100
     13          #define WDT_STATUS	110
     14          #define	WDT_READ	120
     15          
     16          #define	WDV		0x0FFF		// 12bit WDT counter
     17          #define	WDFIEN		1<<12		// WDT int enable
     18          #define	WDRSTEN		1<<13		// WDT reset enable
     19          #define	WDRPROC		1<<14		// 1:WDT All reset 0:processor reset
     20          #define	WDDIS		1<<15		// 0: WDT enable 1: disable
     21          #define	WDDBGHLT	1<<28		// When debug state, 0: WDT run 1: stop  
     22          #define	WDIDLEHLT	1<<29		// When idle mode, 0: WDT run 1: stop  

   \                                 In segment CODE, align 4, keep-with-next
     23          void system_test_function(void)
     24          {
   \                     system_test_function:
   \   00000000   F1B5               PUSH     {R0,R4-R7,LR}
     25            //AT91PS_WDTC WDT_BASE;
     26            unsigned int wdtmode, wdtreg, count;
     27            unsigned int *ptr;
     28            
     29            short lp;
     30            switch (sExecStep)
   \   00000002   A44C               LDR      R4,??system_test_function_0  ;; `?<Constant "\\n>******">`
   \   00000004   9420               MOVS     R0,#+148
   \   00000006   4000               LSLS     R0,R0,#+1        ;; #+296
   \   00000008   2018               ADDS     R0,R4,R0
   \   0000000A   0090               STR      R0,[SP, #+0]
   \   0000000C   ....               LDR      R0,??DataTable0  ;; bPushKey
   \   0000000E   0178               LDRB     R1,[R0, #+0]
   \   00000010   ....               LDR      R5,??DataTable1  ;; sExecStep
   \   00000012   2888               LDRH     R0,[R5, #+0]
   \   00000014   A04E               LDR      R6,??system_test_function_0+0x4  ;; DelayStep
   \   00000016   0027               MOVS     R7,#+0
   \   00000018   0200               MOVS     R2,R0
   \   0000001A   20D0               BEQ      ??system_test_function_1
   \   0000001C   0128               CMP      R0,#+1
   \   0000001E   24D0               BEQ      ??system_test_function_2
   \   00000020   0228               CMP      R0,#+2
   \   00000022   33D0               BEQ      ??system_test_function_3
   \   00000024   0328               CMP      R0,#+3
   \   00000026   3ED0               BEQ      ??system_test_function_4
   \   00000028   0428               CMP      R0,#+4
   \   0000002A   5AD0               BEQ      ??system_test_function_5
   \   0000002C   0528               CMP      R0,#+5
   \   0000002E   60D0               BEQ      ??system_test_function_6
   \   00000030   0628               CMP      R0,#+6
   \   00000032   69D0               BEQ      ??system_test_function_7
   \   00000034   0A28               CMP      R0,#+10
   \   00000036   6FD0               BEQ      ??system_test_function_8
   \   00000038   0B28               CMP      R0,#+11
   \   0000003A   ....               BNE      .+5
   \   0000003C   94E0               B        ??system_test_function_9
   \   0000003E   6428               CMP      R0,#+100
   \   00000040   ....               BNE      .+5
   \   00000042   14E1               B        ??system_test_function_10
   \   00000044   6E28               CMP      R0,#+110
   \   00000046   ....               BNE      .+5
   \   00000048   D2E0               B        ??system_test_function_11
   \   0000004A   6F28               CMP      R0,#+111
   \   0000004C   ....               BNE      .+5
   \   0000004E   F0E0               B        ??system_test_function_12
   \   00000050   7828               CMP      R0,#+120
   \   00000052   ....               BNE      .+5
   \   00000054   F1E0               B        ??system_test_function_13
   \   00000056   7928               CMP      R0,#+121
   \   00000058   ....               BNE      .+5
   \   0000005A   02E1               B        ??system_test_function_14
   \   0000005C   10E1               B        ??system_test_function_15
     31           {   
     32            case 0:
     33              display_mode(0);
   \                     ??system_test_function_1:
   \   0000005E   0020               MOVS     R0,#+0
   \   00000060   ........           _BLF     display_mode,??display_mode??rT
     34              //sExecStep++;
     35              sExecStep = SYSTEM_MAIN;
   \   00000064   0A20               MOVS     R0,#+10
   \                     ??system_test_function_16:
   \   00000066   2880               STRH     R0,[R5, #+0]
     36              return;
   \   00000068   10E1               B        ??system_test_function_17
     37              
     38            case 1:
     39             DelayStep = 0;
   \                     ??system_test_function_2:
   \   0000006A   3770               STRB     R7,[R6, #+0]
     40             screen_clear();
   \   0000006C   ........           _BLF     screen_clear,??screen_clear??rT
     41             printf("<Stored Data View>");
   \   00000070   2000               MOVS     R0,R4
   \   00000072   0C30               ADDS     R0,R0,#+12
   \   00000074   ........           _BLF     printf,??printf??rT
     42             printf("\n>Input Secret Code");
   \   00000078   2000               MOVS     R0,R4
   \   0000007A   2030               ADDS     R0,R0,#+32
   \   0000007C   ........           _BLF     printf,??printf??rT
     43             printf("\n>******");
   \   00000080   2000               MOVS     R0,R4
   \   00000082   ........           _BLF     printf,??printf??rT
     44             sExecStep++;
   \   00000086   2888               LDRH     R0,[R5, #+0]
   \   00000088   401C               ADDS     R0,R0,#+1
   \   0000008A   ECE7               B.N      ??system_test_function_16
     45             return;
     46             
     47           case 2:
     48             keyin_start(6);
   \                     ??system_test_function_3:
   \   0000008C   0620               MOVS     R0,#+6
   \   0000008E   ........           _BLF     keyin_start,??keyin_start??rT
     49             sCurPos -= 6;
   \   00000092   ....               LDR      R0,??DataTable7  ;; sCurPos
   \   00000094   ....               LDR      R1,??DataTable7  ;; sCurPos
   \   00000096   0022               MOVS     R2,#+0
   \   00000098   895E               LDRSH    R1,[R1, R2]
   \   0000009A   891F               SUBS     R1,R1,#+6
   \   0000009C   0180               STRH     R1,[R0, #+0]
     50             sExecStep++;
   \   0000009E   2888               LDRH     R0,[R5, #+0]
   \                     ??system_test_function_18:
   \   000000A0   401C               ADDS     R0,R0,#+1
   \                     ??system_test_function_19:
   \   000000A2   2880               STRH     R0,[R5, #+0]
     51             return;
   \   000000A4   F2E0               B        ??system_test_function_17
     52             
     53           case 3:
     54             if (DEC_KEY)
   \                     ??system_test_function_4:
   \   000000A6   3029               CMP      R1,#+48
   \   000000A8   0CD3               BCC      ??system_test_function_20
   \   000000AA   3A29               CMP      R1,#+58
   \   000000AC   10D2               BCS      ??system_test_function_21
     55             {
     56               if(key_input_bcd() == 0) sExecStep++;
   \   000000AE   ........           _BLF     key_input_bcd,??key_input_bcd??rT
   \   000000B2   0028               CMP      R0,#+0
   \   000000B4   02D1               BNE      ??system_test_function_22
   \   000000B6   2888               LDRH     R0,[R5, #+0]
   \   000000B8   401C               ADDS     R0,R0,#+1
   \   000000BA   2880               STRH     R0,[R5, #+0]
     57               printf("*");
   \                     ??system_test_function_22:
   \   000000BC   77A0               ADR      R0,??system_test_function_0+0x8  ;; "*"
   \   000000BE   ........           _BLF     printf,??printf??rT
   \   000000C2   E3E0               B        ??system_test_function_17
     58             }
     59             else if (ENTER_KEY) execmode_change(MAIN_MENU);
   \                     ??system_test_function_20:
   \   000000C4   0D29               CMP      R1,#+13
   \                     ??system_test_function_23:
   \   000000C6   05D1               BNE      ??system_test_function_24
   \                     ??system_test_function_25:
   \   000000C8   0020               MOVS     R0,#+0
   \                     ??system_test_function_26:
   \   000000CA   ........           _BLF     execmode_change,??execmode_change??rT
   \                     ??system_test_function_27:
   \   000000CE   DDE0               B        ??system_test_function_17
     60             else if (MENU_KEY) execmode_change(MAIN_MENU);
   \                     ??system_test_function_21:
   \   000000D0   6129               CMP      R1,#+97
   \   000000D2   F8E7               B.N      ??system_test_function_23
     61             else  if (step_delay(SEC_1<<3)) execmode_change(MAIN_MENU); 
   \                     ??system_test_function_24:
   \   000000D4   FA20               MOVS     R0,#+250
   \   000000D6   0001               LSLS     R0,R0,#+4        ;; #+4000
   \   000000D8   ........           _BLF     step_delay,??step_delay??rT
   \   000000DC   0028               CMP      R0,#+0
   \   000000DE   F6D0               BEQ      ??system_test_function_27
   \   000000E0   F2E7               B.N      ??system_test_function_25
     62             return;
     63             
     64           case 4:
     65             if (KeyValue == iSecretCode) sExecStep = SYSTEM_MAIN;
   \                     ??system_test_function_5:
   \   000000E2   6F49               LDR      R1,??system_test_function_0+0xC  ;; KeyValue
   \   000000E4   0968               LDR      R1,[R1, #+0]
   \   000000E6   6F4A               LDR      R2,??system_test_function_0+0x10  ;; iSecretCode
   \   000000E8   1268               LDR      R2,[R2, #+0]
   \   000000EA   9142               CMP      R1,R2
   \   000000EC   D8D1               BNE      ??system_test_function_18
   \   000000EE   0A20               MOVS     R0,#+10
   \   000000F0   B9E7               B.N      ??system_test_function_16
     66             else sExecStep++;
     67             return;
     68             
     69           case 5:
     70             printf("\n>Invalid code..");
   \                     ??system_test_function_6:
   \   000000F2   2000               MOVS     R0,R4
   \   000000F4   4430               ADDS     R0,R0,#+68
   \   000000F6   ........           _BLF     printf,??printf??rT
     71             printf("\n>Please Retry..");
   \   000000FA   5834               ADDS     R4,R4,#+88
   \   000000FC   2000               MOVS     R0,R4
   \   000000FE   ........           _BLF     printf,??printf??rT
     72             sExecStep++;
   \   00000102   2888               LDRH     R0,[R5, #+0]
   \   00000104   401C               ADDS     R0,R0,#+1
   \   00000106   AEE7               B.N      ??system_test_function_16
     73             return;
     74           
     75           case 6:
     76             if (step_delay(SEC_1<<1)) sExecStep = 1; 
   \                     ??system_test_function_7:
   \   00000108   FA20               MOVS     R0,#+250
   \   0000010A   8000               LSLS     R0,R0,#+2        ;; #+1000
   \   0000010C   ........           _BLF     step_delay,??step_delay??rT
   \   00000110   0028               CMP      R0,#+0
   \   00000112   DCD0               BEQ      ??system_test_function_27
   \   00000114   0120               MOVS     R0,#+1
   \   00000116   A6E7               B.N      ??system_test_function_16
     77             return;
     78              
     79            case SYSTEM_MAIN:
     80              screen_clear();
   \                     ??system_test_function_8:
   \   00000118   ........           _BLF     screen_clear,??screen_clear??rT
     81              DelayStep = 0;
   \   0000011C   3770               STRB     R7,[R6, #+0]
     82              debug_monit(MONOUT);
   \   0000011E   0120               MOVS     R0,#+1
   \   00000120   ........           _BLF     debug_monit,??debug_monit??rT
     83              printf("<< System Test >>");
   \   00000124   2000               MOVS     R0,R4
   \   00000126   6C30               ADDS     R0,R0,#+108
   \   00000128   ........           _BLF     printf,??printf??rT
     84              printf("\n1:Modem Test ");
   \   0000012C   2000               MOVS     R0,R4
   \   0000012E   8030               ADDS     R0,R0,#+128
   \   00000130   ........           _BLF     printf,??printf??rT
     85              printf("\n2:Flash Memory Test");
   \   00000134   2000               MOVS     R0,R4
   \   00000136   9030               ADDS     R0,R0,#+144
   \   00000138   ........           _BLF     printf,??printf??rT
     86              printf("\n3:ZigBee Test");
   \   0000013C   2000               MOVS     R0,R4
   \   0000013E   3430               ADDS     R0,R0,#+52
   \   00000140   ........           _BLF     printf,??printf??rT
     87              printf("\n4:RTC Test");
   \   00000144   2000               MOVS     R0,R4
   \   00000146   A830               ADDS     R0,R0,#+168
   \   00000148   ........           _BLF     printf,??printf??rT
     88              printf("\n8:WDT read    ");
   \   0000014C   2000               MOVS     R0,R4
   \   0000014E   B430               ADDS     R0,R0,#+180
   \   00000150   ........           _BLF     printf,??printf??rT
     89              printf("\n9:WDT Set     ");
   \   00000154   2000               MOVS     R0,R4
   \   00000156   C430               ADDS     R0,R0,#+196
   \   00000158   ........           _BLF     printf,??printf??rT
     90              printf("\n#:Enter Debug Mode");
   \   0000015C   D434               ADDS     R4,R4,#+212
   \   0000015E   2000               MOVS     R0,R4
   \   00000160   ........           _BLF     printf,??printf??rT
     91              sExecStep++;
   \   00000164   2888               LDRH     R0,[R5, #+0]
   \   00000166   9BE7               B.N      ??system_test_function_18
     92              return;
     93            
     94            case SYSTEM_MAIN+1:
     95              if (bPushKey == '1') execmode_change(MODEM_CONTROL);
   \                     ??system_test_function_9:
   \   00000168   3129               CMP      R1,#+49
   \   0000016A   01D1               BNE      ??system_test_function_28
   \   0000016C   0320               MOVS     R0,#+3
   \   0000016E   ACE7               B.N      ??system_test_function_26
     96              else if (bPushKey == '2') execmode_change(FLASH_TEST);
   \                     ??system_test_function_28:
   \   00000170   3229               CMP      R1,#+50
   \   00000172   03D1               BNE      ??system_test_function_29
   \   00000174   0920               MOVS     R0,#+9
   \   00000176   ........           _BLF     execmode_change,??execmode_change??rT
   \   0000017A   87E0               B        ??system_test_function_17
     97              else if (bPushKey == '3') 
   \                     ??system_test_function_29:
   \   0000017C   3329               CMP      R1,#+51
   \   0000017E   05D1               BNE      ??system_test_function_30
     98              {
     99                execmode_change(ZIGBEE_TEST);
   \   00000180   0420               MOVS     R0,#+4
   \   00000182   ........           _BLF     execmode_change,??execmode_change??rT
    100                sStepZBrx = 0;
   \   00000186   4848               LDR      R0,??system_test_function_0+0x14  ;; sStepZBrx
   \   00000188   0780               STRH     R7,[R0, #+0]
   \   0000018A   7FE0               B        ??system_test_function_17
    101              }      
    102              else if (bPushKey == '4') execmode_change(RTC_TEST);
   \                     ??system_test_function_30:
   \   0000018C   3429               CMP      R1,#+52
   \   0000018E   01D1               BNE      ??system_test_function_31
   \   00000190   0A20               MOVS     R0,#+10
   \   00000192   9AE7               B.N      ??system_test_function_26
    103              else if (bPushKey == '8') sExecStep = WDT_READ;
   \                     ??system_test_function_31:
   \   00000194   3829               CMP      R1,#+56
   \   00000196   01D1               BNE      ??system_test_function_32
   \                     ??system_test_function_33:
   \   00000198   7820               MOVS     R0,#+120
   \   0000019A   64E7               B.N      ??system_test_function_16
    104              else if (bPushKey == '9') sExecStep = WDT_STATUS;
   \                     ??system_test_function_32:
   \   0000019C   3929               CMP      R1,#+57
   \   0000019E   01D1               BNE      ??system_test_function_34
   \   000001A0   6E20               MOVS     R0,#+110
   \   000001A2   7EE7               B.N      ??system_test_function_19
    105              else if (bPushKey == '0') sExecStep = WDT_TEST;
   \                     ??system_test_function_34:
   \   000001A4   3029               CMP      R1,#+48
   \   000001A6   01D1               BNE      ??system_test_function_35
   \   000001A8   6420               MOVS     R0,#+100
   \   000001AA   5CE7               B.N      ??system_test_function_16
    106              else if (bPushKey == '#') 
   \                     ??system_test_function_35:
   \   000001AC   2329               CMP      R1,#+35
   \   000001AE   1BD1               BNE      ??system_test_function_36
    107              {
    108                sExecStep = 0;
   \   000001B0   2F80               STRH     R7,[R5, #+0]
    109                ExecMode = DEBUG_MODE;
   \   000001B2   ....               LDR      R0,??DataTable4  ;; ExecMode
   \   000001B4   1421               MOVS     R1,#+20
   \   000001B6   0170               STRB     R1,[R0, #+0]
    110                screen_clear();
   \   000001B8   ........           _BLF     screen_clear,??screen_clear??rT
    111                printf("\n<Debug Mode>\n");
   \   000001BC   2000               MOVS     R0,R4
   \   000001BE   E830               ADDS     R0,R0,#+232
   \   000001C0   ........           _BLF     printf,??printf??rT
    112                printf("\n>Func:\3");
   \   000001C4   2000               MOVS     R0,R4
   \   000001C6   F830               ADDS     R0,R0,#+248
   \   000001C8   ........           _BLF     printf,??printf??rT
    113                printf("%02d", DebugFuncNo);
   \   000001CC   ....               LDR      R0,??DataTable5  ;; DebugFuncNo
   \   000001CE   0178               LDRB     R1,[R0, #+0]
   \   000001D0   8220               MOVS     R0,#+130
   \   000001D2   4000               LSLS     R0,R0,#+1        ;; #+260
   \   000001D4   2018               ADDS     R0,R4,R0
   \   000001D6   ........           _BLF     printf,??printf??rT
    114                sCurPos -= 2;
   \   000001DA   ....               LDR      R0,??DataTable7  ;; sCurPos
   \   000001DC   ....               LDR      R1,??DataTable7  ;; sCurPos
   \   000001DE   0022               MOVS     R2,#+0
   \   000001E0   895E               LDRSH    R1,[R1, R2]
   \   000001E2   891E               SUBS     R1,R1,#+2
   \   000001E4   0180               STRH     R1,[R0, #+0]
   \   000001E6   51E0               B        ??system_test_function_17
    115              }
    116              else if (MENU_KEY) execmode_change(MAIN_MENU); 
   \                     ??system_test_function_36:
   \   000001E8   6129               CMP      R1,#+97
   \   000001EA   4FD1               BNE      ??system_test_function_17
   \   000001EC   0020               MOVS     R0,#+0
   \   000001EE   6CE7               B.N      ??system_test_function_26
    117              //else if (step_delay(SEC_1*30)) execmode_change(POWER_METER);
    118              return;
    119          
    120           case WDT_STATUS:
    121            wdtreg = 0xFFFFFD44;
    122            ptr = (unsigned int*) wdtreg;
    123            
    124            AT91F_WDTC_CfgPMC();
   \                     ??system_test_function_11:
   \   000001F0   2E48               LDR      R0,??system_test_function_0+0x18  ;; 0xfffffc10
   \   000001F2   0221               MOVS     R1,#+2
   \   000001F4   0160               STR      R1,[R0, #+0]
    125            count = 0x123;	//AT91F_WDTGetPeriod(2000);
    126            printf("\nCount:%04X", count);
   \   000001F6   FF21               MOVS     R1,#+255
   \   000001F8   2431               ADDS     R1,R1,#+36       ;; #+291
   \   000001FA   8620               MOVS     R0,#+134
   \   000001FC   4000               LSLS     R0,R0,#+1        ;; #+268
   \   000001FE   2018               ADDS     R0,R4,R0
   \   00000200   ........           _BLF     printf,??printf??rT
    127            wdtmode = count<<16|WDRSTEN|WDRPROC|count;
    128            printf("\nWDTmode:%08X", wdtmode);
   \   00000204   2A4E               LDR      R6,??system_test_function_0+0x1C  ;; 0x1236123
   \   00000206   3100               MOVS     R1,R6
   \   00000208   8C20               MOVS     R0,#+140
   \   0000020A   4000               LSLS     R0,R0,#+1        ;; #+280
   \   0000020C   2018               ADDS     R0,R4,R0
   \   0000020E   ........           _BLF     printf,??printf??rT
    129            //AT91F_WDTSetMode(WDT_BASE, wdtmode); //AT91S_WDTC>>WDTC_WDMR
    130            *ptr = wdtmode;
   \   00000212   2848               LDR      R0,??system_test_function_0+0x20  ;; 0xfffffd44
   \   00000214   0660               STR      R6,[R0, #+0]
    131            printf("\n%08X:%08X", ptr, *ptr);
   \   00000216   3200               MOVS     R2,R6
   \   00000218   0100               MOVS     R1,R0
   \   0000021A   0098               LDR      R0,[SP, #+0]
   \   0000021C   ........           _BLF     printf,??printf??rT
    132            wdtmode = 0xA5000001;
    133            ptr--;
    134            *ptr = wdtmode;
   \   00000220   2548               LDR      R0,??system_test_function_0+0x24  ;; 0xfffffd40
   \   00000222   2649               LDR      R1,??system_test_function_0+0x28  ;; 0xa5000001
   \   00000224   0160               STR      R1,[R0, #+0]
    135            printf("\n%08X:%08X", ptr, *ptr);
   \   00000226   0A00               MOVS     R2,R1
   \   00000228   0100               MOVS     R1,R0
   \   0000022A   0098               LDR      R0,[SP, #+0]
   \   0000022C   ........           _BLF     printf,??printf??rT
   \   00000230   B2E7               B        ??system_test_function_33
    136            sExecStep = WDT_READ; 
    137            return;
    138             
    139           
    140           case WDT_STATUS+1:
    141             if (ANY_KEY)sExecStep = SYSTEM_MAIN; 
   \                     ??system_test_function_12:
   \   00000232   0029               CMP      R1,#+0
   \   00000234   2AD0               BEQ      ??system_test_function_17
   \   00000236   0A20               MOVS     R0,#+10
   \   00000238   15E7               B.N      ??system_test_function_16
    142             return; 
    143          
    144           case WDT_READ:
    145            wdtreg = 0xFFFFFD40;
    146            ptr = (unsigned int*) wdtreg;
    147           
    148            printf("\n%08X:%08X", ptr, *ptr);
   \                     ??system_test_function_13:
   \   0000023A   1F48               LDR      R0,??system_test_function_0+0x24  ;; 0xfffffd40
   \   0000023C   0268               LDR      R2,[R0, #+0]
   \   0000023E   0100               MOVS     R1,R0
   \   00000240   0098               LDR      R0,[SP, #+0]
   \   00000242   ........           _BLF     printf,??printf??rT
    149            ptr++;
    150            printf("\n%08X:%08X", ptr, *ptr);
   \   00000246   1B48               LDR      R0,??system_test_function_0+0x20  ;; 0xfffffd44
   \   00000248   0268               LDR      R2,[R0, #+0]
   \   0000024A   0100               MOVS     R1,R0
   \   0000024C   0098               LDR      R0,[SP, #+0]
   \   0000024E   ........           _BLF     printf,??printf??rT
    151            ptr++;
    152            printf("\n%08X:%08X", ptr, *ptr);
   \   00000252   1B49               LDR      R1,??system_test_function_0+0x2C  ;; 0xfffffd48
   \   00000254   0A68               LDR      R2,[R1, #+0]
   \   00000256   0098               LDR      R0,[SP, #+0]
   \   00000258   ........           _BLF     printf,??printf??rT
    153            sExecStep++;
   \   0000025C   2888               LDRH     R0,[R5, #+0]
   \   0000025E   401C               ADDS     R0,R0,#+1
   \   00000260   1FE7               B.N      ??system_test_function_19
    154            return;
    155             
    156           
    157           case WDT_READ+1:
    158             if (ENTER_KEY) sExecStep = WDT_READ; 
   \                     ??system_test_function_14:
   \   00000262   0D29               CMP      R1,#+13
   \   00000264   98D0               BEQ      ??system_test_function_33
    159             else if (ANY_KEY)sExecStep = SYSTEM_MAIN; 
   \   00000266   0029               CMP      R1,#+0
   \   00000268   10D0               BEQ      ??system_test_function_17
   \   0000026A   0A20               MOVS     R0,#+10
   \   0000026C   FBE6               B.N      ??system_test_function_16
    160             return; 
    161             
    162             
    163            case WDT_TEST:
    164             for (lp = 0; lp < 10000; lp++) delay_us(1000);
   \                     ??system_test_function_10:
   \   0000026E   154C               LDR      R4,??system_test_function_0+0x30  ;; 0x2710
   \                     ??system_test_function_37:
   \   00000270   FA20               MOVS     R0,#+250
   \   00000272   8000               LSLS     R0,R0,#+2        ;; #+1000
   \   00000274   ........           _BLF     delay_us,??delay_us??rT
   \   00000278   641E               SUBS     R4,R4,#+1
   \   0000027A   F9D1               BNE      ??system_test_function_37
    165             sExecStep = SYSTEM_MAIN;
   \   0000027C   0A20               MOVS     R0,#+10
   \   0000027E   10E7               B.N      ??system_test_function_19
    166             return;
    167              
    168             default:
    169              printf("\n?Error:MAIN MENU");
   \                     ??system_test_function_15:
   \   00000280   9A20               MOVS     R0,#+154
   \   00000282   4000               LSLS     R0,R0,#+1        ;; #+308
   \   00000284   2018               ADDS     R0,R4,R0
   \   00000286   ........           _BLF     printf,??printf??rT
    170              sExecStep = 0;
   \   0000028A   2F80               STRH     R7,[R5, #+0]
    171              return;
   \                     ??system_test_function_17:
   \   0000028C   F8BC               POP      {R3-R7}
   \   0000028E   01BC               POP      {R0}
   \   00000290   0047               BX       R0               ;; return
   \   00000292   C046               Nop      
   \                     ??system_test_function_0:
   \   00000294   ........           DC32     `?<Constant "\\n>******">`
   \   00000298   ........           DC32     DelayStep
   \   0000029C   2A000000           DC8      "*",+0,+0
   \   000002A0   ........           DC32     KeyValue
   \   000002A4   ........           DC32     iSecretCode
   \   000002A8   ........           DC32     sStepZBrx
   \   000002AC   10FCFFFF           DC32     0xfffffc10
   \   000002B0   23612301           DC32     0x1236123
   \   000002B4   44FDFFFF           DC32     0xfffffd44
   \   000002B8   40FDFFFF           DC32     0xfffffd40
   \   000002BC   010000A5           DC32     0xa5000001
   \   000002C0   48FDFFFF           DC32     0xfffffd48
   \   000002C4   10270000           DC32     0x2710
    172            }
    173          }
    174          

   \                                 In segment DATA_Z, align 1, align-sorted
    175          char  DebugMode;
   \                     DebugMode:
   \   00000000                      DS8 1

   \                                 In segment DATA_Z, align 1, align-sorted
    176          char  DebugFuncNo;
   \                     DebugFuncNo:
   \   00000000                      DS8 1

   \                                 In segment DATA_Z, align 1, align-sorted
    177          char  AutoZigBee;
   \                     AutoZigBee:
   \   00000000                      DS8 1

   \                                 In segment DATA_Z, align 1, align-sorted
    178          char code_h, code_l;
   \                     code_h:
   \   00000000                      DS8 1
   \                     code_l:
   \   00000001                      DS8 1

   \                                 In segment CODE, align 4, keep-with-next
    179          void debug_function_execute(char cmd)
    180          {
   \                     debug_function_execute:
   \   00000000   F0B5               PUSH     {R4-R7,LR}
   \   00000002   0124               MOVS     R4,#+1
   \   00000004   954D               LDR      R5,??debug_function_execute_0  ;; code_h
   \   00000006   ....               LDR      R1,??DataTable8  ;; DpUpdate
   \   00000008   ....               LDR      R2,??DataTable9  ;; ImageNo
   \   0000000A   ....               LDR      R3,??DataTable10  ;; ImageMode
   \   0000000C   944E               LDR      R6,??debug_function_execute_0+0x4  ;; `?<Constant "\\260\\241A\\260\\242">`
   \   0000000E   0028               CMP      R0,#+0
   \   00000010   5AD0               BEQ      ??debug_function_execute_1
   \   00000012   401E               SUBS     R0,R0,#+1
   \   00000014   5BD0               BEQ      ??debug_function_execute_2
   \   00000016   401E               SUBS     R0,R0,#+1
   \   00000018   5CD0               BEQ      ??debug_function_execute_3
   \   0000001A   1038               SUBS     R0,R0,#+16
   \   0000001C   60D0               BEQ      ??debug_function_execute_4
   \   0000001E   401E               SUBS     R0,R0,#+1
   \   00000020   61D0               BEQ      ??debug_function_execute_5
   \   00000022   401E               SUBS     R0,R0,#+1
   \   00000024   62D0               BEQ      ??debug_function_execute_6
   \   00000026   401E               SUBS     R0,R0,#+1
   \   00000028   63D0               BEQ      ??debug_function_execute_7
   \   0000002A   1C38               SUBS     R0,R0,#+28
   \   0000002C   64D0               BEQ      ??debug_function_execute_8
   \   0000002E   401E               SUBS     R0,R0,#+1
   \   00000030   66D0               BEQ      ??debug_function_execute_9
   \   00000032   401E               SUBS     R0,R0,#+1
   \   00000034   66D0               BEQ      ??debug_function_execute_10
   \   00000036   401E               SUBS     R0,R0,#+1
   \   00000038   6CD0               BEQ      ??debug_function_execute_11
   \   0000003A   401E               SUBS     R0,R0,#+1
   \   0000003C   ....               BNE      .+5
   \   0000003E   87E0               B        ??debug_function_execute_12
   \   00000040   401E               SUBS     R0,R0,#+1
   \   00000042   ....               BNE      .+5
   \   00000044   8EE0               B        ??debug_function_execute_13
   \   00000046   401E               SUBS     R0,R0,#+1
   \   00000048   ....               BNE      .+5
   \   0000004A   91E0               B        ??debug_function_execute_14
   \   0000004C   401E               SUBS     R0,R0,#+1
   \   0000004E   ....               BNE      .+5
   \   00000050   94E0               B        ??debug_function_execute_15
   \   00000052   401E               SUBS     R0,R0,#+1
   \   00000054   ....               BNE      .+5
   \   00000056   96E0               B        ??debug_function_execute_16
   \   00000058   C01F               SUBS     R0,R0,#+7
   \   0000005A   ....               BNE      .+5
   \   0000005C   9AE0               B        ??debug_function_execute_17
   \   0000005E   401E               SUBS     R0,R0,#+1
   \   00000060   ....               BNE      .+5
   \   00000062   AAE0               B        ??debug_function_execute_18
   \   00000064   401E               SUBS     R0,R0,#+1
   \   00000066   ....               BNE      .+5
   \   00000068   A9E0               B        ??debug_function_execute_19
   \   0000006A   0E38               SUBS     R0,R0,#+14
   \   0000006C   ....               BNE      .+5
   \   0000006E   A9E0               B        ??debug_function_execute_20
   \   00000070   401E               SUBS     R0,R0,#+1
   \   00000072   ....               BNE      .+5
   \   00000074   B2E0               B        ??debug_function_execute_21
   \   00000076   401E               SUBS     R0,R0,#+1
   \   00000078   ....               BNE      .+5
   \   0000007A   B2E0               B        ??debug_function_execute_22
   \   0000007C   401E               SUBS     R0,R0,#+1
   \   0000007E   ....               BNE      .+5
   \   00000080   B4E0               B        ??debug_function_execute_23
   \   00000082   401E               SUBS     R0,R0,#+1
   \   00000084   ....               BNE      .+5
   \   00000086   B5E0               B        ??debug_function_execute_24
   \   00000088   401E               SUBS     R0,R0,#+1
   \   0000008A   ....               BNE      .+5
   \   0000008C   B5E0               B        ??debug_function_execute_25
   \   0000008E   401E               SUBS     R0,R0,#+1
   \   00000090   ....               BNE      .+5
   \   00000092   B6E0               B        ??debug_function_execute_26
   \   00000094   401E               SUBS     R0,R0,#+1
   \   00000096   ....               BNE      .+5
   \   00000098   B8E0               B        ??debug_function_execute_27
   \   0000009A   401E               SUBS     R0,R0,#+1
   \   0000009C   ....               BNE      .+5
   \   0000009E   B9E0               B        ??debug_function_execute_28
   \   000000A0   401E               SUBS     R0,R0,#+1
   \   000000A2   ....               BNE      .+5
   \   000000A4   B9E0               B        ??debug_function_execute_29
   \   000000A6   C01F               SUBS     R0,R0,#+7
   \   000000A8   ....               BNE      .+5
   \   000000AA   BAE0               B        ??debug_function_execute_30
   \   000000AC   401E               SUBS     R0,R0,#+1
   \   000000AE   ....               BNE      .+5
   \   000000B0   BDE0               B        ??debug_function_execute_31
   \   000000B2   401E               SUBS     R0,R0,#+1
   \   000000B4   0128               CMP      R0,#+1
   \   000000B6   ....               BHI      .+5
   \   000000B8   BDE0               B        ??debug_function_execute_32
   \   000000BA   801E               SUBS     R0,R0,#+2
   \   000000BC   ....               BNE      .+5
   \   000000BE   BCE0               B        ??debug_function_execute_33
   \   000000C0   401F               SUBS     R0,R0,#+5
   \   000000C2   ....               BNE      .+5
   \   000000C4   BDE0               B        ??debug_function_execute_34
   \   000000C6   C3E0               B        ??debug_function_execute_35
    181           char lp;
    182           switch (cmd) {
    183           case 0:  print_MaxExecTime();              return;
   \                     ??debug_function_execute_1:
   \   000000C8   ........           _BLF     print_MaxExecTime,??print_MaxExecTime??rT
   \   000000CC   C5E0               B        ??debug_function_execute_36
    184           case 1:  print_ExecTime();                 return;
   \                     ??debug_function_execute_2:
   \   000000CE   ........           _BLF     print_ExecTime,??print_ExecTime??rT
   \   000000D2   C2E0               B        ??debug_function_execute_36
    185           case 2:  CursorUse ^= 1;                   return;
   \                     ??debug_function_execute_3:
   \   000000D4   6348               LDR      R0,??debug_function_execute_0+0x8  ;; CursorUse
   \   000000D6   6349               LDR      R1,??debug_function_execute_0+0x8  ;; CursorUse
   \   000000D8   0978               LDRB     R1,[R1, #+0]
   \   000000DA   4C40               EORS     R4,R4,R1
   \                     ??debug_function_execute_37:
   \   000000DC   0470               STRB     R4,[R0, #+0]
   \   000000DE   BCE0               B        ??debug_function_execute_36
    186          // case 7:  IndexPC = 10; test_packet_send_PC(IndexPC); return;
    187          // case 8:  IndexPC = 20; test_packet_send_PC(IndexPC); return;
    188           
    189          // case 0x10: print_all_MsgAck_PC();          return;
    190          // case 0x11: printf_PowerOnMsg();            return;
    191           case 0x12: LCD_init(); 	            return;
   \                     ??debug_function_execute_4:
   \   000000E0   ........           _BLF     LCD_init,??LCD_init??rT
   \   000000E4   B9E0               B        ??debug_function_execute_36
    192           case 0x13: DPbuf_clear();                  return; 
   \                     ??debug_function_execute_5:
   \   000000E6   ........           _BLF     DPbuf_clear,??DPbuf_clear??rT
   \   000000EA   B6E0               B        ??debug_function_execute_36
    193           case 0x14: cursor_move_start();            return;
   \                     ??debug_function_execute_6:
   \   000000EC   ........           _BLF     cursor_move_start,??cursor_move_start??rT
   \   000000F0   B3E0               B        ??debug_function_execute_36
    194           case 0x15: cursor_move_home();             return;
   \                     ??debug_function_execute_7:
   \   000000F2   ........           _BLF     cursor_move_home,??cursor_move_home??rT
   \   000000F6   B0E0               B        ??debug_function_execute_36
    195           
    196          
    197           case 0x31:
    198             printf("°¡");
   \                     ??debug_function_execute_8:
   \   000000F8   5BA0               ADR      R0,??debug_function_execute_0+0xC  ;; "°¡"
   \                     ??debug_function_execute_38:
   \   000000FA   ........           _BLF     printf,??printf??rT
    199             return;
   \   000000FE   ACE0               B        ??debug_function_execute_36
    200           case 0x32:
    201             printf("°¡A°¢");
   \                     ??debug_function_execute_9:
   \   00000100   3000               MOVS     R0,R6
   \   00000102   FAE7               B.N      ??debug_function_execute_38
    202             return;
    203             
    204           case 0x33: 
    205             display_mode(2);
   \                     ??debug_function_execute_10:
   \   00000104   0220               MOVS     R0,#+2
   \   00000106   ........           _BLF     display_mode,??display_mode??rT
    206             printf("\n°¡°¢°£°¤°¥°¨°¡°¢");
   \   0000010A   0836               ADDS     R6,R6,#+8
   \   0000010C   3000               MOVS     R0,R6
   \   0000010E   ........           _BLF     printf,??printf??rT
    207             code_h = 0xB0;
   \   00000112   22E0               B.N      ??debug_function_execute_39
    208             code_l = 0xA0;
    209             return;
    210           case 0x34:
    211             printf("\n");
   \                     ??debug_function_execute_11:
   \   00000114   55A0               ADR      R0,??debug_function_execute_0+0x10  ;; "\n"
   \   00000116   ........           _BLF     printf,??printf??rT
    212             for (lp = 0; lp < 14; lp++) 
   \   0000011A   0E24               MOVS     R4,#+14
    213             {
    214               putchar_dp(code_h);
   \                     ??debug_function_execute_40:
   \   0000011C   2878               LDRB     R0,[R5, #+0]
   \   0000011E   ........           _BLF     putchar_dp,??putchar_dp??rT
    215               putchar_dp(code_l);
   \   00000122   6878               LDRB     R0,[R5, #+1]
   \   00000124   ........           _BLF     putchar_dp,??putchar_dp??rT
    216               if (++code_l == 0xFF) 
   \   00000128   6878               LDRB     R0,[R5, #+1]
   \   0000012A   401C               ADDS     R0,R0,#+1
   \   0000012C   6870               STRB     R0,[R5, #+1]
   \   0000012E   2978               LDRB     R1,[R5, #+0]
   \   00000130   0006               LSLS     R0,R0,#+24
   \   00000132   000E               LSRS     R0,R0,#+24
   \   00000134   FF28               CMP      R0,#+255
   \   00000136   07D1               BNE      ??debug_function_execute_41
    217               {
    218                 code_l = 0xA0;
   \   00000138   A020               MOVS     R0,#+160
   \   0000013A   6870               STRB     R0,[R5, #+1]
    219                 if (++code_h == 0xC9) code_h = 0xB0;
   \   0000013C   491C               ADDS     R1,R1,#+1
   \   0000013E   0906               LSLS     R1,R1,#+24
   \   00000140   090E               LSRS     R1,R1,#+24
   \   00000142   C929               CMP      R1,#+201
   \   00000144   00D1               BNE      ??debug_function_execute_41
   \   00000146   B021               MOVS     R1,#+176
   \                     ??debug_function_execute_41:
   \   00000148   2970               STRB     R1,[R5, #+0]
    220               }
    221             }
   \   0000014A   641E               SUBS     R4,R4,#+1
   \   0000014C   09D0               BEQ      ??debug_function_execute_42
   \   0000014E   E5E7               B        ??debug_function_execute_40
    222             return;    
    223           case 0x35:
    224             if (++code_h == 0) code_h = 0xB0;
   \                     ??debug_function_execute_12:
   \   00000150   2878               LDRB     R0,[R5, #+0]
   \   00000152   401C               ADDS     R0,R0,#+1
   \   00000154   2870               STRB     R0,[R5, #+0]
   \   00000156   0006               LSLS     R0,R0,#+24
   \   00000158   01D1               BNE      ??debug_function_execute_43
   \                     ??debug_function_execute_39:
   \   0000015A   B020               MOVS     R0,#+176
   \   0000015C   2870               STRB     R0,[R5, #+0]
    225             code_l = 0xA0;
   \                     ??debug_function_execute_43:
   \   0000015E   A020               MOVS     R0,#+160
   \   00000160   6870               STRB     R0,[R5, #+1]
    226             return;
   \                     ??debug_function_execute_42:
   \   00000162   7AE0               B        ??debug_function_execute_36
    227           case 0x36:
    228             printf("°¡A");
   \                     ??debug_function_execute_13:
   \   00000164   42A0               ADR      R0,??debug_function_execute_0+0x14  ;; "°¡A"
   \   00000166   ........           _BLF     printf,??printf??rT
    229             printf("\n°¡°¢°£°¤°¥°¨°¡A°¢");
   \   0000016A   1C36               ADDS     R6,R6,#+28
   \   0000016C   3000               MOVS     R0,R6
   \   0000016E   C4E7               B.N      ??debug_function_execute_38
    230             //printf("\n°þ±þ²þ³þ´þµþ¶þ·þ¸þ¹þºþ»þ¼þ");
    231             //printf("\n½þ¾þ¿þÀþÁþªOÃþÅþÆþÇþÈþ");
    232             return;
    233           case 0x37: DPbuf_clear(); FontStyle = 1; CursorUse = 1; return;
   \                     ??debug_function_execute_14:
   \   00000170   ........           _BLF     DPbuf_clear,??DPbuf_clear??rT
   \   00000174   3F48               LDR      R0,??debug_function_execute_0+0x18  ;; FontStyle
   \   00000176   0470               STRB     R4,[R0, #+0]
   \   00000178   3A48               LDR      R0,??debug_function_execute_0+0x8  ;; CursorUse
   \   0000017A   AFE7               B.N      ??debug_function_execute_37
    234           case 0x38: printf("ABCDEFGHIJKLMN"); return;
   \                     ??debug_function_execute_15:
   \   0000017C   3036               ADDS     R6,R6,#+48
   \                     ??debug_function_execute_44:
   \   0000017E   3000               MOVS     R0,R6
   \   00000180   ........           _BLF     printf,??printf??rT
   \   00000184   69E0               B        ??debug_function_execute_36
    235           case 0x39: DPbuf_clear(); FontStyle = 0; CursorUse = 1; return;
   \                     ??debug_function_execute_16:
   \   00000186   ........           _BLF     DPbuf_clear,??DPbuf_clear??rT
   \   0000018A   3A48               LDR      R0,??debug_function_execute_0+0x18  ;; FontStyle
   \   0000018C   0021               MOVS     R1,#+0
   \   0000018E   0170               STRB     R1,[R0, #+0]
   \   00000190   3448               LDR      R0,??debug_function_execute_0+0x8  ;; CursorUse
   \   00000192   A3E7               B.N      ??debug_function_execute_37
    236            
    237           case 0x40: 
    238              printf("\n°¡³ª´Ù¶ó¸¶¹Ù»ç¾ÆÀÚÂ÷Ä«Å¸ÆÄÇÏ");
   \                     ??debug_function_execute_17:
   \   00000194   3000               MOVS     R0,R6
   \   00000196   4030               ADDS     R0,R0,#+64
   \   00000198   ........           _BLF     printf,??printf??rT
    239              printf("\n¾Æ¸§´Ù¿îÇÑ±¹");
   \   0000019C   3000               MOVS     R0,R6
   \   0000019E   6030               ADDS     R0,R0,#+96
   \   000001A0   ........           _BLF     printf,??printf??rT
    240              printf("\nÀÚ¶û½º·±ÇÑ±Û"); 
   \   000001A4   3000               MOVS     R0,R6
   \   000001A6   7030               ADDS     R0,R0,#+112
   \   000001A8   ........           _BLF     printf,??printf??rT
    241              printf("\n¹ßÀüÇÏ´Â"); 
   \   000001AC   3000               MOVS     R0,R6
   \   000001AE   8030               ADDS     R0,R0,#+128
   \   000001B0   ........           _BLF     printf,??printf??rT
    242              printf("\n(ÁÖ)ÀÌÇÇ¾ÆÅ×Å©");
   \   000001B4   8C36               ADDS     R6,R6,#+140
   \   000001B6   3000               MOVS     R0,R6
   \   000001B8   9FE7               B.N      ??debug_function_execute_38
    243           return;
    244           case 0x41: 
    245             printf("\n(ÁÖ)ÀÌÇÇ¾ÆÅ×Å©EpiaTech(ÁÖ)ÀÌÇÇ¾ÆÅ×Å©EpiaTech(ÁÖ)ÀÌÇÇ¾ÆÅ×Å©EpiaTech");
   \                     ??debug_function_execute_18:
   \   000001BA   9C36               ADDS     R6,R6,#+156
   \   000001BC   DFE7               B.N      ??debug_function_execute_44
    246             //printf("\n°¡±¡²¡³¡´¡µ¡¶¡·¡¸¡¹Àº¡»¡¼¡");
    247             //printf("\n½¡¾¡¿¡À¡Á¡Â¡Ã¡Ä¡Æ¡Ç¡È¡");  
    248             return;
    249           case 0x42:
    250             printf("\nÇÑ±ÛÀü°¢/¿µ¹®¹Ý°¢ ÇÑ¿µMODE");
   \                     ??debug_function_execute_19:
   \   000001BE   E036               ADDS     R6,R6,#+224
   \   000001C0   3000               MOVS     R0,R6
   \   000001C2   9AE7               B.N      ??debug_function_execute_38
    251             //printf("\n°ý±ý³ý´ýµý¶ø·ý¸ý¹ýºý»ý¼ý½ý¾ï¿ýÀýÁýÂý¯HÄýÅýÆýÇýÈý");
    252             return;
    253          
    254           case 0x50:  
    255             if (++ImageNo > MAX_IMAGE) ImageNo = 0;
   \                     ??debug_function_execute_20:
   \   000001C4   1078               LDRB     R0,[R2, #+0]
   \   000001C6   401C               ADDS     R0,R0,#+1
   \   000001C8   1070               STRB     R0,[R2, #+0]
   \   000001CA   0006               LSLS     R0,R0,#+24
   \   000001CC   000E               LSRS     R0,R0,#+24
   \   000001CE   0628               CMP      R0,#+6
   \   000001D0   01D3               BCC      ??debug_function_execute_45
   \   000001D2   0020               MOVS     R0,#+0
   \   000001D4   1070               STRB     R0,[R2, #+0]
    256             ImageMode = 1;
   \                     ??debug_function_execute_45:
   \   000001D6   1C70               STRB     R4,[R3, #+0]
    257             DpUpdate = 1; 
   \                     ??debug_function_execute_46:
   \   000001D8   0C70               STRB     R4,[R1, #+0]
    258             return;
   \   000001DA   3EE0               B        ??debug_function_execute_36
    259           case 0x51: ImageMode = 1; ImageNo = 1;DpUpdate = 1; return;
   \                     ??debug_function_execute_21:
   \   000001DC   1C70               STRB     R4,[R3, #+0]
   \   000001DE   1470               STRB     R4,[R2, #+0]
   \   000001E0   FAE7               B.N      ??debug_function_execute_46
    260           case 0x52: ImageMode = 1; ImageNo = 2;DpUpdate = 1; return;
   \                     ??debug_function_execute_22:
   \   000001E2   1C70               STRB     R4,[R3, #+0]
   \   000001E4   0220               MOVS     R0,#+2
   \                     ??debug_function_execute_47:
   \   000001E6   1070               STRB     R0,[R2, #+0]
   \   000001E8   0C70               STRB     R4,[R1, #+0]
   \   000001EA   36E0               B        ??debug_function_execute_36
    261           case 0x53: ImageMode = 1; ImageNo = 3;DpUpdate = 1; return;
   \                     ??debug_function_execute_23:
   \   000001EC   1C70               STRB     R4,[R3, #+0]
   \   000001EE   0320               MOVS     R0,#+3
   \   000001F0   1070               STRB     R0,[R2, #+0]
   \   000001F2   F1E7               B.N      ??debug_function_execute_46
    262           case 0x54: ImageMode = 1; ImageNo = 4;DpUpdate = 1; return;
   \                     ??debug_function_execute_24:
   \   000001F4   1C70               STRB     R4,[R3, #+0]
   \   000001F6   0420               MOVS     R0,#+4
   \   000001F8   F5E7               B.N      ??debug_function_execute_47
    263           case 0x55: ImageMode = 1; ImageNo = 5;DpUpdate = 1; return;
   \                     ??debug_function_execute_25:
   \   000001FA   1C70               STRB     R4,[R3, #+0]
   \   000001FC   0520               MOVS     R0,#+5
   \   000001FE   1070               STRB     R0,[R2, #+0]
   \   00000200   EAE7               B.N      ??debug_function_execute_46
    264           case 0x56: ImageMode = 1; ImageNo = 6;DpUpdate = 1;  return;
   \                     ??debug_function_execute_26:
   \   00000202   1C70               STRB     R4,[R3, #+0]
   \   00000204   0620               MOVS     R0,#+6
   \   00000206   1070               STRB     R0,[R2, #+0]
   \   00000208   0C70               STRB     R4,[R1, #+0]
   \   0000020A   26E0               B        ??debug_function_execute_36
    265           case 0x57: ImageMode = 1; ImageNo = 7;DpUpdate = 1;  return;
   \                     ??debug_function_execute_27:
   \   0000020C   1C70               STRB     R4,[R3, #+0]
   \   0000020E   0720               MOVS     R0,#+7
   \   00000210   1070               STRB     R0,[R2, #+0]
   \   00000212   E1E7               B.N      ??debug_function_execute_46
    266           case 0x58: ImageMode = 1; ImageNo = 8;DpUpdate = 1;  return;
   \                     ??debug_function_execute_28:
   \   00000214   1C70               STRB     R4,[R3, #+0]
   \   00000216   0820               MOVS     R0,#+8
   \   00000218   E5E7               B.N      ??debug_function_execute_47
    267           case 0x59: ImageMode = 1; ImageNo = 9;DpUpdate = 1;  return;
   \                     ??debug_function_execute_29:
   \   0000021A   1C70               STRB     R4,[R3, #+0]
   \   0000021C   0920               MOVS     R0,#+9
   \   0000021E   1070               STRB     R0,[R2, #+0]
   \   00000220   DAE7               B.N      ??debug_function_execute_46
    268            
    269           case 0x60: 
    270             pio_clear(PIOA, MODEM_RTS);
   \                     ??debug_function_execute_30:
   \   00000222   1548               LDR      R0,??debug_function_execute_0+0x1C  ;; 0xfffff434
   \   00000224   2102               LSLS     R1,R4,#+8
   \   00000226   0160               STR      R1,[R0, #+0]
    271             printf("\n>MODEM RTS SET");
   \   00000228   FC36               ADDS     R6,R6,#+252
   \   0000022A   3000               MOVS     R0,R6
   \   0000022C   65E7               B.N      ??debug_function_execute_38
    272             return;
    273           
    274           case 0x61:putstring1(ATCRM129); return;
   \                     ??debug_function_execute_31:
   \   0000022E   1348               LDR      R0,??debug_function_execute_0+0x20  ;; ATCRM129
   \                     ??debug_function_execute_48:
   \   00000230   ........           _BLF     putstring1,??putstring1??rT
   \   00000234   11E0               B        ??debug_function_execute_36
    275           case 0x62: putstring1(ATS01); return;
   \                     ??debug_function_execute_32:
   \   00000236   1248               LDR      R0,??debug_function_execute_0+0x24  ;; ATS01
   \   00000238   FAE7               B.N      ??debug_function_execute_48
    276           case 0x63: putstring1(ATS01); return;
    277           case 0x64: putstring1(END_CODE); return;
   \                     ??debug_function_execute_33:
   \   0000023A   1248               LDR      R0,??debug_function_execute_0+0x28  ;; END_CODE
   \   0000023C   ........           _BLF     putstring1,??putstring1??rT
   \   00000240   0BE0               B        ??debug_function_execute_36
    278           case 0x69: 
    279              pio_set(PIOA, MODEM_RTS);
   \                     ??debug_function_execute_34:
   \   00000242   1148               LDR      R0,??debug_function_execute_0+0x2C  ;; 0xfffff430
   \   00000244   2102               LSLS     R1,R4,#+8
   \   00000246   0160               STR      R1,[R0, #+0]
    280              printf("\n>MODEM RTS CLEAR");
   \   00000248   8620               MOVS     R0,#+134
   \   0000024A   4000               LSLS     R0,R0,#+1        ;; #+268
   \   0000024C   3018               ADDS     R0,R6,R0
   \   0000024E   54E7               B.N      ??debug_function_execute_38
    281             return;
    282               
    283           
    284           default:   print_str("\n?No Function\3");  return;
   \                     ??debug_function_execute_35:
   \   00000250   9020               MOVS     R0,#+144
   \   00000252   4000               LSLS     R0,R0,#+1        ;; #+288
   \   00000254   3018               ADDS     R0,R6,R0
   \   00000256   ........           _BLF     print_str,??print_str??rT
   \                     ??debug_function_execute_36:
   \   0000025A   ....               B.N      ?Subroutine5
   \                     ??debug_function_execute_0:
   \   0000025C   ........           DC32     code_h
   \   00000260   ........           DC32     `?<Constant "\\260\\241A\\260\\242">`
   \   00000264   ........           DC32     CursorUse
   \   00000268   B0A10000           DC8      "°¡",+0
   \   0000026C   0A000000           DC8      "\n",+0,+0
   \   00000270   B0A14100           DC8      "°¡A"
   \   00000274   ........           DC32     FontStyle
   \   00000278   34F4FFFF           DC32     0xfffff434
   \   0000027C   ........           DC32     ATCRM129
   \   00000280   ........           DC32     ATS01
   \   00000284   ........           DC32     END_CODE
   \   00000288   30F4FFFF           DC32     0xfffff430
    285           };
    286          }

   \                                 In segment CODE, align 4, keep-with-next
   \                     ?Subroutine5:
   \   00000000   F0BC               POP      {R4-R7}
   \   00000002   01BC               POP      {R0}
   \   00000004   0047               BX       R0               ;; return
   \   00000006   C046               Nop      
   \                     ??Subroutine5_0:
   \   00000008   ........           DC32     `?<Constant "\\n>******">` + 248
    287          

   \                                 In segment CODE, align 4, keep-with-next
    288          void get_DebugFuncNo(void)
    289          {
   \                     get_DebugFuncNo:
   \   00000000   10B5               PUSH     {R4,LR}
    290            DebugFuncNo = DebugFuncNo << 4;
    291            DebugFuncNo = DebugFuncNo + (bPushKey & 0x0F);
   \   00000002   ....               LDR      R1,??DataTable22  ;; DebugFuncNo
   \   00000004   0878               LDRB     R0,[R1, #+0]
   \   00000006   0001               LSLS     R0,R0,#+4
   \   00000008   ....               LDR      R2,??DataTable14  ;; bPushKey
   \   0000000A   1278               LDRB     R2,[R2, #+0]
   \   0000000C   1207               LSLS     R2,R2,#+28
   \   0000000E   120F               LSRS     R2,R2,#+28
   \   00000010   8018               ADDS     R0,R0,R2
   \   00000012   0870               STRB     R0,[R1, #+0]
    292            sCurPos--;
   \   00000014   ....               LDR      R4,??DataTable20  ;; sCurPos
   \   00000016   0021               MOVS     R1,#+0
   \   00000018   615E               LDRSH    R1,[R4, R1]
   \   0000001A   491E               SUBS     R1,R1,#+1
   \   0000001C   2180               STRH     R1,[R4, #+0]
    293            print_byte2ascii(DebugFuncNo);
   \   0000001E   0006               LSLS     R0,R0,#+24
   \   00000020   000E               LSRS     R0,R0,#+24
   \   00000022   ........           _BLF     print_byte2ascii,??print_byte2ascii??rT
    294            sCurPos -= 2;
   \   00000026   0020               MOVS     R0,#+0
   \   00000028   205E               LDRSH    R0,[R4, R0]
   \   0000002A   801E               SUBS     R0,R0,#+2
   \   0000002C   2080               STRH     R0,[R4, #+0]
    295          }
   \   0000002E   10BC               POP      {R4}
   \   00000030   01BC               POP      {R0}
   \   00000032   0047               BX       R0               ;; return
    296          

   \                                 In segment CODE, align 4, keep-with-next
    297          void debug_key_function(char key)
    298          {
   \                     debug_key_function:
   \   00000000   F0B5               PUSH     {R4-R7,LR}
    299           if (bPushKey) 
   \   00000002   ....               LDR      R1,??DataTable14  ;; bPushKey
   \   00000004   0978               LDRB     R1,[R1, #+0]
   \   00000006   0029               CMP      R1,#+0
   \   00000008   62D0               BEQ      ??debug_key_function_0
    300           switch (key) {
   \   0000000A   ....               LDR      R2,??DataTable15  ;; ImageNo
   \   0000000C   1378               LDRB     R3,[R2, #+0]
   \   0000000E   ....               LDR      R4,??DataTable16  ;; ImageMode
   \   00000010   2578               LDRB     R5,[R4, #+0]
   \   00000012   0021               MOVS     R1,#+0
   \   00000014   0600               MOVS     R6,R0
   \   00000016   0D3E               SUBS     R6,R6,#+13
   \   00000018   47D0               BEQ      ??debug_key_function_1
   \   0000001A   163E               SUBS     R6,R6,#+22
   \   0000001C   16D0               BEQ      ??debug_key_function_2
   \   0000001E   F61F               SUBS     R6,R6,#+7
   \   00000020   56D0               BEQ      ??debug_key_function_0
   \   00000022   B61F               SUBS     R6,R6,#+6
   \   00000024   092E               CMP      R6,#+9
   \   00000026   0ED9               BLS      ??debug_key_function_3
   \   00000028   313E               SUBS     R6,R6,#+49
   \   0000002A   14D0               BEQ      ??debug_key_function_4
   \   0000002C   761E               SUBS     R6,R6,#+1
   \   0000002E   1FD0               BEQ      ??debug_key_function_5
   \   00000030   761E               SUBS     R6,R6,#+1
   \   00000032   2DD0               BEQ      ??debug_key_function_6
   \   00000034   361F               SUBS     R6,R6,#+4
   \   00000036   3DD0               BEQ      ??debug_key_function_7
   \   00000038   761E               SUBS     R6,R6,#+1
   \   0000003A   3ED0               BEQ      ??debug_key_function_8
   \   0000003C   361F               SUBS     R6,R6,#+4
   \   0000003E   3FD0               BEQ      ??debug_key_function_9
   \   00000040   761E               SUBS     R6,R6,#+1
   \   00000042   40D0               BEQ      ??debug_key_function_10
   \   00000044   42E0               B        ??debug_key_function_11
    301            case KEY_0: get_DebugFuncNo(); return;
   \                     ??debug_key_function_3:
   \   00000046   ........           BL       get_DebugFuncNo
   \   0000004A   41E0               B        ??debug_key_function_0
    302            case KEY_1: get_DebugFuncNo(); return;
    303            case KEY_2: get_DebugFuncNo(); return;
    304            case KEY_3: get_DebugFuncNo(); return;
    305            case KEY_4: get_DebugFuncNo(); return;
    306            case KEY_5: get_DebugFuncNo(); return;
    307            case KEY_6: get_DebugFuncNo(); return;
    308            case KEY_7: get_DebugFuncNo(); return;
    309            case KEY_8: get_DebugFuncNo(); return;
    310            case KEY_9: get_DebugFuncNo(); return;
    311            case KEY_sp:
    312             ExecMode = MAIN_MENU;
   \                     ??debug_key_function_2:
   \   0000004C   ....               LDR      R0,??DataTable17  ;; ExecMode
   \   0000004E   0170               STRB     R1,[R0, #+0]
    313             sExecStep = 0;
   \   00000050   ....               LDR      R0,??DataTable18  ;; sExecStep
   \                     ??debug_key_function_12:
   \   00000052   0180               STRH     R1,[R0, #+0]
    314             return;
   \   00000054   3CE0               B        ??debug_key_function_0
    315           
    316            case KEY_pp:
    317             return;
    318            // debug function no input
    319            case KEY_a:
    320             ImageMode = 0;
   \                     ??debug_key_function_4:
   \   00000056   2170               STRB     R1,[R4, #+0]
    321             print_str("\n>Func:\3");
   \   00000058   ....               LDR      R0,??Subroutine5_0  ;; `?<Constant "\\n>******">` + 248
   \   0000005A   ........           _BLF     print_str,??print_str??rT
    322             print_byte2ascii(DebugFuncNo);
   \   0000005E   ....               LDR      R0,??DataTable22  ;; DebugFuncNo
   \   00000060   0078               LDRB     R0,[R0, #+0]
   \   00000062   ........           _BLF     print_byte2ascii,??print_byte2ascii??rT
    323             sCurPos -= 2;
   \   00000066   ....               LDR      R0,??DataTable20  ;; sCurPos
   \   00000068   0021               MOVS     R1,#+0
   \   0000006A   415E               LDRSH    R1,[R0, R1]
   \   0000006C   891E               SUBS     R1,R1,#+2
   \   0000006E   F0E7               B.N      ??debug_key_function_12
    324             return;
    325             
    326            case KEY_b:  
    327              if (ImageMode != 0) 
   \                     ??debug_key_function_5:
   \   00000070   002D               CMP      R5,#+0
   \   00000072   0AD0               BEQ      ??debug_key_function_13
    328             {
    329               if (++ImageNo > MAX_IMAGE) ImageNo = 0;
   \   00000074   5B1C               ADDS     R3,R3,#+1
   \   00000076   1370               STRB     R3,[R2, #+0]
   \   00000078   1B06               LSLS     R3,R3,#+24
   \   0000007A   1B0E               LSRS     R3,R3,#+24
   \   0000007C   062B               CMP      R3,#+6
   \   0000007E   00D3               BCC      ??debug_key_function_14
   \   00000080   1170               STRB     R1,[R2, #+0]
    330               DpUpdate = 1;
   \                     ??debug_key_function_14:
   \   00000082   ....               LDR      R0,??DataTable21  ;; DpUpdate
   \   00000084   0121               MOVS     R1,#+1
   \   00000086   0170               STRB     R1,[R0, #+0]
   \   00000088   22E0               B        ??debug_key_function_0
    331             } else cursor_move_up(); 	    
   \                     ??debug_key_function_13:
   \   0000008A   ........           _BLF     cursor_move_up,??cursor_move_up??rT
   \   0000008E   1FE0               B        ??debug_key_function_0
    332             return;
    333             
    334            case KEY_c:
    335              if (ImageMode != 0) 
   \                     ??debug_key_function_6:
   \   00000090   002D               CMP      R5,#+0
   \   00000092   07D0               BEQ      ??debug_key_function_15
    336             {
    337               if (ImageNo != 0 ) ImageNo--;
   \   00000094   002B               CMP      R3,#+0
   \   00000096   02D0               BEQ      ??debug_key_function_16
   \   00000098   5B1E               SUBS     R3,R3,#+1
   \   0000009A   1370               STRB     R3,[R2, #+0]
   \   0000009C   F1E7               B        ??debug_key_function_14
    338                else ImageNo = MAX_IMAGE - 1;     
   \                     ??debug_key_function_16:
   \   0000009E   0420               MOVS     R0,#+4
   \   000000A0   1070               STRB     R0,[R2, #+0]
   \   000000A2   EEE7               B        ??debug_key_function_14
    339               DpUpdate = 1;
    340             } else cursor_move_down();          return;
   \                     ??debug_key_function_15:
   \   000000A4   ........           _BLF     cursor_move_down,??cursor_move_down??rT
   \   000000A8   12E0               B        ??debug_key_function_0
    341             
    342            // if press ENTER, execute selected function
    343            case KEY_CR: 
    344              debug_function_execute(DebugFuncNo);  
   \                     ??debug_key_function_1:
   \   000000AA   ....               LDR      R0,??DataTable22  ;; DebugFuncNo
   \   000000AC   0078               LDRB     R0,[R0, #+0]
   \   000000AE   ........           BL       debug_function_execute
    345              return;
   \   000000B2   0DE0               B        ??debug_key_function_0
    346            case KEY_g:  DPbuf_clear();               return; 
   \                     ??debug_key_function_7:
   \   000000B4   ........           _BLF     DPbuf_clear,??DPbuf_clear??rT
   \   000000B8   0AE0               B        ??debug_key_function_0
    347            case KEY_h:  cursor_move_start();         return;
   \                     ??debug_key_function_8:
   \   000000BA   ........           _BLF     cursor_move_start,??cursor_move_start??rT
   \   000000BE   07E0               B        ??debug_key_function_0
    348            case KEY_l:  cursor_move_right();         return;
   \                     ??debug_key_function_9:
   \   000000C0   ........           _BLF     cursor_move_right,??cursor_move_right??rT
   \   000000C4   04E0               B        ??debug_key_function_0
    349            case KEY_m:  cursor_move_left(); 	    return;
   \                     ??debug_key_function_10:
   \   000000C6   ........           _BLF     cursor_move_left,??cursor_move_left??rT
   \   000000CA   01E0               B        ??debug_key_function_0
    350          
    351            default: putchar_dp(key);  return;
   \                     ??debug_key_function_11:
   \   000000CC   ........           _BLF     putchar_dp,??putchar_dp??rT
   \                     ??debug_key_function_0:
   \   000000D0                      REQUIRE ?Subroutine5
   \   000000D0                      ;; // Fall through to label ?Subroutine5
    352           };
    353          }
    354          

   \                                 In segment CODE, align 4, keep-with-next
    355          void print_test(void)
    356          {
   \                     print_test:
   \   00000000   30B5               PUSH     {R4,R5,LR}
    357            printf("\nThis is Print Test\n");
   \   00000002   274C               LDR      R4,??print_test_0  ;; `?<Constant "[%3.1f]\\n">`
   \   00000004   2000               MOVS     R0,R4
   \   00000006   2430               ADDS     R0,R0,#+36
   \   00000008   ........           _BLF     printf,??printf??rT
    358            printf("[%d]",123);
   \   0000000C   7B21               MOVS     R1,#+123
   \   0000000E   2000               MOVS     R0,R4
   \   00000010   3C30               ADDS     R0,R0,#+60
   \   00000012   ........           _BLF     printf,??printf??rT
    359            printf("[%5d]",123);
   \   00000016   7B21               MOVS     R1,#+123
   \   00000018   2000               MOVS     R0,R4
   \   0000001A   4430               ADDS     R0,R0,#+68
   \   0000001C   ........           _BLF     printf,??printf??rT
    360            printf("[%-5d]",123);
   \   00000020   7B21               MOVS     R1,#+123
   \   00000022   2000               MOVS     R0,R4
   \   00000024   4C30               ADDS     R0,R0,#+76
   \   00000026   ........           _BLF     printf,??printf??rT
    361            printf("[%05d]\n",123);
   \   0000002A   7B21               MOVS     R1,#+123
   \   0000002C   2000               MOVS     R0,R4
   \   0000002E   5430               ADDS     R0,R0,#+84
   \   00000030   ........           _BLF     printf,??printf??rT
    362            
    363            printf("[%f]",12.5);
   \   00000034   0021               MOVS     R1,#+0
   \   00000036   1B4A               LDR      R2,??print_test_0+0x4  ;; 0x40290000
   \   00000038   2000               MOVS     R0,R4
   \   0000003A   5C30               ADDS     R0,R0,#+92
   \   0000003C   ........           _BLF     printf,??printf??rT
    364            printf("[%5.1f]",12.5);
   \   00000040   0021               MOVS     R1,#+0
   \   00000042   184A               LDR      R2,??print_test_0+0x4  ;; 0x40290000
   \   00000044   2000               MOVS     R0,R4
   \   00000046   6430               ADDS     R0,R0,#+100
   \   00000048   ........           _BLF     printf,??printf??rT
    365            printf("[%-5.1f]",12.5);
   \   0000004C   0021               MOVS     R1,#+0
   \   0000004E   154A               LDR      R2,??print_test_0+0x4  ;; 0x40290000
   \   00000050   2000               MOVS     R0,R4
   \   00000052   6C30               ADDS     R0,R0,#+108
   \   00000054   ........           _BLF     printf,??printf??rT
    366            printf("[%05.1f]",12.5);
   \   00000058   0021               MOVS     R1,#+0
   \   0000005A   124A               LDR      R2,??print_test_0+0x4  ;; 0x40290000
   \   0000005C   2000               MOVS     R0,R4
   \   0000005E   7830               ADDS     R0,R0,#+120
   \   00000060   ........           _BLF     printf,??printf??rT
    367            printf("[%7.2f]\n",12.5);
   \   00000064   0021               MOVS     R1,#+0
   \   00000066   0F4A               LDR      R2,??print_test_0+0x4  ;; 0x40290000
   \   00000068   2000               MOVS     R0,R4
   \   0000006A   8430               ADDS     R0,R0,#+132
   \   0000006C   ........           _BLF     printf,??printf??rT
    368            printf("[%3.1f]\n",12345.678);
   \   00000070   0D49               LDR      R1,??print_test_0+0x8  ;; 0xc8b43958
   \   00000072   0E4A               LDR      R2,??print_test_0+0xC  ;; 0x40c81cd6
   \   00000074   2000               MOVS     R0,R4
   \   00000076   ........           _BLF     printf,??printf??rT
    369            printf("[%s]","Kim");
   \   0000007A   0DA5               ADR      R5,??print_test_0+0x10  ;; "Kim"
   \   0000007C   2900               MOVS     R1,R5
   \   0000007E   2000               MOVS     R0,R4
   \   00000080   0C30               ADDS     R0,R0,#+12
   \   00000082   ........           _BLF     printf,??printf??rT
    370            printf("[%5s]","Kim");
   \   00000086   2900               MOVS     R1,R5
   \   00000088   2000               MOVS     R0,R4
   \   0000008A   1430               ADDS     R0,R0,#+20
   \   0000008C   ........           _BLF     printf,??printf??rT
    371            printf("[%-5s]\n","Kim");
   \   00000090   2900               MOVS     R1,R5
   \   00000092   1C34               ADDS     R4,R4,#+28
   \   00000094   2000               MOVS     R0,R4
   \   00000096   ........           _BLF     printf,??printf??rT
    372          }
   \   0000009A   30BC               POP      {R4,R5}
   \   0000009C   01BC               POP      {R0}
   \   0000009E   0047               BX       R0               ;; return
   \                     ??print_test_0:
   \   000000A0   ........           DC32     `?<Constant "[%3.1f]\\n">`
   \   000000A4   00002940           DC32     0x40290000
   \   000000A8   5839B4C8           DC32     0xc8b43958
   \   000000AC   D61CC840           DC32     0x40c81cd6
   \   000000B0   4B696D00           DC8      "Kim"

   \                                 In segment CODE, align 4, keep-with-next
   \                     ??DataTable0:
   \   00000000   ........           DC32     bPushKey

   \                                 In segment CODE, align 4, keep-with-next
   \                     ??DataTable1:
   \   00000000   ........           DC32     sExecStep

   \                                 In segment CODE, align 4, keep-with-next
   \                     ??DataTable4:
   \   00000000   ........           DC32     ExecMode

   \                                 In segment CODE, align 4, keep-with-next
   \                     ??DataTable5:
   \   00000000   ........           DC32     DebugFuncNo

   \                                 In segment CODE, align 4, keep-with-next
   \                     ??DataTable7:
   \   00000000   ........           DC32     sCurPos

   \                                 In segment CODE, align 4, keep-with-next
   \                     ??DataTable8:
   \   00000000   ........           DC32     DpUpdate

   \                                 In segment CODE, align 4, keep-with-next
   \                     ??DataTable9:
   \   00000000   ........           DC32     ImageNo

   \                                 In segment CODE, align 4, keep-with-next
   \                     ??DataTable10:
   \   00000000   ........           DC32     ImageMode

   \                                 In segment CODE, align 4, keep-with-next
   \                     ??DataTable14:
   \   00000000   ........           DC32     bPushKey

   \                                 In segment CODE, align 4, keep-with-next
   \                     ??DataTable15:
   \   00000000   ........           DC32     ImageNo

   \                                 In segment CODE, align 4, keep-with-next
   \                     ??DataTable16:
   \   00000000   ........           DC32     ImageMode

   \                                 In segment CODE, align 4, keep-with-next
   \                     ??DataTable17:
   \   00000000   ........           DC32     ExecMode

   \                                 In segment CODE, align 4, keep-with-next
   \                     ??DataTable18:
   \   00000000   ........           DC32     sExecStep

   \                                 In segment CODE, align 4, keep-with-next
   \                     ??DataTable20:
   \   00000000   ........           DC32     sCurPos

   \                                 In segment CODE, align 4, keep-with-next
   \                     ??DataTable21:
   \   00000000   ........           DC32     DpUpdate

   \                                 In segment CODE, align 4, keep-with-next
   \                     ??DataTable22:
   \   00000000   ........           DC32     DebugFuncNo

   \                                 In segment DATA_C, align 4, align-sorted
   \                     `?<Constant "\\n>******">`:
   \   00000000   0A3E2A2A2A2A       DC8 "\012>******"
   \              2A2A00      
   \   00000009   000000             DC8 0, 0, 0
   \   0000000C   3C53746F7265       DC8 "<Stored Data View>"
   \              642044617461
   \              20566965773E
   \              00          
   \   0000001F   00                 DC8 0
   \   00000020   0A3E496E7075       DC8 "\012>Input Secret Code"
   \              742053656372
   \              657420436F64
   \              6500        
   \   00000034   0A333A5A6967       DC8 "\0123:ZigBee Test"
   \              426565205465
   \              737400      
   \   00000043   00                 DC8 0
   \   00000044   0A3E496E7661       DC8 "\012>Invalid code.."
   \              6C696420636F
   \              64652E2E00  
   \   00000055   000000             DC8 0, 0, 0
   \   00000058   0A3E506C6561       DC8 "\012>Please Retry.."
   \              736520526574
   \              72792E2E00  
   \   00000069   000000             DC8 0, 0, 0
   \   0000006C   3C3C20537973       DC8 "<< System Test >>"
   \              74656D205465
   \              7374203E3E00
   \   0000007E   0000               DC8 0, 0
   \   00000080   0A313A4D6F64       DC8 "\0121:Modem Test "
   \              656D20546573
   \              742000      
   \   0000008F   00                 DC8 0
   \   00000090   0A323A466C61       DC8 "\0122:Flash Memory Test"
   \              7368204D656D
   \              6F7279205465
   \              737400      
   \   000000A5   000000             DC8 0, 0, 0
   \   000000A8   0A343A525443       DC8 "\0124:RTC Test"
   \              205465737400
   \   000000B4   0A383A574454       DC8 "\0128:WDT read    "
   \              207265616420
   \              20202000    
   \   000000C4   0A393A574454       DC8 "\0129:WDT Set     "
   \              205365742020
   \              20202000    
   \   000000D4   0A233A456E74       DC8 "\012#:Enter Debug Mode"
   \              657220446562
   \              7567204D6F64
   \              6500        
   \   000000E8   0A3C44656275       DC8 "\012<Debug Mode>\012"
   \              67204D6F6465
   \              3E0A00      
   \   000000F7   00                 DC8 0
   \   000000F8   0A3E46756E63       DC8 "\012>Func:\003"
   \              3A0300      
   \   00000101   000000             DC8 0, 0, 0
   \   00000104   2530326400         DC8 "%02d"
   \   00000109   000000             DC8 0, 0, 0
   \   0000010C   0A436F756E74       DC8 "\012Count:%04X"
   \              3A2530345800
   \   00000118   0A5744546D6F       DC8 "\012WDTmode:%08X"
   \              64653A253038
   \              5800        
   \   00000126   0000               DC8 0, 0
   \   00000128   0A253038583A       DC8 "\012%08X:%08X"
   \              2530385800  
   \   00000133   00                 DC8 0
   \   00000134   0A3F4572726F       DC8 "\012?Error:MAIN MENU"
   \              723A4D41494E
   \              204D454E5500
   \   00000146   0000               DC8 0, 0

   \                                 In segment DATA_C, align 4, align-sorted
   \                     `?<Constant "[%3.1f]\\n">`:
   \   00000000   5B25332E3166       DC8 "[%3.1f]\012"
   \              5D0A00      
   \   00000009   000000             DC8 0, 0, 0
   \   0000000C   5B25735D00         DC8 "[%s]"
   \   00000011   000000             DC8 0, 0, 0
   \   00000014   5B2535735D00       DC8 "[%5s]"
   \   0000001A   0000               DC8 0, 0
   \   0000001C   5B252D35735D       DC8 "[%-5s]\012"
   \              0A00        
   \   00000024   0A5468697320       DC8 "\012This is Print Test\012"
   \              697320507269
   \              6E7420546573
   \              740A00      
   \   00000039   000000             DC8 0, 0, 0
   \   0000003C   5B25645D00         DC8 "[%d]"
   \   00000041   000000             DC8 0, 0, 0
   \   00000044   5B2535645D00       DC8 "[%5d]"
   \   0000004A   0000               DC8 0, 0
   \   0000004C   5B252D35645D       DC8 "[%-5d]"
   \              00          
   \   00000053   00                 DC8 0
   \   00000054   5B253035645D       DC8 "[%05d]\012"
   \              0A00        
   \   0000005C   5B25665D00         DC8 "[%f]"
   \   00000061   000000             DC8 0, 0, 0
   \   00000064   5B25352E3166       DC8 "[%5.1f]"
   \              5D00        
   \   0000006C   5B252D352E31       DC8 "[%-5.1f]"
   \              665D00      
   \   00000075   000000             DC8 0, 0, 0
   \   00000078   5B2530352E31       DC8 "[%05.1f]"
   \              665D00      
   \   00000081   000000             DC8 0, 0, 0
   \   00000084   5B25372E3266       DC8 "[%7.2f]\012"
   \              5D0A00      
   \   0000008D   000000             DC8 0, 0, 0

   \                                 In segment DATA_C, align 4, align-sorted
   \   00000000   4B696D00           DC8 "Kim"

   \                                 In segment DATA_C, align 1, align-sorted
   \   00000000   2A00               DC8 "*"

   \                                 In segment DATA_C, align 1, align-sorted
   \   00000000   B0A100             DC8 "\260\241"

   \                                 In segment DATA_C, align 4, align-sorted
   \                     `?<Constant "\\260\\241A\\260\\242">`:
   \   00000000   B0A141B0A200       DC8 "\260\241A\260\242"
   \   00000006   0000               DC8 0, 0
   \   00000008   0AB0A1B0A2B0       DC8 "\012\260\241\260\242\260\243\260\244\260\245\260\250\260\241\260\242"
   \              A3B0A4B0A5B0
   \              A8B0A1B0A200
   \   0000001A   0000               DC8 0, 0
   \   0000001C   0AB0A1B0A2B0       DC8 "\012\260\241\260\242\260\243\260\244\260\245\260\250\260\241A\260\242"
   \              A3B0A4B0A5B0
   \              A8B0A141B0A2
   \              00          
   \   0000002F   00                 DC8 0
   \   00000030   414243444546       DC8 "ABCDEFGHIJKLMN"
   \              4748494A4B4C
   \              4D4E00      
   \   0000003F   00                 DC8 0
   \   00000040   0AB0A1B3AAB4       DC8 "\012\260\241\263\252\264\331\266\363\270\266\271\331\273\347\276\306\300\332\302\367\304\253\305\270\306\304\307\317"
   \              D9B6F3B8B6B9
   \              D9BBE7BEC6C0
   \              DAC2F7C4ABC5
   \              B8C6C4C7CF00
   \   0000005E   0000               DC8 0, 0
   \   00000060   0ABEC6B8A7B4       DC8 "\012\276\306\270\247\264\331\277\356\307\321\261\271"
   \              D9BFEEC7D1B1
   \              B900        
   \   0000006E   0000               DC8 0, 0
   \   00000070   0AC0DAB6FBBD       DC8 "\012\300\332\266\373\275\272\267\261\307\321\261\333"
   \              BAB7B1C7D1B1
   \              DB00        
   \   0000007E   0000               DC8 0, 0
   \   00000080   0AB9DFC0FCC7       DC8 "\012\271\337\300\374\307\317\264\302"
   \              CFB4C200    
   \   0000008A   0000               DC8 0, 0
   \   0000008C   0A28C1D629C0       DC8 "\012(\301\326)\300\314\307\307\276\306\305\327\305\251"
   \              CCC7C7BEC6C5
   \              D7C5A900    
   \   0000009C   0A28C1D629C0       DC8 0AH, 28H, 0C1H, 0D6H, 29H, 0C0H, 0CCH, 0C7H
   \              CCC7        
   \   000000A4   C7BEC6C5D7C5       DC8 0C7H, 0BEH, 0C6H, 0C5H, 0D7H, 0C5H, 0A9H, 45H
   \              A945        
   \   000000AC   706961546563       DC8 70H, 69H, 61H, 54H, 65H, 63H, 68H, 28H
   \              6828        
   \   000000B4   C1D629C0CCC7       DC8 0C1H, 0D6H, 29H, 0C0H, 0CCH, 0C7H, 0C7H, 0BEH
   \              C7BE        
   \   000000BC   C6C5D7C5A945       DC8 0C6H, 0C5H, 0D7H, 0C5H, 0A9H, 45H, 70H, 69H
   \              7069        
   \   000000C4   615465636828       DC8 61H, 54H, 65H, 63H, 68H, 28H, 0C1H, 0D6H
   \              C1D6        
   \   000000CC   29C0CCC7C7BE       DC8 29H, 0C0H, 0CCH, 0C7H, 0C7H, 0BEH, 0C6H, 0C5H
   \              C6C5        
   \   000000D4   D7C5A9457069       DC8 0D7H, 0C5H, 0A9H, 45H, 70H, 69H, 61H, 54H
   \              6154        
   \   000000DC   65636800           DC8 65H, 63H, 68H, 0
   \   000000E0   0AC7D1B1DBC0       DC8 "\012\307\321\261\333\300\374\260\242/\277\265\271\256\271\335\260\242 \307\321\277\265MODE"
   \              FCB0A22FBFB5
   \              B9AEB9DDB0A2
   \              20C7D1BFB54D
   \              4F444500    
   \   000000FC   0A3E4D4F4445       DC8 "\012>MODEM RTS SET"
   \              4D2052545320
   \              53455400    
   \   0000010C   0A3E4D4F4445       DC8 "\012>MODEM RTS CLEAR"
   \              4D2052545320
   \              434C45415200
   \   0000011E   0000               DC8 0, 0
   \   00000120   0A3F4E6F2046       DC8 "\012?No Function\003"
   \              756E6374696F
   \              6E0300      
   \   0000012F   00                 DC8 0

   \                                 In segment DATA_C, align 1, align-sorted
   \   00000000   0A00               DC8 "\012"

   \                                 In segment DATA_C, align 4, align-sorted
   \   00000000   B0A14100           DC8 "\260\241A"
    373          
    374          /*
    375          << printf() >> Çü½Ä Á¦¾î
    376          1) Çü½Ä Á¦¾î ¹®ÀÚ
    377          10Áø Á¤¼ö µ¥ÀÌÅÍÀÇ Ãâ·Â¿¡¼­ Çü½Ä Á¦¾î ¹®ÀÚ d(decimal), 
    378          ld(Longdecimal),..µî, ¿©·¯Á¾·ù¸¦ »ç¿ëÇÏÁö¸¸, 
    379          ½Ç¼ö µ¥ÀÌÅÍÀÇ Ãâ·Â¿¡¼­´Â Çü½Ä Á¦¾î ¹®ÀÚ f(double, float)¸¦ »ç¿ëÇÑ´Ù. 
    380          printf()ÀÇ ½Ç¼öÇüÀÇ Çü½Ä Á¦¾î ¹®ÀÚ´Â floatÀÌ³ª double¿¡ °ü°è¾øÀÌ 
    381          ¡¸f¡¹ÀÇ ÇÑ Á¾·ù¸¸ »ç¿ëÇØµµ µÈ´Ù.
    382           
    383          %Nd   : int À¯ÇüÀÇ µ¥ÀÌÅÍ¸¦ NÄ­¿¡ ¸Â°Ô 10Áø¼ö·Î Ãâ·Â
    384          %No   : int À¯ÇüÀÇ µ¥ÀÌÅÍ¸¦ NÄ­¿¡ ¸Â°Ô 8Áø¼ö·Î Ãâ·Â
    385          %Nx   : int À¯ÇüÀÇ µ¥ÀÌÅÍ¸¦ NÄ­¿¡ ¸Â°Ô 16Áø¼ö·Î Ãâ·Â
    386          %Nu   : unsigned int À¯ÇüÀÇ µ¥ÀÌÅÍ¸¦ NÄ­¿¡ ¸Â°Ô 10Áø¼ö·Î Ãâ·Â
    387          %Nld  : long int À¯ÇüÀÇ µ¥ÀÌÅÍ¸¦ NÄ­¿¡ ¸Â°Ô 10Áø¼ö·Î Ãâ·Â
    388          %Nlo  : long int À¯ÇüÀÇ µ¥ÀÌÅÍ¸¦ NÄ­¿¡ ¸Â°Ô 8Áø¼ö·Î Ãâ·Â
    389          %Nlx  : long int À¯ÇüÀÇ µ¥ÀÌÅÍ¸¦ NÄ­¿¡ ¸Â°Ô 16Áø¼ö·Î Ãâ·Â
    390          %Nlu  : unsigned long int À¯ÇüÀÇ µ¥ÀÌÅÍ¸¦ NÄ­¿¡ ¸Â°Ô 10Áø¼ö·Î Ãâ·Â
    391          %N.Mf : float À¯ÇüÀÇ µ¥ÀÌÅÍ¸¦ NÄ­¿¡ ¸Â°Ô ¼Ò¼ýÁ¡ ÀÌÇÏ MÀÚ¸®±îÁö¸¦ Ãâ·Â
    392          %N.Mlf: double À¯ÇüÀÇ µ¥ÀÌÅÍ¸¦ NÄ­¿¡ ¸Â°Ô ¼Ò¼ýÁ¡ ÀÌÇÏ MÀÚ¸®±îÁö¸¦ Ãâ·Â
    393          %c    : ¹®ÀÚ(´ÜÀÏ¹®ÀÚ)À¯ÇüÀÇ µ¥ÀÌÅÍ¸¦ Ãâ·Â
    394          %Ns   : string(¹®ÀÚ¿­)À» NÄ­¿¡ ¸Â°Ô Ãâ·Â
    395          
    396          2) È®Àå ¹®ÀÚ(ESC) 
    397          È®Àå ¹®ÀÚ´Â "¡¬" (back slash, £Ü) ´ÙÀ½¿¡ ÇÑ °³ÀÇ ¹®ÀÚ·Î Ç¥½ÃÇÑ´Ù.
    398          \n : ÁÙ¹Ù²Þ (new line) 
    399          \t : tab, ´ÙÀ½ ÅÇÀ§Ä¡(8Ä­)·Î ÀÌµ¿
    400          \0 : ³Î(null), ¾Æ¹« µ¿ÀÛÀ» ÇÏÁö ¾ÊÀ½
    401          \b : back space, ¿ÞÂÊÀ¸·Î ÇÑ Ä­ ÀÌµ¿
    402          \r : carriage return, Enter Å°¸¦ ÀÇ¹Ì
    403          \\ : \ ±âÈ£Ãâ·Â 
    404          \' : ' (ÀÛÀº µû¿ÈÇ¥) ±âÈ£Ãâ·Â 
    405          \" : " (Å« µû¿ÈÇ¥) ±âÈ£Ãâ·Â 
    406          %% : % ±âÈ£ Ãâ·Â
    407          */

   Maximum stack usage in bytes:

     Function               CSTACK
     --------               ------
     debug_function_execute    20
     debug_key_function        20
     get_DebugFuncNo            8
     print_test                12
     system_test_function      24


   Segment part sizes:

     Function/Label                 Bytes
     --------------                 -----
     system_test_function            712
     DebugMode                         1
     DebugFuncNo                       1
     AutoZigBee                        1
     code_h                            2
     debug_function_execute          652
     ?Subroutine5                     12
     get_DebugFuncNo                  52
     debug_key_function              208
     print_test                      180
     ??DataTable0                      4
     ??DataTable1                      4
     ??DataTable4                      4
     ??DataTable5                      4
     ??DataTable7                      4
     ??DataTable8                      4
     ??DataTable9                      4
     ??DataTable10                     4
     ??DataTable14                     4
     ??DataTable15                     4
     ??DataTable16                     4
     ??DataTable17                     4
     ??DataTable18                     4
     ??DataTable20                     4
     ??DataTable21                     4
     ??DataTable22                     4
     ?<Constant "\n>******">         328
     ?<Constant "[%3.1f]\n">         144
     ?<Constant "Kim">                 4
     ?<Constant "*">                   2
     ?<Constant "\260\241">            3
     ?<Constant "\260\241A\260\242">
                                     304
     ?<Constant "\n">                  2
     ?<Constant "\260\241A">           4
      Others                         244

 
 2 112 bytes in segment CODE
   791 bytes in segment DATA_C
     5 bytes in segment DATA_Z
    12 bytes in segment INITTAB
 
 1 880 bytes of CODE  memory (+ 244 bytes shared)
   791 bytes of CONST memory
     5 bytes of DATA  memory

Errors: none
Warnings: none
