##############################################################################
#                                                                            #
# IAR ARM ANSI C/C++ Compiler V4.40A/W32 EVALUATION    10/Jul/2007  17:53:08 #
# Copyright 1999-2005 IAR Systems. All rights reserved.                      #
#                                                                            #
#    Cpu mode        =  interwork                                            #
#    Endian          =  little                                               #
#    Stack alignment =  8                                                    #
#    Source file     =  C:\E-pia\EpiaLoadMonit_v01\EpiaLoadMonit\compil\SrcI #
#                       AR\Cstartup_SAM7.c                                   #
#    Command line    =  C:\E-pia\EpiaLoadMonit_v01\EpiaLoadMonit\compil\SrcI #
#                       AR\Cstartup_SAM7.c -D NDEBUG -lC                     #
#                       C:\E-pia\EpiaLoadMonit_v01\EpiaLoadMonit\compil\Debu #
#                       g\List\ -lB C:\E-pia\EpiaLoadMonit_v01\EpiaLoadMonit #
#                       \compil\Debug\List\ -o C:\E-pia\EpiaLoadMonit_v01\Ep #
#                       iaLoadMonit\compil\Debug\Obj\ -z9 --debug            #
#                       --cpu_mode thumb --endian little --cpu ARM7TDMI      #
#                       --stack_align 8 --interwork -e --fpu None            #
#                       --dlib_config "C:\Program Files\IAR                  #
#                       Systems\Embedded Workbench 4.0                       #
#                       Evaluation\ARM\LIB\dl4tptinl8n.h" -I                 #
#                       C:\E-pia\EpiaLoadMonit_v01\EpiaLoadMonit\compil\srcI #
#                       AR\ -I C:\E-pia\EpiaLoadMonit_v01\EpiaLoadMonit\comp #
#                       il\..\src\ -I C:\E-pia\EpiaLoadMonit_v01\EpiaLoadMon #
#                       it\compil\..\..\ -I "C:\Program Files\IAR            #
#                       Systems\Embedded Workbench 4.0 Evaluation\ARM\INC\"  #
#    List file       =  C:\E-pia\EpiaLoadMonit_v01\EpiaLoadMonit\compil\Debu #
#                       g\List\Cstartup_SAM7.lst                             #
#    Object file     =  C:\E-pia\EpiaLoadMonit_v01\EpiaLoadMonit\compil\Debu #
#                       g\Obj\Cstartup_SAM7.r79                              #
#                                                                            #
#                                                                            #
##############################################################################

C:\E-pia\EpiaLoadMonit_v01\EpiaLoadMonit\compil\SrcIAR\Cstartup_SAM7.c
      1          // ----------------------------------------------------------------------------
      2          //         ATMEL Microcontroller Software Support  -  ROUSSET  -
      3          // ----------------------------------------------------------------------------
      4          // ----------------------------------------------------------------------------
      5          // File Name           : Cstartup_SAM7.c
      6          // Object              : Low level initialisations written in C for IAR Tools
      7          // Creation            : FBr   01-Sep-2005
      8          // 1.0 08-Sep-2005 JPP : Suppress Reset
      9          // ----------------------------------------------------------------------------
     10          
     11          #include "project.h"
     12          
     13          //unsigned int LedSpeed = SPEED *20; // 368640
     14          //const int led_mask[AT91B_NB_LEB]= {AT91B_LED1, AT91B_LED2, AT91B_LED3, AT91B_LED4};
     15          
     16          // The following functions must be write in ARM mode this function called directly by exception vector
     17          extern void AT91F_Spurious_handler(void);
     18          extern void AT91F_Default_IRQ_handler(void);
     19          extern void AT91F_Default_FIQ_handler(void);
     20          
     21          //*----------------------------------------------------------------------------
     22          //* \fn    AT91F_LowLevelInit
     23          //* \brief This function performs very low level HW initialization
     24          //*        this function can use a Stack, depending the compilation
     25          //*        optimization mode
     26          //*----------------------------------------------------------------------------

   \                                 In segment CODE, align 4, keep-with-next
     27          void AT91F_LowLevelInit(void)
     28          {
   \                     AT91F_LowLevelInit:
   \   00000000   10B5               PUSH     {R4,LR}
     29              unsigned char i;
     30              /////////////////////////////////////////////////////////////////////////////////////////////////////
     31              // EFC Init
     32              /////////////////////////////////////////////////////////////////////////////////////////////////////
     33              AT91C_BASE_MC->MC_FMR = AT91C_MC_FWS_1FWS;      // 1 Wait State necessary to work at 48MHz
   \   00000002   9F20               MOVS     R0,#+159
   \   00000004   C043               MVNS     R0,R0            ;; #-160
   \   00000006   8021               MOVS     R1,#+128
   \   00000008   4900               LSLS     R1,R1,#+1        ;; #+256
   \   0000000A   0160               STR      R1,[R0, #+0]
     34          
     35              /////////////////////////////////////////////////////////////////////////////////////////////////////
     36              // Init PMC Step 1. Enable Main Oscillator
     37              // Main Oscillator startup time is board specific:
     38              // Main Oscillator Startup Time worst case (3MHz) corresponds to 15ms (0x40 for AT91C_CKGR_OSCOUNT field)
     39              /////////////////////////////////////////////////////////////////////////////////////////////////////
     40              AT91C_BASE_PMC->PMC_MOR = (( AT91C_CKGR_OSCOUNT & (0x40 <<8) | AT91C_CKGR_MOSCEN ));
   \   0000000C   1A48               LDR      R0,??AT91F_LowLevelInit_0  ;; 0xfffffc20
   \   0000000E   1B49               LDR      R1,??AT91F_LowLevelInit_0+0x4  ;; 0x4001
   \   00000010   0160               STR      R1,[R0, #+0]
   \   00000012   1B48               LDR      R0,??AT91F_LowLevelInit_0+0x8  ;; 0xfffffc68
     41              // Wait Main Oscillator stabilization
     42              while(!(AT91C_BASE_PMC->PMC_SR & AT91C_PMC_MOSCS));
   \                     ??AT91F_LowLevelInit_1:
   \   00000014   0168               LDR      R1,[R0, #+0]
   \   00000016   C907               LSLS     R1,R1,#+31
   \   00000018   FCD5               BPL      ??AT91F_LowLevelInit_1
     43          
     44              /////////////////////////////////////////////////////////////////////////////////////////////////////
     45              // Init PMC Step 2.
     46              // Set PLL to 96MHz (96,109MHz) and UDP Clock to 48MHz
     47              // PLL Startup time depends on PLL RC filter: worst case is choosen
     48              // UDP Clock (48,058MHz) is compliant with the Universal Serial Bus Specification (+/- 0.25% for full speed)
     49              /////////////////////////////////////////////////////////////////////////////////////////////////////
     50              AT91C_BASE_PMC->PMC_PLLR = AT91C_CKGR_USBDIV_1 | AT91C_CKGR_OUT_0 | AT91C_CKGR_PLLCOUNT |
     51                (AT91C_CKGR_MUL & (72 << 16)) | (AT91C_CKGR_DIV & 14);
   \   0000001A   1A49               LDR      R1,??AT91F_LowLevelInit_0+0xC  ;; 0xfffffc2c
   \   0000001C   1A4A               LDR      R2,??AT91F_LowLevelInit_0+0x10  ;; 0x10483f0e
   \   0000001E   0A60               STR      R2,[R1, #+0]
   \   00000020   0422               MOVS     R2,#+4
   \   00000022   0423               MOVS     R3,#+4
     52              // Wait for PLL stabilization
     53              while( !(AT91C_BASE_PMC->PMC_SR & AT91C_PMC_LOCK) );
   \                     ??AT91F_LowLevelInit_2:
   \   00000024   0168               LDR      R1,[R0, #+0]
   \   00000026   1942               TST      R1,R3
   \   00000028   FCD0               BEQ      ??AT91F_LowLevelInit_2
     54              // Wait until the master clock is established for the case we already turn on the PLL
     55              while( !(AT91C_BASE_PMC->PMC_SR & AT91C_PMC_MCKRDY) );
   \                     ??AT91F_LowLevelInit_3:
   \   0000002A   0821               MOVS     R1,#+8
   \   0000002C   0368               LDR      R3,[R0, #+0]
   \   0000002E   0B42               TST      R3,R1
   \   00000030   FBD0               BEQ      ??AT91F_LowLevelInit_3
     56          
     57              /////////////////////////////////////////////////////////////////////////////////////////////////////
     58              // Init PMC Step 3.
     59              // Selection of Master Clock MCK (equal to Processor Clock PCK) equal to PLL/2 = 48MHz
     60              // The PMC_MCKR register must not be programmed in a single write operation (see. Product Errata Sheet)
     61              /////////////////////////////////////////////////////////////////////////////////////////////////////
     62              AT91C_BASE_PMC->PMC_MCKR = AT91C_PMC_PRES_CLK_2;
   \   00000032   164B               LDR      R3,??AT91F_LowLevelInit_0+0x14  ;; 0xfffffc30
   \   00000034   1A60               STR      R2,[R3, #+0]
     63              // Wait until the master clock is established
     64              while( !(AT91C_BASE_PMC->PMC_SR & AT91C_PMC_MCKRDY) );
   \                     ??AT91F_LowLevelInit_4:
   \   00000036   0268               LDR      R2,[R0, #+0]
   \   00000038   0A42               TST      R2,R1
   \   0000003A   FCD0               BEQ      ??AT91F_LowLevelInit_4
     65          
     66              AT91C_BASE_PMC->PMC_MCKR |= AT91C_PMC_CSS_PLL_CLK;
   \   0000003C   1A68               LDR      R2,[R3, #+0]
   \   0000003E   0324               MOVS     R4,#+3
   \   00000040   1443               ORRS     R4,R4,R2
   \   00000042   1C60               STR      R4,[R3, #+0]
     67              // Wait until the master clock is established
     68              while( !(AT91C_BASE_PMC->PMC_SR & AT91C_PMC_MCKRDY) );
   \                     ??AT91F_LowLevelInit_5:
   \   00000044   0268               LDR      R2,[R0, #+0]
   \   00000046   0A42               TST      R2,R1
   \   00000048   FCD0               BEQ      ??AT91F_LowLevelInit_5
     69          
     70              /////////////////////////////////////////////////////////////////////////////////////////////////////
     71              //  Disable Watchdog (write once register)
     72              /////////////////////////////////////////////////////////////////////////////////////////////////////
     73              AT91C_BASE_WDTC->WDTC_WDMR = AT91C_WDTC_WDDIS;
   \   0000004A   1148               LDR      R0,??AT91F_LowLevelInit_0+0x18  ;; 0xfffffd44
   \   0000004C   0903               LSLS     R1,R1,#+12
   \   0000004E   0160               STR      R1,[R0, #+0]
     74          
     75              ////////////////////////////////////////////////////////////////////////////////////////////////////
     76              //  Init AIC: assign corresponding handler for each interrupt source
     77              /////////////////////////////////////////////////////////////////////////////////////////////////////
     78              AT91C_BASE_AIC->AIC_SVR[0] = (int) AT91F_Default_FIQ_handler ;
   \   00000050   1048               LDR      R0,??AT91F_LowLevelInit_0+0x1C  ;; 0xfffff080
   \   00000052   1149               LDR      R1,??AT91F_LowLevelInit_0+0x20  ;; AT91F_Default_FIQ_handler
   \   00000054   0160               STR      R1,[R0, #+0]
     79              for (i = 1; i < 31; i++) {
   \   00000056   0120               MOVS     R0,#+1
   \   00000058   0E4A               LDR      R2,??AT91F_LowLevelInit_0+0x1C  ;; 0xfffff080
   \   0000005A   104B               LDR      R3,??AT91F_LowLevelInit_0+0x24  ;; AT91F_Default_IRQ_handler
     80                  AT91C_BASE_AIC->AIC_SVR[i] = (int) AT91F_Default_IRQ_handler ;
   \                     ??AT91F_LowLevelInit_6:
   \   0000005C   8100               LSLS     R1,R0,#+2
   \   0000005E   5350               STR      R3,[R2, R1]
     81              }
   \   00000060   401C               ADDS     R0,R0,#+1
   \   00000062   0006               LSLS     R0,R0,#+24
   \   00000064   000E               LSRS     R0,R0,#+24
   \   00000066   1F28               CMP      R0,#+31
   \   00000068   F8D3               BCC      ??AT91F_LowLevelInit_6
     82              AT91C_BASE_AIC->AIC_SPU = (unsigned int) AT91F_Spurious_handler;
   \   0000006A   0D48               LDR      R0,??AT91F_LowLevelInit_0+0x28  ;; 0xfffff134
   \   0000006C   0D49               LDR      R1,??AT91F_LowLevelInit_0+0x2C  ;; AT91F_Spurious_handler
   \   0000006E   0160               STR      R1,[R0, #+0]
     83          }
   \   00000070   10BC               POP      {R4}
   \   00000072   01BC               POP      {R0}
   \   00000074   0047               BX       R0               ;; return
   \   00000076   C046               Nop      
   \                     ??AT91F_LowLevelInit_0:
   \   00000078   20FCFFFF           DC32     0xfffffc20
   \   0000007C   01400000           DC32     0x4001
   \   00000080   68FCFFFF           DC32     0xfffffc68
   \   00000084   2CFCFFFF           DC32     0xfffffc2c
   \   00000088   0E3F4810           DC32     0x10483f0e
   \   0000008C   30FCFFFF           DC32     0xfffffc30
   \   00000090   44FDFFFF           DC32     0xfffffd44
   \   00000094   80F0FFFF           DC32     0xfffff080
   \   00000098   ........           DC32     AT91F_Default_FIQ_handler
   \   0000009C   ........           DC32     AT91F_Default_IRQ_handler
   \   000000A0   34F1FFFF           DC32     0xfffff134
   \   000000A4   ........           DC32     AT91F_Spurious_handler

   Maximum stack usage in bytes:

     Function           CSTACK
     --------           ------
     AT91F_LowLevelInit     8


   Segment part sizes:

     Function/Label     Bytes
     --------------     -----
     AT91F_LowLevelInit  168
      Others               8

 
 176 bytes in segment CODE
 
 168 bytes of CODE memory (+ 8 bytes shared)

Errors: none
Warnings: none
