##############################################################################
#                                                                            #
# IAR ARM ANSI C/C++ Compiler V4.40A/W32 EVALUATION    10/Jul/2007  17:53:04 #
# Copyright 1999-2005 IAR Systems. All rights reserved.                      #
#                                                                            #
#    Cpu mode        =  interwork                                            #
#    Endian          =  little                                               #
#    Stack alignment =  8                                                    #
#    Source file     =  C:\E-pia\EpiaLoadMonit_v01\EpiaLoadMonit\src\EpiaLoa #
#                       dMonit_lib.c                                         #
#    Command line    =  C:\E-pia\EpiaLoadMonit_v01\EpiaLoadMonit\src\EpiaLoa #
#                       dMonit_lib.c -D NDEBUG -lC                           #
#                       C:\E-pia\EpiaLoadMonit_v01\EpiaLoadMonit\compil\Debu #
#                       g\List\ -lB C:\E-pia\EpiaLoadMonit_v01\EpiaLoadMonit #
#                       \compil\Debug\List\ -o C:\E-pia\EpiaLoadMonit_v01\Ep #
#                       iaLoadMonit\compil\Debug\Obj\ -z9 --debug            #
#                       --cpu_mode thumb --endian little --cpu ARM7TDMI      #
#                       --stack_align 8 --interwork -e --fpu None            #
#                       --dlib_config "C:\Program Files\IAR                  #
#                       Systems\Embedded Workbench 4.0                       #
#                       Evaluation\ARM\LIB\dl4tptinl8n.h" -I                 #
#                       C:\E-pia\EpiaLoadMonit_v01\EpiaLoadMonit\compil\srcI #
#                       AR\ -I C:\E-pia\EpiaLoadMonit_v01\EpiaLoadMonit\comp #
#                       il\..\src\ -I C:\E-pia\EpiaLoadMonit_v01\EpiaLoadMon #
#                       it\compil\..\..\ -I "C:\Program Files\IAR            #
#                       Systems\Embedded Workbench 4.0 Evaluation\ARM\INC\"  #
#    List file       =  C:\E-pia\EpiaLoadMonit_v01\EpiaLoadMonit\compil\Debu #
#                       g\List\EpiaLoadMonit_lib.lst                         #
#    Object file     =  C:\E-pia\EpiaLoadMonit_v01\EpiaLoadMonit\compil\Debu #
#                       g\Obj\EpiaLoadMonit_lib.r79                          #
#                                                                            #
#                                                                            #
##############################################################################

C:\E-pia\EpiaLoadMonit_v01\EpiaLoadMonit\src\EpiaLoadMonit_lib.c
      1          // ----------------------------------------------------------------------------
      2          //         Epiatech co,. LTD  -  Lee Y k  -
      3          // ----------------------------------------------------------------------------
      4          // File Name           : EpiaGate_lib.c
      5          // Object              : EpiaGate main library Function
      6          // Creation            : 2006-11-16
      7          // update              : 2007-02-07
      8          // ----------------------------------------------------------------------------
      9          // Include Standard LIB  files
     10          #include "project.h"
     11          /* IAR Systems\Embedded Workbench 4.0 Evaluation\ARM\INC\stdio.h
     12           <<< _STDIO Functions >>>
     13          #if defined(_STD_USING) && defined(__cplusplus)
     14            using _CSTD fpos_t;
     15            using _CSTD clearerr; using _CSTD fclose; using _CSTD feof;
     16            using _CSTD ferror; using _CSTD fflush; using _CSTD fgetc;
     17            using _CSTD fgetpos; using _CSTD fgets; using _CSTD fopen;
     18            using _CSTD fprintf; using _CSTD fputc; using _CSTD fputs;
     19            using _CSTD fread; using _CSTD freopen; using _CSTD fscanf;
     20            using _CSTD fseek; using _CSTD fsetpos; using _CSTD ftell;
     21            using _CSTD fwrite; using _CSTD getc; using _CSTD getchar;
     22            using _CSTD gets; using _CSTD perror;
     23            using _CSTD putc; using _CSTD putchar;
     24            using _CSTD printf; using _CSTD puts; using _CSTD remove;
     25            using _CSTD rename; using _CSTD rewind; using _CSTD scanf;
     26            using _CSTD setbuf; using _CSTD setvbuf; using _CSTD sprintf;
     27            using _CSTD sscanf; using _CSTD tmpfile; using _CSTD tmpnam;
     28            using _CSTD ungetc; using _CSTD vfprintf; using _CSTD vprintf;
     29            using _CSTD vsprintf;
     30            #if _DLIB_ADD_EXTRA_SYMBOLS
     31              using _CSTD fdopen; using _CSTD fileno;
     32            #endif // _DLIB_ADD_EXTRA_SYMBOLS
     33            #if _DLIB_ADD_C99_SYMBOLS
     34              using _CSTD snprintf; using _CSTD vsnprintf;
     35              using _CSTD vscanf; using _CSTD vsscanf;
     36              using _CSTD vfscanf; 
     37            #endif // _DLIB_ADD_C99_SYMBOLS 
     38          
     39          
     40            #if _DLIB_FILE_DESCRIPTOR
     41              using _CSTD FILE;
     42            #endif
     43          #endif //defined(_STD_USING) && defined(__cplusplus)
     44          */
     45          
     46          // printf() Function using _CSTD putchar;

   \                                 In segment CODE, align 4, keep-with-next
     47          int putchar(int c)
     48          {
   \                     putchar:
   \   00000000   70B5               PUSH     {R4-R6,LR}
   \   00000002   0400               MOVS     R4,R0
     49            unsigned short code;
     50            code = c;
   \   00000004   2504               LSLS     R5,R4,#+16
   \   00000006   2D0C               LSRS     R5,R5,#+16
     51            if (DebugMonit & MONOUT) putchar_dp(code);
   \   00000008   ....               LDR      R6,??DataTable1  ;; DebugMonit
   \   0000000A   3078               LDRB     R0,[R6, #+0]
   \   0000000C   C007               LSLS     R0,R0,#+31
   \   0000000E   02D5               BPL      ??putchar_0
   \   00000010   2800               MOVS     R0,R5
   \   00000012   ........           _BLF     putchar_dp,??putchar_dp??rT
     52            if (DebugMonit & COM2OUT) putchar2(code);
   \                     ??putchar_0:
   \   00000016   3078               LDRB     R0,[R6, #+0]
   \   00000018   8007               LSLS     R0,R0,#+30
   \   0000001A   03D5               BPL      ??putchar_1
   \   0000001C   2806               LSLS     R0,R5,#+24
   \   0000001E   000E               LSRS     R0,R0,#+24
   \   00000020   ........           _BLF     putchar2,??putchar2??rT
     53            //if (DebugMonit & 0x04) putchar1(code);
     54            if (DebugMonit & COM0OUT) putchar0(code);
   \                     ??putchar_1:
   \   00000024   3078               LDRB     R0,[R6, #+0]
   \   00000026   0007               LSLS     R0,R0,#+28
   \   00000028   03D5               BPL      ??putchar_2
   \   0000002A   2806               LSLS     R0,R5,#+24
   \   0000002C   000E               LSRS     R0,R0,#+24
   \   0000002E   ........           _BLF     putchar0,??putchar0??rT
     55            return c;
   \                     ??putchar_2:
   \   00000032   2000               MOVS     R0,R4
   \   00000034   ....               B.N      ?Subroutine34
     56          }

   \                                 In segment CODE, align 4, keep-with-next
   \                     ?Subroutine34:
   \   00000000   70BC               POP      {R4-R6}
   \   00000002   02BC               POP      {R1}
   \   00000004   0847               BX       R1               ;; return
     57          

   \                                 In segment CODE, align 4, keep-with-next
     58          void print_str(const unsigned char* ptr)
     59          {
   \                     print_str:
   \   00000000   10B5               PUSH     {R4,LR}
   \   00000002   0400               MOVS     R4,R0
     60            do 
     61            {
     62              if (*ptr == '\r') 
   \                     ??print_str_0:
   \   00000004   2078               LDRB     R0,[R4, #+0]
   \   00000006   0D28               CMP      R0,#+13
   \   00000008   02D1               BNE      ??print_str_1
     63              {
     64                LCD_carrige_return();
   \   0000000A   ........           _BLF     LCD_carrige_return,??LCD_carrige_return??rT
   \   0000000E   08E0               B        ??print_str_2
     65                //if (DebugDP) putchar2(0x0D);
     66              }
     67              else if (*ptr == '\n') 
   \                     ??print_str_1:
   \   00000010   0A28               CMP      R0,#+10
   \   00000012   02D1               BNE      ??print_str_3
     68              {
     69                LCD_line_feed();
   \   00000014   ........           _BLF     LCD_line_feed,??LCD_line_feed??rT
   \   00000018   03E0               B        ??print_str_2
     70                //if (DebugDP) putchar2(0x0A);
     71              }
     72              else if (*ptr >= ' ') putchar_dp(*ptr);  
   \                     ??print_str_3:
   \   0000001A   2028               CMP      R0,#+32
   \   0000001C   01D3               BCC      ??print_str_2
   \   0000001E   ........           _BLF     putchar_dp,??putchar_dp??rT
     73            }
     74              while(*ptr++ != ASC_ETX); 
   \                     ??print_str_2:
   \   00000022   2000               MOVS     R0,R4
   \   00000024   641C               ADDS     R4,R4,#+1
   \   00000026   0078               LDRB     R0,[R0, #+0]
   \   00000028   0328               CMP      R0,#+3
   \   0000002A   EBD1               BNE      ??print_str_0
     75           // printf("hello\n");            
     76          }
   \   0000002C   ....               B.N      ??Subroutine35_0

   \                                 In segment CODE, align 4, keep-with-next
   \                     ?Subroutine35:
   \   00000000   0870               STRB     R0,[R1, #+0]
   \                     ??Subroutine35_0:
   \   00000002   10BC               POP      {R4}
   \   00000004   01BC               POP      {R0}
   \   00000006   0047               BX       R0               ;; return
   \                     ??Subroutine35_1:
   \   00000008   ........           DC32     BuzzerIs
     77          

   \                                 In segment CODE, align 4, keep-with-next
     78          void putstring1(const unsigned char* ptr)
     79          {
   \                     putstring1:
   \   00000000   70B5               PUSH     {R4-R6,LR}
   \   00000002   0400               MOVS     R4,R0
     80            unsigned char c, end;
     81            end = 1;
   \   00000004   0125               MOVS     R5,#+1
     82            //if (DebugMode) printf("\n");
     83            do 
     84            {
     85              c = *ptr;
   \                     ??putstring1_0:
   \   00000006   2678               LDRB     R6,[R4, #+0]
     86              putchar1(c);
   \   00000008   3000               MOVS     R0,R6
   \   0000000A   ........           _BLF     putchar1,??putchar1??rT
     87              putchar2(c);
   \   0000000E   3000               MOVS     R0,R6
   \   00000010   ........           _BLF     putchar2,??putchar2??rT
     88              delay_us(200);
   \   00000014   C820               MOVS     R0,#+200
   \   00000016   ........           BL       delay_us
     89              
     90              //if (DebugMode) printf("%1c", c);
     91              if ((c == ASC_ETX)|(c == '\r')|(c == '\n')) end = 0;
   \   0000001A   032E               CMP      R6,#+3
   \   0000001C   03D0               BEQ      ??putstring1_1
   \   0000001E   0D2E               CMP      R6,#+13
   \   00000020   01D0               BEQ      ??putstring1_1
   \   00000022   0A2E               CMP      R6,#+10
   \   00000024   00D1               BNE      ??putstring1_2
   \                     ??putstring1_1:
   \   00000026   0025               MOVS     R5,#+0
     92              ptr++;
   \                     ??putstring1_2:
   \   00000028   641C               ADDS     R4,R4,#+1
     93            }
     94              while(end);           
   \   0000002A   002D               CMP      R5,#+0
   \   0000002C   EBD1               BNE      ??putstring1_0
     95          }
   \   0000002E   ....               B.N      ?Subroutine36

   \                                 In segment CODE, align 4, keep-with-next
   \                     ?Subroutine36:
   \   00000000   70BC               POP      {R4-R6}
   \   00000002   01BC               POP      {R0}
   \   00000004   0047               BX       R0               ;; return
     96          

   \                                 In segment DATA_Z, align 1, align-sorted
     97          char DebugMonit;
   \                     DebugMonit:
   \   00000000                      DS8 1

   \                                 In segment CODE, align 4, keep-with-next
     98          void debug_monit(char mode)
     99          {
    100             DebugMonit = mode; 
   \                     debug_monit:
   \   00000000   ....               LDR      R1,??DataTable1  ;; DebugMonit
   \   00000002   0870               STRB     R0,[R1, #+0]
    101          }
   \   00000004   7047               BX       LR               ;; return
    102          

   \                                 In segment CODE, align 4, keep-with-next
    103          char ascii2hex(char asc)                  
    104          {                                              
   \                     ascii2hex:
   \   00000000   00B5               PUSH     {LR}
    105          if (asc < 58) asc = asc - 48; else asc = asc - 55;
   \   00000002   3A28               CMP      R0,#+58
   \   00000004   01D2               BCS      ??ascii2hex_0
   \   00000006   D030               ADDS     R0,R0,#+208
   \   00000008   00E0               B        ??ascii2hex_1
   \                     ??ascii2hex_0:
   \   0000000A   C930               ADDS     R0,R0,#+201
    106          return asc;
   \                     ??ascii2hex_1:
   \   0000000C   ....               B.N      ??Subroutine37_0
    107          }

   \                                 In segment CODE, align 4, keep-with-next
   \                     ?Subroutine37:
   \   00000000   0A28               CMP      R0,#+10
   \   00000002   01D2               BCS      ??Subroutine37_1
   \   00000004   3030               ADDS     R0,R0,#+48
   \   00000006   00E0               B        ??Subroutine37_0
   \                     ??Subroutine37_1:
   \   00000008   3730               ADDS     R0,R0,#+55
   \                     ??Subroutine37_0:
   \   0000000A   0006               LSLS     R0,R0,#+24
   \   0000000C   000E               LSRS     R0,R0,#+24
   \   0000000E   02BC               POP      {R1}
   \   00000010   0847               BX       R1               ;; return
    108          

   \                                 In segment CODE, align 4, keep-with-next
    109          char ascii2byte(char high, char low)                  
    110          {                                              
   \                     ascii2byte:
   \   00000000   00B5               PUSH     {LR}
    111          char byte;
    112          if (high < 58) high = high - 48; else high = high - 55;
   \   00000002   3A28               CMP      R0,#+58
   \   00000004   01D2               BCS      ??ascii2byte_0
   \   00000006   D030               ADDS     R0,R0,#+208
   \   00000008   00E0               B        ??ascii2byte_1
   \                     ??ascii2byte_0:
   \   0000000A   C930               ADDS     R0,R0,#+201
    113          if (low < 58) low = low - 48; else low = low - 55;
   \                     ??ascii2byte_1:
   \   0000000C   3A29               CMP      R1,#+58
   \   0000000E   01D2               BCS      ??ascii2byte_2
   \   00000010   D031               ADDS     R1,R1,#+208
   \   00000012   00E0               B        ??ascii2byte_3
   \                     ??ascii2byte_2:
   \   00000014   C931               ADDS     R1,R1,#+201
    114          byte = (low & 0x0F) | (high << 4);
    115          return byte;
   \                     ??ascii2byte_3:
   \   00000016   0907               LSLS     R1,R1,#+28
   \   00000018   090F               LSRS     R1,R1,#+28
   \   0000001A   0001               LSLS     R0,R0,#+4
   \   0000001C   0843               ORRS     R0,R0,R1
   \   0000001E   ....               B.N      ??Subroutine37_0
    116          }
    117          

   \                                 In segment CODE, align 4, keep-with-next
    118          unsigned short ascii2short(char d3, char d2, char d1, char d0)                  
    119          {                                              
   \                     ascii2short:
   \   00000000   70B5               PUSH     {R4-R6,LR}
   \   00000002   1400               MOVS     R4,R2
   \   00000004   1D00               MOVS     R5,R3
    120          unsigned short s;
    121          s = ascii2byte(d3, d2); 
   \   00000006   ........           BL       ascii2byte
    122          s = s<<8 | ascii2byte(d1, d0); 
   \   0000000A   0602               LSLS     R6,R0,#+8
   \   0000000C   2900               MOVS     R1,R5
   \   0000000E   2000               MOVS     R0,R4
   \   00000010   ........           BL       ascii2byte
   \   00000014   3043               ORRS     R0,R0,R6
   \   00000016   C046               Nop      
    123          return s;
   \   00000018                      REQUIRE ?Subroutine34
   \   00000018                      ;; // Fall through to label ?Subroutine34
    124          }
    125          

   \                                 In segment CODE, align 4, keep-with-next
    126          char high2ascii(char byte)
    127          {
   \                     high2ascii:
   \   00000000   00B5               PUSH     {LR}
    128          byte = byte>>4;
   \   00000002   0009               LSRS     R0,R0,#+4
    129          if (byte < 10) byte = byte + 48; else byte = byte + 55;
   \   00000004   ....               B.N      ?Subroutine37
    130          return byte;
    131          }
    132          

   \                                 In segment CODE, align 4, keep-with-next
    133          char low2ascii(char byte)
    134          {
   \                     low2ascii:
   \   00000000   00B5               PUSH     {LR}
    135          byte = byte & 0x0F;
   \   00000002   0007               LSLS     R0,R0,#+28
   \   00000004   000F               LSRS     R0,R0,#+28
   \   00000006   C046               Nop      
    136          if (byte < 10) byte = byte + 48; else byte = byte + 55;
   \   00000008                      REQUIRE ?Subroutine37
   \   00000008                      ;; // Fall through to label ?Subroutine37
    137          return byte;
    138          }
    139          

   \                                 In segment CODE, align 4, keep-with-next
    140          int bcd2int(char high, char low)
    141          {                                             
    142          int	int_hex;
    143          int int1000, int100, int10;
    144          int1000 = (int)(high >> 4) * 1000;
    145          int100 = (int)(high & 0x0F) * 100;
    146          int10 = (int)(low >> 4) * 10;   
    147          int_hex = int1000 + int100 + int10;
    148          return int_hex;                           
   \                     bcd2int:
   \   00000000   0209               LSRS     R2,R0,#+4
   \   00000002   FA23               MOVS     R3,#+250
   \   00000004   9B00               LSLS     R3,R3,#+2        ;; #+1000
   \   00000006   5A43               MULS     R2,R3,R2
   \   00000008   0007               LSLS     R0,R0,#+28
   \   0000000A   000F               LSRS     R0,R0,#+28
   \   0000000C   6423               MOVS     R3,#+100
   \   0000000E   5843               MULS     R0,R3,R0
   \   00000010   1018               ADDS     R0,R2,R0
   \   00000012   0909               LSRS     R1,R1,#+4
   \   00000014   0A22               MOVS     R2,#+10
   \   00000016   5143               MULS     R1,R2,R1
   \   00000018   4018               ADDS     R0,R0,R1
   \   0000001A   7047               BX       LR               ;; return
    149          }                                                          
    150          

   \                                 In segment CODE, align 4, keep-with-next
    151          unsigned char bcd2hex(unsigned char bcd)
    152          {                                             
    153          unsigned char hex;
    154          hex = (bcd >> 4) * 10;
    155          hex += bcd & 0x0F;
    156          return hex;                           
   \                     bcd2hex:
   \   00000000   0109               LSRS     R1,R0,#+4
   \   00000002   0A22               MOVS     R2,#+10
   \   00000004   5143               MULS     R1,R2,R1
   \   00000006   0007               LSLS     R0,R0,#+28
   \   00000008   000F               LSRS     R0,R0,#+28
   \   0000000A   0818               ADDS     R0,R1,R0
   \   0000000C   0006               LSLS     R0,R0,#+24
   \   0000000E   000E               LSRS     R0,R0,#+24
   \   00000010   7047               BX       LR               ;; return
    157          } 
    158          

   \                                 In segment CODE, align 4, keep-with-next
    159          int bcd2hex_int(int bcd)
    160          {                                             
    161          int hex;
    162          hex = (bcd >> 12) * 1000;
    163          hex += (bcd >> 8) * 100;
    164          hex += (bcd >> 4) * 10;
    165          hex += bcd & 0x0F;
    166          return hex;                           
   \                     bcd2hex_int:
   \   00000000   0113               ASRS     R1,R0,#+12
   \   00000002   FA22               MOVS     R2,#+250
   \   00000004   9200               LSLS     R2,R2,#+2        ;; #+1000
   \   00000006   5143               MULS     R1,R2,R1
   \   00000008   0212               ASRS     R2,R0,#+8
   \   0000000A   6423               MOVS     R3,#+100
   \   0000000C   5A43               MULS     R2,R3,R2
   \   0000000E   8918               ADDS     R1,R1,R2
   \   00000010   0211               ASRS     R2,R0,#+4
   \   00000012   0A23               MOVS     R3,#+10
   \   00000014   5A43               MULS     R2,R3,R2
   \   00000016   8918               ADDS     R1,R1,R2
   \   00000018   0007               LSLS     R0,R0,#+28
   \   0000001A   000F               LSRS     R0,R0,#+28
   \   0000001C   0818               ADDS     R0,R1,R0
   \   0000001E   7047               BX       LR               ;; return
    167          }  
    168          

   \                                 In segment CODE, align 4, keep-with-next
    169          char hour24to12(char hour)                            
    170          {
   \                     hour24to12:
   \   00000000   00B5               PUSH     {LR}
    171          if (hour > 23) hour = 23;
   \   00000002   1828               CMP      R0,#+24
   \   00000004   01D3               BCC      ??hour24to12_0
   \   00000006   1720               MOVS     R0,#+23
   \   00000008   01E0               B        ??hour24to12_1
    172          if (hour > 11) hour = hour - 12;
   \                     ??hour24to12_0:
   \   0000000A   0C28               CMP      R0,#+12
   \   0000000C   00D3               BCC      ??hour24to12_2
   \                     ??hour24to12_1:
   \   0000000E   F430               ADDS     R0,R0,#+244
    173          return hour;
   \                     ??hour24to12_2:
   \   00000010   ....               B.N      ??Subroutine37_0
    174          }
    175          
    176          /********************************************************************
    177          *  MakeCrc16() : make to cyclic redendancy check 16 
    178          * *ptr로 지정된 번지부터 n byte 의 CRC를 계산해 16bit CRC를 리턴
    179          ********************************************************************/

   \                                 In segment CODE, align 4, keep-with-next
    180          unsigned short	MakeCrc16(unsigned char	*ptr, unsigned short	n)
    181          {
   \                     MakeCrc16:
   \   00000000   30B5               PUSH     {R4,R5,LR}
   \   00000002   0200               MOVS     R2,R0
    182          	unsigned short	crc = 0xffff;
   \   00000004   ....               LDR      R0,??DataTable2  ;; 0xffff
    183          	unsigned short	uitmp;
    184          	unsigned char	uctmp;
    185          
    186          	for(uitmp = 0;uitmp < n;uitmp++)
   \   00000006   0023               MOVS     R3,#+0
   \   00000008   05E0               B        ??MakeCrc16_0
    187          	{
    188          		crc = (crc & 0xff00) | (crc ^ (unsigned short)(ptr[uitmp] & 0xff));
    189          		for(uctmp = 0;uctmp < 8;uctmp++)
    190          		{
    191          			if(crc & 0x0001)
    192          				crc = (crc >> 1) ^ 0xa001;
    193          			else
    194          				crc >>= 1;
   \                     ??MakeCrc16_1:
   \   0000000A   2000               MOVS     R0,R4
   \                     ??MakeCrc16_2:
   \   0000000C   6D1E               SUBS     R5,R5,#+1
   \   0000000E   0DD1               BNE      ??MakeCrc16_3
   \   00000010   5B1C               ADDS     R3,R3,#+1
   \   00000012   1B04               LSLS     R3,R3,#+16
   \   00000014   1B0C               LSRS     R3,R3,#+16
   \                     ??MakeCrc16_0:
   \   00000016   8B42               CMP      R3,R1
   \   00000018   0FD2               BCS      ??MakeCrc16_4
   \   0000001A   FF25               MOVS     R5,#+255
   \   0000001C   2D02               LSLS     R5,R5,#+8        ;; #+65280
   \   0000001E   0540               ANDS     R5,R5,R0
   \   00000020   D45C               LDRB     R4,[R2, R3]
   \   00000022   4440               EORS     R4,R4,R0
   \   00000024   2C43               ORRS     R4,R4,R5
   \   00000026   2004               LSLS     R0,R4,#+16
   \   00000028   000C               LSRS     R0,R0,#+16
   \   0000002A   0825               MOVS     R5,#+8
   \                     ??MakeCrc16_3:
   \   0000002C   0404               LSLS     R4,R0,#+16
   \   0000002E   640C               LSRS     R4,R4,#+17
   \   00000030   C007               LSLS     R0,R0,#+31
   \   00000032   EAD5               BPL      ??MakeCrc16_1
   \   00000034   0248               LDR      R0,??MakeCrc16_5  ;; 0xa001
   \   00000036   6040               EORS     R0,R0,R4
   \   00000038   E8E7               B        ??MakeCrc16_2
    195          		}
    196          	}
    197          	return(crc);
   \                     ??MakeCrc16_4:
   \   0000003A   0004               LSLS     R0,R0,#+16
   \   0000003C   000C               LSRS     R0,R0,#+16
   \   0000003E   ....               B.N      ?Subroutine38
   \                     ??MakeCrc16_5:
   \   00000040   01A00000           DC32     0xa001
    198          }

   \                                 In segment CODE, align 4, keep-with-next
   \                     ?Subroutine38:
   \   00000000   30BC               POP      {R4,R5}
   \   00000002   02BC               POP      {R1}
   \   00000004   0847               BX       R1               ;; return
   \   00000006   C046               Nop      
   \                     ??Subroutine38_0:
   \   00000008   ........           DC32     DelayStep
    199          
    200          //*----------------------------------------------------------------------------
    201          //* Function Name       : delay
    202          //* Object              : Wait
    203          //* Input Parameters    : none
    204          //* Output Parameters   : none
    205          //* Functions calAT91B_LED    : none
    206          //*----------------------------------------------------------------------------

   \                                 In segment CODE, align 4, keep-with-next
    207          void delay ( void )
    208          {
   \                     delay:
   \   00000000   01B5               PUSH     {R0,LR}
    209          //* Set in Volatile for Optimisation
    210              volatile unsigned int    i ;
    211          //* loop delay
    212              for ( i = 0 ;(i < WAIT_TIME/100 );i++ ) ;
   \   00000002   0020               MOVS     R0,#+0
   \   00000004   0090               STR      R0,[SP, #+0]
   \   00000006   0449               LDR      R1,??delay_0     ;; 0x75524
   \   00000008   02E0               B        ??delay_1
   \                     ??delay_2:
   \   0000000A   0098               LDR      R0,[SP, #+0]
   \   0000000C   401C               ADDS     R0,R0,#+1
   \   0000000E   0090               STR      R0,[SP, #+0]
   \                     ??delay_1:
   \   00000010   0098               LDR      R0,[SP, #+0]
   \   00000012   8842               CMP      R0,R1
   \   00000014   F9D3               BCC      ??delay_2
    213              //for ( i = 0 ;(i < 30000 );i++ ) ;
    214          }
   \   00000016   ....               B.N      ?Subroutine39
   \                     ??delay_0:
   \   00000018   24550700           DC32     0x75524

   \                                 In segment CODE, align 4, keep-with-next
   \                     ?Subroutine39:
   \   00000000   08BC               POP      {R3}
   \   00000002   01BC               POP      {R0}
   \   00000004   0047               BX       R0               ;; return
   \   00000006   C046               Nop      
   \                     ??Subroutine39_0:
   \   00000008   ........           DC32     iCounterT0 + 4
   \   0000000C   ........           DC32     `?<Constant "\\nExecTime:%4duS">`
    215          

   \                                 In segment CODE, align 4, keep-with-next
    216          void delay_us (int time )
    217          {
   \                     delay_us:
   \   00000000   00B5               PUSH     {LR}
    218          //* Set in Volatile for Optimisation
    219              unsigned int    i ;
    220          //* loop delay
    221              time = time * 48 / 5;
   \   00000002   3021               MOVS     R1,#+48
   \   00000004   4843               MULS     R0,R1,R0
   \   00000006   0521               MOVS     R1,#+5
   \   00000008   ........           _BLF     ??div32_t,??rT??div32_t
    222              for ( i = 0 ;(i < time );i++ ) ;
   \   0000000C   0020               MOVS     R0,#+0
   \   0000000E   00E0               B        ??delay_us_0
   \                     ??delay_us_1:
   \   00000010   401C               ADDS     R0,R0,#+1
   \                     ??delay_us_0:
   \   00000012   8842               CMP      R0,R1
   \   00000014   FCD3               BCC      ??delay_us_1
    223              //for ( i = 0 ;(i < 30000 );i++ ) ;
    224          }
   \   00000016   01BC               POP      {R0}
   \   00000018   0047               BX       R0               ;; return
    225          

   \                                 In segment DATA_Z, align 2, align-sorted
    226          char DelayStep;
   \                     DelayStep:
   \   00000000                      DS8 1
   \   00000001                      DS8 1
    227          short sStepCount;
   \                     sStepCount:
   \   00000002                      DS8 2

   \                                 In segment CODE, align 4, keep-with-next
    228          char step_delay(short time)
    229          {
   \                     step_delay:
   \   00000000   30B5               PUSH     {R4,R5,LR}
   \   00000002   0100               MOVS     R1,R0
    230            char end;
    231            end = 0;
   \   00000004   0024               MOVS     R4,#+0
   \   00000006   0020               MOVS     R0,#+0
    232            if (DelayStep == 0) 
   \   00000008   0123               MOVS     R3,#+1
   \   0000000A   ....               LDR      R2,??Subroutine38_0  ;; DelayStep
   \   0000000C   1578               LDRB     R5,[R2, #+0]
   \   0000000E   002D               CMP      R5,#+0
   \   00000010   01D1               BNE      ??step_delay_0
    233            {
    234              DelayStep = 1;
   \   00000012   1370               STRB     R3,[R2, #+0]
    235              sStepCount = time;
   \   00000014   0CE0               B        ??step_delay_1
    236            }
    237            else if (--sStepCount < 1)
   \                     ??step_delay_0:
   \   00000016   0221               MOVS     R1,#+2
   \   00000018   515E               LDRSH    R1,[R2, R1]
   \   0000001A   491E               SUBS     R1,R1,#+1
   \   0000001C   0904               LSLS     R1,R1,#+16
   \   0000001E   0914               ASRS     R1,R1,#+16
   \   00000020   0129               CMP      R1,#+1
   \   00000022   05DA               BGE      ??step_delay_1
    238            {
    239              DelayStep = 0;
   \   00000024   1470               STRB     R4,[R2, #+0]
    240              sExecStep++;
   \   00000026   ....               LDR      R0,??DataTable3  ;; sExecStep
   \   00000028   0488               LDRH     R4,[R0, #+0]
   \   0000002A   641C               ADDS     R4,R4,#+1
   \   0000002C   0480               STRH     R4,[R0, #+0]
    241              end = 1;
   \   0000002E   0120               MOVS     R0,#+1
   \                     ??step_delay_1:
   \   00000030   5180               STRH     R1,[R2, #+2]
   \   00000032   C046               Nop      
    242            }
    243            return end;
   \   00000034                      REQUIRE ?Subroutine38
   \   00000034                      ;; // Fall through to label ?Subroutine38
    244          }
    245            
    246          /*****************************************/
    247          /*        Lamp ON/OFF Functions          */
    248          /*              0: OFF                   */
    249          /*              1: ON                    */
    250          /*              2: TOGGLE                */
    251          /*              3: Blink                 */
    252          /*****************************************/

   \                                 In segment DATA_Z, align 1, align-sorted
    253          unsigned char RunLampIs;
   \                     RunLampIs:
   \   00000000                      DS8 1

   \                                 In segment DATA_Z, align 1, align-sorted
    254          unsigned char LcdLampIs;
   \                     LcdLampIs:
   \   00000000                      DS8 1

   \                                 In segment DATA_Z, align 1, align-sorted
    255          unsigned char BuzzerIs;
   \                     BuzzerIs:
   \   00000000                      DS8 1

   \                                 In segment DATA_Z, align 1, align-sorted
    256          unsigned char ModemPowerIs;
   \                     ModemPowerIs:
   \   00000000                      DS8 1

   \                                 In segment DATA_Z, align 1, align-sorted
    257          unsigned char PMresetIs;
   \                     PMresetIs:
   \   00000000                      DS8 1

   \                                 In segment DATA_Z, align 1, align-sorted
    258          unsigned char PMenableIs;
   \                     PMenableIs:
   \   00000000                      DS8 1

   \                                 In segment DATA_Z, align 1, align-sorted
    259          unsigned char PMdataoutIs;
   \                     PMdataoutIs:
   \   00000000                      DS8 1

   \                                 In segment DATA_Z, align 1, align-sorted
    260          unsigned char PMclockIs;
   \                     PMclockIs:
   \   00000000                      DS8 1

   \                                 In segment DATA_Z, align 2, align-sorted
    261          unsigned short sLampOnTime;
   \                     sLampOnTime:
   \   00000000                      DS8 2
    262          unsigned short sLcdOnTime;
   \                     sLcdOnTime:
   \   00000002                      DS8 2
    263          unsigned short sBuzzOnTime;
   \                     sBuzzOnTime:
   \   00000004                      DS8 2
    264          

   \                                 In segment CODE, align 4, keep-with-next
    265          void RUNlamp(BYTE onoff)
    266          {
   \                     RUNlamp:
   \   00000000   10B5               PUSH     {R4,LR}
    267           if (!onoff)  pio_set( PIOB, LP_RUN );
   \   00000002   ....               LDR      R1,??DataTable28  ;; 0xfffff630
   \   00000004   8022               MOVS     R2,#+128
   \   00000006   5205               LSLS     R2,R2,#+21       ;; #+268435456
   \   00000008   0028               CMP      R0,#+0
   \   0000000A   0AD0               BEQ      ??RUNlamp_0
    268            else if (onoff == 1) pio_clear( PIOB, LP_RUN );
   \   0000000C   ....               LDR      R3,??DataTable29  ;; 0xfffff634
   \   0000000E   0128               CMP      R0,#+1
   \   00000010   01D1               BNE      ??RUNlamp_1
   \                     ??RUNlamp_2:
   \   00000012   1A60               STR      R2,[R3, #+0]
   \   00000014   06E0               B        ??RUNlamp_3
    269            else if (onoff == 2) 
   \                     ??RUNlamp_1:
   \   00000016   0228               CMP      R0,#+2
   \   00000018   04D1               BNE      ??RUNlamp_3
    270             //* Read the output state
    271              if ((pio_read(PIOB) & LP_RUN ) == LP_RUN ) pio_clear( PIOB, LP_RUN);
   \   0000001A   ....               LDR      R4,??DataTable25  ;; 0xfffff63c
   \   0000001C   2468               LDR      R4,[R4, #+0]
   \   0000001E   1440               ANDS     R4,R4,R2
   \   00000020   F7D1               BNE      ??RUNlamp_2
    272               else pio_set( PIOB, LP_RUN);
   \                     ??RUNlamp_0:
   \   00000022   0A60               STR      R2,[R1, #+0]
    273           RunLampIs = onoff;
   \                     ??RUNlamp_3:
   \   00000024   0049               LDR      R1,??RUNlamp_4   ;; RunLampIs
   \   00000026   ....               B.N      ?Subroutine35
   \                     ??RUNlamp_4:
   \   00000028   ........           DC32     RunLampIs
    274          } 
    275          

   \                                 In segment CODE, align 4, keep-with-next
    276          void LCDlamp(BYTE onoff)
    277          {
   \                     LCDlamp:
   \   00000000   30B5               PUSH     {R4,R5,LR}
    278           if (!onoff)  pio_clear( PIOB, LCD_LP );
   \   00000002   ....               LDR      R1,??DataTable29  ;; 0xfffff634
   \   00000004   8022               MOVS     R2,#+128
   \   00000006   D201               LSLS     R2,R2,#+7        ;; #+16384
   \   00000008   0028               CMP      R0,#+0
   \   0000000A   01D1               BNE      ??LCDlamp_0
   \                     ??LCDlamp_1:
   \   0000000C   0A60               STR      R2,[R1, #+0]
   \   0000000E   0BE0               B        ??LCDlamp_2
    279            else if (onoff == 1) pio_set( PIOB, LCD_LP );
   \                     ??LCDlamp_0:
   \   00000010   ....               LDR      R3,??DataTable28  ;; 0xfffff630
   \   00000012   0128               CMP      R0,#+1
   \   00000014   07D0               BEQ      ??LCDlamp_3
    280            else if (onoff == 2) 
   \                     ??LCDlamp_4:
   \   00000016   0228               CMP      R0,#+2
   \   00000018   06D1               BNE      ??LCDlamp_2
    281             //* Read the output state
    282              if ((pio_read(PIOB) & LP_RUN ) == LCD_LP ) pio_clear( PIOB, LCD_LP);
   \   0000001A   ....               LDR      R4,??DataTable25  ;; 0xfffff63c
   \   0000001C   2468               LDR      R4,[R4, #+0]
   \   0000001E   9503               LSLS     R5,R2,#+14
   \   00000020   2540               ANDS     R5,R5,R4
   \   00000022   9542               CMP      R5,R2
   \   00000024   F2D0               BEQ      ??LCDlamp_1
    283               else pio_set( PIOB, LCD_LP);
   \                     ??LCDlamp_3:
   \   00000026   1A60               STR      R2,[R3, #+0]
    284           LcdLampIs = onoff;
   \                     ??LCDlamp_2:
   \   00000028   0249               LDR      R1,??LCDlamp_5   ;; LcdLampIs
   \   0000002A   0870               STRB     R0,[R1, #+0]
    285          } 
   \   0000002C   30BC               POP      {R4,R5}
   \   0000002E   01BC               POP      {R0}
   \   00000030   0047               BX       R0               ;; return
   \   00000032   C046               Nop      
   \                     ??LCDlamp_5:
   \   00000034   ........           DC32     LcdLampIs
    286          

   \                                 In segment CODE, align 4, keep-with-next
    287          void Buzzer(BYTE onoff)
    288          {
   \                     Buzzer:
   \   00000000   10B5               PUSH     {R4,LR}
    289           if (!onoff)  pio_clear( PIOB, BUZZER );
   \   00000002   ....               LDR      R1,??DataTable29  ;; 0xfffff634
   \   00000004   8022               MOVS     R2,#+128
   \   00000006   1205               LSLS     R2,R2,#+20       ;; #+134217728
   \   00000008   0028               CMP      R0,#+0
   \   0000000A   01D1               BNE      ??Buzzer_0
   \                     ??Buzzer_1:
   \   0000000C   0A60               STR      R2,[R1, #+0]
   \   0000000E   09E0               B        ??Buzzer_2
    290            else if (onoff == 1) pio_set( PIOB, BUZZER );
   \                     ??Buzzer_0:
   \   00000010   ....               LDR      R3,??DataTable28  ;; 0xfffff630
   \   00000012   0128               CMP      R0,#+1
   \   00000014   05D0               BEQ      ??Buzzer_3
    291            else if (onoff == 2) 
   \   00000016   0228               CMP      R0,#+2
   \   00000018   04D1               BNE      ??Buzzer_2
    292             //* Read the output state
    293              if ((pio_read(PIOB) & BUZZER ) == BUZZER ) pio_clear( PIOB, BUZZER);
   \   0000001A   ....               LDR      R4,??DataTable25  ;; 0xfffff63c
   \   0000001C   2468               LDR      R4,[R4, #+0]
   \   0000001E   1440               ANDS     R4,R4,R2
   \   00000020   F4D1               BNE      ??Buzzer_1
    294               else pio_set( PIOB, BUZZER);
   \                     ??Buzzer_3:
   \   00000022   1A60               STR      R2,[R3, #+0]
    295           BuzzerIs = onoff;
   \                     ??Buzzer_2:
   \   00000024   ....               LDR      R1,??Subroutine35_1  ;; BuzzerIs
   \   00000026   C046               Nop      
   \   00000028                      REQUIRE ?Subroutine35
   \   00000028                      ;; // Fall through to label ?Subroutine35
    296          } 
    297          

   \                                 In segment CODE, align 4, keep-with-next
    298          void PMreset(BYTE onoff)
    299          {
   \                     PMreset:
   \   00000000   10B5               PUSH     {R4,LR}
    300           if (!onoff)  pio_clear( PIOB, PM_RST );
   \   00000002   ....               LDR      R1,??DataTable29  ;; 0xfffff634
   \   00000004   8022               MOVS     R2,#+128
   \   00000006   9201               LSLS     R2,R2,#+6        ;; #+8192
   \   00000008   ....               LDR      R3,??DataTable25  ;; 0xfffff63c
   \   0000000A   0028               CMP      R0,#+0
   \   0000000C   01D1               BNE      ??PMreset_0
   \                     ??PMreset_1:
   \   0000000E   0A60               STR      R2,[R1, #+0]
   \   00000010   08E0               B        ??PMreset_2
    301            else if (onoff == 1) pio_set( PIOB, PM_RST );
   \                     ??PMreset_0:
   \   00000012   ....               LDR      R4,??DataTable28  ;; 0xfffff630
   \   00000014   0128               CMP      R0,#+1
   \   00000016   04D0               BEQ      ??PMreset_3
    302            else if (onoff == 2) 
   \   00000018   0228               CMP      R0,#+2
   \   0000001A   03D1               BNE      ??PMreset_2
    303             //* Read the output state
    304              if ((pio_read(PIOB) & PM_RST ) == PM_RST ) pio_clear( PIOB, PM_RST);
   \   0000001C   1868               LDR      R0,[R3, #+0]
   \   0000001E   1042               TST      R0,R2
   \   00000020   F5D1               BNE      ??PMreset_1
    305               else pio_set( PIOB, PM_RST);
   \                     ??PMreset_3:
   \   00000022   2260               STR      R2,[R4, #+0]
    306           if ((pio_read(PIOB) & PM_RST ) == PM_RST ) PMresetIs = ON; else PMresetIs = OFF;
   \                     ??PMreset_2:
   \   00000024   1868               LDR      R0,[R3, #+0]
   \   00000026   8004               LSLS     R0,R0,#+18
   \   00000028   01D5               BPL      ??PMreset_4
   \   0000002A   0120               MOVS     R0,#+1
   \   0000002C   00E0               B        ??PMreset_5
   \                     ??PMreset_4:
   \   0000002E   0020               MOVS     R0,#+0
   \                     ??PMreset_5:
   \   00000030   0049               LDR      R1,??PMreset_6   ;; PMresetIs
   \   00000032   ....               B.N      ?Subroutine35
   \                     ??PMreset_6:
   \   00000034   ........           DC32     PMresetIs
    307          } 

   \                                 In segment CODE, align 4, keep-with-next
    308          void PMenable(BYTE onoff)
    309          {
   \                     PMenable:
   \   00000000   00B5               PUSH     {LR}
    310           if (!onoff)  pio_clear( PIOA, PM_CE );
   \   00000002   ....               LDR      R1,??DataTable27  ;; 0xfffff434
   \   00000004   8022               MOVS     R2,#+128
   \   00000006   5201               LSLS     R2,R2,#+5        ;; #+4096
   \   00000008   0028               CMP      R0,#+0
   \   0000000A   01D1               BNE      ??PMenable_0
   \                     ??PMenable_1:
   \   0000000C   0A60               STR      R2,[R1, #+0]
   \   0000000E   09E0               B        ??PMenable_2
    311            else if (onoff == 1) pio_set( PIOA, PM_CE );
   \                     ??PMenable_0:
   \   00000010   ....               LDR      R3,??DataTable26  ;; 0xfffff430
   \   00000012   0128               CMP      R0,#+1
   \   00000014   05D0               BEQ      ??PMenable_3
    312            else if (onoff == 2) 
   \   00000016   0228               CMP      R0,#+2
   \   00000018   04D1               BNE      ??PMenable_2
    313             //* Read the output state
    314              if ((pio_read(PIOA) & PM_CE ) == PM_CE ) pio_clear( PIOA, PM_CE);
   \   0000001A   0748               LDR      R0,??PMenable_4  ;; 0xfffff43c
   \   0000001C   0068               LDR      R0,[R0, #+0]
   \   0000001E   1042               TST      R0,R2
   \   00000020   F4D1               BNE      ??PMenable_1
    315               else pio_set( PIOA, PM_CE);
   \                     ??PMenable_3:
   \   00000022   1A60               STR      R2,[R3, #+0]
    316           if ((pio_read(PIOB) & PM_CE ) == PM_CE ) PMenableIs = ON; else PMenableIs = OFF;
   \                     ??PMenable_2:
   \   00000024   ....               LDR      R0,??DataTable25  ;; 0xfffff63c
   \   00000026   0068               LDR      R0,[R0, #+0]
   \   00000028   C004               LSLS     R0,R0,#+19
   \   0000002A   01D5               BPL      ??PMenable_5
   \   0000002C   0120               MOVS     R0,#+1
   \   0000002E   00E0               B        ??PMenable_6
   \                     ??PMenable_5:
   \   00000030   0020               MOVS     R0,#+0
   \                     ??PMenable_6:
   \   00000032   0249               LDR      R1,??PMenable_4+0x4  ;; PMenableIs
   \   00000034   ....               B.N      ?Subroutine40
   \   00000036   C046               Nop      
   \                     ??PMenable_4:
   \   00000038   3CF4FFFF           DC32     0xfffff43c
   \   0000003C   ........           DC32     PMenableIs
    317          }

   \                                 In segment CODE, align 4, keep-with-next
   \                     ?Subroutine40:
   \   00000000   0870               STRB     R0,[R1, #+0]
   \   00000002   01BC               POP      {R0}
   \   00000004   0047               BX       R0               ;; return
   \   00000006   C046               Nop      
   \                     ??Subroutine40_0:
   \   00000008   ........           DC32     PMclockIs

   \                                 In segment CODE, align 4, keep-with-next
    318          void PMclock(BYTE onoff)
    319          {
   \                     PMclock:
   \   00000000   00B5               PUSH     {LR}
    320           if (!onoff)  pio_set( PIOA, PM_CLK );
   \   00000002   8021               MOVS     R1,#+128
   \   00000004   C902               LSLS     R1,R1,#+11       ;; #+262144
   \   00000006   0028               CMP      R0,#+0
   \   00000008   01D1               BNE      ??PMclock_0
   \   0000000A   ....               LDR      R2,??DataTable26  ;; 0xfffff430
   \   0000000C   02E0               B.N      ??PMclock_1
    321            else if (onoff == 1) pio_clear( PIOA, PM_CLK );
   \                     ??PMclock_0:
   \   0000000E   0128               CMP      R0,#+1
   \   00000010   01D1               BNE      ??PMclock_2
   \   00000012   ....               LDR      R2,??DataTable27  ;; 0xfffff434
   \                     ??PMclock_1:
   \   00000014   1160               STR      R1,[R2, #+0]
    322           PMclockIs = onoff;
   \                     ??PMclock_2:
   \   00000016   ....               LDR      R1,??Subroutine40_0  ;; PMclockIs
   \   00000018                      REQUIRE ?Subroutine40
   \   00000018                      ;; // Fall through to label ?Subroutine40
    323          }
    324          

   \                                 In segment CODE, align 4, keep-with-next
    325          void PMdataout(BYTE onoff)
    326          {
   \                     PMdataout:
   \   00000000   00B5               PUSH     {LR}
    327           if (!onoff)  pio_set( PIOA, PM_DOUT );
   \   00000002   8021               MOVS     R1,#+128
   \   00000004   4902               LSLS     R1,R1,#+9        ;; #+65536
   \   00000006   0028               CMP      R0,#+0
   \   00000008   01D1               BNE      ??PMdataout_0
   \   0000000A   ....               LDR      R2,??DataTable26  ;; 0xfffff430
   \   0000000C   02E0               B.N      ??PMdataout_1
    328            else if (onoff == 1) pio_clear( PIOA, PM_DOUT );
   \                     ??PMdataout_0:
   \   0000000E   0128               CMP      R0,#+1
   \   00000010   01D1               BNE      ??PMdataout_2
   \   00000012   ....               LDR      R2,??DataTable27  ;; 0xfffff434
   \                     ??PMdataout_1:
   \   00000014   1160               STR      R1,[R2, #+0]
    329           PMdataoutIs = onoff;
   \                     ??PMdataout_2:
   \   00000016   0149               LDR      R1,??PMdataout_3  ;; PMdataoutIs
   \   00000018   ....               B.N      ?Subroutine40
   \   0000001A   C046               Nop      
   \                     ??PMdataout_3:
   \   0000001C   ........           DC32     PMdataoutIs
    330          }
    331          

   \                                 In segment CODE, align 4, keep-with-next
    332          void MODEMpower(BYTE onoff)
    333          {
   \                     MODEMpower:
   \   00000000   10B5               PUSH     {R4,LR}
    334           if (!onoff)  pio_clear( PIOB, MODEM_POWER );
   \   00000002   ....               LDR      R1,??DataTable29  ;; 0xfffff634
   \   00000004   8022               MOVS     R2,#+128
   \   00000006   D204               LSLS     R2,R2,#+19       ;; #+67108864
   \   00000008   0028               CMP      R0,#+0
   \   0000000A   01D1               BNE      ??MODEMpower_0
   \                     ??MODEMpower_1:
   \   0000000C   0A60               STR      R2,[R1, #+0]
   \   0000000E   09E0               B        ??MODEMpower_2
    335            else if (onoff == 1) pio_set( PIOB, MODEM_POWER );
   \                     ??MODEMpower_0:
   \   00000010   ....               LDR      R3,??DataTable28  ;; 0xfffff630
   \   00000012   0128               CMP      R0,#+1
   \   00000014   05D0               BEQ      ??MODEMpower_3
    336            else if (onoff == 2) 
   \   00000016   0228               CMP      R0,#+2
   \   00000018   04D1               BNE      ??MODEMpower_2
    337             //* Read the output state
    338              if ((pio_read(PIOB) & MODEM_POWER ) == MODEM_POWER ) pio_clear( PIOB, MODEM_POWER);
   \   0000001A   ....               LDR      R4,??DataTable25  ;; 0xfffff63c
   \   0000001C   2468               LDR      R4,[R4, #+0]
   \   0000001E   1440               ANDS     R4,R4,R2
   \   00000020   F4D1               BNE      ??MODEMpower_1
    339               else pio_set( PIOB, MODEM_POWER);
   \                     ??MODEMpower_3:
   \   00000022   1A60               STR      R2,[R3, #+0]
    340           ModemPowerIs = onoff;
   \                     ??MODEMpower_2:
   \   00000024   0049               LDR      R1,??MODEMpower_4  ;; ModemPowerIs
   \   00000026   ....               B.N      ?Subroutine35
   \                     ??MODEMpower_4:
   \   00000028   ........           DC32     ModemPowerIs
    341          } 
    342          

   \                                 In segment CODE, align 4, keep-with-next
    343          void pio_init(void)
    344          //configure the PIO Lines
    345          {
    346            // First, enable the clock of the PIO
    347            AT91F_PMC_EnablePeriphClock ( AT91C_BASE_PMC, 1 << AT91C_ID_PIOA ) ;
   \                     pio_init:
   \   00000000   1248               LDR      R0,??pio_init_0  ;; 0xfffffc10
   \   00000002   0421               MOVS     R1,#+4
   \   00000004   0160               STR      R1,[R0, #+0]
    348            AT91F_PMC_EnablePeriphClock ( AT91C_BASE_PMC, 1 << AT91C_ID_PIOB ) ;
   \   00000006   0821               MOVS     R1,#+8
   \   00000008   0160               STR      R1,[R0, #+0]
    349          
    350            pio_is_in( PIOA, AT91A_IN_MASK ) ;
   \   0000000A   1148               LDR      R0,??pio_init_0+0x4  ;; 0x705e2fe
   \   0000000C   1149               LDR      R1,??pio_init_0+0x8  ;; 0xfffff414
   \   0000000E   0860               STR      R0,[R1, #+0]
   \   00000010   1149               LDR      R1,??pio_init_0+0xC  ;; 0xfffff400
   \   00000012   0860               STR      R0,[R1, #+0]
    351            pio_is_out( PIOA, AT91A_OUT_MASK ) ;
   \   00000014   1148               LDR      R0,??pio_init_0+0x10  ;; 0x7051d01
   \   00000016   0860               STR      R0,[R1, #+0]
   \   00000018   1149               LDR      R1,??pio_init_0+0x14  ;; 0xfffff410
   \   0000001A   0860               STR      R0,[R1, #+0]
    352               	
    353            pio_is_in( PIOB, AT91B_IN_MASK ) ;
   \   0000001C   1148               LDR      R0,??pio_init_0+0x18  ;; 0x1e1f1f00
   \   0000001E   1249               LDR      R1,??pio_init_0+0x1C  ;; 0xfffff614
   \   00000020   0860               STR      R0,[R1, #+0]
   \   00000022   1249               LDR      R1,??pio_init_0+0x20  ;; 0xfffff600
   \   00000024   0860               STR      R0,[R1, #+0]
    354            pio_is_out( PIOB, AT91B_OUT_MASK ) ;  
   \   00000026   1248               LDR      R0,??pio_init_0+0x24  ;; 0x1e1fe0ff
   \   00000028   0860               STR      R0,[R1, #+0]
   \   0000002A   1249               LDR      R1,??pio_init_0+0x28  ;; 0xfffff610
   \   0000002C   0860               STR      R0,[R1, #+0]
    355          
    356            pio_set( PIOA, MODEM_RTS|PM_CE|I2C_DT|I2C_CK );
   \   0000002E   ....               LDR      R0,??DataTable26  ;; 0xfffff430
   \   00000030   E821               MOVS     R1,#+232
   \   00000032   4901               LSLS     R1,R1,#+5        ;; #+7424
   \   00000034   0160               STR      R1,[R0, #+0]
    357            pio_clear( PIOA, KEY_ADD0|KEY_ADD1|KEY_ADD2);
   \   00000036   ....               LDR      R0,??DataTable27  ;; 0xfffff434
   \   00000038   E021               MOVS     R1,#+224
   \   0000003A   C904               LSLS     R1,R1,#+19       ;; #+117440512
   \   0000003C   0160               STR      R1,[R0, #+0]
    358            pio_set( PIOB, PM_RST|LCD_RST|LCD_CS1|LCD_CS2|LCD_RW|LCD_EN|MODEM_DTR|MODEM_POWER|LP_RUN);
   \   0000003E   ....               LDR      R0,??DataTable28  ;; 0xfffff630
   \   00000040   0D49               LDR      R1,??pio_init_0+0x2C  ;; 0x161ea000
   \   00000042   0160               STR      R1,[R0, #+0]
    359            pio_clear( PIOB, LCD_LP|BUZZER);
   \   00000044   ....               LDR      R0,??DataTable29  ;; 0xfffff634
   \   00000046   0D49               LDR      R1,??pio_init_0+0x30  ;; 0x8004000
   \   00000048   0160               STR      R1,[R0, #+0]
    360          }        
   \   0000004A   7047               BX       LR               ;; return
   \                     ??pio_init_0:
   \   0000004C   10FCFFFF           DC32     0xfffffc10
   \   00000050   FEE20507           DC32     0x705e2fe
   \   00000054   14F4FFFF           DC32     0xfffff414
   \   00000058   00F4FFFF           DC32     0xfffff400
   \   0000005C   011D0507           DC32     0x7051d01
   \   00000060   10F4FFFF           DC32     0xfffff410
   \   00000064   001F1F1E           DC32     0x1e1f1f00
   \   00000068   14F6FFFF           DC32     0xfffff614
   \   0000006C   00F6FFFF           DC32     0xfffff600
   \   00000070   FFE01F1E           DC32     0x1e1fe0ff
   \   00000074   10F6FFFF           DC32     0xfffff610
   \   00000078   00A01E16           DC32     0x161ea000
   \   0000007C   00400008           DC32     0x8004000
    361          
    362          /******************************************/
    363          /*    EVENT 발생시 램프 점등으로 표시     */
    364          /*    LampOnTime 동안 점등을 유지         */
    365          /* This function must locate in main loop */
    366          /******************************************/

   \                                 In segment CODE, align 4, keep-with-next
    367          void event_indicating(void)
    368          {
   \                     event_indicating:
   \   00000000   31B5               PUSH     {R0,R4,R5,LR}
    369           //if (bPushKey|bPullKey)
    370           if (bPushKey) 
   \   00000002   144C               LDR      R4,??event_indicating_0  ;; sLampOnTime
   \   00000004   ....               LDR      R0,??DataTable32  ;; bPushKey
   \   00000006   0078               LDRB     R0,[R0, #+0]
   \   00000008   0028               CMP      R0,#+0
   \   0000000A   0BD0               BEQ      ??event_indicating_1
    371            { 
    372              sLampOnTime = SEC_1 >> 2;
   \   0000000C   7D20               MOVS     R0,#+125
   \   0000000E   2080               STRH     R0,[R4, #+0]
    373              sLcdOnTime = SEC_1 << 4;
   \   00000010   8001               LSLS     R0,R0,#+6
   \   00000012   6080               STRH     R0,[R4, #+2]
    374              LCDlamp(ON);
   \   00000014   0120               MOVS     R0,#+1
   \   00000016   ........           BL       LCDlamp
    375              sBuzzOnTime = SEC_1 >> 4;
   \   0000001A   1F20               MOVS     R0,#+31
   \   0000001C   A080               STRH     R0,[R4, #+4]
    376              Buzzer(ON);
   \   0000001E   0120               MOVS     R0,#+1
   \   00000020   ........           BL       Buzzer
    377            }
    378           
    379           //if (sLampOnTime) sLampOnTime--; else RUNlamp(OFF);
    380           RUNlamp(OFF);
   \                     ??event_indicating_1:
   \   00000024   0020               MOVS     R0,#+0
   \   00000026   ........           BL       RUNlamp
    381           if (sLcdOnTime) sLcdOnTime--; else LCDlamp(OFF);
   \   0000002A   6088               LDRH     R0,[R4, #+2]
   \   0000002C   ....               LDR      R5,??DataTable31  ;; 0xffff
   \   0000002E   0028               CMP      R0,#+0
   \   00000030   02D0               BEQ      ??event_indicating_2
   \   00000032   4019               ADDS     R0,R0,R5
   \   00000034   6080               STRH     R0,[R4, #+2]
   \   00000036   01E0               B        ??event_indicating_3
   \                     ??event_indicating_2:
   \   00000038   ........           BL       LCDlamp
    382           if (sBuzzOnTime) sBuzzOnTime--; else Buzzer(OFF);
   \                     ??event_indicating_3:
   \   0000003C   A088               LDRH     R0,[R4, #+4]
   \   0000003E   0028               CMP      R0,#+0
   \   00000040   02D0               BEQ      ??event_indicating_4
   \   00000042   4019               ADDS     R0,R0,R5
   \   00000044   A080               STRH     R0,[R4, #+4]
   \   00000046   01E0               B        ??event_indicating_5
   \                     ??event_indicating_4:
   \   00000048   ........           BL       Buzzer
    383          }
   \                     ??event_indicating_5:
   \   0000004C   38BC               POP      {R3-R5}
   \   0000004E   01BC               POP      {R0}
   \   00000050   0047               BX       R0               ;; return
   \   00000052   C046               Nop      
   \                     ??event_indicating_0:
   \   00000054   ........           DC32     sLampOnTime
    384          
    385          /*****************************************/
    386          /*    EVENT 발생 변수를 클리어           */
    387          /*****************************************/

   \                                 In segment CODE, align 4, keep-with-next
    388          void event_clear(void)
    389          {
    390            bPushKey = 0;
   \                     event_clear:
   \   00000000   0020               MOVS     R0,#+0
   \   00000002   ....               LDR      R1,??DataTable32  ;; bPushKey
   \   00000004   0870               STRB     R0,[R1, #+0]
    391            bPullKey = 0;
   \   00000006   0149               LDR      R1,??event_clear_0  ;; bPullKey
   \   00000008   0870               STRB     R0,[R1, #+0]
    392            //MsgPC = 0;
    393          }
   \   0000000A   7047               BX       LR               ;; return
   \                     ??event_clear_0:
   \   0000000C   ........           DC32     bPullKey
    394          

   \                                 In segment CODE, align 4, keep-with-next
    395          void pulse_out(char no)
    396          {
   \                     pulse_out:
   \   00000000   70B5               PUSH     {R4-R6,LR}
   \   00000002   0400               MOVS     R4,R0
    397                char loop;
    398            for (loop = 0; loop < no; loop++)
   \   00000004   0025               MOVS     R5,#+0
   \   00000006   0126               MOVS     R6,#+1
   \   00000008   0CE0               B        ??pulse_out_0
    399            {
    400              pio_set(PIOB, SPOUT);
   \                     ??pulse_out_1:
   \   0000000A   ....               LDR      R0,??DataTable33  ;; 0xfffff630
   \   0000000C   0660               STR      R6,[R0, #+0]
    401              delay_us(100);
   \   0000000E   6420               MOVS     R0,#+100
   \   00000010   ........           BL       delay_us
    402              delay_us(100);
   \   00000014   6420               MOVS     R0,#+100
   \   00000016   ........           BL       delay_us
    403              pio_clear(PIOB, SPOUT);
   \   0000001A   ....               LDR      R0,??DataTable34  ;; 0xfffff634
   \   0000001C   0660               STR      R6,[R0, #+0]
    404            }
   \   0000001E   6D1C               ADDS     R5,R5,#+1
   \   00000020   2D06               LSLS     R5,R5,#+24
   \   00000022   2D0E               LSRS     R5,R5,#+24
   \                     ??pulse_out_0:
   \   00000024   A542               CMP      R5,R4
   \   00000026   F0D3               BCC      ??pulse_out_1
    405          }
   \   00000028                      REQUIRE ?Subroutine36
   \   00000028                      ;; // Fall through to label ?Subroutine36
    406          
    407          /**********************************************/
    408          /* Calculate execute time current main loop   */
    409          /* If ExecTime is biggest, update MaxExecTime */
    410          /* This function must locate in main loop     */ 
    411          /**********************************************/

   \                                 In segment DATA_Z, align 4, align-sorted
    412          int iCounterT0;
   \                     iCounterT0:
   \   00000000                      DS8 4
    413          int iExecTime;
   \                     iExecTime:
   \   00000004                      DS8 4
    414          int iMaxExecTime;
   \                     iMaxExecTime:
   \   00000008                      DS8 4

   \                                 In segment CODE, align 4, keep-with-next
    415          void exec_time_check(void)
    416          {
   \                     exec_time_check:
   \   00000000   10B5               PUSH     {R4,LR}
    417            AT91PS_TC TC_pt = AT91C_BASE_TC0; 
    418            iCounterT0 = TC_pt->TC_CV;
   \   00000002   ....               LDR      R2,??DataTable36  ;; iCounterT0
   \   00000004   0B48               LDR      R0,??exec_time_check_0  ;; 0xfffa0010
   \   00000006   0068               LDR      R0,[R0, #+0]
   \   00000008   1060               STR      R0,[R2, #+0]
    419            iCounterT0 = iCounterT0 + ((Scan2ms - 1) * CLOCK_2MS);
   \   0000000A   0B49               LDR      R1,??exec_time_check_0+0x4  ;; Scan2ms
   \   0000000C   0B88               LDRH     R3,[R1, #+0]
   \   0000000E   5B1E               SUBS     R3,R3,#+1
   \   00000010   0A4C               LDR      R4,??exec_time_check_0+0x8  ;; 0xbbb7
   \   00000012   6343               MULS     R3,R4,R3
   \   00000014   C018               ADDS     R0,R0,R3
   \   00000016   1060               STR      R0,[R2, #+0]
    420            Scan2ms = 0;
   \   00000018   0023               MOVS     R3,#+0
   \   0000001A   0B80               STRH     R3,[R1, #+0]
    421            iExecTime = iCounterT0 * 1000;
    422            iExecTime = iExecTime / CLOCK_1MS;  // us
   \   0000001C   FA21               MOVS     R1,#+250
   \   0000001E   8900               LSLS     R1,R1,#+2        ;; #+1000
   \   00000020   4843               MULS     R0,R1,R0
   \   00000022   6108               LSRS     R1,R4,#+1
   \   00000024   ........           _BLF     ??div32_t,??rT??div32_t
   \   00000028   5160               STR      R1,[R2, #+4]
    423            if (iExecTime > iMaxExecTime) iMaxExecTime = iExecTime;
   \   0000002A   9068               LDR      R0,[R2, #+8]
   \   0000002C   8842               CMP      R0,R1
   \   0000002E   00DA               BGE      ??exec_time_check_1
   \   00000030   9160               STR      R1,[R2, #+8]
    424          }
   \                     ??exec_time_check_1:
   \   00000032   ....               B.N      ??Subroutine35_0
   \                     ??exec_time_check_0:
   \   00000034   1000FAFF           DC32     0xfffa0010
   \   00000038   ........           DC32     Scan2ms
   \   0000003C   B7BB0000           DC32     0xbbb7
    425          

   \                                 In segment CODE, align 4, keep-with-next
    426          void print_ExecTime(void)
    427          {
   \                     print_ExecTime:
   \   00000000   01B5               PUSH     {R0,LR}
    428             printf("\nExecTime:%4duS", iExecTime);
   \   00000002   ....               LDR      R0,??Subroutine39_0  ;; iCounterT0 + 4
   \   00000004   0168               LDR      R1,[R0, #+0]
   \   00000006   ....               LDR      R0,??Subroutine39_0+0x4  ;; `?<Constant "\\nExecTime:%4duS">`
   \   00000008   ........           _BLF     printf,??printf??rT
    429          }
   \   0000000C                      REQUIRE ?Subroutine39
   \   0000000C                      ;; // Fall through to label ?Subroutine39
    430          

   \                                 In segment CODE, align 4, keep-with-next
    431          void print_MaxExecTime(void)
    432          {
   \                     print_MaxExecTime:
   \   00000000   10B5               PUSH     {R4,LR}
    433             printf("\nMaxExecTime:%4duS", iMaxExecTime);
   \   00000002   044C               LDR      R4,??print_MaxExecTime_0  ;; iCounterT0
   \   00000004   A168               LDR      R1,[R4, #+8]
   \   00000006   0448               LDR      R0,??print_MaxExecTime_0+0x4  ;; `?<Constant "\\nMaxExecTime:%4duS">`
   \   00000008   ........           _BLF     printf,??printf??rT
    434             iMaxExecTime = iExecTime+1;
   \   0000000C   6068               LDR      R0,[R4, #+4]
   \   0000000E   401C               ADDS     R0,R0,#+1
   \   00000010   A060               STR      R0,[R4, #+8]
    435          }
   \   00000012   ....               B.N      ??Subroutine35_0
   \                     ??print_MaxExecTime_0:
   \   00000014   ........           DC32     iCounterT0
   \   00000018   ........           DC32     `?<Constant "\\nMaxExecTime:%4duS">`
    436          

   \                                 In segment CODE, align 4, keep-with-next
    437          void exec_time_display(void)
    438          {
   \                     exec_time_display:
   \   00000000   01B5               PUSH     {R0,LR}
    439            iExecTime = iCounterT0 * 1000;
    440            iExecTime = iExecTime / CLOCK_1MS;  // us
   \   00000002   ....               LDR      R2,??DataTable36  ;; iCounterT0
   \   00000004   1068               LDR      R0,[R2, #+0]
   \   00000006   FA21               MOVS     R1,#+250
   \   00000008   8900               LSLS     R1,R1,#+2        ;; #+1000
   \   0000000A   4843               MULS     R0,R1,R0
   \   0000000C   0449               LDR      R1,??exec_time_display_0  ;; 0x5ddb
   \   0000000E   ........           _BLF     ??div32_t,??rT??div32_t
   \   00000012   5160               STR      R1,[R2, #+4]
    441            if (iExecTime > iMaxExecTime) print_MaxExecTime();
   \   00000014   9068               LDR      R0,[R2, #+8]
   \   00000016   8842               CMP      R0,R1
   \   00000018   01DA               BGE      ??exec_time_display_1
   \   0000001A   ........           BL       print_MaxExecTime
    442          }
   \                     ??exec_time_display_1:
   \   0000001E   ....               B.N      ?Subroutine39
   \                     ??exec_time_display_0:
   \   00000020   DB5D0000           DC32     0x5ddb
    443          

   \                                 In segment CODE, align 4, keep-with-next
    444          void execmode_change(char mode)
    445          {
    446             sExecStep = 0;
   \                     execmode_change:
   \   00000000   ....               LDR      R1,??DataTable37  ;; sExecStep
   \   00000002   0022               MOVS     R2,#+0
   \   00000004   0A80               STRH     R2,[R1, #+0]
    447             ExecMode = mode;
   \   00000006   0149               LDR      R1,??execmode_change_0  ;; ExecMode
   \   00000008   0870               STRB     R0,[R1, #+0]
    448          }
   \   0000000A   7047               BX       LR               ;; return
   \                     ??execmode_change_0:
   \   0000000C   ........           DC32     ExecMode

   \                                 In segment CODE, align 4, keep-with-next
   \                     ??DataTable1:
   \   00000000   ........           DC32     DebugMonit

   \                                 In segment CODE, align 4, keep-with-next
   \                     ??DataTable2:
   \   00000000   FFFF0000           DC32     0xffff

   \                                 In segment CODE, align 4, keep-with-next
   \                     ??DataTable3:
   \   00000000   ........           DC32     sExecStep

   \                                 In segment CODE, align 4, keep-with-next
   \                     ??DataTable25:
   \   00000000   3CF6FFFF           DC32     0xfffff63c

   \                                 In segment CODE, align 4, keep-with-next
   \                     ??DataTable26:
   \   00000000   30F4FFFF           DC32     0xfffff430

   \                                 In segment CODE, align 4, keep-with-next
   \                     ??DataTable27:
   \   00000000   34F4FFFF           DC32     0xfffff434

   \                                 In segment CODE, align 4, keep-with-next
   \                     ??DataTable28:
   \   00000000   30F6FFFF           DC32     0xfffff630

   \                                 In segment CODE, align 4, keep-with-next
   \                     ??DataTable29:
   \   00000000   34F6FFFF           DC32     0xfffff634

   \                                 In segment CODE, align 4, keep-with-next
   \                     ??DataTable31:
   \   00000000   FFFF0000           DC32     0xffff

   \                                 In segment CODE, align 4, keep-with-next
   \                     ??DataTable32:
   \   00000000   ........           DC32     bPushKey

   \                                 In segment CODE, align 4, keep-with-next
   \                     ??DataTable33:
   \   00000000   30F6FFFF           DC32     0xfffff630

   \                                 In segment CODE, align 4, keep-with-next
   \                     ??DataTable34:
   \   00000000   34F6FFFF           DC32     0xfffff634

   \                                 In segment CODE, align 4, keep-with-next
   \                     ??DataTable36:
   \   00000000   ........           DC32     iCounterT0

   \                                 In segment CODE, align 4, keep-with-next
   \                     ??DataTable37:
   \   00000000   ........           DC32     sExecStep

   \                                 In segment DATA_C, align 4, align-sorted
   \                     `?<Constant "\\nExecTime:%4duS">`:
   \   00000000   0A4578656354       DC8 "\012ExecTime:%4duS"
   \              696D653A2534
   \              64755300    

   \                                 In segment DATA_C, align 4, align-sorted
   \                     `?<Constant "\\nMaxExecTime:%4duS">`:
   \   00000000   0A4D61784578       DC8 "\012MaxExecTime:%4duS"
   \              656354696D65
   \              3A2534647553
   \              00          
   \   00000013   00                 DC8 0
    449          
    450          
    451          /* Not Use codes
    452          int change_led ( int no )
    453          {
    454              if ( (AT91F_PIO_GetInput(AT91D_BASE_PIO_SW) & AT91B_SW3) == 0 )
    455              {
    456                 no--;
    457              }
    458              if ( (AT91F_PIO_GetInput(AT91D_BASE_PIO_SW) & AT91B_SW4) == 0 )
    459              {
    460                 no++;
    461              }
    462              no &= 0x03;
    463              return no;
    464          }
    465          
    466          
    467          void all_led_onoff(char onoff)
    468          {
    469            if (onoff == 0) 
    470            {
    471             AT91F_PIO_ClearOutput( AT91C_BASE_PIOB, AT91B_LED1 );
    472             AT91F_PIO_ClearOutput( AT91C_BASE_PIOB, AT91B_LED2);
    473             AT91F_PIO_ClearOutput( AT91C_BASE_PIOB, AT91B_LED3 );
    474             AT91F_PIO_ClearOutput( AT91C_BASE_PIOB, AT91B_LED4 );
    475            } 
    476            else 
    477            {
    478              AT91F_PIO_SetOutput( AT91C_BASE_PIOB, AT91B_LED1 );
    479              AT91F_PIO_SetOutput( AT91C_BASE_PIOB, AT91B_LED2 );
    480              AT91F_PIO_SetOutput( AT91C_BASE_PIOB, AT91B_LED3 );
    481              AT91F_PIO_SetOutput( AT91C_BASE_PIOB, AT91B_LED4 );
    482            };
    483          }
    484          
    485          void led_rotate(void)
    486          {
    487            int i;
    488                  // Once a Shot on each led
    489          	for ( i=0 ; i < AT91B_NB_LEB ; i++ )
    490                  {
    491          	    AT91F_PIO_ClearOutput( AT91D_BASE_PIO_LED, led_mask[i]) ;
    492          	    wait();
    493          	    AT91F_PIO_SetOutput( AT91D_BASE_PIO_LED, led_mask[i] ) ;
    494          	    wait();
    495                  }// End for
    496                 
    497                  // Once a Shot on each led
    498                  for ( i=(AT91B_NB_LEB-1) ; i >= 0 ; i-- )
    499                  {
    500          	    AT91F_PIO_ClearOutput( AT91D_BASE_PIO_LED, led_mask[i]) ;
    501          	    wait();
    502          	    AT91F_PIO_SetOutput( AT91D_BASE_PIO_LED, led_mask[i] ) ;
    503          	    wait();
    504                  } 
    505          }
    506          
    507          //--------------------------------------------------------------------------------------
    508          // Function Name       : change_speed
    509          // Object              : Adjust "LedSpeed" value depending on SW1 and SW2 are pressed or not
    510          // Input Parameters    : none
    511          // Output Parameters   : Update of LedSpeed value.
    512          //--------------------------------------------------------------------------------------
    513          void change_speed ( void )
    514          {
    515              if ( (AT91F_PIO_GetInput(AT91D_BASE_PIO_SW) & AT91B_SW1) == 0 )
    516              {
    517                  if ( LedSpeed > SPEED ) LedSpeed -=SPEED ;
    518              }
    519              if ( (AT91F_PIO_GetInput(AT91D_BASE_PIO_SW) & AT91B_SW2) == 0 )
    520              {
    521                  if ( LedSpeed < AT91B_MAIN_OSC ) LedSpeed +=SPEED ;
    522              }
    523          }
    524          
    525          //--------------------------------------------------------------------------------------
    526          // Function Name       : wait
    527          // Object              : Software waiting loop
    528          // Input Parameters    : none. Waiting time is defined by the global variable LedSpeed.
    529          // Output Parameters   : none
    530          //--------------------------------------------------------------------------------------
    531          void wait ( void )
    532          {// Begin
    533              unsigned int waiting_time ;
    534              change_speed () ;
    535              for(waiting_time = 0; waiting_time < LedSpeed; waiting_time++) ;
    536          }// End
    537          
    538          void led_shift(void)
    539          {
    540           unsigned char no;
    541            led_onoff(LEDno, LEDon);
    542            no = change_led(LEDno);
    543            if (no != LEDno) 
    544            {
    545              led_onoff(LEDno, 0);
    546              LEDno = no;
    547            }
    548            LEDon ^= 1; 
    549          }
    550          
    551          */

   Maximum stack usage in bytes:

     Function          CSTACK
     --------          ------
     Buzzer                8
     LCDlamp              12
     MODEMpower            8
     MakeCrc16            12
     PMclock               4
     PMdataout             4
     PMenable              4
     PMreset               8
     RUNlamp               8
     ascii2byte            4
     ascii2hex             4
     ascii2short          16
     bcd2hex               0
     bcd2hex_int           0
     bcd2int               0
     debug_monit           0
     delay                 8
     delay_us              4
     event_clear           0
     event_indicating     16
     exec_time_check       8
     exec_time_display     8
     execmode_change       0
     high2ascii            4
     hour24to12            4
     low2ascii             4
     pio_init              0
     print_ExecTime        8
     print_MaxExecTime     8
     print_str             8
     pulse_out            16
     putchar              16
     putstring1           16
     step_delay           12


   Segment part sizes:

     Function/Label                 Bytes
     --------------                 -----
     putchar                          54
     ?Subroutine34                     6
     print_str                        46
     ?Subroutine35                    12
     putstring1                       48
     ?Subroutine36                     6
     DebugMonit                        1
     debug_monit                       6
     ascii2hex                        14
     ?Subroutine37                    18
     ascii2byte                       32
     ascii2short                      24
     high2ascii                        6
     low2ascii                         8
     bcd2int                          28
     bcd2hex                          18
     bcd2hex_int                      32
     hour24to12                       18
     MakeCrc16                        68
     ?Subroutine38                    12
     delay                            28
     ?Subroutine39                    16
     delay_us                         26
     DelayStep                         4
     step_delay                       52
     RunLampIs                         1
     LcdLampIs                         1
     BuzzerIs                          1
     ModemPowerIs                      1
     PMresetIs                         1
     PMenableIs                        1
     PMdataoutIs                       1
     PMclockIs                         1
     sLampOnTime                       6
     RUNlamp                          44
     LCDlamp                          56
     Buzzer                           40
     PMreset                          56
     PMenable                         64
     ?Subroutine40                    12
     PMclock                          24
     PMdataout                        32
     MODEMpower                       44
     pio_init                        128
     event_indicating                 88
     event_clear                      16
     pulse_out                        40
     iCounterT0                       12
     exec_time_check                  64
     print_ExecTime                   12
     print_MaxExecTime                28
     exec_time_display                36
     execmode_change                  16
     ??DataTable1                      4
     ??DataTable2                      4
     ??DataTable3                      4
     ??DataTable25                     4
     ??DataTable26                     4
     ??DataTable27                     4
     ??DataTable28                     4
     ??DataTable29                     4
     ??DataTable31                     4
     ??DataTable32                     4
     ??DataTable33                     4
     ??DataTable34                     4
     ??DataTable36                     4
     ??DataTable37                     4
     ?<Constant "\nExecTime:%4duS">   16
     ?<Constant "\nMaxExecTime:%4duS">
                                      20
      Others                         364

 
 1 786 bytes in segment CODE
    36 bytes in segment DATA_C
    31 bytes in segment DATA_Z
    12 bytes in segment INITTAB
 
 1 434 bytes of CODE  memory (+ 364 bytes shared)
    36 bytes of CONST memory
    31 bytes of DATA  memory

Errors: none
Warnings: none
