##############################################################################
#                                                                            #
# IAR ARM ANSI C/C++ Compiler V4.40A/W32 EVALUATION    10/Jul/2007  17:53:07 #
# Copyright 1999-2005 IAR Systems. All rights reserved.                      #
#                                                                            #
#    Cpu mode        =  interwork                                            #
#    Endian          =  little                                               #
#    Stack alignment =  8                                                    #
#    Source file     =  C:\E-pia\EpiaLoadMonit_v01\EpiaLoadMonit\src\interru #
#                       pt_Usart1.c                                          #
#    Command line    =  C:\E-pia\EpiaLoadMonit_v01\EpiaLoadMonit\src\interru #
#                       pt_Usart1.c -D NDEBUG -lC                            #
#                       C:\E-pia\EpiaLoadMonit_v01\EpiaLoadMonit\compil\Debu #
#                       g\List\ -lB C:\E-pia\EpiaLoadMonit_v01\EpiaLoadMonit #
#                       \compil\Debug\List\ -o C:\E-pia\EpiaLoadMonit_v01\Ep #
#                       iaLoadMonit\compil\Debug\Obj\ -z9 --debug            #
#                       --cpu_mode thumb --endian little --cpu ARM7TDMI      #
#                       --stack_align 8 --interwork -e --fpu None            #
#                       --dlib_config "C:\Program Files\IAR                  #
#                       Systems\Embedded Workbench 4.0                       #
#                       Evaluation\ARM\LIB\dl4tptinl8n.h" -I                 #
#                       C:\E-pia\EpiaLoadMonit_v01\EpiaLoadMonit\compil\srcI #
#                       AR\ -I C:\E-pia\EpiaLoadMonit_v01\EpiaLoadMonit\comp #
#                       il\..\src\ -I C:\E-pia\EpiaLoadMonit_v01\EpiaLoadMon #
#                       it\compil\..\..\ -I "C:\Program Files\IAR            #
#                       Systems\Embedded Workbench 4.0 Evaluation\ARM\INC\"  #
#    List file       =  C:\E-pia\EpiaLoadMonit_v01\EpiaLoadMonit\compil\Debu #
#                       g\List\interrupt_Usart1.lst                          #
#    Object file     =  C:\E-pia\EpiaLoadMonit_v01\EpiaLoadMonit\compil\Debu #
#                       g\Obj\interrupt_Usart1.r79                           #
#                                                                            #
#                                                                            #
##############################################################################

C:\E-pia\EpiaLoadMonit_v01\EpiaLoadMonit\src\interrupt_Usart1.c
      1          // ----------------------------------------------------------------------------
      2          //         ATMEL Microcontroller Software Support  -  ROUSSET  -
      3          // ----------------------------------------------------------------------------
      4          // File Name           : interrupt_Usart1.c
      5          // Object              : USART Interrupt Management
      6          // Creation            : JPP   08-Sep-2005
      7          // Modify              : Leey YongKwan 2006/12/01
      8          // ----------------------------------------------------------------------------
      9          
     10          #define BYTE  unsigned short
     11          // Include Standard LIB  files
     12          #include "project.h"

   \                                 In segment CODE, align 4, keep-with-next
   \   __??Code16?? __code __interwork __atpcs void AT91F_PDC_Open(AT91PS_PDC)
   \                     AT91F_PDC_Open:
   \   00000000   0221               MOVS     R1,#+2
   \   00000002   0162               STR      R1,[R0, #+32]
   \   00000004   0902               LSLS     R1,R1,#+8
   \   00000006   0162               STR      R1,[R0, #+32]
   \   00000008   0021               MOVS     R1,#+0
   \   0000000A   8161               STR      R1,[R0, #+24]
   \   0000000C   C161               STR      R1,[R0, #+28]
   \   0000000E   0161               STR      R1,[R0, #+16]
   \   00000010   4161               STR      R1,[R0, #+20]
   \   00000012   8160               STR      R1,[R0, #+8]
   \   00000014   C160               STR      R1,[R0, #+12]
   \   00000016   0160               STR      R1,[R0, #+0]
   \   00000018   4160               STR      R1,[R0, #+4]
   \   0000001A   0121               MOVS     R1,#+1
   \   0000001C   0162               STR      R1,[R0, #+32]
   \   0000001E   0902               LSLS     R1,R1,#+8
   \   00000020   0162               STR      R1,[R0, #+32]
   \   00000022   7047               BX       LR               ;; return
     13          
     14          #define USART_INTERRUPT_LEVEL		7
     15          //#define RFID_BAUD_RATE		38400 // RFID INITUS
     16          //#define COM1_BAUD_RATE		9600          // RFID ETS
     17          #define COM1_BAUD_RATE			115200        //CDMA Modem RS890
     18          
     19          //* \fn    AT91F_US_Baudrate
     20          //* \brief Calculate the baudrate
     21          //* Standard Asynchronous Mode : 8 bits , 1 stop , no parity
     22          #define AT91C_US_ASYNC_MODE ( AT91C_US_USMODE_NORMAL + \
     23                                  AT91C_US_NBSTOP_1_BIT + \
     24                                  AT91C_US_PAR_NONE + \
     25                                  AT91C_US_CHRL_8_BITS + \
     26                                  AT91C_US_CLKS_CLOCK )
     27          
     28          // USART1 Receiver buffer
     29          #define RX_BUFFER_SIZE1 256

   \                                 In segment DATA_Z, align 4, align-sorted
     30          BYTE  rx_buffer1[RX_BUFFER_SIZE1];
   \                     rx_buffer1:
   \   00000000                      DS8 512

   \                                 In segment DATA_Z, align 2, align-sorted
     31          short rx_wr_index1,rx_rd_index1,rx_counter1;
     32          // This flag is set on USART1 Receiver buffer overflow
     33          char ErrUsart1;
   \                     ErrUsart1:
   \   00000000                      DS8 1
   \   00000001                      DS8 1
   \                     rx_wr_index1:
   \   00000002                      DS8 2
   \                     rx_rd_index1:
   \   00000004                      DS8 2
     34          
     35          
     36          // USART1 Transmitter buffer
     37          #define TX_BUFFER_SIZE1 256
     38          BYTE  tx_buffer1[TX_BUFFER_SIZE1];
     39          short tx_wr_index1,tx_rd_index1,tx_counter1;
   \                     tx_wr_index1:
   \   00000006                      DS8 2
   \                     tx_rd_index1:
   \   00000008                      DS8 2

   \                                 In segment DATA_Z, align 2, align-sorted
   \                     rx_counter1:
   \   00000000                      DS8 2

   \                                 In segment DATA_Z, align 4, align-sorted
   \                     tx_buffer1:
   \   00000000                      DS8 512

   \                                 In segment DATA_Z, align 2, align-sorted
   \                     tx_counter1:
   \   00000000                      DS8 2
     40          
     41          //*------------------------- Internal Function --------------------------------
     42          
     43          //*----------------------------------------------------------------------------
     44          //* Function Name       : Usart1_c_irq_handler
     45          //* Object              : C handler interrupt function calAT91B_LED by the interrupts
     46          //*                       assembling routine
     47          //* Input Parameters    : <RTC_pt> time rtc descriptor
     48          //* Output Parameters   : increment count_timer1_interrupt
     49          //*----------------------------------------------------------------------------
     50          

   \                                 In segment CODE_I, align 4, keep-with-next
     51          __ramfunc void Usart1_c_irq_handler(void)
     52          {
   \                     Usart1_c_irq_handler:
   \   00000000   F0B5               PUSH     {R4-R7,LR}
     53          unsigned char  data;
     54                  //GRNlamp(ON);
     55          	AT91PS_USART USART_pt = AT91C_BASE_US1;
     56          	unsigned int status;
     57          	//* get Usart status register
     58          	status = USART_pt->US_CSR;
   \   00000002   2548               LDR      R0,??Usart1_c_irq_handler_0  ;; 0xfffc4014
   \   00000004   0068               LDR      R0,[R0, #+0]
     59          	if ( status & AT91C_US_RXRDY)   // (DBGU) RXRDY Interrupt
   \   00000006   2549               LDR      R1,??Usart1_c_irq_handler_0+0x4  ;; ErrUsart1
   \   00000008   254A               LDR      R2,??Usart1_c_irq_handler_0+0x8  ;; 0xfffc4018
   \   0000000A   C307               LSLS     R3,R0,#+31
   \   0000000C   11D5               BPL      ??Usart1_c_irq_handler_1
     60                   {    
     61                    data = AT91F_US_GetChar(USART_pt);
   \   0000000E   1368               LDR      R3,[R2, #+0]
   \   00000010   1B06               LSLS     R3,R3,#+24
   \   00000012   1B0E               LSRS     R3,R3,#+24
     62                   // AT91F_US_PutChar (USART_pt, data);    // echo return
     63                    rx_buffer1[rx_wr_index1]=data;
   \   00000014   0224               MOVS     R4,#+2
   \   00000016   0C5F               LDRSH    R4,[R1, R4]
   \   00000018   6500               LSLS     R5,R4,#+1
   \   0000001A   224E               LDR      R6,??Usart1_c_irq_handler_0+0xC  ;; rx_buffer1
   \   0000001C   7353               STRH     R3,[R6, R5]
     64                    ++rx_wr_index1;
     65                    rx_wr_index1 &= 0xFF;
   \   0000001E   641C               ADDS     R4,R4,#+1
   \   00000020   2306               LSLS     R3,R4,#+24
   \   00000022   1B0E               LSRS     R3,R3,#+24
   \   00000024   4B80               STRH     R3,[R1, #+2]
     66                    if (rx_wr_index1 == rx_rd_index1) ErrUsart1 = 'B';
   \   00000026   0424               MOVS     R4,#+4
   \   00000028   0C5F               LDRSH    R4,[R1, R4]
   \   0000002A   A342               CMP      R3,R4
   \   0000002C   01D1               BNE      ??Usart1_c_irq_handler_1
   \   0000002E   4223               MOVS     R3,#+66
   \   00000030   0B70               STRB     R3,[R1, #+0]
     67          	}
     68                  
     69                  if ( status & AT91C_US_TXRDY)
   \                     ??Usart1_c_irq_handler_1:
   \   00000032   0823               MOVS     R3,#+8
   \   00000034   CC5E               LDRSH    R4,[R1, R3]
   \   00000036   F833               ADDS     R3,R3,#+248
   \   00000038   0225               MOVS     R5,#+2
   \   0000003A   2842               TST      R0,R5
   \   0000003C   13D0               BEQ      ??Usart1_c_irq_handler_2
     70                   {
     71                    if ( tx_rd_index1 != tx_wr_index1 ) 
   \   0000003E   0626               MOVS     R6,#+6
   \   00000040   8E5F               LDRSH    R6,[R1, R6]
   \   00000042   B442               CMP      R4,R6
   \   00000044   0DD0               BEQ      ??Usart1_c_irq_handler_3
     72                     {
     73                      AT91F_US_PutChar (USART_pt, tx_buffer1[tx_rd_index1]);
   \   00000046   184D               LDR      R5,??Usart1_c_irq_handler_0+0x10  ;; 0xfffc401c
   \   00000048   6600               LSLS     R6,R4,#+1
   \   0000004A   184F               LDR      R7,??Usart1_c_irq_handler_0+0x14  ;; tx_buffer1
   \   0000004C   BE5B               LDRH     R6,[R7, R6]
   \   0000004E   F605               LSLS     R6,R6,#+23
   \   00000050   F60D               LSRS     R6,R6,#+23
   \   00000052   2E60               STR      R6,[R5, #+0]
     74                      if (++tx_rd_index1 == TX_BUFFER_SIZE1) tx_rd_index1=0;
   \   00000054   641C               ADDS     R4,R4,#+1
   \   00000056   2404               LSLS     R4,R4,#+16
   \   00000058   2414               ASRS     R4,R4,#+16
   \   0000005A   9C42               CMP      R4,R3
   \   0000005C   03D1               BNE      ??Usart1_c_irq_handler_2
   \   0000005E   0024               MOVS     R4,#+0
   \   00000060   01E0               B        ??Usart1_c_irq_handler_2
     75                     }
     76                    else 
     77                     AT91F_US_DisableIt(AT91C_BASE_US1, AT91C_US_TXRDY);
   \                     ??Usart1_c_irq_handler_3:
   \   00000062   134E               LDR      R6,??Usart1_c_irq_handler_0+0x18  ;; 0xfffc400c
   \   00000064   3560               STR      R5,[R6, #+0]
   \                     ??Usart1_c_irq_handler_2:
   \   00000066   0C81               STRH     R4,[R1, #+8]
     78                  }
     79          	if ( status & AT91C_US_OVRE) {
   \   00000068   8406               LSLS     R4,R0,#+26
   \   0000006A   02D5               BPL      ??Usart1_c_irq_handler_4
     80          		//* clear US_RXRDY
     81          		 AT91F_US_GetChar(USART_pt);
   \   0000006C   1268               LDR      R2,[R2, #+0]
     82                           ErrUsart1 = 'O';
   \   0000006E   4F22               MOVS     R2,#+79
   \   00000070   0A70               STRB     R2,[R1, #+0]
     83          		 //AT91F_US_PutChar (USART_pt, 'O');
     84          	}
     85          
     86          	//* Check error
     87          	if ( status & AT91C_US_PARE) {
   \                     ??Usart1_c_irq_handler_4:
   \   00000072   5022               MOVS     R2,#+80
   \   00000074   0406               LSLS     R4,R0,#+24
   \   00000076   00D5               BPL      ??Usart1_c_irq_handler_5
     88                           ErrUsart1 = 'P';
   \   00000078   0A70               STRB     R2,[R1, #+0]
     89          		 //AT91F_US_PutChar (USART_pt, 'P');
     90          	}
     91          
     92          	if ( status & AT91C_US_FRAME) {
   \                     ??Usart1_c_irq_handler_5:
   \   0000007A   4406               LSLS     R4,R0,#+25
   \   0000007C   00D5               BPL      ??Usart1_c_irq_handler_6
     93                           ErrUsart1 = 'P';
   \   0000007E   0A70               STRB     R2,[R1, #+0]
     94          		 //AT91F_US_PutChar (USART_pt, 'F');
     95          	}
     96          
     97          	if ( status & AT91C_US_TIMEOUT){
   \                     ??Usart1_c_irq_handler_6:
   \   00000080   0C4A               LDR      R2,??Usart1_c_irq_handler_0+0x1C  ;; 0xfffc4000
   \   00000082   1842               TST      R0,R3
   \   00000084   03D0               BEQ      ??Usart1_c_irq_handler_7
     98          		USART_pt->US_CR = AT91C_US_STTTO;
   \   00000086   D800               LSLS     R0,R3,#+3
   \   00000088   1060               STR      R0,[R2, #+0]
     99          		ErrUsart1 = 'T';
   \   0000008A   5420               MOVS     R0,#+84
   \   0000008C   0870               STRB     R0,[R1, #+0]
    100                          //AT91F_US_PutChar (USART_pt, 'T');
    101          	}
    102          	//* Reset the satus bit
    103          	 USART_pt->US_CR = AT91C_US_RSTSTA;
   \                     ??Usart1_c_irq_handler_7:
   \   0000008E   1360               STR      R3,[R2, #+0]
    104          }
   \   00000090   F0BC               POP      {R4-R7}
   \   00000092   01BC               POP      {R0}
   \   00000094   0047               BX       R0               ;; return
   \   00000096   C046               Nop      
   \                     ??Usart1_c_irq_handler_0:
   \   00000098   1440FCFF           DC32     0xfffc4014
   \   0000009C   ........           DC32     ErrUsart1
   \   000000A0   1840FCFF           DC32     0xfffc4018
   \   000000A4   ........           DC32     rx_buffer1
   \   000000A8   1C40FCFF           DC32     0xfffc401c
   \   000000AC   ........           DC32     tx_buffer1
   \   000000B0   0C40FCFF           DC32     0xfffc400c
   \   000000B4   0040FCFF           DC32     0xfffc4000
    105          
    106          // Get a character from the USART1 Receiver buffer

   \                                 In segment CODE, align 4, keep-with-next
    107          char getchar1(void)
    108          {
   \                     getchar1:
   \   00000000   00B5               PUSH     {LR}
   \   00000002   ....               LDR      R1,??DataTable4  ;; ErrUsart1
   \   00000004   0420               MOVS     R0,#+4
   \   00000006   0A5E               LDRSH    R2,[R1, R0]
    109           char data;
    110                while (rx_rd_index1 == rx_wr_index1);
   \                     ??getchar1_0:
   \   00000008   0220               MOVS     R0,#+2
   \   0000000A   085E               LDRSH    R0,[R1, R0]
   \   0000000C   8242               CMP      R2,R0
   \   0000000E   FBD0               BEQ      ??getchar1_0
    111                data=rx_buffer1[rx_rd_index1];
   \   00000010   5000               LSLS     R0,R2,#+1
   \   00000012   084B               LDR      R3,??getchar1_1  ;; rx_buffer1
   \   00000014   185A               LDRH     R0,[R3, R0]
   \   00000016   0006               LSLS     R0,R0,#+24
   \   00000018   000E               LSRS     R0,R0,#+24
    112                if (++rx_rd_index1 == RX_BUFFER_SIZE1) rx_rd_index1=0;
   \   0000001A   521C               ADDS     R2,R2,#+1
   \   0000001C   8A80               STRH     R2,[R1, #+4]
   \   0000001E   8023               MOVS     R3,#+128
   \   00000020   5B00               LSLS     R3,R3,#+1        ;; #+256
   \   00000022   1204               LSLS     R2,R2,#+16
   \   00000024   1214               ASRS     R2,R2,#+16
   \   00000026   9A42               CMP      R2,R3
   \   00000028   01D1               BNE      ??getchar1_2
   \   0000002A   0022               MOVS     R2,#+0
   \   0000002C   8A80               STRH     R2,[R1, #+4]
    113          return data;
   \                     ??getchar1_2:
   \   0000002E   02BC               POP      {R1}
   \   00000030   0847               BX       R1               ;; return
   \   00000032   C046               Nop      
   \                     ??getchar1_1:
   \   00000034   ........           DC32     rx_buffer1
    114          }
    115          

   \                                 In segment CODE, align 4, keep-with-next
    116          void putchar1(char c)
    117          {
   \                     putchar1:
   \   00000000   70B5               PUSH     {R4-R6,LR}
    118                AT91PS_USART USART_pt = AT91C_BASE_US1;
    119                unsigned int status;
    120                //* get Usart status register
    121                status = USART_pt->US_CSR;
   \   00000002   1049               LDR      R1,??putchar1_0  ;; 0xfffc4014
   \   00000004   0968               LDR      R1,[R1, #+0]
    122                if ((tx_rd_index1 != tx_wr_index1) | ((status & AT91C_US_TXRDY) == 0 ))
   \   00000006   ....               LDR      R2,??DataTable4  ;; ErrUsart1
   \   00000008   0623               MOVS     R3,#+6
   \   0000000A   D55E               LDRSH    R5,[R2, R3]
   \   0000000C   2B00               MOVS     R3,R5
   \   0000000E   0224               MOVS     R4,#+2
   \   00000010   0826               MOVS     R6,#+8
   \   00000012   965F               LDRSH    R6,[R2, R6]
   \   00000014   AE42               CMP      R6,R5
   \   00000016   04D1               BNE      ??putchar1_1
   \   00000018   2142               TST      R1,R4
   \   0000001A   02D0               BEQ      ??putchar1_1
    123                 {
    124                  tx_buffer1[tx_wr_index1]=c;
    125                  if (++tx_wr_index1 == TX_BUFFER_SIZE1) tx_wr_index1=0;
    126                  AT91F_US_EnableIt(AT91C_BASE_US1, AT91C_US_TXRDY);
    127                   // AT91C_US_TIMEOUT | AT91C_US_FRAME | AT91C_US_OVRE |AT91C_US_TXRDY);
    128                 }
    129                else
    130                {
    131                 AT91F_US_PutChar (USART_pt, c); 
   \   0000001C   0A49               LDR      R1,??putchar1_0+0x4  ;; 0xfffc401c
   \   0000001E   0860               STR      R0,[R1, #+0]
   \   00000020   0BE0               B        ??putchar1_2
    132                }
   \                     ??putchar1_1:
   \   00000022   5900               LSLS     R1,R3,#+1
   \   00000024   094D               LDR      R5,??putchar1_0+0x8  ;; tx_buffer1
   \   00000026   6852               STRH     R0,[R5, R1]
   \   00000028   5B1C               ADDS     R3,R3,#+1
   \   0000002A   E001               LSLS     R0,R4,#+7
   \   0000002C   1B04               LSLS     R3,R3,#+16
   \   0000002E   1B14               ASRS     R3,R3,#+16
   \   00000030   8342               CMP      R3,R0
   \   00000032   00D1               BNE      ??putchar1_3
   \   00000034   0023               MOVS     R3,#+0
   \                     ??putchar1_3:
   \   00000036   ....               LDR      R0,??DataTable3  ;; 0xfffc4008
   \   00000038   0460               STR      R4,[R0, #+0]
   \                     ??putchar1_2:
   \   0000003A   D380               STRH     R3,[R2, #+6]
    133          }
   \   0000003C   70BC               POP      {R4-R6}
   \   0000003E   01BC               POP      {R0}
   \   00000040   0047               BX       R0               ;; return
   \   00000042   C046               Nop      
   \                     ??putchar1_0:
   \   00000044   1440FCFF           DC32     0xfffc4014
   \   00000048   1C40FCFF           DC32     0xfffc401c
   \   0000004C   ........           DC32     tx_buffer1
    134          
    135          
    136          //*-------------------------- External Function -------------------------------
    137          
    138          //*----------------------------------------------------------------------------
    139          //* Function Name       : Usart_init
    140          //* Object              : USART initialization
    141          //* Input Parameters    : none
    142          //* Output Parameters   : TRUE
    143          //*----------------------------------------------------------------------------

   \                                 In segment CODE, align 4, keep-with-next
    144          void Usart1_init ( void )
    145          {
   \                     Usart1_init:
   \   00000000   31B5               PUSH     {R0,R4,R5,LR}
    146          	AT91PS_USART COM1 = AT91C_BASE_US1;
    147          
    148                  //* Configure PIO controllers to periph mode
    149           	AT91F_PIO_CfgPeriph( AT91C_BASE_PIOA,
    150           		((unsigned int) AT91C_PA5_RXD1    ) |
    151           		((unsigned int) AT91C_PA6_TXD1    ), // Peripheral A
    152                           0); // Peripheral B
   \   00000002   6021               MOVS     R1,#+96
   \   00000004   1948               LDR      R0,??Usart1_init_0  ;; 0xfffff470
   \   00000006   0160               STR      R1,[R0, #+0]
   \   00000008   0020               MOVS     R0,#+0
   \   0000000A   194A               LDR      R2,??Usart1_init_0+0x4  ;; 0xfffff474
   \   0000000C   1060               STR      R0,[R2, #+0]
   \   0000000E   194A               LDR      R2,??Usart1_init_0+0x8  ;; 0xfffff404
   \   00000010   1160               STR      R1,[R2, #+0]
    153           	//	((unsigned int) AT91C_PA8_RTS1    ) |
    154           	//	((unsigned int) AT91C_PA9_CTS1    ), // Peripheral A
    155           	//	0); // Peripheral B
    156          
    157             	// First, enable the clock of the USART
    158              	AT91F_PMC_EnablePeriphClock ( AT91C_BASE_PMC, 1 << AT91C_ID_US1 ) ;
   \   00000012   8024               MOVS     R4,#+128
   \   00000014   1849               LDR      R1,??Usart1_init_0+0xC  ;; 0xfffffc10
   \   00000016   0C60               STR      R4,[R1, #+0]
    159          	// Usart Configure
    160                  AT91F_US_Configure (COM1, AT91B_MCK, AT91C_US_ASYNC_MODE, COM1_BAUD_RATE, 0);
   \   00000018   1849               LDR      R1,??Usart1_init_0+0x10  ;; 0xfffc400c
   \   0000001A   0022               MOVS     R2,#+0
   \   0000001C   D243               MVNS     R2,R2            ;; #-1
   \   0000001E   0A60               STR      R2,[R1, #+0]
   \   00000020   174D               LDR      R5,??Usart1_init_0+0x14  ;; 0xfffc4000
   \   00000022   AC21               MOVS     R1,#+172
   \   00000024   2960               STR      R1,[R5, #+0]
   \   00000026   1749               LDR      R1,??Usart1_init_0+0x18  ;; 0xfffc4020
   \   00000028   1A22               MOVS     R2,#+26
   \   0000002A   0A60               STR      R2,[R1, #+0]
   \   0000002C   1649               LDR      R1,??Usart1_init_0+0x1C  ;; 0xfffc4028
   \   0000002E   0860               STR      R0,[R1, #+0]
   \   00000030   1648               LDR      R0,??Usart1_init_0+0x20  ;; 0xfffc4100
   \   00000032   ........           _BLF     AT91F_PDC_Open,??AT91F_PDC_Open??rT
   \   00000036   1648               LDR      R0,??Usart1_init_0+0x24  ;; 0xfffc4004
   \   00000038   8C21               MOVS     R1,#+140
   \   0000003A   0901               LSLS     R1,R1,#+4        ;; #+2240
   \   0000003C   0160               STR      R1,[R0, #+0]
    161          
    162          	// Enable usart
    163          	COM1->US_CR = AT91C_US_RXEN | AT91C_US_TXEN;
   \   0000003E   5020               MOVS     R0,#+80
   \   00000040   2860               STR      R0,[R5, #+0]
    164          
    165              //* Enable USART IT error and RXRDY
    166              	AT91F_US_EnableIt(COM1,AT91C_US_TIMEOUT | AT91C_US_FRAME | AT91C_US_OVRE |AT91C_US_RXRDY);
   \   00000042   ....               LDR      R0,??DataTable3  ;; 0xfffc4008
   \   00000044   FF21               MOVS     R1,#+255
   \   00000046   6231               ADDS     R1,R1,#+98       ;; #+353
   \   00000048   0160               STR      R1,[R0, #+0]
    167          
    168              	//* open Usart 1 interrupt
    169          	AT91F_AIC_ConfigureIt ( AT91C_BASE_AIC, AT91C_ID_US1, USART_INTERRUPT_LEVEL,AT91C_AIC_SRCTYPE_INT_HIGH_LEVEL, Usart1_c_irq_handler);
   \   0000004A   1248               LDR      R0,??Usart1_init_0+0x28  ;; 0xfffff09c
   \   0000004C   0168               LDR      R1,[R0, #+0]
   \   0000004E   1249               LDR      R1,??Usart1_init_0+0x2C  ;; 0xfffff124
   \   00000050   0C60               STR      R4,[R1, #+0]
   \   00000052   1249               LDR      R1,??Usart1_init_0+0x30  ;; Usart1_c_irq_handler
   \   00000054   0160               STR      R1,[R0, #+0]
   \   00000056   1248               LDR      R0,??Usart1_init_0+0x34  ;; 0xfffff01c
   \   00000058   0721               MOVS     R1,#+7
   \   0000005A   0160               STR      R1,[R0, #+0]
   \   0000005C   1148               LDR      R0,??Usart1_init_0+0x38  ;; 0xfffff128
   \   0000005E   0460               STR      R4,[R0, #+0]
    170          	AT91F_AIC_EnableIt (AT91C_BASE_AIC, AT91C_ID_US1);
   \   00000060   1148               LDR      R0,??Usart1_init_0+0x3C  ;; 0xfffff120
   \   00000062   0460               STR      R4,[R0, #+0]
    171          }
   \   00000064   38BC               POP      {R3-R5}
   \   00000066   01BC               POP      {R0}
   \   00000068   0047               BX       R0               ;; return
   \   0000006A   C046               Nop      
   \                     ??Usart1_init_0:
   \   0000006C   70F4FFFF           DC32     0xfffff470
   \   00000070   74F4FFFF           DC32     0xfffff474
   \   00000074   04F4FFFF           DC32     0xfffff404
   \   00000078   10FCFFFF           DC32     0xfffffc10
   \   0000007C   0C40FCFF           DC32     0xfffc400c
   \   00000080   0040FCFF           DC32     0xfffc4000
   \   00000084   2040FCFF           DC32     0xfffc4020
   \   00000088   2840FCFF           DC32     0xfffc4028
   \   0000008C   0041FCFF           DC32     0xfffc4100
   \   00000090   0440FCFF           DC32     0xfffc4004
   \   00000094   9CF0FFFF           DC32     0xfffff09c
   \   00000098   24F1FFFF           DC32     0xfffff124
   \   0000009C   ........           DC32     Usart1_c_irq_handler
   \   000000A0   1CF0FFFF           DC32     0xfffff01c
   \   000000A4   28F1FFFF           DC32     0xfffff128
   \   000000A8   20F1FFFF           DC32     0xfffff120
    172          

   \                                 In segment CODE, align 4, keep-with-next
    173          void com1_buffer_clear(void)
    174          {
    175            rx_rd_index1 = 0;
   \                     com1_buffer_clear:
   \   00000000   ....               LDR      R0,??DataTable4  ;; ErrUsart1
   \   00000002   0021               MOVS     R1,#+0
   \   00000004   8180               STRH     R1,[R0, #+4]
    176            rx_wr_index1 = 0;
   \   00000006   4180               STRH     R1,[R0, #+2]
    177            tx_rd_index1 = 0;
   \   00000008   0181               STRH     R1,[R0, #+8]
    178            tx_wr_index1 = 0;
   \   0000000A   C180               STRH     R1,[R0, #+6]
    179          }
   \   0000000C   7047               BX       LR               ;; return

   \                                 In segment CODE, align 4, keep-with-next
   \                     ??DataTable3:
   \   00000000   0840FCFF           DC32     0xfffc4008

   \                                 In segment CODE, align 4, keep-with-next
   \                     ??DataTable4:
   \   00000000   ........           DC32     ErrUsart1

   Maximum stack usage in bytes:

     Function             CSTACK
     --------             ------
     AT91F_PDC_Open           0
     Usart1_c_irq_handler    20
     Usart1_init             16
     com1_buffer_clear        0
     getchar1                 4
     putchar1                16


   Segment part sizes:

     Function/Label       Bytes
     --------------       -----
     AT91F_PDC_Open         36
     rx_buffer1            512
     ErrUsart1              10
     rx_counter1             2
     tx_buffer1            512
     tx_counter1             2
     Usart1_c_irq_handler  184
     getchar1               56
     putchar1               80
     Usart1_init           172
     com1_buffer_clear      14
     ??DataTable3            4
     ??DataTable4            4
      Others                72

 
   406 bytes in segment CODE
   192 bytes in segment CODE_I
 1 038 bytes in segment DATA_Z
    24 bytes in segment INITTAB
 
   514 bytes of CODE memory (+ 108 bytes shared)
 1 038 bytes of DATA memory

Errors: none
Warnings: none
