##############################################################################
#                                                                            #
# IAR ARM ANSI C/C++ Compiler V4.40A/W32 EVALUATION    10/Jul/2007  17:53:07 #
# Copyright 1999-2005 IAR Systems. All rights reserved.                      #
#                                                                            #
#    Cpu mode        =  interwork                                            #
#    Endian          =  little                                               #
#    Stack alignment =  8                                                    #
#    Source file     =  C:\E-pia\EpiaLoadMonit_v01\EpiaLoadMonit\src\interru #
#                       pt_timer.c                                           #
#    Command line    =  C:\E-pia\EpiaLoadMonit_v01\EpiaLoadMonit\src\interru #
#                       pt_timer.c -D NDEBUG -lC C:\E-pia\EpiaLoadMonit_v01\ #
#                       EpiaLoadMonit\compil\Debug\List\ -lB                 #
#                       C:\E-pia\EpiaLoadMonit_v01\EpiaLoadMonit\compil\Debu #
#                       g\List\ -o C:\E-pia\EpiaLoadMonit_v01\EpiaLoadMonit\ #
#                       compil\Debug\Obj\ -z9 --debug --cpu_mode thumb       #
#                       --endian little --cpu ARM7TDMI --stack_align 8       #
#                       --interwork -e --fpu None --dlib_config "C:\Program  #
#                       Files\IAR Systems\Embedded Workbench 4.0             #
#                       Evaluation\ARM\LIB\dl4tptinl8n.h" -I                 #
#                       C:\E-pia\EpiaLoadMonit_v01\EpiaLoadMonit\compil\srcI #
#                       AR\ -I C:\E-pia\EpiaLoadMonit_v01\EpiaLoadMonit\comp #
#                       il\..\src\ -I C:\E-pia\EpiaLoadMonit_v01\EpiaLoadMon #
#                       it\compil\..\..\ -I "C:\Program Files\IAR            #
#                       Systems\Embedded Workbench 4.0 Evaluation\ARM\INC\"  #
#    List file       =  C:\E-pia\EpiaLoadMonit_v01\EpiaLoadMonit\compil\Debu #
#                       g\List\interrupt_timer.lst                           #
#    Object file     =  C:\E-pia\EpiaLoadMonit_v01\EpiaLoadMonit\compil\Debu #
#                       g\Obj\interrupt_timer.r79                            #
#                                                                            #
#                                                                            #
##############################################################################

C:\E-pia\EpiaLoadMonit_v01\EpiaLoadMonit\src\interrupt_timer.c
      1          // ----------------------------------------------------------------------------
      2          //         ATMEL Microcontroller Software Support  -  ROUSSET  -
      3          // ----------------------------------------------------------------------------
      4          // File Name           : interrupt_timer.c
      5          // Object              : Timer interrupt management
      6          // Creation            : JPP   08-Sep-2005
      7          // Modify              : Leey YongKwan 2006/11/15
      8          // ----------------------------------------------------------------------------
      9          
     10          #define BYTE  unsigned short
     11          // Include Standard LIB  files
     12          #include "project.h"

   \                                 In segment CODE, align 4, keep-with-next
   \   __??Code16?? __code __interwork __atpcs unsigned int AT91F_AIC_ConfigureIt(AT91PS_AIC, unsigned int, unsigned int, unsigned int, void (*)())
   \                     AT91F_AIC_ConfigureIt:
   \   00000000   F4B4               PUSH     {R2,R4-R7}
   \   00000002   0200               MOVS     R2,R0
   \   00000004   0C00               MOVS     R4,R1
   \   00000006   059E               LDR      R6,[SP, #+20]
   \   00000008   A100               LSLS     R1,R4,#+2
   \   0000000A   5718               ADDS     R7,R2,R1
   \   0000000C   8037               ADDS     R7,R7,#+128
   \   0000000E   3868               LDR      R0,[R7, #+0]
   \   00000010   0125               MOVS     R5,#+1
   \   00000012   A540               LSLS     R5,R5,R4
   \   00000014   2C00               MOVS     R4,R5
   \   00000016   9225               MOVS     R5,#+146
   \   00000018   6D00               LSLS     R5,R5,#+1        ;; #+292
   \   0000001A   5519               ADDS     R5,R2,R5
   \   0000001C   2C60               STR      R4,[R5, #+0]
   \   0000001E   3E60               STR      R6,[R7, #+0]
   \   00000020   009E               LDR      R6,[SP, #+0]
   \   00000022   1E43               ORRS     R6,R6,R3
   \   00000024   5650               STR      R6,[R2, R1]
   \   00000026   6C60               STR      R4,[R5, #+4]
   \   00000028   F8BC               POP      {R3-R7}
   \   0000002A   7047               BX       LR               ;; return
     13          
     14          //* Global variable

   \                                 In segment DATA_Z, align 4, align-sorted
     15          int count_timer0_interrupt;
     16          int count_timer1_interrupt;
     17          BYTE Scan2ms;
   \                     Scan2ms:
   \   00000000                      DS8 2
   \   00000002                      DS8 2
   \                     count_timer0_interrupt:
   \   00000004                      DS8 4
   \                     count_timer1_interrupt:
   \   00000008                      DS8 4
     18          
     19          #define TIMER0_INTERRUPT_LEVEL		1
     20          #define TIMER1_INTERRUPT_LEVEL		7
     21          
     22          /*-----------------*/
     23          /* Clock Selection */
     24          /*-----------------*/
     25          #define TC_CLKS                  0x7
     26          #define TC_CLKS_MCK2             0x0
     27          #define TC_CLKS_MCK8             0x1
     28          #define TC_CLKS_MCK32            0x2
     29          #define TC_CLKS_MCK128           0x3
     30          #define TC_CLKS_MCK1024          0x4
     31          /*-----------------*/
     32          /* WAVE Selection  */
     33          /*-----------------*/
     34          #define UP_NON_TRIG   0x0<<13    // UP mode without auto-trigger on RC compare
     35          #define UP_AUTO_TRIG  0x2<<13    // UP mode with auto-trigger on RC compare
     36          #define UD_NON_TRIG   0x1<<13    // UPDOWN mode without auto-trigger on RC compare
     37          #define UD_AUTO_TRIG  0x3<<13    // UPDOWN mode with auto-trigger on RC compare
     38          
     39          
     40          //*------------------------- Internal Function --------------------------------
     41          //*----------------------------------------------------------------------------
     42          //* Function Name       : AT91F_TC_Open
     43          //* Object              : Initialize Timer Counter Channel and enable is clock
     44          //* Input Parameters    : <tc_pt> = TC Channel Descriptor Pointer
     45          //*                       <mode> = Timer Counter Mode
     46          //*                     : <TimerId> = Timer peripheral ID definitions
     47          //* Output Parameters   : None
     48          //*----------------------------------------------------------------------------

   \                                 In segment CODE, align 4, keep-with-next
     49          void AT91F_TC_Open ( AT91PS_TC TC_pt, unsigned int Mode, unsigned int TimerId)
     50          //* Begin
     51          {
   \                     AT91F_TC_Open:
   \   00000000   10B4               PUSH     {R4}
     52              unsigned int dummy;
     53          
     54              //* First, enable the clock of the TIMER
     55              	AT91F_PMC_EnablePeriphClock ( AT91C_BASE_PMC, 1<< TimerId ) ;
   \   00000002   074B               LDR      R3,??AT91F_TC_Open_0  ;; 0xfffffc10
   \   00000004   0124               MOVS     R4,#+1
   \   00000006   9440               LSLS     R4,R4,R2
   \   00000008   1C60               STR      R4,[R3, #+0]
     56          
     57              //* Disable the clock and the interrupts
     58          	TC_pt->TC_CCR = AT91C_TC_CLKDIS ;
   \   0000000A   0222               MOVS     R2,#+2
   \   0000000C   0260               STR      R2,[R0, #+0]
     59          	TC_pt->TC_IDR = 0xFFFFFFFF ;
   \   0000000E   0022               MOVS     R2,#+0
   \   00000010   D243               MVNS     R2,R2            ;; #-1
   \   00000012   8262               STR      R2,[R0, #+40]
     60          
     61              //* Clear status bit
     62                  dummy = TC_pt->TC_SR;
   \   00000014   026A               LDR      R2,[R0, #+32]
     63              //* Suppress warning variable "dummy" was set but never used
     64                  dummy = dummy;
     65              //* Set the Mode of the Timer Counter
     66          	TC_pt->TC_CMR = Mode ;
   \   00000016   4160               STR      R1,[R0, #+4]
     67          
     68              //* Enable the clock
     69          	TC_pt->TC_CCR = AT91C_TC_CLKEN ;
   \   00000018   0121               MOVS     R1,#+1
   \   0000001A   0160               STR      R1,[R0, #+0]
     70          //* End
     71          }
   \   0000001C   10BC               POP      {R4}
   \   0000001E   7047               BX       LR               ;; return
   \                     ??AT91F_TC_Open_0:
   \   00000020   10FCFFFF           DC32     0xfffffc10
     72          //*------------------------- Interrupt Function -------------------------------
     73          
     74          //*----------------------------------------------------------------------------
     75          //* Function Name       : timer0_c_irq_handler
     76          //* Object              : C handler interrupt function calAT91B_LED by the interrupts
     77          //*                       assembling routine
     78          //* Output Parameters   : increment count_timer0_interrupt
     79          //*----------------------------------------------------------------------------
     80          

   \                                 In segment CODE_I, align 4, keep-with-next
     81          __ramfunc void timer0_c_irq_handler(void)
     82          {
     83          	AT91PS_TC TC_pt = AT91C_BASE_TC0;
     84              unsigned int dummy;
     85              //* AcknowAT91B_LEDge interrupt status
     86              dummy = TC_pt->TC_SR;
   \                     timer0_c_irq_handler:
   \   00000000   0448               LDR      R0,??timer0_c_irq_handler_0  ;; 0xfffa0020
   \   00000002   0068               LDR      R0,[R0, #+0]
     87              dummy = dummy;
     88              Scan2ms++;
   \   00000004   0448               LDR      R0,??timer0_c_irq_handler_0+0x4  ;; Scan2ms
   \   00000006   0188               LDRH     R1,[R0, #+0]
   \   00000008   491C               ADDS     R1,R1,#+1
   \   0000000A   0180               STRH     R1,[R0, #+0]
     89              count_timer0_interrupt++;
   \   0000000C   4168               LDR      R1,[R0, #+4]
   \   0000000E   491C               ADDS     R1,R1,#+1
   \   00000010   4160               STR      R1,[R0, #+4]
     90          }
   \   00000012   7047               BX       LR               ;; return
   \                     ??timer0_c_irq_handler_0:
   \   00000014   2000FAFF           DC32     0xfffa0020
   \   00000018   ........           DC32     Scan2ms
     91          //*----------------------------------------------------------------------------
     92          //* Function Name       : timer1_c_irq_handler
     93          //* Object              : C handler interrupt function calAT91B_LED by the interrupts
     94          //*                       assembling routine
     95          //* Output Parameters   : increment count_timer1_interrupt
     96          //*----------------------------------------------------------------------------

   \                                 In segment CODE_I, align 4, keep-with-next
     97          __ramfunc void timer1_c_irq_handler(void)
     98          {
     99          	AT91PS_TC TC_pt = AT91C_BASE_TC1;
    100              unsigned int dummy;
    101              //* AcknowAT91B_LEDge interrupt status
    102              dummy = TC_pt->TC_SR;
   \                     timer1_c_irq_handler:
   \   00000000   0348               LDR      R0,??timer1_c_irq_handler_0  ;; 0xfffa0060
   \   00000002   0068               LDR      R0,[R0, #+0]
    103              //* Suppress warning variable "dummy" was set but never used
    104              dummy = dummy;
    105              count_timer1_interrupt++;
   \   00000004   0348               LDR      R0,??timer1_c_irq_handler_0+0x4  ;; Scan2ms
   \   00000006   8168               LDR      R1,[R0, #+8]
   \   00000008   491C               ADDS     R1,R1,#+1
   \   0000000A   8160               STR      R1,[R0, #+8]
    106              //LEDon ^= 1;
    107              //if (LEDon) AT91F_PIO_ClearOutput( AT91C_BASE_PIOB, AT91B_LED4 );
    108              // else AT91F_PIO_SetOutput( AT91C_BASE_PIOB, AT91B_LED4 );
    109              
    110              //* Read the output state
    111              /*
    112              if ( (AT91F_PIO_GetInput(AT91C_BASE_PIOB) & LP_RFIN ) == LP_RFIN )
    113              {
    114                  AT91F_PIO_ClearOutput( AT91C_BASE_PIOB, LP_RFIN );
    115              }
    116              else
    117              {
    118                  AT91F_PIO_SetOutput( AT91C_BASE_PIOB, LP_RFIN );
    119              }
    120              */
    121          }
   \   0000000C   7047               BX       LR               ;; return
   \   0000000E   C046               Nop      
   \                     ??timer1_c_irq_handler_0:
   \   00000010   6000FAFF           DC32     0xfffa0060
   \   00000014   ........           DC32     Scan2ms
    122          //*-------------------------- External Function -------------------------------
    123          
    124          //*----------------------------------------------------------------------------
    125          //* Function Name       : timer_init
    126          //* Object              : Init timer counter
    127          //* Input Parameters    : none
    128          //* Output Parameters   : TRUE
    129          //*----------------------------------------------------------------------------

   \                                 In segment CODE, align 4, keep-with-next
    130          void timer_init ( void )
    131          //* Begin
    132          {
   \                     timer_init:
   \   00000000   F1B5               PUSH     {R0,R4-R7,LR}
    133              //init the timer interrupt counter
    134              count_timer0_interrupt=0;
   \   00000002   1C48               LDR      R0,??timer_init_0  ;; Scan2ms
   \   00000004   0021               MOVS     R1,#+0
   \   00000006   4160               STR      R1,[R0, #+4]
    135              count_timer1_interrupt=0;
   \   00000008   8160               STR      R1,[R0, #+8]
    136              
    137              //* Open timer0
    138          	AT91F_TC_Open(AT91C_BASE_TC0,TC_CLKS_MCK2|UP_AUTO_TRIG,AT91C_ID_TC0);
   \   0000000A   1B4C               LDR      R4,??timer_init_0+0x4  ;; 0xfffa0000
   \   0000000C   0C22               MOVS     R2,#+12
   \   0000000E   8021               MOVS     R1,#+128
   \   00000010   C901               LSLS     R1,R1,#+7        ;; #+16384
   \   00000012   2000               MOVS     R0,R4
   \   00000014   ........           BL       AT91F_TC_Open
    139              //* timer0 interval = 2.0 mS
    140                  AT91C_BASE_TC0->TC_RC = CLOCK_2MS;
   \   00000018   1848               LDR      R0,??timer_init_0+0x8  ;; 0xfffa001c
   \   0000001A   1949               LDR      R1,??timer_init_0+0xC  ;; 0xbbb7
   \   0000001C   0160               STR      R1,[R0, #+0]
   \   0000001E   81B0               SUB      SP,SP,#+4
   \   00000020   1848               LDR      R0,??timer_init_0+0x10  ;; timer0_c_irq_handler
   \   00000022   01B4               PUSH     {R0}
   \   00000024   0023               MOVS     R3,#+0
   \   00000026   0122               MOVS     R2,#+1
   \   00000028   0C21               MOVS     R1,#+12
   \   0000002A   1748               LDR      R0,??timer_init_0+0x14  ;; 0xfffff000
    141              //* Open Timer 0 interrupt
    142          	AT91F_AIC_ConfigureIt ( AT91C_BASE_AIC, AT91C_ID_TC0, TIMER0_INTERRUPT_LEVEL,AT91C_AIC_SRCTYPE_INT_HIGH_LEVEL, timer0_c_irq_handler);
   \   0000002C   ........           _BLF     AT91F_AIC_ConfigureIt,??AT91F_AIC_ConfigureIt??rT
    143                  AT91C_BASE_TC0->TC_IER = AT91C_TC_CPCS;  //  IRQ enable CPC
   \   00000030   1027               MOVS     R7,#+16
   \   00000032   1648               LDR      R0,??timer_init_0+0x18  ;; 0xfffa0024
   \   00000034   0760               STR      R7,[R0, #+0]
    144          	AT91F_AIC_EnableIt (AT91C_BASE_AIC, AT91C_ID_TC0);
   \   00000036   164D               LDR      R5,??timer_init_0+0x1C  ;; 0xfffff120
   \   00000038   3802               LSLS     R0,R7,#+8
   \   0000003A   2860               STR      R0,[R5, #+0]
    145          
    146              //* Open timer1
    147          	AT91F_TC_Open(AT91C_BASE_TC1,TC_CLKS_MCK128,AT91C_ID_TC1);
   \   0000003C   154E               LDR      R6,??timer_init_0+0x20  ;; 0xfffa0040
   \   0000003E   0D22               MOVS     R2,#+13
   \   00000040   0321               MOVS     R1,#+3
   \   00000042   3000               MOVS     R0,R6
   \   00000044   ........           BL       AT91F_TC_Open
    148          
    149              //* Open Timer 1 interrupt
    150          	AT91F_AIC_ConfigureIt ( AT91C_BASE_AIC, AT91C_ID_TC1, TIMER1_INTERRUPT_LEVEL,AT91C_AIC_SRCTYPE_INT_HIGH_LEVEL, timer1_c_irq_handler);
   \   00000048   81B0               SUB      SP,SP,#+4
   \   0000004A   1348               LDR      R0,??timer_init_0+0x24  ;; timer1_c_irq_handler
   \   0000004C   01B4               PUSH     {R0}
   \   0000004E   0023               MOVS     R3,#+0
   \   00000050   0722               MOVS     R2,#+7
   \   00000052   0D21               MOVS     R1,#+13
   \   00000054   0C48               LDR      R0,??timer_init_0+0x14  ;; 0xfffff000
   \   00000056   ........           _BLF     AT91F_AIC_ConfigureIt,??AT91F_AIC_ConfigureIt??rT
    151          	AT91C_BASE_TC1->TC_IER  = AT91C_TC_CPCS;  //  IRQ enable CPC
   \   0000005A   1048               LDR      R0,??timer_init_0+0x28  ;; 0xfffa0064
   \   0000005C   0760               STR      R7,[R0, #+0]
    152          	AT91F_AIC_EnableIt (AT91C_BASE_AIC, AT91C_ID_TC1);
   \   0000005E   7802               LSLS     R0,R7,#+9
   \   00000060   2860               STR      R0,[R5, #+0]
    153          
    154               //   AT91C_BASE_TC0->TC_RC = 0x0666;
    155              //* Start timer0
    156                  AT91C_BASE_TC0->TC_CCR = AT91C_TC_SWTRG ;
   \   00000062   0421               MOVS     R1,#+4
   \   00000064   2160               STR      R1,[R4, #+0]
    157          
    158              //* Start timer1
    159                  AT91C_BASE_TC1->TC_RC = 0x2000;
   \   00000066   0E4A               LDR      R2,??timer_init_0+0x2C  ;; 0xfffa005c
   \   00000068   1060               STR      R0,[R2, #+0]
    160                  AT91C_BASE_TC1->TC_CCR = AT91C_TC_SWTRG ;
   \   0000006A   3160               STR      R1,[R6, #+0]
    161          
    162          //* End
    163          }
   \   0000006C   05B0               ADD      SP,SP,#+20
   \   0000006E   F0BC               POP      {R4-R7}
   \   00000070   01BC               POP      {R0}
   \   00000072   0047               BX       R0               ;; return
   \                     ??timer_init_0:
   \   00000074   ........           DC32     Scan2ms
   \   00000078   0000FAFF           DC32     0xfffa0000
   \   0000007C   1C00FAFF           DC32     0xfffa001c
   \   00000080   B7BB0000           DC32     0xbbb7
   \   00000084   ........           DC32     timer0_c_irq_handler
   \   00000088   00F0FFFF           DC32     0xfffff000
   \   0000008C   2400FAFF           DC32     0xfffa0024
   \   00000090   20F1FFFF           DC32     0xfffff120
   \   00000094   4000FAFF           DC32     0xfffa0040
   \   00000098   ........           DC32     timer1_c_irq_handler
   \   0000009C   6400FAFF           DC32     0xfffa0064
   \   000000A0   5C00FAFF           DC32     0xfffa005c

   Maximum stack usage in bytes:

     Function              CSTACK
     --------              ------
     AT91F_AIC_ConfigureIt    20
     AT91F_TC_Open             4
     timer0_c_irq_handler      0
     timer1_c_irq_handler      0
     timer_init               40


   Segment part sizes:

     Function/Label        Bytes
     --------------        -----
     AT91F_AIC_ConfigureIt   44
     Scan2ms                 12
     AT91F_TC_Open           36
     timer0_c_irq_handler    28
     timer1_c_irq_handler    24
     timer_init             164
      Others                 72

 
 276 bytes in segment CODE
  68 bytes in segment CODE_I
  12 bytes in segment DATA_Z
  24 bytes in segment INITTAB
 
 252 bytes of CODE memory (+ 116 bytes shared)
  12 bytes of DATA memory

Errors: none
Warnings: none
