###############################################################################
#                                                                             #
#     IAR Systems ARM Assembler V4.40A/W32 11/Mar/2008  17:04:06              #
#     Copyright 1999-2006 IAR Systems. All rights reserved.                   #
#                                                                             #
#           Source file   =  D:\ILMAC\디지탈정류기\GooSoo_Rectifier_v20\GooSooRectifier\compil\SrcIAR\Cstartup.s79#
#           List file     =  D:\ILMAC\디지탈정류기\GooSoo_Rectifier_v20\GooSooRectifier\compil\RAM_Debug\List\Cstartup.lst#
#           Object file   =  D:\ILMAC\디지탈정류기\GooSoo_Rectifier_v20\GooSooRectifier\compil\RAM_Debug\Obj\Cstartup.r79#
#           Command line  =  D:\ILMAC\디지탈정류기\GooSoo_Rectifier_v20\GooSooRectifier\compil\SrcIAR\Cstartup.s79 #
#                            -OD:\ILMAC\디지탈정류기\GooSoo_Rectifier_v20\GooSooRectifier\compil\RAM_Debug\Obj\ #
#                            -s+ -M<> -w+ -r                                  #
#                            -LD:\ILMAC\디지탈정류기\GooSoo_Rectifier_v20\GooSooRectifier\compil\RAM_Debug\List\ #
#                            -t8 --cpu ARM7TDMI --fpu None                    #
#                            -IC:\Program Files\IAR Systems\Embedded Workbench 4.0 Evaluation\ARM\INC\ #
#                            -ID:\ILMAC\디지탈정류기\GooSoo_Rectifier_v20\GooSooRectifier\compil\srcIAR\ #
#                            -ID:\ILMAC\디지탈정류기\GooSoo_Rectifier_v20\GooSooRectifier\compil\..\src\ #
#                            -ID:\ILMAC\디지탈정류기\GooSoo_Rectifier_v20\GooSooRectifier\compil\..\..\ #
#                                                                             #
###############################################################################

    1    00000000              ;-  --------------------------------------------
                               --------------------------------
    2    00000000              ;-          ATMEL Microcontroller Software
                                Support  -  ROUSSET  -
    3    00000000              ;-  --------------------------------------------
                               --------------------------------
    4    00000000              ;- File source          : Cstartup.s79
    5    00000000              ;- Object               : Generic CStartup
    6    00000000              ;- 1.0 01/Sep/05 FBr    : Creation
    7    00000000              ;- 1.1 09/Sep/05 JPP    : Change Interrupt
                                management
    8    00000000              ;-----------------------------------------------
                               -------------------------------
    9    00000000              
   10    00000000              ;-----------------------------------------------
                               -------------------------------
   11    00000000              ; Include your AT91 Library files
   12    00000000              ;-----------------------------------------------
                               -------------------------------
   13    00000000              #include "include/AT91SAM7X256_inc.h"
   14    00000000              ;-----------------------------------------------
                               -------------------------------
   15    00000000              
   16    00000000              ;-----------------------------------------------
                               -------------------------------
   17    00000000              ; ?RESET
   18    00000000              ; Reset Vector.
   19    00000000              ; Normally, segment INTVEC is linked at address
                                0.
   20    00000000              ; For debugging purposes, INTVEC may be placed
                                at other addresses.
   21    00000000              ; A debugger that honors the entry point will
                                start the
   22    00000000              ; program in a normal way even if INTVEC is not
                                at address 0.
   23    00000000              ;-----------------------------------------------
                               -------------------------------
   24    00000000              
   25    00000000                  PROGRAM     ?RESET              ;- Begins a
                                program module
   26    00000000                  RSEG        INTRAMEND_REMAP     ;- Begins a
                                relocatable segment
   27    00000000                  RSEG        ICODE:CODE (2)      ;- Begins a
                                relocatable segment : corresponding address is
                                32-bit aligned
   28    00000000                  CODE32                          ;- Always
                                ARM mode after reset      
   29    00000000                  ORG 0                           ;- Sets the
                                                                    location
                                                                    counter:
                                                                    corresponds
                                                                    to the
                                                                    RESET
                                                                    vector
                                                                    address
   30    00000000              
   31    00000000              ;-----------------------------------------------
                               -------------------------------
   32    00000000              ;- Exception vectors
   33    00000000              ;-----------------------------------------------
                               -------------------------------
   34    00000000              ;- These vectors can be read at address 0 or at
                                RAM address
   35    00000000              ;- They ABSOLUTELY requires to be in relative
                                addresssing mode in order to
   36    00000000              ;- guarantee a valid jump. For the moment, all
                                are just looping.
   37    00000000              ;- If an exception occurs before remap, this
                                would result in an infinite loop.
   38    00000000              ;- To ensure if a exeption occurs before start
                                application to infinite loop.
   39    00000000              ;-----------------------------------------------
                               -------------------------------
   40    00000000              
   41    00000000              reset
   42    00000000 210000EA                     B           InitReset          
  ; 0x00 Reset handler
   43    00000004              undefvec:
   44    00000004 FEFFFFEA                     B           undefvec           
  ; 0x04 Undefined Instruction
   45    00000008              swivec:
   46    00000008 FEFFFFEA                     B           swivec             
  ; 0x08 Software Interrupt
   47    0000000C              pabtvec:
   48    0000000C FEFFFFEA                     B           pabtvec            
  ; 0x0C Prefetch Abort
   49    00000010              dabtvec:
   50    00000010 FEFFFFEA                     B           dabtvec            
  ; 0x10 Data Abort
   51    00000014              rsvdvec:
   52    00000014 FEFFFFEA                     B           rsvdvec            
  ; 0x14 reserved
   53    00000018              irqvec:
   54    00000018 090000EA                     B           IRQ_Handler_Entry  
  ; 0x18 IRQ
   55    0000001C                                                     
                                
   56    0000001C              fiqvec:                                        
                                ; 0x1c FIQ
   57    0000001C              ;-----------------------------------------------
                               -------------------------------
   58    0000001C              ;- Function             : FIQ_Handler_Entry
   59    0000001C              ;- Treatments           : FIQ Controller
                                Interrupt Handler.
   60    0000001C              ;- Called Functions     : AIC_FVR[interrupt]
   61    0000001C              ;-----------------------------------------------
                               -------------------------------
   62    0000001C              
   63    0000001C              FIQ_Handler_Entry:
   64    0000001C              
   65    0000001C              ;- Switch in SVC/User Mode to allow User Stack
                                access for C code
   66    0000001C              ; because the FIQ is not yet acknowledged
   67    0000001C              
   68    0000001C              ;- Save and r0 in FIQ_Register
   69    0000001C 0090A0E1                 mov         r9,r0
   70    00000020 040198E5                 ldr         r0 , [r8, #AIC_FVR]
   71    00000024 D3F021E3                 msr         CPSR_c,#I_BIT | F_BIT |
                                                               ARM_MODE_SVC
   72    00000028              ;- Save scratch/used registers and LR in User
                                Stack
   73    00000028 0E502DE9                 stmfd       sp!, { r1-r3, r12,
                                                           lr}
   74    0000002C              
   75    0000002C              ;- Branch to the routine pointed by the
                                AIC_FVR
   76    0000002C 0FE0A0E1                 mov         r14, pc
   77    00000030 10FF2FE1                 bx          r0
   78    00000034              
   79    00000034              ;- Restore scratch/used registers and LR from
                                User Stack
   80    00000034 0E50BDE8                 ldmia       sp!, { r1-r3, r12,
                                                           lr}
   81    00000038              
   82    00000038              ;- Leave Interrupts disabled and switch back in
                                FIQ mode
   83    00000038 D1F021E3                 msr         CPSR_c, #I_BIT | F_BIT |
                                                                ARM_MODE_FIQ
   84    0000003C              
   85    0000003C              ;- Restore the R0 ARM_MODE_SVC register
   86    0000003C 0900A0E1                 mov         r0,r9
   87    00000040              
   88    00000040              ;- Restore the Program Counter using the LR_fiq
                                directly in the PC
   89    00000040 04F05EE2                 subs        pc,lr,#4
   90    00000044              
   91    00000044              ;-----------------------------------------------
                               -------------------------------
   92    00000044              ;- Manage exception: The exception must be
                                ensure in ARM mode
   93    00000044              ;-----------------------------------------------
                               -------------------------------
   94    00000044              ;-----------------------------------------------
                               -------------------------------
   95    00000044              ;- Function             : IRQ_Handler_Entry
   96    00000044              ;- Treatments           : IRQ Controller
                                Interrupt Handler.
   97    00000044              ;- Called Functions     : AIC_IVR[interrupt]
   98    00000044              ;-----------------------------------------------
                               -------------------------------
   99    00000044              IRQ_Handler_Entry:
  100    00000044              
  101    00000044              ;-------------------------
  102    00000044              ;- Manage Exception Entry
  103    00000044              ;-------------------------
  104    00000044              ;- Adjust and save LR_irq in IRQ stack
  105    00000044 04E04EE2         sub         lr, lr, #4
  106    00000048 00402DE9         stmfd       sp!, {lr}
  107    0000004C              
  108    0000004C              ;- Save r0 and SPSR (need to be saved for nested
                                interrupt)
  109    0000004C 00E04FE1         mrs         r14, SPSR
  110    00000050 01402DE9         stmfd       sp!, {r0,r14}
  111    00000054              
  112    00000054              ;- Write in the IVR to support Protect
                                Mode
  113    00000054              ;- No effect in Normal Mode
  114    00000054              ;- De-assert the NIRQ and clear the source in
                                Protect Mode
  115    00000054 88E09FE5         ldr         r14, =AT91C_BASE_AIC
  116    00000058 00019EE5         ldr         r0 , [r14, #AIC_IVR]
  117    0000005C 00E18EE5         str         r14, [r14, #AIC_IVR]
  118    00000060              
  119    00000060              ;- Enable Interrupt and Switch in Supervisor
                                Mode
  120    00000060 13F021E3         msr         CPSR_c, #ARM_MODE_SVC
  121    00000064              
  122    00000064              ;- Save scratch/used registers and LR in User
                                Stack
  123    00000064 0E502DE9         stmfd       sp!, { r1-r3, r12, r14}
  124    00000068              
  125    00000068              ;----------------------------------------------
  126    00000068              ;- Branch to the routine pointed by the
                                AIC_IVR
  127    00000068              ;----------------------------------------------
  128    00000068 0FE0A0E1         mov         r14, pc
  129    0000006C 10FF2FE1         bx          r0
  130    00000070              
  131    00000070              ;----------------------------------------------
  132    00000070              ;- Manage Exception Exit
  133    00000070              ;----------------------------------------------
  134    00000070              ;- Restore scratch/used registers and LR from
                                User Stack
  135    00000070 0E50BDE8         ldmia       sp!, { r1-r3, r12, r14}
  136    00000074              
  137    00000074              ;- Disable Interrupt and switch back in IRQ
                                mode
  138    00000074 92F021E3         msr         CPSR_c, #I_BIT | ARM_MODE_IRQ
  139    00000078              
  140    00000078              ;- Mark the End of Interrupt on the AIC
  141    00000078 64E09FE5         ldr         r14, =AT91C_BASE_AIC
  142    0000007C 30E18EE5         str         r14, [r14, #AIC_EOICR]
  143    00000080              
  144    00000080              ;- Restore SPSR_irq and r0 from IRQ stack
  145    00000080 0140BDE8         ldmia       sp!, {r0,r14}
  146    00000084 0EF06FE1         msr         SPSR_cxsf, r14
  147    00000088              
  148    00000088              ;- Restore adjusted  LR_irq from IRQ stack
                                directly in the PC
  149    00000088 0080FDE8         ldmia       sp!, {pc}^
  150    0000008C              
  151    0000008C              
  152    0000008C              
  153    0000008C              InitReset:
  154    0000008C              
  155    0000008C              ;-----------------------------------------------
                               -------------------------------
  156    0000008C              ;- Low level Init is performed in a C function:
                                AT91F_LowLevelInit
  157    0000008C              ;- Init Stack Pointer to a valid memory area
                                before calling AT91F_LowLevelInit
  158    0000008C              ;-----------------------------------------------
                               -------------------------------
  159    0000008C              
  160    0000008C              ;- Retrieve end of RAM address
  161    0000008C              __iramend EQU SFB(INTRAMEND_REMAP)      ;-
                                Segment begin
  162    0000008C              
  163    00000000                  EXTERN   AT91F_LowLevelInit
  164    0000008C 54D09FE5         ldr     r13,=__iramend              ;-
                                                Temporary stack in internal RAM
                                                for Low Level Init execution
  165    00000090 54009FE5         ldr     r0,=AT91F_LowLevelInit
  166    00000094 0FE0A0E1         mov     lr, pc
  167    00000098 10FF2FE1         bx      r0                          ;-
                                                                        Branch
                                                                        on C
                                                                        functio
                                                                       n (with
                                                                        interwo
                                                                       rking)
  168    0000009C              
  169    0000009C              ;-----------------------------------------------
                               -------------------------------
  170    0000009C              ;- Top of Stack Definition
  171    0000009C              ;-----------------------------------------------
                               -------------------------------
  172    0000009C              ;- Interrupt and Supervisor Stack are located at
                                the top of internal memory in
  173    0000009C              ;- order to speed the exception handling context
                                saving and restoring.
  174    0000009C              ;- ARM_MODE_SVC (Application, C) Stack is
                                located at the top of the external memory.
  175    0000009C              ;-----------------------------------------------
                               -------------------------------
  176    0000009C              
  177    00000060              IRQ_STACK_SIZE          EQU     (3*8*4)     ; 3
                                words to be saved per interrupt priority
                                level
  178    00000011              ARM_MODE_FIQ            EQU     0x11
  179    00000012              ARM_MODE_IRQ            EQU     0x12
  180    00000013              ARM_MODE_SVC            EQU     0x13
  181    00000080              I_BIT                   EQU     0x80
  182    00000040              F_BIT                   EQU     0x40
  183    0000009C              
  184    0000009C              ;-----------------------------------------------
                               -------------------------------
  185    0000009C              ;- Setup the stack for each mode
  186    0000009C              ;-----------------------------------------------
                               -------------------------------
  187    0000009C 44009FE5         ldr     r0, =__iramend
  188    000000A0              
  189    000000A0              ;- Set up Fast Interrupt Mode and set FIQ Mode
                                Stack
  190    000000A0 D1F021E3                 msr     CPSR_c, #ARM_MODE_FIQ |
                                                            I_BIT | F_BIT
  191    000000A4              ;- Init the FIQ register
  192    000000A4 38809FE5                 ldr     r8, =AT91C_BASE_AIC
  193    000000A8              
  194    000000A8              ;- Set up Interrupt Mode and set IRQ Mode
                                Stack
  195    000000A8 D2F021E3         msr     CPSR_c, #ARM_MODE_IRQ | I_BIT |
                                                    F_BIT
  196    000000AC 00D0A0E1         mov     r13, r0                     ; Init
                                                 stack IRQ
  197    000000B0 600040E2         sub     r0, r0, #IRQ_STACK_SIZE
  198    000000B4              
  199    000000B4              ;- Enable interrupt & Set up Supervisor Mode and
                                set Supervisor Mode Stack
  200    000000B4 13F021E3         msr     CPSR_c, #ARM_MODE_SVC 
  201    000000B8 00D0A0E1         mov     r13, r0
  202    000000BC              
  203    000000BC              ;-----------------------------------------------
                               -------------------------------
  204    000000BC              ; Initialize segments.
  205    000000BC              ;-----------------------------------------------
                               -------------------------------
  206    000000BC              ; __segment_init is assumed to use
  207    000000BC              ; instruction set and to be reachable by BL from
                                the ICODE segment
  208    000000BC              ; (it is safest to link them in segment
                                ICODE).
  209    000000BC              ;-----------------------------------------------
                               -------------------------------
  210    00000000                  EXTERN      __segment_init
  211    000000BC 2C009FE5         ldr r0,=__segment_init
  212    000000C0 0FE0A0E1         mov     lr, pc
  213    000000C4 10FF2FE1         bx  r0
  214    000000C8              
  215    000000C8              ;-----------------------------------------------
                               -------------------------------
  216    000000C8              ;- Branch on C code Main function (with
                                interworking)
  217    000000C8              ;-----------------------------------------------
                               -------------------------------
  218    00000000                  EXTERN      main
  219    00000000                  PUBLIC      __main
  220    000000C8              ?jump_to_main:
  221    000000C8 24E09FE5         ldr lr,=?call_exit
  222    000000CC 24009FE5         ldr r0,=main
  223    000000D0              __main:
  224    000000D0 10FF2FE1         bx  r0
  225    000000D4              
  226    000000D4              ;-----------------------------------------------
                               -------------------------------
  227    000000D4              ;- Loop for ever
  228    000000D4              ;-----------------------------------------------
                               -------------------------------
  229    000000D4              ;- End of application. Normally, never
                                occur.
  230    000000D4              ;- Could jump on Software Reset ( B 0x0
                                ).
  231    000000D4              ;-----------------------------------------------
                               -------------------------------
  232    000000D4              ?call_exit:
  233    000000D4              End
  234    000000D4 FEFFFFEA         b       End
  235    000000D8              
  236    000000D8              ;-----------------------------------------------
                               -------------------------------
  237    000000D8              ;- Exception Vectors
  238    000000D8              ;-----------------------------------------------
                               -------------------------------
  239    00000000                  PUBLIC    AT91F_Default_FIQ_handler
  240    00000000                  PUBLIC    AT91F_Default_IRQ_handler
  241    00000000                  PUBLIC    AT91F_Spurious_handler
  242    000000D8              
  243    000000D8                  CODE32      ; Always ARM mode after
                                exeption
  244    000000D8              
  245    000000D8              AT91F_Default_FIQ_handler
  246    000000D8 FEFFFFEA         b         AT91F_Default_FIQ_handler
  247    000000DC              
  248    000000DC              AT91F_Default_IRQ_handler
  249    000000DC FEFFFFEA         b         AT91F_Default_IRQ_handler
  250    000000E0              
  251    000000E0              AT91F_Spurious_handler
  252    000000E0 FEFFFFEA         b         AT91F_Spurious_handler
  253    000000E4              
  254    000000E4                  ENDMOD      ;- Terminates the assembly of
                                the current module
  254.1  000000E4                       TABLE
  254.2  000000E4 00F0FFFF             Reference on line 115,141,192 
  254.3  000000E8 ........             Reference on line 164,187 
  254.4  000000EC ........             Reference on line 165 
  254.5  000000F0 ........             Reference on line 211 
  254.6  000000F4 ........             Reference on line 221 
  254.7  000000F8 ........             Reference on line 222 
  254    000000FC                  ENDMOD      ;- Terminates the assembly of
                                the current module
##############################
#          CRC:C74C          #
#        Errors:   0         #
#        Warnings: 0         #
#         Bytes: 252         #
##############################



##############################
#          CRC:C74C          #
#        Errors:   0         #
#        Warnings: 0         #
#         Bytes: 252         #
##############################



