##############################################################################
#                                                                            #
# IAR ARM ANSI C/C++ Compiler V4.40A/W32 EVALUATION    29/Aug/2007  11:14:24 #
# Copyright 1999-2005 IAR Systems. All rights reserved.                      #
#                                                                            #
#    Cpu mode        =  interwork                                            #
#    Endian          =  little                                               #
#    Stack alignment =  8                                                    #
#    Source file     =  C:\E-pia\EpiaGuardMain_v099\EpiaGuardMain\src\EpiaLo #
#                       adMonit_debug.c                                      #
#    Command line    =  C:\E-pia\EpiaGuardMain_v099\EpiaGuardMain\src\EpiaLo #
#                       adMonit_debug.c -D NDEBUG -lC                        #
#                       C:\E-pia\EpiaGuardMain_v099\EpiaGuardMain\compil\RAM #
#                       _Debug\List\ -lB C:\E-pia\EpiaGuardMain_v099\EpiaGua #
#                       rdMain\compil\RAM_Debug\List\ -o                     #
#                       C:\E-pia\EpiaGuardMain_v099\EpiaGuardMain\compil\RAM #
#                       _Debug\Obj\ -z9 --debug --cpu_mode thumb --endian    #
#                       little --cpu ARM7TDMI --stack_align 8 --interwork    #
#                       -e --fpu None --dlib_config "C:\Program Files\IAR    #
#                       Systems\Embedded Workbench 4.0                       #
#                       Evaluation\ARM\LIB\dl4tptinl8n.h" -I                 #
#                       C:\E-pia\EpiaGuardMain_v099\EpiaGuardMain\compil\src #
#                       IAR\ -I C:\E-pia\EpiaGuardMain_v099\EpiaGuardMain\co #
#                       mpil\..\src\ -I C:\E-pia\EpiaGuardMain_v099\EpiaGuar #
#                       dMain\compil\..\..\ -I "C:\Program Files\IAR         #
#                       Systems\Embedded Workbench 4.0 Evaluation\ARM\INC\"  #
#    List file       =  C:\E-pia\EpiaGuardMain_v099\EpiaGuardMain\compil\RAM #
#                       _Debug\List\EpiaLoadMonit_debug.lst                  #
#    Object file     =  C:\E-pia\EpiaGuardMain_v099\EpiaGuardMain\compil\RAM #
#                       _Debug\Obj\EpiaLoadMonit_debug.r79                   #
#                                                                            #
#                                                                            #
##############################################################################

C:\E-pia\EpiaGuardMain_v099\EpiaGuardMain\src\EpiaLoadMonit_debug.c
      1          // ----------------------------------------------------------------------------
      2          //         Epiatech co,. LTD  -  Lee Y k  -
      3          // ----------------------------------------------------------------------------
      4          // File Name           : EpiaGate_debug.c
      5          // Object              : EpiaGate Main debugging functions
      6          // Creation            : 2007-02-07
      7          // ----------------------------------------------------------------------------
      8          // Include Standard LIB  files
      9          #include "project.h"
     10           
     11          #define	SYSTEM_MAIN	10
     12          #define	WDT_TEST	100
     13          #define WDT_STATUS	110
     14          #define	WDT_READ	120
     15          
     16          #define	WDV		0x0FFF		// 12bit WDT counter
     17          #define	WDFIEN		1<<12		// WDT int enable
     18          #define	WDRSTEN		1<<13		// WDT reset enable
     19          #define	WDRPROC		1<<14		// 1:WDT All reset 0:processor reset
     20          #define	WDDIS		1<<15		// 0: WDT enable 1: disable
     21          #define	WDDBGHLT	1<<28		// When debug state, 0: WDT run 1: stop  
     22          #define	WDIDLEHLT	1<<29		// When idle mode, 0: WDT run 1: stop  

   \                                 In segment CODE, align 4, keep-with-next
     23          void system_test_function(void)
     24          {
   \                     system_test_function:
   \   00000000   F1B5               PUSH     {R0,R4-R7,LR}
     25            //AT91PS_WDTC WDT_BASE;
     26            unsigned int wdtmode, wdtreg, count;
     27            unsigned int *ptr;
     28            
     29            short lp;
     30            switch (sExecStep)
   \   00000002   9C4C               LDR      R4,??system_test_function_0  ;; `?<Constant "\\n>******">`
   \   00000004   9220               MOVS     R0,#+146
   \   00000006   4000               LSLS     R0,R0,#+1        ;; #+292
   \   00000008   2018               ADDS     R0,R4,R0
   \   0000000A   0090               STR      R0,[SP, #+0]
   \   0000000C   ....               LDR      R0,??DataTable0  ;; bPushKey
   \   0000000E   0178               LDRB     R1,[R0, #+0]
   \   00000010   ....               LDR      R5,??DataTable1  ;; sExecStep
   \   00000012   2888               LDRH     R0,[R5, #+0]
   \   00000014   984E               LDR      R6,??system_test_function_0+0x4  ;; DelayStep
   \   00000016   0027               MOVS     R7,#+0
   \   00000018   0200               MOVS     R2,R0
   \   0000001A   20D0               BEQ      ??system_test_function_1
   \   0000001C   0128               CMP      R0,#+1
   \   0000001E   25D0               BEQ      ??system_test_function_2
   \   00000020   0228               CMP      R0,#+2
   \   00000022   32D0               BEQ      ??system_test_function_3
   \   00000024   0328               CMP      R0,#+3
   \   00000026   3DD0               BEQ      ??system_test_function_4
   \   00000028   0428               CMP      R0,#+4
   \   0000002A   59D0               BEQ      ??system_test_function_5
   \   0000002C   0528               CMP      R0,#+5
   \   0000002E   5FD0               BEQ      ??system_test_function_6
   \   00000030   0628               CMP      R0,#+6
   \   00000032   68D0               BEQ      ??system_test_function_7
   \   00000034   0A28               CMP      R0,#+10
   \   00000036   6ED0               BEQ      ??system_test_function_8
   \   00000038   0B28               CMP      R0,#+11
   \   0000003A   ....               BNE      .+5
   \   0000003C   8FE0               B        ??system_test_function_9
   \   0000003E   6428               CMP      R0,#+100
   \   00000040   ....               BNE      .+5
   \   00000042   07E1               B        ??system_test_function_10
   \   00000044   6E28               CMP      R0,#+110
   \   00000046   ....               BNE      .+5
   \   00000048   C5E0               B        ??system_test_function_11
   \   0000004A   6F28               CMP      R0,#+111
   \   0000004C   ....               BNE      .+5
   \   0000004E   E3E0               B        ??system_test_function_12
   \   00000050   7828               CMP      R0,#+120
   \   00000052   ....               BNE      .+5
   \   00000054   E4E0               B        ??system_test_function_13
   \   00000056   7928               CMP      R0,#+121
   \   00000058   ....               BNE      .+5
   \   0000005A   F5E0               B        ??system_test_function_14
   \   0000005C   03E1               B        ??system_test_function_15
     31           {   
     32            case 0:
     33              display_mode(0);
   \                     ??system_test_function_1:
   \   0000005E   0020               MOVS     R0,#+0
   \   00000060   ........           _BLF     display_mode,??display_mode??rT
     34              sExecStep++;
   \                     ??system_test_function_16:
   \   00000064   2888               LDRH     R0,[R5, #+0]
   \   00000066   401C               ADDS     R0,R0,#+1
   \                     ??system_test_function_17:
   \   00000068   2880               STRH     R0,[R5, #+0]
     35              return;
   \   0000006A   02E1               B        ??system_test_function_18
     36              
     37            case 1:
     38             DelayStep = 0;
   \                     ??system_test_function_2:
   \   0000006C   3770               STRB     R7,[R6, #+0]
     39             screen_clear();
   \   0000006E   ........           _BLF     screen_clear,??screen_clear??rT
     40             printf("<Stored Data View>");
   \   00000072   2000               MOVS     R0,R4
   \   00000074   0C30               ADDS     R0,R0,#+12
   \   00000076   ........           _BLF     printf,??printf??rT
     41             printf("\n>Input Secret Code");
   \   0000007A   2000               MOVS     R0,R4
   \   0000007C   2030               ADDS     R0,R0,#+32
   \   0000007E   ........           _BLF     printf,??printf??rT
     42             printf("\n>******");
   \   00000082   2000               MOVS     R0,R4
   \   00000084   ........           _BLF     printf,??printf??rT
     43             sExecStep++;
   \   00000088   ECE7               B.N      ??system_test_function_16
     44             return;
     45             
     46           case 2:
     47             keyin_start(6);
   \                     ??system_test_function_3:
   \   0000008A   0620               MOVS     R0,#+6
   \   0000008C   ........           _BLF     keyin_start,??keyin_start??rT
     48             sCurPos -= 6;
   \   00000090   ....               LDR      R0,??DataTable7  ;; sCurPos
   \   00000092   ....               LDR      R1,??DataTable7  ;; sCurPos
   \   00000094   0022               MOVS     R2,#+0
   \   00000096   895E               LDRSH    R1,[R1, R2]
   \   00000098   891F               SUBS     R1,R1,#+6
   \   0000009A   0180               STRH     R1,[R0, #+0]
     49             sExecStep++;
   \   0000009C   2888               LDRH     R0,[R5, #+0]
   \                     ??system_test_function_19:
   \   0000009E   401C               ADDS     R0,R0,#+1
   \                     ??system_test_function_20:
   \   000000A0   2880               STRH     R0,[R5, #+0]
     50             return;
   \   000000A2   E6E0               B        ??system_test_function_18
     51             
     52           case 3:
     53             if (DEC_KEY)
   \                     ??system_test_function_4:
   \   000000A4   3029               CMP      R1,#+48
   \   000000A6   0CD3               BCC      ??system_test_function_21
   \   000000A8   3A29               CMP      R1,#+58
   \   000000AA   10D2               BCS      ??system_test_function_22
     54             {
     55               if(key_input_bcd() == 0) sExecStep++;
   \   000000AC   ........           _BLF     key_input_bcd,??key_input_bcd??rT
   \   000000B0   0028               CMP      R0,#+0
   \   000000B2   02D1               BNE      ??system_test_function_23
   \   000000B4   2888               LDRH     R0,[R5, #+0]
   \   000000B6   401C               ADDS     R0,R0,#+1
   \   000000B8   2880               STRH     R0,[R5, #+0]
     56               printf("*");
   \                     ??system_test_function_23:
   \   000000BA   70A0               ADR      R0,??system_test_function_0+0x8  ;; "*"
   \   000000BC   ........           _BLF     printf,??printf??rT
   \   000000C0   D7E0               B        ??system_test_function_18
     57             }
     58             else if (ENTER_KEY) execmode_change(MAIN_MENU);
   \                     ??system_test_function_21:
   \   000000C2   0D29               CMP      R1,#+13
   \                     ??system_test_function_24:
   \   000000C4   05D1               BNE      ??system_test_function_25
   \                     ??system_test_function_26:
   \   000000C6   0020               MOVS     R0,#+0
   \                     ??system_test_function_27:
   \   000000C8   ........           _BLF     execmode_change,??execmode_change??rT
   \                     ??system_test_function_28:
   \   000000CC   D1E0               B        ??system_test_function_18
     59             else if (MENU_KEY) execmode_change(MAIN_MENU);
   \                     ??system_test_function_22:
   \   000000CE   6129               CMP      R1,#+97
   \   000000D0   F8E7               B.N      ??system_test_function_24
     60             else  if (step_delay(SEC_1<<3)) execmode_change(MAIN_MENU); 
   \                     ??system_test_function_25:
   \   000000D2   FA20               MOVS     R0,#+250
   \   000000D4   0001               LSLS     R0,R0,#+4        ;; #+4000
   \   000000D6   ........           _BLF     step_delay,??step_delay??rT
   \   000000DA   0028               CMP      R0,#+0
   \   000000DC   F6D0               BEQ      ??system_test_function_28
   \   000000DE   F2E7               B.N      ??system_test_function_26
     61             return;
     62             
     63           case 4:
     64             if (KeyValue == iSecretCode) sExecStep = SYSTEM_MAIN;
   \                     ??system_test_function_5:
   \   000000E0   6749               LDR      R1,??system_test_function_0+0xC  ;; KeyValue
   \   000000E2   0968               LDR      R1,[R1, #+0]
   \   000000E4   674A               LDR      R2,??system_test_function_0+0x10  ;; iSecretCode
   \   000000E6   1268               LDR      R2,[R2, #+0]
   \   000000E8   9142               CMP      R1,R2
   \   000000EA   D8D1               BNE      ??system_test_function_19
   \   000000EC   0A20               MOVS     R0,#+10
   \   000000EE   BBE7               B.N      ??system_test_function_17
     65             else sExecStep++;
     66             return;
     67             
     68           case 5:
     69             printf("\n>Invalid code..");
   \                     ??system_test_function_6:
   \   000000F0   2000               MOVS     R0,R4
   \   000000F2   4C30               ADDS     R0,R0,#+76
   \   000000F4   ........           _BLF     printf,??printf??rT
     70             printf("\n>Please Retry..");
   \   000000F8   6034               ADDS     R4,R4,#+96
   \   000000FA   2000               MOVS     R0,R4
   \   000000FC   ........           _BLF     printf,??printf??rT
     71             sExecStep++;
   \   00000100   2888               LDRH     R0,[R5, #+0]
   \   00000102   401C               ADDS     R0,R0,#+1
   \   00000104   B0E7               B.N      ??system_test_function_17
     72             return;
     73           
     74           case 6:
     75             if (step_delay(SEC_1<<1)) sExecStep = 1; 
   \                     ??system_test_function_7:
   \   00000106   FA20               MOVS     R0,#+250
   \   00000108   8000               LSLS     R0,R0,#+2        ;; #+1000
   \   0000010A   ........           _BLF     step_delay,??step_delay??rT
   \   0000010E   0028               CMP      R0,#+0
   \   00000110   DCD0               BEQ      ??system_test_function_28
   \   00000112   0120               MOVS     R0,#+1
   \   00000114   A8E7               B.N      ??system_test_function_17
     76             return;
     77              
     78            case SYSTEM_MAIN:
     79              screen_clear();
   \                     ??system_test_function_8:
   \   00000116   ........           _BLF     screen_clear,??screen_clear??rT
     80              DelayStep = 0;
   \   0000011A   3770               STRB     R7,[R6, #+0]
     81              debug_monit(MONOUT);
   \   0000011C   0120               MOVS     R0,#+1
   \   0000011E   ........           _BLF     debug_monit,??debug_monit??rT
     82              printf("<< System Test >>");
   \   00000122   2000               MOVS     R0,R4
   \   00000124   7430               ADDS     R0,R0,#+116
   \   00000126   ........           _BLF     printf,??printf??rT
     83              printf("\n1:Modem Test ");
   \   0000012A   2000               MOVS     R0,R4
   \   0000012C   8830               ADDS     R0,R0,#+136
   \   0000012E   ........           _BLF     printf,??printf??rT
     84              printf("\n2:Flash Memory Test");
   \   00000132   2000               MOVS     R0,R4
   \   00000134   9830               ADDS     R0,R0,#+152
   \   00000136   ........           _BLF     printf,??printf??rT
     85              printf("\n3:ADE7753 Test     ");
   \   0000013A   2000               MOVS     R0,R4
   \   0000013C   3430               ADDS     R0,R0,#+52
   \   0000013E   ........           _BLF     printf,??printf??rT
     86              //printf("\n4:RTC Test");
     87              printf("\n8:WDT read    ");
   \   00000142   2000               MOVS     R0,R4
   \   00000144   B030               ADDS     R0,R0,#+176
   \   00000146   ........           _BLF     printf,??printf??rT
     88              printf("\n9:WDT Set     ");
   \   0000014A   2000               MOVS     R0,R4
   \   0000014C   C030               ADDS     R0,R0,#+192
   \   0000014E   ........           _BLF     printf,??printf??rT
     89              printf("\n#:Enter Debug Mode");
   \   00000152   D034               ADDS     R4,R4,#+208
   \   00000154   2000               MOVS     R0,R4
   \   00000156   ........           _BLF     printf,??printf??rT
     90              sExecStep++;
   \   0000015A   2888               LDRH     R0,[R5, #+0]
   \   0000015C   9FE7               B.N      ??system_test_function_19
     91              return;
     92            
     93            case SYSTEM_MAIN+1:
     94              if (bPushKey == '1') execmode_change(MODEM_CONTROL);
   \                     ??system_test_function_9:
   \   0000015E   3129               CMP      R1,#+49
   \   00000160   01D1               BNE      ??system_test_function_29
   \   00000162   0320               MOVS     R0,#+3
   \   00000164   B0E7               B.N      ??system_test_function_27
     95              else if (bPushKey == '2') execmode_change(FLASH_TEST);
   \                     ??system_test_function_29:
   \   00000166   3229               CMP      R1,#+50
   \   00000168   03D1               BNE      ??system_test_function_30
   \   0000016A   0920               MOVS     R0,#+9
   \   0000016C   ........           _BLF     execmode_change,??execmode_change??rT
   \   00000170   7FE0               B        ??system_test_function_18
     96              else if (bPushKey == '3') execmode_change(ADE7753_TEST);
   \                     ??system_test_function_30:
   \   00000172   3329               CMP      R1,#+51
   \   00000174   01D1               BNE      ??system_test_function_31
   \   00000176   0420               MOVS     R0,#+4
   \   00000178   A6E7               B.N      ??system_test_function_27
     97              //else if (bPushKey == '4') execmode_change(RTC_TEST);
     98              else if (bPushKey == '8') sExecStep = WDT_READ;
   \                     ??system_test_function_31:
   \   0000017A   3829               CMP      R1,#+56
   \   0000017C   01D1               BNE      ??system_test_function_32
   \                     ??system_test_function_33:
   \   0000017E   7820               MOVS     R0,#+120
   \   00000180   72E7               B.N      ??system_test_function_17
     99              else if (bPushKey == '9') sExecStep = WDT_STATUS;
   \                     ??system_test_function_32:
   \   00000182   3929               CMP      R1,#+57
   \   00000184   01D1               BNE      ??system_test_function_34
   \   00000186   6E20               MOVS     R0,#+110
   \   00000188   8AE7               B.N      ??system_test_function_20
    100              else if (bPushKey == '0') sExecStep = WDT_TEST;
   \                     ??system_test_function_34:
   \   0000018A   3029               CMP      R1,#+48
   \   0000018C   01D1               BNE      ??system_test_function_35
   \   0000018E   6420               MOVS     R0,#+100
   \   00000190   6AE7               B.N      ??system_test_function_17
    101              else if (bPushKey == '#') 
   \                     ??system_test_function_35:
   \   00000192   2329               CMP      R1,#+35
   \   00000194   1BD1               BNE      ??system_test_function_36
    102              {
    103                sExecStep = 0;
   \   00000196   2F80               STRH     R7,[R5, #+0]
    104                ExecMode = DEBUG_MODE;
   \   00000198   ....               LDR      R0,??DataTable4  ;; ExecMode
   \   0000019A   1421               MOVS     R1,#+20
   \   0000019C   0170               STRB     R1,[R0, #+0]
    105                screen_clear();
   \   0000019E   ........           _BLF     screen_clear,??screen_clear??rT
    106                printf("\n<Debug Mode>\n");
   \   000001A2   2000               MOVS     R0,R4
   \   000001A4   E430               ADDS     R0,R0,#+228
   \   000001A6   ........           _BLF     printf,??printf??rT
    107                printf("\n>Func:\3");
   \   000001AA   2000               MOVS     R0,R4
   \   000001AC   F430               ADDS     R0,R0,#+244
   \   000001AE   ........           _BLF     printf,??printf??rT
    108                printf("%02d", DebugFuncNo);
   \   000001B2   ....               LDR      R0,??DataTable5  ;; DebugFuncNo
   \   000001B4   0178               LDRB     R1,[R0, #+0]
   \   000001B6   8020               MOVS     R0,#+128
   \   000001B8   4000               LSLS     R0,R0,#+1        ;; #+256
   \   000001BA   2018               ADDS     R0,R4,R0
   \   000001BC   ........           _BLF     printf,??printf??rT
    109                sCurPos -= 2;
   \   000001C0   ....               LDR      R0,??DataTable7  ;; sCurPos
   \   000001C2   ....               LDR      R1,??DataTable7  ;; sCurPos
   \   000001C4   0022               MOVS     R2,#+0
   \   000001C6   895E               LDRSH    R1,[R1, R2]
   \   000001C8   891E               SUBS     R1,R1,#+2
   \   000001CA   0180               STRH     R1,[R0, #+0]
   \   000001CC   51E0               B        ??system_test_function_18
    110              }
    111              else if (MENU_KEY) execmode_change(MAIN_MENU); 
   \                     ??system_test_function_36:
   \   000001CE   6129               CMP      R1,#+97
   \   000001D0   4FD1               BNE      ??system_test_function_18
   \   000001D2   0020               MOVS     R0,#+0
   \   000001D4   78E7               B.N      ??system_test_function_27
    112              //else if (step_delay(SEC_1*30)) execmode_change(POWER_METER);
    113              return;
    114          
    115           case WDT_STATUS:
    116            wdtreg = 0xFFFFFD44;
    117            ptr = (unsigned int*) wdtreg;
    118            
    119            AT91F_WDTC_CfgPMC();
   \                     ??system_test_function_11:
   \   000001D6   2C48               LDR      R0,??system_test_function_0+0x14  ;; 0xfffffc10
   \   000001D8   0221               MOVS     R1,#+2
   \   000001DA   0160               STR      R1,[R0, #+0]
    120            count = 0x123;	//AT91F_WDTGetPeriod(2000);
    121            printf("\nCount:%04X", count);
   \   000001DC   FF21               MOVS     R1,#+255
   \   000001DE   2431               ADDS     R1,R1,#+36       ;; #+291
   \   000001E0   8420               MOVS     R0,#+132
   \   000001E2   4000               LSLS     R0,R0,#+1        ;; #+264
   \   000001E4   2018               ADDS     R0,R4,R0
   \   000001E6   ........           _BLF     printf,??printf??rT
    122            wdtmode = count<<16|WDRSTEN|WDRPROC|count;
    123            printf("\nWDTmode:%08X", wdtmode);
   \   000001EA   284E               LDR      R6,??system_test_function_0+0x18  ;; 0x1236123
   \   000001EC   3100               MOVS     R1,R6
   \   000001EE   8A20               MOVS     R0,#+138
   \   000001F0   4000               LSLS     R0,R0,#+1        ;; #+276
   \   000001F2   2018               ADDS     R0,R4,R0
   \   000001F4   ........           _BLF     printf,??printf??rT
    124            //AT91F_WDTSetMode(WDT_BASE, wdtmode); //AT91S_WDTC>>WDTC_WDMR
    125            *ptr = wdtmode;
   \   000001F8   2548               LDR      R0,??system_test_function_0+0x1C  ;; 0xfffffd44
   \   000001FA   0660               STR      R6,[R0, #+0]
    126            printf("\n%08X:%08X", ptr, *ptr);
   \   000001FC   3200               MOVS     R2,R6
   \   000001FE   0100               MOVS     R1,R0
   \   00000200   0098               LDR      R0,[SP, #+0]
   \   00000202   ........           _BLF     printf,??printf??rT
    127            wdtmode = 0xA5000001;
    128            ptr--;
    129            *ptr = wdtmode;
   \   00000206   2348               LDR      R0,??system_test_function_0+0x20  ;; 0xfffffd40
   \   00000208   2349               LDR      R1,??system_test_function_0+0x24  ;; 0xa5000001
   \   0000020A   0160               STR      R1,[R0, #+0]
    130            printf("\n%08X:%08X", ptr, *ptr);
   \   0000020C   0A00               MOVS     R2,R1
   \   0000020E   0100               MOVS     R1,R0
   \   00000210   0098               LDR      R0,[SP, #+0]
   \   00000212   ........           _BLF     printf,??printf??rT
   \   00000216   B2E7               B        ??system_test_function_33
    131            sExecStep = WDT_READ; 
    132            return;
    133             
    134           
    135           case WDT_STATUS+1:
    136             if (ANY_KEY)sExecStep = SYSTEM_MAIN; 
   \                     ??system_test_function_12:
   \   00000218   0029               CMP      R1,#+0
   \   0000021A   2AD0               BEQ      ??system_test_function_18
   \   0000021C   0A20               MOVS     R0,#+10
   \   0000021E   23E7               B.N      ??system_test_function_17
    137             return; 
    138          
    139           case WDT_READ:
    140            wdtreg = 0xFFFFFD40;
    141            ptr = (unsigned int*) wdtreg;
    142           
    143            printf("\n%08X:%08X", ptr, *ptr);
   \                     ??system_test_function_13:
   \   00000220   1C48               LDR      R0,??system_test_function_0+0x20  ;; 0xfffffd40
   \   00000222   0268               LDR      R2,[R0, #+0]
   \   00000224   0100               MOVS     R1,R0
   \   00000226   0098               LDR      R0,[SP, #+0]
   \   00000228   ........           _BLF     printf,??printf??rT
    144            ptr++;
    145            printf("\n%08X:%08X", ptr, *ptr);
   \   0000022C   1848               LDR      R0,??system_test_function_0+0x1C  ;; 0xfffffd44
   \   0000022E   0268               LDR      R2,[R0, #+0]
   \   00000230   0100               MOVS     R1,R0
   \   00000232   0098               LDR      R0,[SP, #+0]
   \   00000234   ........           _BLF     printf,??printf??rT
    146            ptr++;
    147            printf("\n%08X:%08X", ptr, *ptr);
   \   00000238   1849               LDR      R1,??system_test_function_0+0x28  ;; 0xfffffd48
   \   0000023A   0A68               LDR      R2,[R1, #+0]
   \   0000023C   0098               LDR      R0,[SP, #+0]
   \   0000023E   ........           _BLF     printf,??printf??rT
    148            sExecStep++;
   \   00000242   2888               LDRH     R0,[R5, #+0]
   \   00000244   401C               ADDS     R0,R0,#+1
   \   00000246   2BE7               B.N      ??system_test_function_20
    149            return;
    150             
    151           
    152           case WDT_READ+1:
    153             if (ENTER_KEY) sExecStep = WDT_READ; 
   \                     ??system_test_function_14:
   \   00000248   0D29               CMP      R1,#+13
   \   0000024A   98D0               BEQ      ??system_test_function_33
    154             else if (ANY_KEY)sExecStep = SYSTEM_MAIN; 
   \   0000024C   0029               CMP      R1,#+0
   \   0000024E   10D0               BEQ      ??system_test_function_18
   \   00000250   0A20               MOVS     R0,#+10
   \   00000252   09E7               B.N      ??system_test_function_17
    155             return; 
    156             
    157             
    158            case WDT_TEST:
    159             for (lp = 0; lp < 10000; lp++) delay_us(1000);
   \                     ??system_test_function_10:
   \   00000254   124C               LDR      R4,??system_test_function_0+0x2C  ;; 0x2710
   \                     ??system_test_function_37:
   \   00000256   FA20               MOVS     R0,#+250
   \   00000258   8000               LSLS     R0,R0,#+2        ;; #+1000
   \   0000025A   ........           _BLF     delay_us,??delay_us??rT
   \   0000025E   641E               SUBS     R4,R4,#+1
   \   00000260   F9D1               BNE      ??system_test_function_37
    160             sExecStep = SYSTEM_MAIN;
   \   00000262   0A20               MOVS     R0,#+10
   \   00000264   1CE7               B.N      ??system_test_function_20
    161             return;
    162              
    163             default:
    164              printf("\n?Error:MAIN MENU");
   \                     ??system_test_function_15:
   \   00000266   9820               MOVS     R0,#+152
   \   00000268   4000               LSLS     R0,R0,#+1        ;; #+304
   \   0000026A   2018               ADDS     R0,R4,R0
   \   0000026C   ........           _BLF     printf,??printf??rT
    165              sExecStep = 0;
   \   00000270   2F80               STRH     R7,[R5, #+0]
    166              return;
   \                     ??system_test_function_18:
   \   00000272   ....               B.N      ?Subroutine5
   \                     ??system_test_function_0:
   \   00000274   ........           DC32     `?<Constant "\\n>******">`
   \   00000278   ........           DC32     DelayStep
   \   0000027C   2A000000           DC8      "*",+0,+0
   \   00000280   ........           DC32     KeyValue
   \   00000284   ........           DC32     iSecretCode
   \   00000288   10FCFFFF           DC32     0xfffffc10
   \   0000028C   23612301           DC32     0x1236123
   \   00000290   44FDFFFF           DC32     0xfffffd44
   \   00000294   40FDFFFF           DC32     0xfffffd40
   \   00000298   010000A5           DC32     0xa5000001
   \   0000029C   48FDFFFF           DC32     0xfffffd48
   \   000002A0   10270000           DC32     0x2710
    167            }
    168          }

   \                                 In segment CODE, align 4, keep-with-next
   \                     ?Subroutine5:
   \   00000000   F8BC               POP      {R3-R7}
   \   00000002   01BC               POP      {R0}
   \   00000004   0047               BX       R0               ;; return
   \   00000006   C046               Nop      
   \                     ??Subroutine5_0:
   \   00000008   ........           DC32     code_h
   \   0000000C   ........           DC32     `?<Constant "\\260\\241A\\260\\242">`
   \   00000010   ........           DC32     CursorUse
   \   00000014   ........           DC32     CursorUse
   \   00000018   B0A10000           DC8      "°¡",+0
   \   0000001C   0A000000           DC8      "\n",+0,+0
   \   00000020   B0A14100           DC8      "°¡A"
   \   00000024   ........           DC32     FontStyle
   \   00000028   ........           DC32     CursorUse
   \   0000002C   ........           DC32     FontStyle
   \   00000030   ........           DC32     CursorUse
   \   00000034   34F4FFFF           DC32     0xfffff434
   \   00000038   ........           DC32     ATCRM129
   \   0000003C   ........           DC32     ATS01
   \   00000040   ........           DC32     END_CODE
   \   00000044   30F4FFFF           DC32     0xfffff430
    169          

   \                                 In segment DATA_Z, align 1, align-sorted
    170          char  DebugMode;
   \                     DebugMode:
   \   00000000                      DS8 1

   \                                 In segment DATA_Z, align 1, align-sorted
    171          char  DebugFuncNo;
   \                     DebugFuncNo:
   \   00000000                      DS8 1

   \                                 In segment DATA_Z, align 1, align-sorted
    172          char  AutoZigBee;
   \                     AutoZigBee:
   \   00000000                      DS8 1

   \                                 In segment DATA_Z, align 1, align-sorted
    173          char code_h, code_l;
   \                     code_h:
   \   00000000                      DS8 1
   \                     code_l:
   \   00000001                      DS8 1

   \                                 In segment CODE, align 4, keep-with-next
    174          void debug_function_execute(char cmd)
    175          {
   \                     debug_function_execute:
   \   00000000   F1B5               PUSH     {R0,R4-R7,LR}
   \   00000002   0124               MOVS     R4,#+1
   \   00000004   ....               LDR      R5,??Subroutine5_0  ;; code_h
   \   00000006   ....               LDR      R1,??DataTable8  ;; DpUpdate
   \   00000008   ....               LDR      R2,??DataTable9  ;; ImageNo
   \   0000000A   ....               LDR      R3,??DataTable10  ;; ImageMode
   \   0000000C   ....               LDR      R6,??Subroutine5_0+0x4  ;; `?<Constant "\\260\\241A\\260\\242">`
   \   0000000E   0028               CMP      R0,#+0
   \   00000010   5CD0               BEQ      ??debug_function_execute_0
   \   00000012   401E               SUBS     R0,R0,#+1
   \   00000014   5DD0               BEQ      ??debug_function_execute_1
   \   00000016   401E               SUBS     R0,R0,#+1
   \   00000018   5ED0               BEQ      ??debug_function_execute_2
   \   0000001A   0F38               SUBS     R0,R0,#+15
   \   0000001C   62D0               BEQ      ??debug_function_execute_3
   \   0000001E   401E               SUBS     R0,R0,#+1
   \   00000020   63D0               BEQ      ??debug_function_execute_4
   \   00000022   401E               SUBS     R0,R0,#+1
   \   00000024   64D0               BEQ      ??debug_function_execute_5
   \   00000026   401E               SUBS     R0,R0,#+1
   \   00000028   65D0               BEQ      ??debug_function_execute_6
   \   0000002A   401E               SUBS     R0,R0,#+1
   \   0000002C   66D0               BEQ      ??debug_function_execute_7
   \   0000002E   1C38               SUBS     R0,R0,#+28
   \   00000030   67D0               BEQ      ??debug_function_execute_8
   \   00000032   401E               SUBS     R0,R0,#+1
   \   00000034   69D0               BEQ      ??debug_function_execute_9
   \   00000036   401E               SUBS     R0,R0,#+1
   \   00000038   69D0               BEQ      ??debug_function_execute_10
   \   0000003A   401E               SUBS     R0,R0,#+1
   \   0000003C   6FD0               BEQ      ??debug_function_execute_11
   \   0000003E   401E               SUBS     R0,R0,#+1
   \   00000040   ....               BNE      .+5
   \   00000042   8AE0               B        ??debug_function_execute_12
   \   00000044   401E               SUBS     R0,R0,#+1
   \   00000046   ....               BNE      .+5
   \   00000048   91E0               B        ??debug_function_execute_13
   \   0000004A   401E               SUBS     R0,R0,#+1
   \   0000004C   ....               BNE      .+5
   \   0000004E   94E0               B        ??debug_function_execute_14
   \   00000050   401E               SUBS     R0,R0,#+1
   \   00000052   ....               BNE      .+5
   \   00000054   97E0               B        ??debug_function_execute_15
   \   00000056   401E               SUBS     R0,R0,#+1
   \   00000058   ....               BNE      .+5
   \   0000005A   99E0               B        ??debug_function_execute_16
   \   0000005C   C01F               SUBS     R0,R0,#+7
   \   0000005E   ....               BNE      .+5
   \   00000060   9DE0               B        ??debug_function_execute_17
   \   00000062   401E               SUBS     R0,R0,#+1
   \   00000064   ....               BNE      .+5
   \   00000066   ADE0               B        ??debug_function_execute_18
   \   00000068   401E               SUBS     R0,R0,#+1
   \   0000006A   ....               BNE      .+5
   \   0000006C   ACE0               B        ??debug_function_execute_19
   \   0000006E   0E38               SUBS     R0,R0,#+14
   \   00000070   ....               BNE      .+5
   \   00000072   ACE0               B        ??debug_function_execute_20
   \   00000074   401E               SUBS     R0,R0,#+1
   \   00000076   ....               BNE      .+5
   \   00000078   B5E0               B        ??debug_function_execute_21
   \   0000007A   401E               SUBS     R0,R0,#+1
   \   0000007C   ....               BNE      .+5
   \   0000007E   B5E0               B        ??debug_function_execute_22
   \   00000080   401E               SUBS     R0,R0,#+1
   \   00000082   ....               BNE      .+5
   \   00000084   B7E0               B        ??debug_function_execute_23
   \   00000086   401E               SUBS     R0,R0,#+1
   \   00000088   ....               BNE      .+5
   \   0000008A   B8E0               B        ??debug_function_execute_24
   \   0000008C   401E               SUBS     R0,R0,#+1
   \   0000008E   ....               BNE      .+5
   \   00000090   B8E0               B        ??debug_function_execute_25
   \   00000092   401E               SUBS     R0,R0,#+1
   \   00000094   ....               BNE      .+5
   \   00000096   B9E0               B        ??debug_function_execute_26
   \   00000098   401E               SUBS     R0,R0,#+1
   \   0000009A   ....               BNE      .+5
   \   0000009C   BBE0               B        ??debug_function_execute_27
   \   0000009E   401E               SUBS     R0,R0,#+1
   \   000000A0   ....               BNE      .+5
   \   000000A2   BCE0               B        ??debug_function_execute_28
   \   000000A4   401E               SUBS     R0,R0,#+1
   \   000000A6   ....               BNE      .+5
   \   000000A8   BCE0               B        ??debug_function_execute_29
   \   000000AA   C01F               SUBS     R0,R0,#+7
   \   000000AC   ....               BNE      .+5
   \   000000AE   BDE0               B        ??debug_function_execute_30
   \   000000B0   401E               SUBS     R0,R0,#+1
   \   000000B2   ....               BNE      .+5
   \   000000B4   C0E0               B        ??debug_function_execute_31
   \   000000B6   401E               SUBS     R0,R0,#+1
   \   000000B8   0128               CMP      R0,#+1
   \   000000BA   ....               BHI      .+5
   \   000000BC   C0E0               B        ??debug_function_execute_32
   \   000000BE   801E               SUBS     R0,R0,#+2
   \   000000C0   ....               BNE      .+5
   \   000000C2   BFE0               B        ??debug_function_execute_33
   \   000000C4   401F               SUBS     R0,R0,#+5
   \   000000C6   ....               BNE      .+5
   \   000000C8   C0E0               B        ??debug_function_execute_34
   \   000000CA   C6E0               B        ??debug_function_execute_35
    176           char lp;
    177           switch (cmd) {
    178           case 0:  print_MaxExecTime();              return;
   \                     ??debug_function_execute_0:
   \   000000CC   ........           _BLF     print_MaxExecTime,??print_MaxExecTime??rT
   \   000000D0   C8E0               B        ??debug_function_execute_36
    179           case 1:  print_ExecTime();                 return;
   \                     ??debug_function_execute_1:
   \   000000D2   ........           _BLF     print_ExecTime,??print_ExecTime??rT
   \   000000D6   C5E0               B        ??debug_function_execute_36
    180           case 2:  CursorUse ^= 1;                   return;
   \                     ??debug_function_execute_2:
   \   000000D8   ....               LDR      R0,??Subroutine5_0+0x8  ;; CursorUse
   \   000000DA   ....               LDR      R1,??Subroutine5_0+0xC  ;; CursorUse
   \   000000DC   0978               LDRB     R1,[R1, #+0]
   \   000000DE   4C40               EORS     R4,R4,R1
   \                     ??debug_function_execute_37:
   \   000000E0   0470               STRB     R4,[R0, #+0]
   \   000000E2   BFE0               B        ??debug_function_execute_36
    181          // case 7:  IndexPC = 10; test_packet_send_PC(IndexPC); return;
    182          // case 8:  IndexPC = 20; test_packet_send_PC(IndexPC); return;
    183           
    184          // case 0x10: print_all_MsgAck_PC();          return;
    185           case 0x11: printf_PowerOnMsg();            return;
   \                     ??debug_function_execute_3:
   \   000000E4   ........           _BLF     printf_PowerOnMsg,??printf_PowerOnMsg??rT
   \   000000E8   BCE0               B        ??debug_function_execute_36
    186           case 0x12: LCD_init(); 	            return;
   \                     ??debug_function_execute_4:
   \   000000EA   ........           _BLF     LCD_init,??LCD_init??rT
   \   000000EE   B9E0               B        ??debug_function_execute_36
    187           case 0x13: DPbuf_clear();                  return; 
   \                     ??debug_function_execute_5:
   \   000000F0   ........           _BLF     DPbuf_clear,??DPbuf_clear??rT
   \   000000F4   B6E0               B        ??debug_function_execute_36
    188           case 0x14: cursor_move_start();            return;
   \                     ??debug_function_execute_6:
   \   000000F6   ........           _BLF     cursor_move_start,??cursor_move_start??rT
   \   000000FA   B3E0               B        ??debug_function_execute_36
    189           case 0x15: cursor_move_home();             return;
   \                     ??debug_function_execute_7:
   \   000000FC   ........           _BLF     cursor_move_home,??cursor_move_home??rT
   \   00000100   B0E0               B        ??debug_function_execute_36
    190           
    191          
    192           case 0x31:
    193             printf("°¡");
   \                     ??debug_function_execute_8:
   \   00000102   ....               ADR      R0,??Subroutine5_0+0x10  ;; "°¡"
   \                     ??debug_function_execute_38:
   \   00000104   ........           _BLF     printf,??printf??rT
    194             return;
   \   00000108   ACE0               B        ??debug_function_execute_36
    195           case 0x32:
    196             printf("°¡A°¢");
   \                     ??debug_function_execute_9:
   \   0000010A   3000               MOVS     R0,R6
   \   0000010C   FAE7               B.N      ??debug_function_execute_38
    197             return;
    198             
    199           case 0x33: 
    200             display_mode(2);
   \                     ??debug_function_execute_10:
   \   0000010E   0220               MOVS     R0,#+2
   \   00000110   ........           _BLF     display_mode,??display_mode??rT
    201             printf("\n°¡°¢°£°¤°¥°¨°¡°¢");
   \   00000114   0836               ADDS     R6,R6,#+8
   \   00000116   3000               MOVS     R0,R6
   \   00000118   ........           _BLF     printf,??printf??rT
    202             code_h = 0xB0;
   \   0000011C   22E0               B.N      ??debug_function_execute_39
    203             code_l = 0xA0;
    204             return;
    205           case 0x34:
    206             printf("\n");
   \                     ??debug_function_execute_11:
   \   0000011E   ....               ADR      R0,??Subroutine5_0+0x14  ;; "\n"
   \   00000120   ........           _BLF     printf,??printf??rT
    207             for (lp = 0; lp < 14; lp++) 
   \   00000124   0E24               MOVS     R4,#+14
    208             {
    209               putchar_dp(code_h);
   \                     ??debug_function_execute_40:
   \   00000126   2878               LDRB     R0,[R5, #+0]
   \   00000128   ........           _BLF     putchar_dp,??putchar_dp??rT
    210               putchar_dp(code_l);
   \   0000012C   6878               LDRB     R0,[R5, #+1]
   \   0000012E   ........           _BLF     putchar_dp,??putchar_dp??rT
    211               if (++code_l == 0xFF) 
   \   00000132   6878               LDRB     R0,[R5, #+1]
   \   00000134   401C               ADDS     R0,R0,#+1
   \   00000136   6870               STRB     R0,[R5, #+1]
   \   00000138   2978               LDRB     R1,[R5, #+0]
   \   0000013A   0006               LSLS     R0,R0,#+24
   \   0000013C   000E               LSRS     R0,R0,#+24
   \   0000013E   FF28               CMP      R0,#+255
   \   00000140   07D1               BNE      ??debug_function_execute_41
    212               {
    213                 code_l = 0xA0;
   \   00000142   A020               MOVS     R0,#+160
   \   00000144   6870               STRB     R0,[R5, #+1]
    214                 if (++code_h == 0xC9) code_h = 0xB0;
   \   00000146   491C               ADDS     R1,R1,#+1
   \   00000148   0906               LSLS     R1,R1,#+24
   \   0000014A   090E               LSRS     R1,R1,#+24
   \   0000014C   C929               CMP      R1,#+201
   \   0000014E   00D1               BNE      ??debug_function_execute_41
   \   00000150   B021               MOVS     R1,#+176
   \                     ??debug_function_execute_41:
   \   00000152   2970               STRB     R1,[R5, #+0]
    215               }
    216             }
   \   00000154   641E               SUBS     R4,R4,#+1
   \   00000156   09D0               BEQ      ??debug_function_execute_42
   \   00000158   E5E7               B        ??debug_function_execute_40
    217             return;    
    218           case 0x35:
    219             if (++code_h == 0) code_h = 0xB0;
   \                     ??debug_function_execute_12:
   \   0000015A   2878               LDRB     R0,[R5, #+0]
   \   0000015C   401C               ADDS     R0,R0,#+1
   \   0000015E   2870               STRB     R0,[R5, #+0]
   \   00000160   0006               LSLS     R0,R0,#+24
   \   00000162   01D1               BNE      ??debug_function_execute_43
   \                     ??debug_function_execute_39:
   \   00000164   B020               MOVS     R0,#+176
   \   00000166   2870               STRB     R0,[R5, #+0]
    220             code_l = 0xA0;
   \                     ??debug_function_execute_43:
   \   00000168   A020               MOVS     R0,#+160
   \   0000016A   6870               STRB     R0,[R5, #+1]
    221             return;
   \                     ??debug_function_execute_42:
   \   0000016C   7AE0               B        ??debug_function_execute_36
    222           case 0x36:
    223             printf("°¡A");
   \                     ??debug_function_execute_13:
   \   0000016E   ....               ADR      R0,??Subroutine5_0+0x18  ;; "°¡A"
   \   00000170   ........           _BLF     printf,??printf??rT
    224             printf("\n°¡°¢°£°¤°¥°¨°¡A°¢");
   \   00000174   1C36               ADDS     R6,R6,#+28
   \   00000176   3000               MOVS     R0,R6
   \   00000178   C4E7               B.N      ??debug_function_execute_38
    225             //printf("\n°þ±þ²þ³þ´þµþ¶þ·þ¸þ¹þºþ»þ¼þ");
    226             //printf("\n½þ¾þ¿þÀþÁþªOÃþÅþÆþÇþÈþ");
    227             return;
    228           case 0x37: DPbuf_clear(); FontStyle = 1; CursorUse = 1; return;
   \                     ??debug_function_execute_14:
   \   0000017A   ........           _BLF     DPbuf_clear,??DPbuf_clear??rT
   \   0000017E   ....               LDR      R0,??Subroutine5_0+0x1C  ;; FontStyle
   \   00000180   0470               STRB     R4,[R0, #+0]
   \   00000182   ....               LDR      R0,??Subroutine5_0+0x20  ;; CursorUse
   \   00000184   ACE7               B.N      ??debug_function_execute_37
    229           case 0x38: printf("ABCDEFGHIJKLMN"); return;
   \                     ??debug_function_execute_15:
   \   00000186   3036               ADDS     R6,R6,#+48
   \                     ??debug_function_execute_44:
   \   00000188   3000               MOVS     R0,R6
   \   0000018A   ........           _BLF     printf,??printf??rT
   \   0000018E   69E0               B        ??debug_function_execute_36
    230           case 0x39: DPbuf_clear(); FontStyle = 0; CursorUse = 1; return;
   \                     ??debug_function_execute_16:
   \   00000190   ........           _BLF     DPbuf_clear,??DPbuf_clear??rT
   \   00000194   ....               LDR      R0,??Subroutine5_0+0x24  ;; FontStyle
   \   00000196   0021               MOVS     R1,#+0
   \   00000198   0170               STRB     R1,[R0, #+0]
   \   0000019A   ....               LDR      R0,??Subroutine5_0+0x28  ;; CursorUse
   \   0000019C   A0E7               B.N      ??debug_function_execute_37
    231            
    232           case 0x40: 
    233              printf("\n°¡³ª´Ù¶ó¸¶¹Ù»ç¾ÆÀÚÂ÷Ä«Å¸ÆÄÇÏ");
   \                     ??debug_function_execute_17:
   \   0000019E   3000               MOVS     R0,R6
   \   000001A0   4030               ADDS     R0,R0,#+64
   \   000001A2   ........           _BLF     printf,??printf??rT
    234              printf("\n¾Æ¸§´Ù¿îÇÑ±¹");
   \   000001A6   3000               MOVS     R0,R6
   \   000001A8   6030               ADDS     R0,R0,#+96
   \   000001AA   ........           _BLF     printf,??printf??rT
    235              printf("\nÀÚ¶û½º·±ÇÑ±Û"); 
   \   000001AE   3000               MOVS     R0,R6
   \   000001B0   7030               ADDS     R0,R0,#+112
   \   000001B2   ........           _BLF     printf,??printf??rT
    236              printf("\n¹ßÀüÇÏ´Â"); 
   \   000001B6   3000               MOVS     R0,R6
   \   000001B8   8030               ADDS     R0,R0,#+128
   \   000001BA   ........           _BLF     printf,??printf??rT
    237              printf("\n(ÁÖ)ÀÌÇÇ¾ÆÅ×Å©");
   \   000001BE   8C36               ADDS     R6,R6,#+140
   \   000001C0   3000               MOVS     R0,R6
   \   000001C2   9FE7               B.N      ??debug_function_execute_38
    238           return;
    239           case 0x41: 
    240             printf("\n(ÁÖ)ÀÌÇÇ¾ÆÅ×Å©EpiaTech(ÁÖ)ÀÌÇÇ¾ÆÅ×Å©EpiaTech(ÁÖ)ÀÌÇÇ¾ÆÅ×Å©EpiaTech");
   \                     ??debug_function_execute_18:
   \   000001C4   9C36               ADDS     R6,R6,#+156
   \   000001C6   DFE7               B.N      ??debug_function_execute_44
    241             //printf("\n°¡±¡²¡³¡´¡µ¡¶¡·¡¸¡¹Àº¡»¡¼¡");
    242             //printf("\n½¡¾¡¿¡À¡Á¡Â¡Ã¡Ä¡Æ¡Ç¡È¡");  
    243             return;
    244           case 0x42:
    245             printf("\nÇÑ±ÛÀü°¢/¿µ¹®¹Ý°¢ ÇÑ¿µMODE");
   \                     ??debug_function_execute_19:
   \   000001C8   E036               ADDS     R6,R6,#+224
   \   000001CA   3000               MOVS     R0,R6
   \   000001CC   9AE7               B.N      ??debug_function_execute_38
    246             //printf("\n°ý±ý³ý´ýµý¶ø·ý¸ý¹ýºý»ý¼ý½ý¾ï¿ýÀýÁýÂý¯HÄýÅýÆýÇýÈý");
    247             return;
    248          
    249           case 0x50:  
    250             if (++ImageNo > MAX_IMAGE) ImageNo = 0;
   \                     ??debug_function_execute_20:
   \   000001CE   1078               LDRB     R0,[R2, #+0]
   \   000001D0   401C               ADDS     R0,R0,#+1
   \   000001D2   1070               STRB     R0,[R2, #+0]
   \   000001D4   0006               LSLS     R0,R0,#+24
   \   000001D6   000E               LSRS     R0,R0,#+24
   \   000001D8   0628               CMP      R0,#+6
   \   000001DA   01D3               BCC      ??debug_function_execute_45
   \   000001DC   0020               MOVS     R0,#+0
   \   000001DE   1070               STRB     R0,[R2, #+0]
    251             ImageMode = 1;
   \                     ??debug_function_execute_45:
   \   000001E0   1C70               STRB     R4,[R3, #+0]
    252             DpUpdate = 1; 
   \                     ??debug_function_execute_46:
   \   000001E2   0C70               STRB     R4,[R1, #+0]
    253             return;
   \   000001E4   3EE0               B        ??debug_function_execute_36
    254           case 0x51: ImageMode = 1; ImageNo = 1;DpUpdate = 1; return;
   \                     ??debug_function_execute_21:
   \   000001E6   1C70               STRB     R4,[R3, #+0]
   \   000001E8   1470               STRB     R4,[R2, #+0]
   \   000001EA   FAE7               B.N      ??debug_function_execute_46
    255           case 0x52: ImageMode = 1; ImageNo = 2;DpUpdate = 1; return;
   \                     ??debug_function_execute_22:
   \   000001EC   1C70               STRB     R4,[R3, #+0]
   \   000001EE   0220               MOVS     R0,#+2
   \                     ??debug_function_execute_47:
   \   000001F0   1070               STRB     R0,[R2, #+0]
   \   000001F2   0C70               STRB     R4,[R1, #+0]
   \   000001F4   36E0               B        ??debug_function_execute_36
    256           case 0x53: ImageMode = 1; ImageNo = 3;DpUpdate = 1; return;
   \                     ??debug_function_execute_23:
   \   000001F6   1C70               STRB     R4,[R3, #+0]
   \   000001F8   0320               MOVS     R0,#+3
   \   000001FA   1070               STRB     R0,[R2, #+0]
   \   000001FC   F1E7               B.N      ??debug_function_execute_46
    257           case 0x54: ImageMode = 1; ImageNo = 4;DpUpdate = 1; return;
   \                     ??debug_function_execute_24:
   \   000001FE   1C70               STRB     R4,[R3, #+0]
   \   00000200   0420               MOVS     R0,#+4
   \   00000202   F5E7               B.N      ??debug_function_execute_47
    258           case 0x55: ImageMode = 1; ImageNo = 5;DpUpdate = 1; return;
   \                     ??debug_function_execute_25:
   \   00000204   1C70               STRB     R4,[R3, #+0]
   \   00000206   0520               MOVS     R0,#+5
   \   00000208   1070               STRB     R0,[R2, #+0]
   \   0000020A   EAE7               B.N      ??debug_function_execute_46
    259           case 0x56: ImageMode = 1; ImageNo = 6;DpUpdate = 1;  return;
   \                     ??debug_function_execute_26:
   \   0000020C   1C70               STRB     R4,[R3, #+0]
   \   0000020E   0620               MOVS     R0,#+6
   \   00000210   1070               STRB     R0,[R2, #+0]
   \   00000212   0C70               STRB     R4,[R1, #+0]
   \   00000214   26E0               B        ??debug_function_execute_36
    260           case 0x57: ImageMode = 1; ImageNo = 7;DpUpdate = 1;  return;
   \                     ??debug_function_execute_27:
   \   00000216   1C70               STRB     R4,[R3, #+0]
   \   00000218   0720               MOVS     R0,#+7
   \   0000021A   1070               STRB     R0,[R2, #+0]
   \   0000021C   E1E7               B.N      ??debug_function_execute_46
    261           case 0x58: ImageMode = 1; ImageNo = 8;DpUpdate = 1;  return;
   \                     ??debug_function_execute_28:
   \   0000021E   1C70               STRB     R4,[R3, #+0]
   \   00000220   0820               MOVS     R0,#+8
   \   00000222   E5E7               B.N      ??debug_function_execute_47
    262           case 0x59: ImageMode = 1; ImageNo = 9;DpUpdate = 1;  return;
   \                     ??debug_function_execute_29:
   \   00000224   1C70               STRB     R4,[R3, #+0]
   \   00000226   0920               MOVS     R0,#+9
   \   00000228   1070               STRB     R0,[R2, #+0]
   \   0000022A   DAE7               B.N      ??debug_function_execute_46
    263            
    264           case 0x60: 
    265             pio_clear(PIOA, MODEM_RTS);
   \                     ??debug_function_execute_30:
   \   0000022C   ....               LDR      R0,??Subroutine5_0+0x2C  ;; 0xfffff434
   \   0000022E   2102               LSLS     R1,R4,#+8
   \   00000230   0160               STR      R1,[R0, #+0]
    266             printf("\n>MODEM RTS SET");
   \   00000232   FC36               ADDS     R6,R6,#+252
   \   00000234   3000               MOVS     R0,R6
   \   00000236   65E7               B.N      ??debug_function_execute_38
    267             return;
    268           
    269           case 0x61:putstring1(ATCRM129); return;
   \                     ??debug_function_execute_31:
   \   00000238   ....               LDR      R0,??Subroutine5_0+0x30  ;; ATCRM129
   \                     ??debug_function_execute_48:
   \   0000023A   ........           _BLF     putstring1,??putstring1??rT
   \   0000023E   11E0               B        ??debug_function_execute_36
    270           case 0x62: putstring1(ATS01); return;
   \                     ??debug_function_execute_32:
   \   00000240   ....               LDR      R0,??Subroutine5_0+0x34  ;; ATS01
   \   00000242   FAE7               B.N      ??debug_function_execute_48
    271           case 0x63: putstring1(ATS01); return;
    272           case 0x64: putstring1(END_CODE); return;
   \                     ??debug_function_execute_33:
   \   00000244   ....               LDR      R0,??Subroutine5_0+0x38  ;; END_CODE
   \   00000246   ........           _BLF     putstring1,??putstring1??rT
   \   0000024A   0BE0               B        ??debug_function_execute_36
    273           case 0x69: 
    274              pio_set(PIOA, MODEM_RTS);
   \                     ??debug_function_execute_34:
   \   0000024C   ....               LDR      R0,??Subroutine5_0+0x3C  ;; 0xfffff430
   \   0000024E   2102               LSLS     R1,R4,#+8
   \   00000250   0160               STR      R1,[R0, #+0]
    275              printf("\n>MODEM RTS CLEAR");
   \   00000252   8620               MOVS     R0,#+134
   \   00000254   4000               LSLS     R0,R0,#+1        ;; #+268
   \   00000256   3018               ADDS     R0,R6,R0
   \   00000258   54E7               B.N      ??debug_function_execute_38
    276             return;
    277               
    278           
    279           default:   print_str("\n?No Function\3");  return;
   \                     ??debug_function_execute_35:
   \   0000025A   9020               MOVS     R0,#+144
   \   0000025C   4000               LSLS     R0,R0,#+1        ;; #+288
   \   0000025E   3018               ADDS     R0,R6,R0
   \   00000260   ........           _BLF     print_str,??print_str??rT
   \                     ??debug_function_execute_36:
   \   00000264                      REQUIRE ?Subroutine5
   \   00000264                      ;; // Fall through to label ?Subroutine5
    280           };
    281          }
    282          

   \                                 In segment CODE, align 4, keep-with-next
    283          void get_DebugFuncNo(void)
    284          {
   \                     get_DebugFuncNo:
   \   00000000   10B5               PUSH     {R4,LR}
    285            DebugFuncNo = DebugFuncNo << 4;
    286            DebugFuncNo = DebugFuncNo + (bPushKey & 0x0F);
   \   00000002   ....               LDR      R1,??DataTable22  ;; DebugFuncNo
   \   00000004   0878               LDRB     R0,[R1, #+0]
   \   00000006   0001               LSLS     R0,R0,#+4
   \   00000008   ....               LDR      R2,??DataTable14  ;; bPushKey
   \   0000000A   1278               LDRB     R2,[R2, #+0]
   \   0000000C   1207               LSLS     R2,R2,#+28
   \   0000000E   120F               LSRS     R2,R2,#+28
   \   00000010   8018               ADDS     R0,R0,R2
   \   00000012   0870               STRB     R0,[R1, #+0]
    287            sCurPos--;
   \   00000014   ....               LDR      R4,??DataTable20  ;; sCurPos
   \   00000016   0021               MOVS     R1,#+0
   \   00000018   615E               LDRSH    R1,[R4, R1]
   \   0000001A   491E               SUBS     R1,R1,#+1
   \   0000001C   2180               STRH     R1,[R4, #+0]
    288            print_byte2ascii(DebugFuncNo);
   \   0000001E   0006               LSLS     R0,R0,#+24
   \   00000020   000E               LSRS     R0,R0,#+24
   \   00000022   ........           _BLF     print_byte2ascii,??print_byte2ascii??rT
    289            sCurPos -= 2;
   \   00000026   0020               MOVS     R0,#+0
   \   00000028   205E               LDRSH    R0,[R4, R0]
   \   0000002A   801E               SUBS     R0,R0,#+2
   \   0000002C   2080               STRH     R0,[R4, #+0]
    290          }
   \   0000002E   10BC               POP      {R4}
   \   00000030   01BC               POP      {R0}
   \   00000032   0047               BX       R0               ;; return
    291          

   \                                 In segment CODE, align 4, keep-with-next
    292          void debug_key_function(char key)
    293          {
   \                     debug_key_function:
   \   00000000   F1B5               PUSH     {R0,R4-R7,LR}
    294           if (bPushKey) 
   \   00000002   ....               LDR      R1,??DataTable14  ;; bPushKey
   \   00000004   0978               LDRB     R1,[R1, #+0]
   \   00000006   0029               CMP      R1,#+0
   \   00000008   62D0               BEQ      ??debug_key_function_0
    295           switch (key) {
   \   0000000A   ....               LDR      R2,??DataTable15  ;; ImageNo
   \   0000000C   1378               LDRB     R3,[R2, #+0]
   \   0000000E   ....               LDR      R4,??DataTable16  ;; ImageMode
   \   00000010   2578               LDRB     R5,[R4, #+0]
   \   00000012   0021               MOVS     R1,#+0
   \   00000014   0600               MOVS     R6,R0
   \   00000016   0D3E               SUBS     R6,R6,#+13
   \   00000018   47D0               BEQ      ??debug_key_function_1
   \   0000001A   163E               SUBS     R6,R6,#+22
   \   0000001C   16D0               BEQ      ??debug_key_function_2
   \   0000001E   F61F               SUBS     R6,R6,#+7
   \   00000020   56D0               BEQ      ??debug_key_function_0
   \   00000022   B61F               SUBS     R6,R6,#+6
   \   00000024   092E               CMP      R6,#+9
   \   00000026   0ED9               BLS      ??debug_key_function_3
   \   00000028   313E               SUBS     R6,R6,#+49
   \   0000002A   14D0               BEQ      ??debug_key_function_4
   \   0000002C   761E               SUBS     R6,R6,#+1
   \   0000002E   1FD0               BEQ      ??debug_key_function_5
   \   00000030   761E               SUBS     R6,R6,#+1
   \   00000032   2DD0               BEQ      ??debug_key_function_6
   \   00000034   361F               SUBS     R6,R6,#+4
   \   00000036   3DD0               BEQ      ??debug_key_function_7
   \   00000038   761E               SUBS     R6,R6,#+1
   \   0000003A   3ED0               BEQ      ??debug_key_function_8
   \   0000003C   361F               SUBS     R6,R6,#+4
   \   0000003E   3FD0               BEQ      ??debug_key_function_9
   \   00000040   761E               SUBS     R6,R6,#+1
   \   00000042   40D0               BEQ      ??debug_key_function_10
   \   00000044   42E0               B        ??debug_key_function_11
    296            case KEY_0: get_DebugFuncNo(); return;
   \                     ??debug_key_function_3:
   \   00000046   ........           BL       get_DebugFuncNo
   \   0000004A   41E0               B        ??debug_key_function_0
    297            case KEY_1: get_DebugFuncNo(); return;
    298            case KEY_2: get_DebugFuncNo(); return;
    299            case KEY_3: get_DebugFuncNo(); return;
    300            case KEY_4: get_DebugFuncNo(); return;
    301            case KEY_5: get_DebugFuncNo(); return;
    302            case KEY_6: get_DebugFuncNo(); return;
    303            case KEY_7: get_DebugFuncNo(); return;
    304            case KEY_8: get_DebugFuncNo(); return;
    305            case KEY_9: get_DebugFuncNo(); return;
    306            case KEY_sp:
    307             ExecMode = MAIN_MENU;
   \                     ??debug_key_function_2:
   \   0000004C   ....               LDR      R0,??DataTable17  ;; ExecMode
   \   0000004E   0170               STRB     R1,[R0, #+0]
    308             sExecStep = 0;
   \   00000050   ....               LDR      R0,??DataTable18  ;; sExecStep
   \                     ??debug_key_function_12:
   \   00000052   0180               STRH     R1,[R0, #+0]
    309             return;
   \   00000054   3CE0               B        ??debug_key_function_0
    310           
    311            case KEY_pp:
    312             return;
    313            // debug function no input
    314            case KEY_a:
    315             ImageMode = 0;
   \                     ??debug_key_function_4:
   \   00000056   2170               STRB     R1,[R4, #+0]
    316             print_str("\n>Func:\3");
   \   00000058   1E48               LDR      R0,??debug_key_function_13  ;; `?<Constant "\\n>******">` + 244
   \   0000005A   ........           _BLF     print_str,??print_str??rT
    317             print_byte2ascii(DebugFuncNo);
   \   0000005E   ....               LDR      R0,??DataTable22  ;; DebugFuncNo
   \   00000060   0078               LDRB     R0,[R0, #+0]
   \   00000062   ........           _BLF     print_byte2ascii,??print_byte2ascii??rT
    318             sCurPos -= 2;
   \   00000066   ....               LDR      R0,??DataTable20  ;; sCurPos
   \   00000068   0021               MOVS     R1,#+0
   \   0000006A   415E               LDRSH    R1,[R0, R1]
   \   0000006C   891E               SUBS     R1,R1,#+2
   \   0000006E   F0E7               B.N      ??debug_key_function_12
    319             return;
    320             
    321            case KEY_b:  
    322              if (ImageMode != 0) 
   \                     ??debug_key_function_5:
   \   00000070   002D               CMP      R5,#+0
   \   00000072   0AD0               BEQ      ??debug_key_function_14
    323             {
    324               if (++ImageNo > MAX_IMAGE) ImageNo = 0;
   \   00000074   5B1C               ADDS     R3,R3,#+1
   \   00000076   1370               STRB     R3,[R2, #+0]
   \   00000078   1B06               LSLS     R3,R3,#+24
   \   0000007A   1B0E               LSRS     R3,R3,#+24
   \   0000007C   062B               CMP      R3,#+6
   \   0000007E   00D3               BCC      ??debug_key_function_15
   \   00000080   1170               STRB     R1,[R2, #+0]
    325               DpUpdate = 1;
   \                     ??debug_key_function_15:
   \   00000082   ....               LDR      R0,??DataTable21  ;; DpUpdate
   \   00000084   0121               MOVS     R1,#+1
   \   00000086   0170               STRB     R1,[R0, #+0]
   \   00000088   22E0               B        ??debug_key_function_0
    326             } else cursor_move_up(); 	    
   \                     ??debug_key_function_14:
   \   0000008A   ........           _BLF     cursor_move_up,??cursor_move_up??rT
   \   0000008E   1FE0               B        ??debug_key_function_0
    327             return;
    328             
    329            case KEY_c:
    330              if (ImageMode != 0) 
   \                     ??debug_key_function_6:
   \   00000090   002D               CMP      R5,#+0
   \   00000092   07D0               BEQ      ??debug_key_function_16
    331             {
    332               if (ImageNo != 0 ) ImageNo--;
   \   00000094   002B               CMP      R3,#+0
   \   00000096   02D0               BEQ      ??debug_key_function_17
   \   00000098   5B1E               SUBS     R3,R3,#+1
   \   0000009A   1370               STRB     R3,[R2, #+0]
   \   0000009C   F1E7               B        ??debug_key_function_15
    333                else ImageNo = MAX_IMAGE - 1;     
   \                     ??debug_key_function_17:
   \   0000009E   0420               MOVS     R0,#+4
   \   000000A0   1070               STRB     R0,[R2, #+0]
   \   000000A2   EEE7               B        ??debug_key_function_15
    334               DpUpdate = 1;
    335             } else cursor_move_down();          return;
   \                     ??debug_key_function_16:
   \   000000A4   ........           _BLF     cursor_move_down,??cursor_move_down??rT
   \   000000A8   12E0               B        ??debug_key_function_0
    336             
    337            // if press ENTER, execute selected function
    338            case KEY_CR: 
    339              debug_function_execute(DebugFuncNo);  
   \                     ??debug_key_function_1:
   \   000000AA   ....               LDR      R0,??DataTable22  ;; DebugFuncNo
   \   000000AC   0078               LDRB     R0,[R0, #+0]
   \   000000AE   ........           BL       debug_function_execute
    340              return;
   \   000000B2   0DE0               B        ??debug_key_function_0
    341            case KEY_g:  DPbuf_clear();               return; 
   \                     ??debug_key_function_7:
   \   000000B4   ........           _BLF     DPbuf_clear,??DPbuf_clear??rT
   \   000000B8   0AE0               B        ??debug_key_function_0
    342            case KEY_h:  cursor_move_start();         return;
   \                     ??debug_key_function_8:
   \   000000BA   ........           _BLF     cursor_move_start,??cursor_move_start??rT
   \   000000BE   07E0               B        ??debug_key_function_0
    343            case KEY_l:  cursor_move_right();         return;
   \                     ??debug_key_function_9:
   \   000000C0   ........           _BLF     cursor_move_right,??cursor_move_right??rT
   \   000000C4   04E0               B        ??debug_key_function_0
    344            case KEY_m:  cursor_move_left(); 	    return;
   \                     ??debug_key_function_10:
   \   000000C6   ........           _BLF     cursor_move_left,??cursor_move_left??rT
   \   000000CA   01E0               B        ??debug_key_function_0
    345          
    346            default: putchar_dp(key);  return;
   \                     ??debug_key_function_11:
   \   000000CC   ........           _BLF     putchar_dp,??putchar_dp??rT
   \                     ??debug_key_function_0:
   \   000000D0   ....               B.N      ?Subroutine5
   \   000000D2   C046               Nop      
   \                     ??debug_key_function_13:
   \   000000D4   ........           DC32     `?<Constant "\\n>******">` + 244
    347           };
    348          }
    349          

   \                                 In segment CODE, align 4, keep-with-next
    350          void print_test(void)
    351          {
   \                     print_test:
   \   00000000   31B5               PUSH     {R0,R4,R5,LR}
    352            printf("\nThis is Print Test\n");
   \   00000002   274C               LDR      R4,??print_test_0  ;; `?<Constant "[%3.1f]\\n">`
   \   00000004   2000               MOVS     R0,R4
   \   00000006   2430               ADDS     R0,R0,#+36
   \   00000008   ........           _BLF     printf,??printf??rT
    353            printf("[%d]",123);
   \   0000000C   7B21               MOVS     R1,#+123
   \   0000000E   2000               MOVS     R0,R4
   \   00000010   3C30               ADDS     R0,R0,#+60
   \   00000012   ........           _BLF     printf,??printf??rT
    354            printf("[%5d]",123);
   \   00000016   7B21               MOVS     R1,#+123
   \   00000018   2000               MOVS     R0,R4
   \   0000001A   4430               ADDS     R0,R0,#+68
   \   0000001C   ........           _BLF     printf,??printf??rT
    355            printf("[%-5d]",123);
   \   00000020   7B21               MOVS     R1,#+123
   \   00000022   2000               MOVS     R0,R4
   \   00000024   4C30               ADDS     R0,R0,#+76
   \   00000026   ........           _BLF     printf,??printf??rT
    356            printf("[%05d]\n",123);
   \   0000002A   7B21               MOVS     R1,#+123
   \   0000002C   2000               MOVS     R0,R4
   \   0000002E   5430               ADDS     R0,R0,#+84
   \   00000030   ........           _BLF     printf,??printf??rT
    357            
    358            printf("[%f]",12.5);
   \   00000034   0021               MOVS     R1,#+0
   \   00000036   1B4A               LDR      R2,??print_test_0+0x4  ;; 0x40290000
   \   00000038   2000               MOVS     R0,R4
   \   0000003A   5C30               ADDS     R0,R0,#+92
   \   0000003C   ........           _BLF     printf,??printf??rT
    359            printf("[%5.1f]",12.5);
   \   00000040   0021               MOVS     R1,#+0
   \   00000042   184A               LDR      R2,??print_test_0+0x4  ;; 0x40290000
   \   00000044   2000               MOVS     R0,R4
   \   00000046   6430               ADDS     R0,R0,#+100
   \   00000048   ........           _BLF     printf,??printf??rT
    360            printf("[%-5.1f]",12.5);
   \   0000004C   0021               MOVS     R1,#+0
   \   0000004E   154A               LDR      R2,??print_test_0+0x4  ;; 0x40290000
   \   00000050   2000               MOVS     R0,R4
   \   00000052   6C30               ADDS     R0,R0,#+108
   \   00000054   ........           _BLF     printf,??printf??rT
    361            printf("[%05.1f]",12.5);
   \   00000058   0021               MOVS     R1,#+0
   \   0000005A   124A               LDR      R2,??print_test_0+0x4  ;; 0x40290000
   \   0000005C   2000               MOVS     R0,R4
   \   0000005E   7830               ADDS     R0,R0,#+120
   \   00000060   ........           _BLF     printf,??printf??rT
    362            printf("[%7.2f]\n",12.5);
   \   00000064   0021               MOVS     R1,#+0
   \   00000066   0F4A               LDR      R2,??print_test_0+0x4  ;; 0x40290000
   \   00000068   2000               MOVS     R0,R4
   \   0000006A   8430               ADDS     R0,R0,#+132
   \   0000006C   ........           _BLF     printf,??printf??rT
    363            printf("[%3.1f]\n",12345.678);
   \   00000070   0D49               LDR      R1,??print_test_0+0x8  ;; 0xc8b43958
   \   00000072   0E4A               LDR      R2,??print_test_0+0xC  ;; 0x40c81cd6
   \   00000074   2000               MOVS     R0,R4
   \   00000076   ........           _BLF     printf,??printf??rT
    364            printf("[%s]","Kim");
   \   0000007A   0DA5               ADR      R5,??print_test_0+0x10  ;; "Kim"
   \   0000007C   2900               MOVS     R1,R5
   \   0000007E   2000               MOVS     R0,R4
   \   00000080   0C30               ADDS     R0,R0,#+12
   \   00000082   ........           _BLF     printf,??printf??rT
    365            printf("[%5s]","Kim");
   \   00000086   2900               MOVS     R1,R5
   \   00000088   2000               MOVS     R0,R4
   \   0000008A   1430               ADDS     R0,R0,#+20
   \   0000008C   ........           _BLF     printf,??printf??rT
    366            printf("[%-5s]\n","Kim");
   \   00000090   2900               MOVS     R1,R5
   \   00000092   1C34               ADDS     R4,R4,#+28
   \   00000094   2000               MOVS     R0,R4
   \   00000096   ........           _BLF     printf,??printf??rT
    367          }
   \   0000009A   38BC               POP      {R3-R5}
   \   0000009C   01BC               POP      {R0}
   \   0000009E   0047               BX       R0               ;; return
   \                     ??print_test_0:
   \   000000A0   ........           DC32     `?<Constant "[%3.1f]\\n">`
   \   000000A4   00002940           DC32     0x40290000
   \   000000A8   5839B4C8           DC32     0xc8b43958
   \   000000AC   D61CC840           DC32     0x40c81cd6
   \   000000B0   4B696D00           DC8      "Kim"

   \                                 In segment CODE, align 4, keep-with-next
   \                     ??DataTable0:
   \   00000000   ........           DC32     bPushKey

   \                                 In segment CODE, align 4, keep-with-next
   \                     ??DataTable1:
   \   00000000   ........           DC32     sExecStep

   \                                 In segment CODE, align 4, keep-with-next
   \                     ??DataTable4:
   \   00000000   ........           DC32     ExecMode

   \                                 In segment CODE, align 4, keep-with-next
   \                     ??DataTable5:
   \   00000000   ........           DC32     DebugFuncNo

   \                                 In segment CODE, align 4, keep-with-next
   \                     ??DataTable7:
   \   00000000   ........           DC32     sCurPos

   \                                 In segment CODE, align 4, keep-with-next
   \                     ??DataTable8:
   \   00000000   ........           DC32     DpUpdate

   \                                 In segment CODE, align 4, keep-with-next
   \                     ??DataTable9:
   \   00000000   ........           DC32     ImageNo

   \                                 In segment CODE, align 4, keep-with-next
   \                     ??DataTable10:
   \   00000000   ........           DC32     ImageMode

   \                                 In segment CODE, align 4, keep-with-next
   \                     ??DataTable14:
   \   00000000   ........           DC32     bPushKey

   \                                 In segment CODE, align 4, keep-with-next
   \                     ??DataTable15:
   \   00000000   ........           DC32     ImageNo

   \                                 In segment CODE, align 4, keep-with-next
   \                     ??DataTable16:
   \   00000000   ........           DC32     ImageMode

   \                                 In segment CODE, align 4, keep-with-next
   \                     ??DataTable17:
   \   00000000   ........           DC32     ExecMode

   \                                 In segment CODE, align 4, keep-with-next
   \                     ??DataTable18:
   \   00000000   ........           DC32     sExecStep

   \                                 In segment CODE, align 4, keep-with-next
   \                     ??DataTable20:
   \   00000000   ........           DC32     sCurPos

   \                                 In segment CODE, align 4, keep-with-next
   \                     ??DataTable21:
   \   00000000   ........           DC32     DpUpdate

   \                                 In segment CODE, align 4, keep-with-next
   \                     ??DataTable22:
   \   00000000   ........           DC32     DebugFuncNo

   \                                 In segment DATA_C, align 4, align-sorted
   \                     `?<Constant "\\n>******">`:
   \   00000000   0A3E2A2A2A2A       DC8 "\012>******"
   \              2A2A00      
   \   00000009   000000             DC8 0, 0, 0
   \   0000000C   3C53746F7265       DC8 "<Stored Data View>"
   \              642044617461
   \              20566965773E
   \              00          
   \   0000001F   00                 DC8 0
   \   00000020   0A3E496E7075       DC8 "\012>Input Secret Code"
   \              742053656372
   \              657420436F64
   \              6500        
   \   00000034   0A333A414445       DC8 "\0123:ADE7753 Test     "
   \              373735332054
   \              657374202020
   \              202000      
   \   00000049   000000             DC8 0, 0, 0
   \   0000004C   0A3E496E7661       DC8 "\012>Invalid code.."
   \              6C696420636F
   \              64652E2E00  
   \   0000005D   000000             DC8 0, 0, 0
   \   00000060   0A3E506C6561       DC8 "\012>Please Retry.."
   \              736520526574
   \              72792E2E00  
   \   00000071   000000             DC8 0, 0, 0
   \   00000074   3C3C20537973       DC8 "<< System Test >>"
   \              74656D205465
   \              7374203E3E00
   \   00000086   0000               DC8 0, 0
   \   00000088   0A313A4D6F64       DC8 "\0121:Modem Test "
   \              656D20546573
   \              742000      
   \   00000097   00                 DC8 0
   \   00000098   0A323A466C61       DC8 "\0122:Flash Memory Test"
   \              7368204D656D
   \              6F7279205465
   \              737400      
   \   000000AD   000000             DC8 0, 0, 0
   \   000000B0   0A383A574454       DC8 "\0128:WDT read    "
   \              207265616420
   \              20202000    
   \   000000C0   0A393A574454       DC8 "\0129:WDT Set     "
   \              205365742020
   \              20202000    
   \   000000D0   0A233A456E74       DC8 "\012#:Enter Debug Mode"
   \              657220446562
   \              7567204D6F64
   \              6500        
   \   000000E4   0A3C44656275       DC8 "\012<Debug Mode>\012"
   \              67204D6F6465
   \              3E0A00      
   \   000000F3   00                 DC8 0
   \   000000F4   0A3E46756E63       DC8 "\012>Func:\003"
   \              3A0300      
   \   000000FD   000000             DC8 0, 0, 0
   \   00000100   2530326400         DC8 "%02d"
   \   00000105   000000             DC8 0, 0, 0
   \   00000108   0A436F756E74       DC8 "\012Count:%04X"
   \              3A2530345800
   \   00000114   0A5744546D6F       DC8 "\012WDTmode:%08X"
   \              64653A253038
   \              5800        
   \   00000122   0000               DC8 0, 0
   \   00000124   0A253038583A       DC8 "\012%08X:%08X"
   \              2530385800  
   \   0000012F   00                 DC8 0
   \   00000130   0A3F4572726F       DC8 "\012?Error:MAIN MENU"
   \              723A4D41494E
   \              204D454E5500
   \   00000142   0000               DC8 0, 0

   \                                 In segment DATA_C, align 4, align-sorted
   \                     `?<Constant "[%3.1f]\\n">`:
   \   00000000   5B25332E3166       DC8 "[%3.1f]\012"
   \              5D0A00      
   \   00000009   000000             DC8 0, 0, 0
   \   0000000C   5B25735D00         DC8 "[%s]"
   \   00000011   000000             DC8 0, 0, 0
   \   00000014   5B2535735D00       DC8 "[%5s]"
   \   0000001A   0000               DC8 0, 0
   \   0000001C   5B252D35735D       DC8 "[%-5s]\012"
   \              0A00        
   \   00000024   0A5468697320       DC8 "\012This is Print Test\012"
   \              697320507269
   \              6E7420546573
   \              740A00      
   \   00000039   000000             DC8 0, 0, 0
   \   0000003C   5B25645D00         DC8 "[%d]"
   \   00000041   000000             DC8 0, 0, 0
   \   00000044   5B2535645D00       DC8 "[%5d]"
   \   0000004A   0000               DC8 0, 0
   \   0000004C   5B252D35645D       DC8 "[%-5d]"
   \              00          
   \   00000053   00                 DC8 0
   \   00000054   5B253035645D       DC8 "[%05d]\012"
   \              0A00        
   \   0000005C   5B25665D00         DC8 "[%f]"
   \   00000061   000000             DC8 0, 0, 0
   \   00000064   5B25352E3166       DC8 "[%5.1f]"
   \              5D00        
   \   0000006C   5B252D352E31       DC8 "[%-5.1f]"
   \              665D00      
   \   00000075   000000             DC8 0, 0, 0
   \   00000078   5B2530352E31       DC8 "[%05.1f]"
   \              665D00      
   \   00000081   000000             DC8 0, 0, 0
   \   00000084   5B25372E3266       DC8 "[%7.2f]\012"
   \              5D0A00      
   \   0000008D   000000             DC8 0, 0, 0

   \                                 In segment DATA_C, align 4, align-sorted
   \   00000000   4B696D00           DC8 "Kim"

   \                                 In segment DATA_C, align 1, align-sorted
   \   00000000   2A00               DC8 "*"

   \                                 In segment DATA_C, align 1, align-sorted
   \   00000000   B0A100             DC8 "\260\241"

   \                                 In segment DATA_C, align 4, align-sorted
   \                     `?<Constant "\\260\\241A\\260\\242">`:
   \   00000000   B0A141B0A200       DC8 "\260\241A\260\242"
   \   00000006   0000               DC8 0, 0
   \   00000008   0AB0A1B0A2B0       DC8 "\012\260\241\260\242\260\243\260\244\260\245\260\250\260\241\260\242"
   \              A3B0A4B0A5B0
   \              A8B0A1B0A200
   \   0000001A   0000               DC8 0, 0
   \   0000001C   0AB0A1B0A2B0       DC8 "\012\260\241\260\242\260\243\260\244\260\245\260\250\260\241A\260\242"
   \              A3B0A4B0A5B0
   \              A8B0A141B0A2
   \              00          
   \   0000002F   00                 DC8 0
   \   00000030   414243444546       DC8 "ABCDEFGHIJKLMN"
   \              4748494A4B4C
   \              4D4E00      
   \   0000003F   00                 DC8 0
   \   00000040   0AB0A1B3AAB4       DC8 "\012\260\241\263\252\264\331\266\363\270\266\271\331\273\347\276\306\300\332\302\367\304\253\305\270\306\304\307\317"
   \              D9B6F3B8B6B9
   \              D9BBE7BEC6C0
   \              DAC2F7C4ABC5
   \              B8C6C4C7CF00
   \   0000005E   0000               DC8 0, 0
   \   00000060   0ABEC6B8A7B4       DC8 "\012\276\306\270\247\264\331\277\356\307\321\261\271"
   \              D9BFEEC7D1B1
   \              B900        
   \   0000006E   0000               DC8 0, 0
   \   00000070   0AC0DAB6FBBD       DC8 "\012\300\332\266\373\275\272\267\261\307\321\261\333"
   \              BAB7B1C7D1B1
   \              DB00        
   \   0000007E   0000               DC8 0, 0
   \   00000080   0AB9DFC0FCC7       DC8 "\012\271\337\300\374\307\317\264\302"
   \              CFB4C200    
   \   0000008A   0000               DC8 0, 0
   \   0000008C   0A28C1D629C0       DC8 "\012(\301\326)\300\314\307\307\276\306\305\327\305\251"
   \              CCC7C7BEC6C5
   \              D7C5A900    
   \   0000009C   0A28C1D629C0       DC8 0AH, 28H, 0C1H, 0D6H, 29H, 0C0H, 0CCH, 0C7H
   \              CCC7        
   \   000000A4   C7BEC6C5D7C5       DC8 0C7H, 0BEH, 0C6H, 0C5H, 0D7H, 0C5H, 0A9H, 45H
   \              A945        
   \   000000AC   706961546563       DC8 70H, 69H, 61H, 54H, 65H, 63H, 68H, 28H
   \              6828        
   \   000000B4   C1D629C0CCC7       DC8 0C1H, 0D6H, 29H, 0C0H, 0CCH, 0C7H, 0C7H, 0BEH
   \              C7BE        
   \   000000BC   C6C5D7C5A945       DC8 0C6H, 0C5H, 0D7H, 0C5H, 0A9H, 45H, 70H, 69H
   \              7069        
   \   000000C4   615465636828       DC8 61H, 54H, 65H, 63H, 68H, 28H, 0C1H, 0D6H
   \              C1D6        
   \   000000CC   29C0CCC7C7BE       DC8 29H, 0C0H, 0CCH, 0C7H, 0C7H, 0BEH, 0C6H, 0C5H
   \              C6C5        
   \   000000D4   D7C5A9457069       DC8 0D7H, 0C5H, 0A9H, 45H, 70H, 69H, 61H, 54H
   \              6154        
   \   000000DC   65636800           DC8 65H, 63H, 68H, 0
   \   000000E0   0AC7D1B1DBC0       DC8 "\012\307\321\261\333\300\374\260\242/\277\265\271\256\271\335\260\242 \307\321\277\265MODE"
   \              FCB0A22FBFB5
   \              B9AEB9DDB0A2
   \              20C7D1BFB54D
   \              4F444500    
   \   000000FC   0A3E4D4F4445       DC8 "\012>MODEM RTS SET"
   \              4D2052545320
   \              53455400    
   \   0000010C   0A3E4D4F4445       DC8 "\012>MODEM RTS CLEAR"
   \              4D2052545320
   \              434C45415200
   \   0000011E   0000               DC8 0, 0
   \   00000120   0A3F4E6F2046       DC8 "\012?No Function\003"
   \              756E6374696F
   \              6E0300      
   \   0000012F   00                 DC8 0

   \                                 In segment DATA_C, align 1, align-sorted
   \   00000000   0A00               DC8 "\012"

   \                                 In segment DATA_C, align 4, align-sorted
   \   00000000   B0A14100           DC8 "\260\241A"
    368          
    369          /*
    370          << printf() >> Çü½Ä Á¦¾î
    371          1) Çü½Ä Á¦¾î ¹®ÀÚ
    372          10Áø Á¤¼ö µ¥ÀÌÅÍÀÇ Ãâ·Â¿¡¼­ Çü½Ä Á¦¾î ¹®ÀÚ d(decimal), 
    373          ld(Longdecimal),..µî, ¿©·¯Á¾·ù¸¦ »ç¿ëÇÏÁö¸¸, 
    374          ½Ç¼ö µ¥ÀÌÅÍÀÇ Ãâ·Â¿¡¼­´Â Çü½Ä Á¦¾î ¹®ÀÚ f(double, float)¸¦ »ç¿ëÇÑ´Ù. 
    375          printf()ÀÇ ½Ç¼öÇüÀÇ Çü½Ä Á¦¾î ¹®ÀÚ´Â floatÀÌ³ª double¿¡ °ü°è¾øÀÌ 
    376          ¡¸f¡¹ÀÇ ÇÑ Á¾·ù¸¸ »ç¿ëÇØµµ µÈ´Ù.
    377           
    378          %Nd   : int À¯ÇüÀÇ µ¥ÀÌÅÍ¸¦ NÄ­¿¡ ¸Â°Ô 10Áø¼ö·Î Ãâ·Â
    379          %No   : int À¯ÇüÀÇ µ¥ÀÌÅÍ¸¦ NÄ­¿¡ ¸Â°Ô 8Áø¼ö·Î Ãâ·Â
    380          %Nx   : int À¯ÇüÀÇ µ¥ÀÌÅÍ¸¦ NÄ­¿¡ ¸Â°Ô 16Áø¼ö·Î Ãâ·Â
    381          %Nu   : unsigned int À¯ÇüÀÇ µ¥ÀÌÅÍ¸¦ NÄ­¿¡ ¸Â°Ô 10Áø¼ö·Î Ãâ·Â
    382          %Nld  : long int À¯ÇüÀÇ µ¥ÀÌÅÍ¸¦ NÄ­¿¡ ¸Â°Ô 10Áø¼ö·Î Ãâ·Â
    383          %Nlo  : long int À¯ÇüÀÇ µ¥ÀÌÅÍ¸¦ NÄ­¿¡ ¸Â°Ô 8Áø¼ö·Î Ãâ·Â
    384          %Nlx  : long int À¯ÇüÀÇ µ¥ÀÌÅÍ¸¦ NÄ­¿¡ ¸Â°Ô 16Áø¼ö·Î Ãâ·Â
    385          %Nlu  : unsigned long int À¯ÇüÀÇ µ¥ÀÌÅÍ¸¦ NÄ­¿¡ ¸Â°Ô 10Áø¼ö·Î Ãâ·Â
    386          %N.Mf : float À¯ÇüÀÇ µ¥ÀÌÅÍ¸¦ NÄ­¿¡ ¸Â°Ô ¼Ò¼ýÁ¡ ÀÌÇÏ MÀÚ¸®±îÁö¸¦ Ãâ·Â
    387          %N.Mlf: double À¯ÇüÀÇ µ¥ÀÌÅÍ¸¦ NÄ­¿¡ ¸Â°Ô ¼Ò¼ýÁ¡ ÀÌÇÏ MÀÚ¸®±îÁö¸¦ Ãâ·Â
    388          %c    : ¹®ÀÚ(´ÜÀÏ¹®ÀÚ)À¯ÇüÀÇ µ¥ÀÌÅÍ¸¦ Ãâ·Â
    389          %Ns   : string(¹®ÀÚ¿­)À» NÄ­¿¡ ¸Â°Ô Ãâ·Â
    390          
    391          2) È®Àå ¹®ÀÚ(ESC) 
    392          È®Àå ¹®ÀÚ´Â "¡¬" (back slash, £Ü) ´ÙÀ½¿¡ ÇÑ °³ÀÇ ¹®ÀÚ·Î Ç¥½ÃÇÑ´Ù.
    393          \n : ÁÙ¹Ù²Þ (new line) 
    394          \t : tab, ´ÙÀ½ ÅÇÀ§Ä¡(8Ä­)·Î ÀÌµ¿
    395          \0 : ³Î(null), ¾Æ¹« µ¿ÀÛÀ» ÇÏÁö ¾ÊÀ½
    396          \b : back space, ¿ÞÂÊÀ¸·Î ÇÑ Ä­ ÀÌµ¿
    397          \r : carriage return, Enter Å°¸¦ ÀÇ¹Ì
    398          \\ : \ ±âÈ£Ãâ·Â 
    399          \' : ' (ÀÛÀº µû¿ÈÇ¥) ±âÈ£Ãâ·Â 
    400          \" : " (Å« µû¿ÈÇ¥) ±âÈ£Ãâ·Â 
    401          %% : % ±âÈ£ Ãâ·Â
    402          */

   Maximum stack usage in bytes:

     Function               CSTACK
     --------               ------
     debug_function_execute    24
     debug_key_function        24
     get_DebugFuncNo            8
     print_test                16
     system_test_function      24


   Segment part sizes:

     Function/Label                 Bytes
     --------------                 -----
     system_test_function            676
     ?Subroutine5                     72
     DebugMode                         1
     DebugFuncNo                       1
     AutoZigBee                        1
     code_h                            2
     debug_function_execute          612
     get_DebugFuncNo                  52
     debug_key_function              216
     print_test                      180
     ??DataTable0                      4
     ??DataTable1                      4
     ??DataTable4                      4
     ??DataTable5                      4
     ??DataTable7                      4
     ??DataTable8                      4
     ??DataTable9                      4
     ??DataTable10                     4
     ??DataTable14                     4
     ??DataTable15                     4
     ??DataTable16                     4
     ??DataTable17                     4
     ??DataTable18                     4
     ??DataTable20                     4
     ??DataTable21                     4
     ??DataTable22                     4
     ?<Constant "\n>******">         324
     ?<Constant "[%3.1f]\n">         144
     ?<Constant "Kim">                 4
     ?<Constant "*">                   2
     ?<Constant "\260\241">            3
     ?<Constant "\260\241A\260\242">
                                     304
     ?<Constant "\n">                  2
     ?<Constant "\260\241A">           4
      Others                         252

 
 2 112 bytes in segment CODE
   787 bytes in segment DATA_C
     5 bytes in segment DATA_Z
    12 bytes in segment INITTAB
 
 1 872 bytes of CODE  memory (+ 252 bytes shared)
   787 bytes of CONST memory
     5 bytes of DATA  memory

Errors: none
Warnings: none
