##############################################################################
#                                                                            #
# IAR ARM ANSI C/C++ Compiler V4.42A/W32 EVALUATION    27/Sep/2007  16:07:35 #
# Copyright 1999-2005 IAR Systems. All rights reserved.                      #
# Time limited license: 29 days left                                         #
#                                                                            #
#    Cpu mode        =  thumb                                                #
#    Endian          =  little                                               #
#    Stack alignment =  8                                                    #
#    Source file     =  D:\ILMAC\GooSoo_Rectifier_v10\GooSooRectifier\src\Ep #
#                       iaGuardMain_font.c                                   #
#    Command line    =  D:\ILMAC\GooSoo_Rectifier_v10\GooSooRectifier\src\Ep #
#                       iaGuardMain_font.c -D NDEBUG -lC                     #
#                       D:\ILMAC\GooSoo_Rectifier_v10\GooSooRectifier\compil #
#                       \RAM_Debug\List\ -lB D:\ILMAC\GooSoo_Rectifier_v10\G #
#                       ooSooRectifier\compil\RAM_Debug\List\ -o             #
#                       D:\ILMAC\GooSoo_Rectifier_v10\GooSooRectifier\compil #
#                       \RAM_Debug\Obj\ -z9 --debug --cpu_mode thumb         #
#                       --endian little --cpu ARM7TDMI --stack_align 8 -e    #
#                       --fpu None --dlib_config "C:\Program Files\IAR       #
#                       Systems\Embedded Workbench 4.0                       #
#                       Evaluation\arm\LIB\dl4tptnnl8n.h" -I                 #
#                       D:\ILMAC\GooSoo_Rectifier_v10\GooSooRectifier\compil #
#                       \srcIAR\ -I D:\ILMAC\GooSoo_Rectifier_v10\GooSooRect #
#                       ifier\compil\..\src\ -I D:\ILMAC\GooSoo_Rectifier_v1 #
#                       0\GooSooRectifier\compil\..\..\ -I "C:\Program       #
#                       Files\IAR Systems\Embedded Workbench 4.0             #
#                       Evaluation\arm\INC\" --inline_threshold=2            #
#    List file       =  D:\ILMAC\GooSoo_Rectifier_v10\GooSooRectifier\compil #
#                       \RAM_Debug\List\EpiaGuardMain_font.lst               #
#    Object file     =  D:\ILMAC\GooSoo_Rectifier_v10\GooSooRectifier\compil #
#                       \RAM_Debug\Obj\EpiaGuardMain_font.r79                #
#                                                                            #
#                                                                            #
##############################################################################

D:\ILMAC\GooSoo_Rectifier_v10\GooSooRectifier\src\EpiaGuardMain_font.c
      1          // ----------------------------------------------------------------------------
      2          //         Epiatech co,. LTD  -  Lee Y k  -
      3          // ----------------------------------------------------------------------------
      4          // File Name           : EpiaGate_font.c
      5          // Object              : EpiaGate Test Kit font image
      6          // Creation            : 2006-12-01
      7          // ----------------------------------------------------------------------------

   \                                 In segment DATA_Z, align 1, align-sorted
      8          char	ImageNO; 
   \                     ImageNO:
   \   00000000                      DS8 1

   \                                 In segment DATA_C, align 4, align-sorted
      9          const unsigned char IMAGE_EpiaLogo[] = {	/* 122 x 24  E-pia Logo */
   \                     IMAGE_EpiaLogo:
   \   00000000   000000000000       DC8 0, 0, 0, 0, 0, 0, 0, 0, 0, 0, 0, 0, 0, 0, 0, 0, 0, 0, 0, 0, 0, 0, 0
   \              000000000000
   \              000000000000
   \              0000000000  
   \   00000017   000000000000       DC8 0, 0, 0, 0, 0, 0, 0, 0, 0, 0, 0, 0, 0, 0, 0, 0, 0, 0, 0, 0, 0, 0, 0
   \              000000000000
   \              000000000000
   \              0000000000  
   \   0000002E   000000000000       DC8 0, 0, 0, 0, 0, 0, 0, 0, 0, 0, 0, 0, 0, 0, 0, 0, 0, 0, 0, 0, 0, 0, 0
   \              000000000000
   \              000000000000
   \              0000000000  
   \   00000045   000000000000       DC8 0, 0, 0, 0, 0, 0, 0, 0, 0, 0, 0, 0, 0, 0, 0, 0, 0, 0, 0, 0, 0, 0, 0
   \              000000000000
   \              000000000000
   \              0000000000  
   \   0000005C   000000000000       DC8 0, 0, 0, 0, 0, 0, 0, 0, 0, 0, 0, 0, 0, 0, 0, 0, 0, 0, 0, 0, 0, 0, 0
   \              000000000000
   \              000000000000
   \              0000000000  
   \   00000073   000000000000       DC8 0, 0, 0, 0, 0, 0, 0, 0, 0, 0, 0, 128, 224, 240, 240, 248, 248, 252
   \              000000000080
   \              E0F0F0F8F8FC
   \   00000085   FCFCFEFEFE7E       DC8 252, 252, 254, 254, 254, 126, 63, 31, 159, 143, 143, 207, 207, 207
   \              3F1F9F8F8FCF
   \              CFCF        
   \   00000093   CFCFFFFEFEFE       DC8 207, 207, 255, 254, 254, 254, 254, 254, 252, 252, 124, 124, 120, 48
   \              FEFEFCFC7C7C
   \              7830        
   \   000000A1   300000000000       DC8 48, 0, 0, 0, 0, 0, 0, 0, 0, 0, 0, 0, 0, 128, 128, 192, 192, 192
   \              000000000000
   \              008080C0C0C0
   \   000000B3   C0E0E0E0E0E0       DC8 192, 224, 224, 224, 224, 224, 224, 224, 224, 224, 224, 192, 192
   \              E0E0E0E0E0C0
   \              C0          
   \   000000C0   C0C080000000       DC8 192, 192, 128, 0, 0, 0, 0, 0, 0, 196, 238, 238, 238, 238, 238, 196
   \              000000C4EEEE
   \              EEEEEEC4    
   \   000000D0   000000000000       DC8 0, 0, 0, 0, 0, 0, 128, 128, 128, 192, 192, 192, 224, 224, 224, 224
   \              808080C0C0C0
   \              E0E0E0E0    
   \   000000E0   E0E0E0E0E0E0       DC8 224, 224, 224, 224, 224, 224, 224, 192, 192, 192, 192, 128, 128, 0
   \              E0C0C0C0C080
   \              8000        
   \   000000EE   000000000000       DC8 0, 0, 0, 0, 0, 0, 0, 0, 0, 0, 3, 15, 31, 31, 63, 63, 63, 63, 127
   \              00000000030F
   \              1F1F3F3F3F3F
   \              7F          
   \   00000101   7F7F7FFCF8F8       DC8 127, 127, 127, 252, 248, 248, 241, 243, 243, 247, 247, 247, 243
   \              F1F3F3F7F7F7
   \              F3          
   \   0000010E   F3F3F1F9F978       DC8 243, 243, 241, 249, 249, 120, 124, 124, 126, 62, 62, 62, 30, 30, 28
   \              7C7C7E3E3E3E
   \              1E1E1C      
   \   0000011D   0C0000000000       DC8 12, 0, 0, 0, 0, 0, 0, 14, 30, 255, 255, 255, 255, 255, 255, 255
   \              000E1EFFFFFF
   \              FFFFFFFF    
   \   0000012D   FF0100303030       DC8 255, 1, 0, 48, 48, 48, 48, 48, 48, 48, 57, 63, 63, 31, 31, 31, 15
   \              30303030393F
   \              3F1F1F1F0F  
   \   0000013E   06000000001F       DC8 6, 0, 0, 0, 0, 31, 63, 63, 63, 63, 63, 31, 0, 0, 0, 0, 0, 6, 31, 31
   \              3F3F3F3F3F1F
   \              000000000006
   \              1F1F        
   \   00000152   1F3F3F3F3939       DC8 31, 63, 63, 63, 57, 57, 48, 48, 48, 48, 48, 48, 0, 0, 1, 31, 63, 63
   \              303030303030
   \              0000011F3F3F
   \   00000164   3F3F1F000000       DC8 63, 63, 31, 0, 0, 0, 0, 0, 0, 0, 0, 0, 0, 0, 0, 0, 0, 0, 0, 0, 0, 0
   \              000000000000
   \              000000000000
   \              00000000    
   \   0000017A   000000000000       DC8 0, 0, 0, 0, 0, 0, 0, 0, 0, 0, 0, 0, 0, 0, 0, 0, 0, 0, 0, 0, 0, 0, 0
   \              000000000000
   \              000000000000
   \              0000000000  
   \   00000191   000000000000       DC8 0, 0, 0, 0, 0, 0, 0, 0, 0, 0, 0, 0, 0, 0, 0, 15, 15, 15, 15, 15, 15
   \              000000000000
   \              0000000F0F0F
   \              0F0F0F      
   \   000001A6   0F0F00000000       DC8 15, 15, 0, 0, 0, 0, 0, 0, 0, 0, 0, 0, 0, 0, 0, 0, 0, 0, 0, 0, 0, 0
   \              000000000000
   \              000000000000
   \              00000000    
   \   000001BC   000000000000       DC8 0, 0, 0, 0, 0, 0, 0, 0, 0, 0, 0, 0, 0, 0, 0, 0, 0, 0, 0, 0, 0, 0, 0
   \              000000000000
   \              000000000000
   \              0000000000  
   \   000001D3   000000000000       DC8 0, 0, 0, 0, 0, 0, 0, 0, 0, 0, 0, 0, 0, 0, 0, 0, 0, 0, 0, 0, 0
   \              000000000000
   \              000000000000
   \              000000      
     10          0x00, 0x00, 0x00, 0x00, 0x00, 0x00, 0x00, 0x00, 0x00, 0x00, 0x00, 0x00, 0x00, 0x00, 0x00, 0x00, 0x00, 0x00, 0x00, 0x00, 0x00, 0x00, 0x00, 0x00, 0x00, 0x00, 0x00, 0x00, 0x00, 0x00, 0x00, 0x00, 0x00, 0x00, 0x00, 0x00, 0x00, 0x00, 0x00, 0x00, 0x00, 0x00, 0x00, 0x00, 0x00, 0x00, 0x00, 0x00, 0x00, 0x00, 0x00, 0x00, 0x00, 0x00, 0x00, 0x00, 0x00, 0x00, 0x00, 0x00, 0x00, 0x00, 0x00, 0x00, 0x00, 0x00, 0x00, 0x00, 0x00, 0x00, 0x00, 0x00, 0x00, 0x00, 0x00, 0x00, 0x00, 0x00, 0x00, 0x00, 0x00, 0x00, 0x00, 0x00, 0x00, 0x00, 0x00, 0x00, 0x00, 0x00, 0x00, 0x00, 0x00, 0x00, 0x00, 0x00, 0x00, 0x00, 0x00, 0x00, 0x00, 0x00, 0x00, 0x00, 0x00, 0x00, 0x00, 0x00, 0x00, 0x00, 0x00, 0x00, 0x00, 0x00, 0x00, 0x00, 0x00, 0x00, 0x00, 0x00, 0x00, 0x00, 
     11          0x00, 0x00, 0x00, 0x00, 0x80, 0xE0, 0xF0, 0xF0, 0xF8, 0xF8, 0xFC, 0xFC, 0xFC, 0xFE, 0xFE, 0xFE, 0x7E, 0x3F, 0x1F, 0x9F, 0x8F, 0x8F, 0xCF, 0xCF, 0xCF, 0xCF, 0xCF, 0xFF, 0xFE, 0xFE, 0xFE, 0xFE, 0xFE, 0xFC, 0xFC, 0x7C, 0x7C, 0x78, 0x30, 0x30, 0x00, 0x00, 0x00, 0x00, 0x00, 0x00, 0x00, 0x00, 0x00, 0x00, 0x00, 0x00, 0x80, 0x80, 0xC0, 0xC0, 0xC0, 0xC0, 0xE0, 0xE0, 0xE0, 0xE0, 0xE0, 0xE0, 0xE0, 0xE0, 0xE0, 0xE0, 0xC0, 0xC0, 0xC0, 0xC0, 0x80, 0x00, 0x00, 0x00, 0x00, 0x00, 0x00, 0xC4, 0xEE, 0xEE, 0xEE, 0xEE, 0xEE, 0xC4, 0x00, 0x00, 0x00, 0x00, 0x00, 0x00, 0x80, 0x80, 0x80, 0xC0, 0xC0, 0xC0, 0xE0, 0xE0, 0xE0, 0xE0, 0xE0, 0xE0, 0xE0, 0xE0, 0xE0, 0xE0, 0xE0, 0xC0, 0xC0, 0xC0, 0xC0, 0x80, 0x80, 0x00, 0x00, 0x00, 0x00, 0x00, 0x00, 0x00, 
     12          0x00, 0x00, 0x00, 0x00, 0x03, 0x0F, 0x1F, 0x1F, 0x3F, 0x3F, 0x3F, 0x3F, 0x7F, 0x7F, 0x7F, 0x7F, 0xFC, 0xF8, 0xF8, 0xF1, 0xF3, 0xF3, 0xF7, 0xF7, 0xF7, 0xF3, 0xF3, 0xF3, 0xF1, 0xF9, 0xF9, 0x78, 0x7C, 0x7C, 0x7E, 0x3E, 0x3E, 0x3E, 0x1E, 0x1E, 0x1C, 0x0C, 0x00, 0x00, 0x00, 0x00, 0x00, 0x00, 0x0E, 0x1E, 0xFF, 0xFF, 0xFF, 0xFF, 0xFF, 0xFF, 0xFF, 0xFF, 0x01, 0x00, 0x30, 0x30, 0x30, 0x30, 0x30, 0x30, 0x30, 0x39, 0x3F, 0x3F, 0x1F, 0x1F, 0x1F, 0x0F, 0x06, 0x00, 0x00, 0x00, 0x00, 0x1F, 0x3F, 0x3F, 0x3F, 0x3F, 0x3F, 0x1F, 0x00, 0x00, 0x00, 0x00, 0x00, 0x06, 0x1F, 0x1F, 0x1F, 0x3F, 0x3F, 0x3F, 0x39, 0x39, 0x30, 0x30, 0x30, 0x30, 0x30, 0x30, 0x00, 0x00, 0x01, 0x1F, 0x3F, 0x3F, 0x3F, 0x3F, 0x1F, 0x00, 0x00, 0x00, 0x00, 0x00, 0x00, 0x00, 
     13          0x00, 0x00, 0x00, 0x00, 0x00, 0x00, 0x00, 0x00, 0x00, 0x00, 0x00, 0x00, 0x00, 0x00, 0x00, 0x00, 0x00, 0x00, 0x00, 0x00, 0x00, 0x00, 0x00, 0x00, 0x00, 0x00, 0x00, 0x00, 0x00, 0x00, 0x00, 0x00, 0x00, 0x00, 0x00, 0x00, 0x00, 0x00, 0x00, 0x00, 0x00, 0x00, 0x00, 0x00, 0x00, 0x00, 0x00, 0x00, 0x00, 0x00, 0x0F, 0x0F, 0x0F, 0x0F, 0x0F, 0x0F, 0x0F, 0x0F, 0x00, 0x00, 0x00, 0x00, 0x00, 0x00, 0x00, 0x00, 0x00, 0x00, 0x00, 0x00, 0x00, 0x00, 0x00, 0x00, 0x00, 0x00, 0x00, 0x00, 0x00, 0x00, 0x00, 0x00, 0x00, 0x00, 0x00, 0x00, 0x00, 0x00, 0x00, 0x00, 0x00, 0x00, 0x00, 0x00, 0x00, 0x00, 0x00, 0x00, 0x00, 0x00, 0x00, 0x00, 0x00, 0x00, 0x00, 0x00, 0x00, 0x00, 0x00, 0x00, 0x00, 0x00, 0x00, 0x00, 0x00, 0x00, 0x00, 0x00, 0x00, 0x00, 0x00, 0x00 
     14          };

   \                                 In segment DATA_C, align 4, align-sorted
     15          const unsigned char IMAGE_EpiaLogo1[] = { 	// EpiaTech
   \                     IMAGE_EpiaLogo1:
   \   00000000   000000000000       DC8 0, 0, 0, 0, 0, 0, 0, 0, 0, 0, 0, 0, 0, 0, 0, 0, 0, 128, 128, 192
   \              000000000000
   \              000000000080
   \              80C0        
   \   00000014   C0C0C0800000       DC8 192, 192, 192, 128, 0, 0, 0, 0, 0, 0, 0, 0, 0, 0, 0, 0, 0, 0, 0, 0
   \              000000000000
   \              000000000000
   \              0000        
   \   00000028   00000080C0C0       DC8 0, 0, 0, 128, 192, 192, 0, 0, 0, 0, 0, 0, 0, 0, 0, 0, 0, 0, 0, 0, 0
   \              000000000000
   \              000000000000
   \              000000      
   \   0000003D   00000080C0C0       DC8 0, 0, 0, 128, 192, 192, 192, 192, 192, 192, 192, 192, 192, 128, 0
   \              C0C0C0C0C0C0
   \              C08000      
   \   0000004C   000000000000       DC8 0, 0, 0, 0, 0, 0, 0, 0, 0, 0, 0, 0, 0, 0, 0, 0, 0, 0, 0, 0, 0, 0, 0
   \              000000000000
   \              000000000000
   \              0000000000  
   \   00000063   000000000080       DC8 0, 0, 0, 0, 0, 128, 192, 192, 64, 192, 128, 0, 0, 0, 0, 0, 0, 0, 0
   \              C0C040C08000
   \              000000000000
   \              00          
   \   00000076   000000000000       DC8 0, 0, 0, 0, 0, 0, 0, 0, 0, 0, 0, 0, 0, 0, 192, 240, 248, 252, 190
   \              000000000000
   \              0000C0F0F8FC
   \              BE          
   \   00000089   8F878381A0B8       DC8 143, 135, 131, 129, 160, 184, 191, 159, 143, 7, 0, 0, 0, 128, 224
   \              BF9F8F070000
   \              0080E0      
   \   00000098   F0F000C0E070       DC8 240, 240, 0, 192, 224, 112, 240, 240, 224, 192, 0, 0, 192, 247, 247
   \              F0F0E0C00000
   \              C0F7F7      
   \   000000A7   C30000000000       DC8 195, 0, 0, 0, 0, 0, 128, 192, 224, 96, 48, 16, 16, 240, 240, 224
   \              80C0E0603010
   \              10F0F0E0    
   \   000000B7   C000030303C3       DC8 192, 0, 3, 3, 3, 195, 243, 255, 255, 255, 127, 15, 3, 1, 0, 0, 0
   \              F3FFFFFF7F0F
   \              0301000000  
   \   000000C8   80C0E0E07030       DC8 128, 192, 224, 224, 112, 48, 240, 240, 224, 0, 0, 0, 128, 192, 224
   \              F0F0E0000000
   \              80C0E0      
   \   000000D7   30F0F0E00000       DC8 48, 240, 240, 224, 0, 0, 128, 224, 248, 254, 31, 7, 1, 224, 184
   \              80E0F8FE1F07
   \              01E0B8      
   \   000000E6   DFC700000000       DC8 223, 199, 0, 0, 0, 0, 0, 0, 0, 0, 0, 0, 0, 0, 0, 0, 0, 0, 0, 0, 0
   \              000000000000
   \              000000000000
   \              000000      
   \   000000FB   00001F7FFFFF       DC8 0, 0, 31, 127, 255, 255, 255, 231, 199, 199, 199, 199, 231, 231
   \              FFE7C7C7C7C7
   \              E7E7        
   \   00000109   F37379180080       DC8 243, 115, 121, 24, 0, 128, 252, 255, 255, 255, 223, 135, 129, 192
   \              FCFFFFFFDF87
   \              81C0        
   \   00000117   E0FF7F3F0F00       DC8 224, 255, 127, 63, 15, 0, 252, 255, 255, 31, 0, 0, 0, 120, 254, 255
   \              FCFFFF1F0000
   \              0078FEFF    
   \   00000127   FFC3C0C06020       DC8 255, 195, 192, 192, 96, 32, 28, 255, 255, 255, 255, 128, 0, 240
   \              1CFFFFFFFF80
   \              00F0        
   \   00000135   FEFFFFFF3F07       DC8 254, 255, 255, 255, 63, 7, 0, 0, 0, 0, 0, 120, 254, 255, 255, 211
   \              000000000078
   \              FEFFFFD3    
   \   00000145   D0D8EE673311       DC8 208, 216, 238, 103, 51, 17, 0, 120, 254, 255, 255, 193, 192, 193
   \              0078FEFFFFC1
   \              C0C1        
   \   00000153   613000F8FF7F       DC8 97, 48, 0, 248, 255, 127, 31, 12, 14, 6, 3, 127, 255, 255, 255, 192
   \              1F0C0E06037F
   \              FFFFFFC0    
   \   00000163   000000000000       DC8 0, 0, 0, 0, 0, 0, 0, 0, 0, 0, 0, 0, 0, 0, 0, 0, 0, 0, 0, 0, 0, 0, 0
   \              000000000000
   \              000000000000
   \              0000000000  
   \   0000017A   000101010101       DC8 0, 1, 1, 1, 1, 1, 1, 0, 0, 0, 0, 0, 0, 0, 31, 63, 31, 7, 0, 0, 1, 1
   \              010000000000
   \              00001F3F1F07
   \              00000101    
   \   00000190   010000000000       DC8 1, 0, 0, 0, 0, 0, 0, 0, 1, 0, 0, 0, 0, 0, 0, 0, 1, 1, 1, 1, 0, 0, 0
   \              000001000000
   \              000000000101
   \              0101000000  
   \   000001A7   000001010100       DC8 0, 0, 1, 1, 1, 0, 0, 1, 1, 1, 0, 0, 0, 0, 0, 0, 0, 0, 0, 0, 0, 1, 1
   \              000101010000
   \              000000000000
   \              0000000101  
   \   000001BE   010100000000       DC8 1, 1, 0, 0, 0, 0, 0, 0, 0, 0, 1, 1, 1, 1, 0, 0, 0, 0, 1, 1, 0, 0, 0
   \              000000000101
   \              010100000000
   \              0101000000  
   \   000001D5   000000000101       DC8 0, 0, 0, 0, 1, 1, 1, 0, 0, 0, 0, 0, 0, 0, 0, 0, 0, 0, 0
   \              010000000000
   \              000000000000
   \              00          
     16          0x00, 0x00, 0x00, 0x00, 0x00, 0x00, 0x00, 0x00, 0x00, 0x00, 0x00, 0x00, 0x00, 0x00, 0x00, 0x00, 0x00, 0x80, 0x80, 0xC0, 0xC0, 0xC0, 0xC0, 0x80, 0x00, 0x00, 0x00, 0x00, 0x00, 0x00, 0x00, 0x00, 0x00, 0x00, 0x00, 0x00, 0x00, 0x00, 0x00, 0x00, 0x00, 0x00, 0x00, 0x80, 0xC0, 0xC0, 0x00, 0x00, 0x00, 0x00, 0x00, 0x00, 0x00, 0x00, 0x00, 0x00, 0x00, 0x00, 0x00, 0x00, 0x00, 0x00, 0x00, 0x00, 0x80, 0xC0, 0xC0, 0xC0, 0xC0, 0xC0, 0xC0, 0xC0, 0xC0, 0xC0, 0x80, 0x00, 0x00, 0x00, 0x00, 0x00, 0x00, 0x00, 0x00, 0x00, 0x00, 0x00, 0x00, 0x00, 0x00, 0x00, 0x00, 0x00, 0x00, 0x00, 0x00, 0x00, 0x00, 0x00, 0x00, 0x00, 0x00, 0x00, 0x00, 0x00, 0x80, 0xC0, 0xC0, 0x40, 0xC0, 0x80, 0x00, 0x00, 0x00, 0x00, 0x00, 0x00, 0x00, 0x00, 0x00, 0x00, 0x00, 0x00, 
     17          0x00, 0x00, 0x00, 0x00, 0x00, 0x00, 0x00, 0x00, 0x00, 0x00, 0xC0, 0xF0, 0xF8, 0xFC, 0xBE, 0x8F, 0x87, 0x83, 0x81, 0xA0, 0xB8, 0xBF, 0x9F, 0x8F, 0x07, 0x00, 0x00, 0x00, 0x80, 0xE0, 0xF0, 0xF0, 0x00, 0xC0, 0xE0, 0x70, 0xF0, 0xF0, 0xE0, 0xC0, 0x00, 0x00, 0xC0, 0xF7, 0xF7, 0xC3, 0x00, 0x00, 0x00, 0x00, 0x00, 0x80, 0xC0, 0xE0, 0x60, 0x30, 0x10, 0x10, 0xF0, 0xF0, 0xE0, 0xC0, 0x00, 0x03, 0x03, 0x03, 0xC3, 0xF3, 0xFF, 0xFF, 0xFF, 0x7F, 0x0F, 0x03, 0x01, 0x00, 0x00, 0x00, 0x80, 0xC0, 0xE0, 0xE0, 0x70, 0x30, 0xF0, 0xF0, 0xE0, 0x00, 0x00, 0x00, 0x80, 0xC0, 0xE0, 0x30, 0xF0, 0xF0, 0xE0, 0x00, 0x00, 0x80, 0xE0, 0xF8, 0xFE, 0x1F, 0x07, 0x01, 0xE0, 0xB8, 0xDF, 0xC7, 0x00, 0x00, 0x00, 0x00, 0x00, 0x00, 0x00, 0x00, 0x00, 0x00, 0x00, 0x00, 
     18          0x00, 0x00, 0x00, 0x00, 0x00, 0x00, 0x00, 0x00, 0x00, 0x1F, 0x7F, 0xFF, 0xFF, 0xFF, 0xE7, 0xC7, 0xC7, 0xC7, 0xC7, 0xE7, 0xE7, 0xF3, 0x73, 0x79, 0x18, 0x00, 0x80, 0xFC, 0xFF, 0xFF, 0xFF, 0xDF, 0x87, 0x81, 0xC0, 0xE0, 0xFF, 0x7F, 0x3F, 0x0F, 0x00, 0xFC, 0xFF, 0xFF, 0x1F, 0x00, 0x00, 0x00, 0x78, 0xFE, 0xFF, 0xFF, 0xC3, 0xC0, 0xC0, 0x60, 0x20, 0x1C, 0xFF, 0xFF, 0xFF, 0xFF, 0x80, 0x00, 0xF0, 0xFE, 0xFF, 0xFF, 0xFF, 0x3F, 0x07, 0x00, 0x00, 0x00, 0x00, 0x00, 0x78, 0xFE, 0xFF, 0xFF, 0xD3, 0xD0, 0xD8, 0xEE, 0x67, 0x33, 0x11, 0x00, 0x78, 0xFE, 0xFF, 0xFF, 0xC1, 0xC0, 0xC1, 0x61, 0x30, 0x00, 0xF8, 0xFF, 0x7F, 0x1F, 0x0C, 0x0E, 0x06, 0x03, 0x7F, 0xFF, 0xFF, 0xFF, 0xC0, 0x00, 0x00, 0x00, 0x00, 0x00, 0x00, 0x00, 0x00, 0x00, 0x00, 0x00, 
     19          0x00, 0x00, 0x00, 0x00, 0x00, 0x00, 0x00, 0x00, 0x00, 0x00, 0x00, 0x00, 0x00, 0x01, 0x01, 0x01, 0x01, 0x01, 0x01, 0x00, 0x00, 0x00, 0x00, 0x00, 0x00, 0x00, 0x1F, 0x3F, 0x1F, 0x07, 0x00, 0x00, 0x01, 0x01, 0x01, 0x00, 0x00, 0x00, 0x00, 0x00, 0x00, 0x00, 0x01, 0x00, 0x00, 0x00, 0x00, 0x00, 0x00, 0x00, 0x01, 0x01, 0x01, 0x01, 0x00, 0x00, 0x00, 0x00, 0x00, 0x01, 0x01, 0x01, 0x00, 0x00, 0x01, 0x01, 0x01, 0x00, 0x00, 0x00, 0x00, 0x00, 0x00, 0x00, 0x00, 0x00, 0x00, 0x00, 0x01, 0x01, 0x01, 0x01, 0x00, 0x00, 0x00, 0x00, 0x00, 0x00, 0x00, 0x00, 0x01, 0x01, 0x01, 0x01, 0x00, 0x00, 0x00, 0x00, 0x01, 0x01, 0x00, 0x00, 0x00, 0x00, 0x00, 0x00, 0x00, 0x01, 0x01, 0x01, 0x00, 0x00, 0x00, 0x00, 0x00, 0x00, 0x00, 0x00, 0x00, 0x00, 0x00, 0x00
     20          };

   \                                 In segment DATA_C, align 4, align-sorted
     21          const unsigned char IMAGE_EpiaLogo2[] = {	// 이피아테크
   \                     IMAGE_EpiaLogo2:
   \   00000000   0000000080C0       DC8 0, 0, 0, 0, 128, 192, 192, 224, 224, 224, 224, 224, 192, 192, 128
   \              C0E0E0E0E0E0
   \              C0C080      
   \   0000000F   000000E0E0E0       DC8 0, 0, 0, 224, 224, 224, 224, 224, 0, 0, 0, 0, 192, 192, 192, 192
   \              E0E000000000
   \              C0C0C0C0    
   \   0000001F   C0C0C0C0C0C0       DC8 192, 192, 192, 192, 192, 192, 192, 192, 192, 0, 0, 224, 224, 224
   \              C0C0C00000E0
   \              E0E0        
   \   0000002D   E0E000000000       DC8 224, 224, 0, 0, 0, 0, 0, 128, 192, 192, 224, 224, 224, 224, 192
   \              0080C0C0E0E0
   \              E0E0C0      
   \   0000003C   C080000000E0       DC8 192, 128, 0, 0, 0, 224, 224, 224, 224, 224, 0, 0, 0, 0, 0, 192, 192
   \              E0E0E0E00000
   \              000000C0C0  
   \   0000004D   C0C0C0C0C0C0       DC8 192, 192, 192, 192, 192, 192, 192, 0, 0, 224, 224, 224, 224, 0, 224
   \              C00000E0E0E0
   \              E000E0      
   \   0000005C   E0E0E0000000       DC8 224, 224, 224, 0, 0, 0, 0, 0, 224, 224, 224, 224, 224, 224, 224
   \              0000E0E0E0E0
   \              E0E0E0      
   \   0000006B   E0E0E0E0E0E0       DC8 224, 224, 224, 224, 224, 224, 224, 224, 224, 224, 192, 0, 0, 0, 0
   \              E0E0E0E0C000
   \              000000      
   \   0000007A   0000F8FEFFFF       DC8 0, 0, 248, 254, 255, 255, 255, 3, 0, 0, 0, 3, 255, 255, 255, 254
   \              FF0300000003
   \              FFFFFFFE    
   \   0000008A   F800FFFFFFFF       DC8 248, 0, 255, 255, 255, 255, 255, 0, 0, 0, 0, 1, 255, 255, 255, 255
   \              FF0000000001
   \              FFFFFFFF    
   \   0000009A   FF01FFFFFFFF       DC8 255, 1, 255, 255, 255, 255, 255, 1, 0, 0, 255, 255, 255, 255, 255
   \              FF010000FFFF
   \              FFFFFF      
   \   000000A9   000000F8FEFF       DC8 0, 0, 0, 248, 254, 255, 255, 255, 3, 0, 0, 3, 255, 255, 255, 254
   \              FFFF03000003
   \              FFFFFFFE    
   \   000000B9   F800FFFFFFFF       DC8 248, 0, 255, 255, 255, 255, 255, 224, 224, 0, 0, 0, 255, 255, 255
   \              FFE0E0000000
   \              FFFFFF      
   \   000000C8   FFFFC1C1C101       DC8 255, 255, 193, 193, 193, 1, 192, 192, 255, 255, 255, 255, 0, 255
   \              C0C0FFFFFFFF
   \              00FF        
   \   000000D6   FFFFFF000000       DC8 255, 255, 255, 0, 0, 0, 0, 0, 192, 192, 192, 192, 192, 192, 192
   \              0000C0C0C0C0
   \              C0C0C0      
   \   000000E5   C0C0C0C0C0C0       DC8 192, 192, 192, 192, 192, 192, 255, 255, 255, 255, 255, 0, 0, 0, 0
   \              FFFFFFFFFF00
   \              000000      
   \   000000F4   0000071F7FFF       DC8 0, 0, 7, 31, 127, 255, 255, 240, 192, 192, 192, 240, 255, 255, 127
   \              FFF0C0C0C0F0
   \              FFFF7F      
   \   00000103   1F0700FFFFFF       DC8 31, 7, 0, 255, 255, 255, 255, 255, 0, 0, 0, 0, 192, 255, 255, 255
   \              FFFF00000000
   \              C0FFFFFF    
   \   00000113   FFFFC0FFFFFF       DC8 255, 255, 192, 255, 255, 255, 255, 255, 192, 192, 192, 255, 255
   \              FFFFC0C0C0FF
   \              FF          
   \   00000120   FFFFFF000000       DC8 255, 255, 255, 0, 0, 0, 7, 31, 127, 255, 255, 240, 192, 192, 240
   \              071F7FFFFFF0
   \              C0C0F0      
   \   0000012F   FFFF7F1F0700       DC8 255, 255, 127, 31, 7, 0, 255, 255, 255, 255, 255, 0, 0, 0, 0, 0
   \              FFFFFFFFFF00
   \              00000000    
   \   0000013F   FFFFFFFFFFC1       DC8 255, 255, 255, 255, 255, 193, 193, 193, 192, 193, 193, 255, 255
   \              C1C1C0C1C1FF
   \              FF          
   \   0000014C   FFFF00FFFFFF       DC8 255, 255, 0, 255, 255, 255, 255, 0, 0, 0, 0, 0, 1, 1, 1, 1, 1, 1, 1
   \              FF0000000000
   \              010101010101
   \              01          
   \   0000015F   0101010101C1       DC8 1, 1, 1, 1, 1, 193, 255, 255, 255, 255, 15, 0, 0, 0, 0, 0, 0, 0, 0
   \              FFFFFFFF0F00
   \              000000000000
   \              00          
   \   00000172   000000010101       DC8 0, 0, 0, 1, 1, 1, 1, 1, 0, 0, 0, 0, 0, 0, 3, 3, 3, 3, 3, 0, 0, 0, 0
   \              010100000000
   \              000003030303
   \              0300000000  
   \   00000189   010101010101       DC8 1, 1, 1, 1, 1, 1, 1, 1, 1, 1, 1, 1, 1, 1, 1, 3, 3, 3, 3, 3, 0, 0, 0
   \              010101010101
   \              010101030303
   \              0303000000  
   \   000001A0   000000000001       DC8 0, 0, 0, 0, 0, 1, 1, 1, 1, 0, 0, 0, 0, 0, 0, 3, 3, 3, 3, 3, 0, 0, 0
   \              010101000000
   \              000000030303
   \              0303000000  
   \   000001B7   000000010101       DC8 0, 0, 0, 1, 1, 1, 1, 1, 1, 1, 1, 1, 1, 3, 3, 3, 3, 0, 3, 3, 3, 3, 0
   \              010101010101
   \              010303030300
   \              0303030300  
   \   000001CE   000003030303       DC8 0, 0, 3, 3, 3, 3, 3, 3, 3, 3, 3, 3, 3, 3, 3, 3, 3, 3, 3, 3, 3, 3, 3
   \              030303030303
   \              030303030303
   \              0303030303  
   \   000001E5   030000             DC8 3, 0, 0
     22          0x00, 0x00, 0x00, 0x00, 0x80, 0xC0, 0xC0, 0xE0, 0xE0, 0xE0, 0xE0, 0xE0, 0xC0, 0xC0, 0x80, 0x00, 0x00, 0x00, 0xE0, 0xE0, 0xE0, 0xE0, 0xE0, 0x00, 0x00, 0x00, 0x00, 0xC0, 0xC0, 0xC0, 0xC0, 0xC0, 0xC0, 0xC0, 0xC0, 0xC0, 0xC0, 0xC0, 0xC0, 0xC0, 0x00, 0x00, 0xE0, 0xE0, 0xE0, 0xE0, 0xE0, 0x00, 0x00, 0x00, 0x00, 0x00, 0x80, 0xC0, 0xC0, 0xE0, 0xE0, 0xE0, 0xE0, 0xC0, 0xC0, 0x80, 0x00, 0x00, 0x00, 0xE0, 0xE0, 0xE0, 0xE0, 0xE0, 0x00, 0x00, 0x00, 0x00, 0x00, 0xC0, 0xC0, 0xC0, 0xC0, 0xC0, 0xC0, 0xC0, 0xC0, 0xC0, 0x00, 0x00, 0xE0, 0xE0, 0xE0, 0xE0, 0x00, 0xE0, 0xE0, 0xE0, 0xE0, 0x00, 0x00, 0x00, 0x00, 0x00, 0xE0, 0xE0, 0xE0, 0xE0, 0xE0, 0xE0, 0xE0, 0xE0, 0xE0, 0xE0, 0xE0, 0xE0, 0xE0, 0xE0, 0xE0, 0xE0, 0xE0, 0xC0, 0x00, 0x00, 0x00, 0x00, 
     23          0x00, 0x00, 0xF8, 0xFE, 0xFF, 0xFF, 0xFF, 0x03, 0x00, 0x00, 0x00, 0x03, 0xFF, 0xFF, 0xFF, 0xFE, 0xF8, 0x00, 0xFF, 0xFF, 0xFF, 0xFF, 0xFF, 0x00, 0x00, 0x00, 0x00, 0x01, 0xFF, 0xFF, 0xFF, 0xFF, 0xFF, 0x01, 0xFF, 0xFF, 0xFF, 0xFF, 0xFF, 0x01, 0x00, 0x00, 0xFF, 0xFF, 0xFF, 0xFF, 0xFF, 0x00, 0x00, 0x00, 0xF8, 0xFE, 0xFF, 0xFF, 0xFF, 0x03, 0x00, 0x00, 0x03, 0xFF, 0xFF, 0xFF, 0xFE, 0xF8, 0x00, 0xFF, 0xFF, 0xFF, 0xFF, 0xFF, 0xE0, 0xE0, 0x00, 0x00, 0x00, 0xFF, 0xFF, 0xFF, 0xFF, 0xFF, 0xC1, 0xC1, 0xC1, 0x01, 0xC0, 0xC0, 0xFF, 0xFF, 0xFF, 0xFF, 0x00, 0xFF, 0xFF, 0xFF, 0xFF, 0x00, 0x00, 0x00, 0x00, 0x00, 0xC0, 0xC0, 0xC0, 0xC0, 0xC0, 0xC0, 0xC0, 0xC0, 0xC0, 0xC0, 0xC0, 0xC0, 0xC0, 0xFF, 0xFF, 0xFF, 0xFF, 0xFF, 0x00, 0x00, 0x00, 0x00, 
     24          0x00, 0x00, 0x07, 0x1F, 0x7F, 0xFF, 0xFF, 0xF0, 0xC0, 0xC0, 0xC0, 0xF0, 0xFF, 0xFF, 0x7F, 0x1F, 0x07, 0x00, 0xFF, 0xFF, 0xFF, 0xFF, 0xFF, 0x00, 0x00, 0x00, 0x00, 0xC0, 0xFF, 0xFF, 0xFF, 0xFF, 0xFF, 0xC0, 0xFF, 0xFF, 0xFF, 0xFF, 0xFF, 0xC0, 0xC0, 0xC0, 0xFF, 0xFF, 0xFF, 0xFF, 0xFF, 0x00, 0x00, 0x00, 0x07, 0x1F, 0x7F, 0xFF, 0xFF, 0xF0, 0xC0, 0xC0, 0xF0, 0xFF, 0xFF, 0x7F, 0x1F, 0x07, 0x00, 0xFF, 0xFF, 0xFF, 0xFF, 0xFF, 0x00, 0x00, 0x00, 0x00, 0x00, 0xFF, 0xFF, 0xFF, 0xFF, 0xFF, 0xC1, 0xC1, 0xC1, 0xC0, 0xC1, 0xC1, 0xFF, 0xFF, 0xFF, 0xFF, 0x00, 0xFF, 0xFF, 0xFF, 0xFF, 0x00, 0x00, 0x00, 0x00, 0x00, 0x01, 0x01, 0x01, 0x01, 0x01, 0x01, 0x01, 0x01, 0x01, 0x01, 0x01, 0x01, 0xC1, 0xFF, 0xFF, 0xFF, 0xFF, 0x0F, 0x00, 0x00, 0x00, 0x00, 
     25          0x00, 0x00, 0x00, 0x00, 0x00, 0x00, 0x00, 0x01, 0x01, 0x01, 0x01, 0x01, 0x00, 0x00, 0x00, 0x00, 0x00, 0x00, 0x03, 0x03, 0x03, 0x03, 0x03, 0x00, 0x00, 0x00, 0x00, 0x01, 0x01, 0x01, 0x01, 0x01, 0x01, 0x01, 0x01, 0x01, 0x01, 0x01, 0x01, 0x01, 0x01, 0x01, 0x03, 0x03, 0x03, 0x03, 0x03, 0x00, 0x00, 0x00, 0x00, 0x00, 0x00, 0x00, 0x00, 0x01, 0x01, 0x01, 0x01, 0x00, 0x00, 0x00, 0x00, 0x00, 0x00, 0x03, 0x03, 0x03, 0x03, 0x03, 0x00, 0x00, 0x00, 0x00, 0x00, 0x00, 0x01, 0x01, 0x01, 0x01, 0x01, 0x01, 0x01, 0x01, 0x01, 0x01, 0x03, 0x03, 0x03, 0x03, 0x00, 0x03, 0x03, 0x03, 0x03, 0x00, 0x00, 0x00, 0x03, 0x03, 0x03, 0x03, 0x03, 0x03, 0x03, 0x03, 0x03, 0x03, 0x03, 0x03, 0x03, 0x03, 0x03, 0x03, 0x03, 0x03, 0x03, 0x03, 0x03, 0x03, 0x00, 0x00
     26          };
     27           

   \                                 In segment DATA_C, align 4, align-sorted
     28          const unsigned char IMAGE_TEST[] = {/*122 x 32  TEST image */ 
   \                     IMAGE_TEST:
   \   00000000   000000000000       DC8 0, 0, 0, 0, 0, 0, 0, 0, 128, 64, 32, 16, 8, 4, 2, 1, 1, 2, 4, 8, 16
   \              000080402010
   \              080402010102
   \              040810      
   \   00000015   204080000000       DC8 32, 64, 128, 0, 0, 0, 0, 0, 0, 0, 0, 0, 0, 0, 0, 0, 0, 0, 0, 128
   \              000000000000
   \              000000000000
   \              0080        
   \   00000029   402010080402       DC8 64, 32, 16, 8, 4, 2, 1, 1, 2, 4, 8, 16, 32, 64, 128, 0, 0, 0, 0, 0
   \              010102040810
   \              204080000000
   \              0000        
   \   0000003D   000000000000       DC8 0, 0, 0, 0, 0, 0, 0, 0, 0, 0, 0, 128, 64, 32, 16, 8, 4, 2, 1, 1, 2
   \              000000000080
   \              402010080402
   \              010102      
   \   00000052   040810204080       DC8 4, 8, 16, 32, 64, 128, 0, 0, 0, 0, 0, 0, 0, 0, 0, 0, 0, 0, 0, 0, 0
   \              000000000000
   \              000000000000
   \              000000      
   \   00000067   008040201008       DC8 0, 128, 64, 32, 16, 8, 4, 2, 1, 1, 2, 4, 8, 16, 32, 64, 128, 0, 0
   \              040201010204
   \              081020408000
   \              00          
   \   0000007A   804020100804       DC8 128, 64, 32, 16, 8, 4, 2, 1, 0, 0, 0, 0, 0, 0, 0, 0, 0, 0, 0, 0, 0
   \              020100000000
   \              000000000000
   \              000000      
   \   0000008F   000000010204       DC8 0, 0, 0, 1, 2, 4, 8, 16, 32, 64, 128, 128, 64, 32, 16, 8, 4, 2, 1
   \              081020408080
   \              402010080402
   \              01          
   \   000000A2   000000000000       DC8 0, 0, 0, 0, 0, 0, 0, 0, 0, 0, 0, 0, 0, 0, 0, 0, 1, 2, 4, 8, 16, 32
   \              000000000000
   \              000000000102
   \              04081020    
   \   000000B8   408080402010       DC8 64, 128, 128, 64, 32, 16, 8, 4, 2, 1, 0, 0, 0, 0, 0, 0, 0, 0, 0, 0
   \              080402010000
   \              000000000000
   \              0000        
   \   000000CC   000000000000       DC8 0, 0, 0, 0, 0, 0, 1, 2, 4, 8, 16, 32, 64, 128, 128, 64, 32, 16, 8
   \              010204081020
   \              408080402010
   \              08          
   \   000000DF   040201000000       DC8 4, 2, 1, 0, 0, 0, 0, 0, 0, 0, 0, 0, 0, 0, 0, 0, 0, 0, 0, 1, 2, 1, 2
   \              000000000000
   \              000000000000
   \              0001020102  
   \   000000F6   040810204080       DC8 4, 8, 16, 32, 64, 128, 0, 0, 0, 0, 0, 0, 0, 0, 0, 0, 0, 0, 0, 0, 0
   \              000000000000
   \              000000000000
   \              000000      
   \   0000010B   008040201008       DC8 0, 128, 64, 32, 16, 8, 4, 2, 1, 1, 2, 4, 8, 16, 32, 64, 128, 0, 0
   \              040201010204
   \              081020408000
   \              00          
   \   0000011E   000000000000       DC8 0, 0, 0, 0, 0, 0, 0, 0, 0, 0, 0, 0, 0, 0, 128, 64, 32, 16, 8, 4, 2
   \              000000000000
   \              000080402010
   \              080402      
   \   00000133   010102040810       DC8 1, 1, 2, 4, 8, 16, 32, 64, 128, 0, 0, 0, 0, 0, 0, 0, 0, 0, 0, 0, 0
   \              204080000000
   \              000000000000
   \              000000      
   \   00000148   000000008040       DC8 0, 0, 0, 0, 128, 64, 32, 16, 8, 4, 2, 1, 1, 2, 4, 8, 16, 32, 64
   \              201008040201
   \              010204081020
   \              40          
   \   0000015B   800000000000       DC8 128, 0, 0, 0, 0, 0, 0, 0, 0, 0, 0, 0, 0, 0, 0, 0, 0, 128, 64, 0, 0
   \              000000000000
   \              000000000080
   \              400000      
   \   00000170   000000000000       DC8 0, 0, 0, 0, 0, 0, 1, 2, 4, 8, 16, 32, 64, 128, 128, 64, 32, 16, 8
   \              010204081020
   \              408080402010
   \              08          
   \   00000183   040201000000       DC8 4, 2, 1, 0, 0, 0, 0, 0, 0, 0, 0, 0, 0, 0, 0, 0, 0, 0, 0, 1, 2, 4, 8
   \              000000000000
   \              000000000000
   \              0001020408  
   \   0000019A   102040808040       DC8 16, 32, 64, 128, 128, 64, 32, 16, 8, 4, 2, 1, 0, 0, 0, 0, 0, 0, 0
   \              201008040201
   \              000000000000
   \              00          
   \   000001AD   000000000000       DC8 0, 0, 0, 0, 0, 0, 0, 0, 0, 1, 2, 4, 8, 16, 32, 64, 128, 128, 64, 32
   \              000000010204
   \              081020408080
   \              4020        
   \   000001C1   100804020100       DC8 16, 8, 4, 2, 1, 0, 0, 0, 0, 0, 0, 0, 0, 0, 0, 0, 0, 0, 0, 0, 0, 1
   \              000000000000
   \              000000000000
   \              00000001    
   \   000001D7   020408102040       DC8 2, 4, 8, 16, 32, 64, 128, 128, 64, 32, 16, 8, 4, 2, 1, 0, 0
   \              808040201008
   \              0402010000  
     29          0x00, 0x00, 0x00, 0x00, 0x00, 0x00, 0x00, 0x00, 0x80, 0x40, 0x20, 0x10, 0x08, 0x04, 0x02, 0x01, 0x01, 0x02, 0x04, 0x08, 0x10, 0x20, 0x40, 0x80, 0x00, 0x00, 0x00, 0x00, 0x00, 0x00, 0x00, 0x00, 0x00, 0x00, 0x00, 0x00, 0x00, 0x00, 0x00, 0x00, 0x80, 0x40, 0x20, 0x10, 0x08, 0x04, 0x02, 0x01, 0x01, 0x02, 0x04, 0x08, 0x10, 0x20, 0x40, 0x80, 0x00, 0x00, 0x00, 0x00, 0x00, 0x00, 0x00, 0x00, 0x00, 0x00, 0x00, 0x00, 0x00, 0x00, 0x00, 0x00, 0x80, 0x40, 0x20, 0x10, 0x08, 0x04, 0x02, 0x01, 0x01, 0x02, 0x04, 0x08, 0x10, 0x20, 0x40, 0x80, 0x00, 0x00, 0x00, 0x00, 0x00, 0x00, 0x00, 0x00, 0x00, 0x00, 0x00, 0x00, 0x00, 0x00, 0x00, 0x00, 0x80, 0x40, 0x20, 0x10, 0x08, 0x04, 0x02, 0x01, 0x01, 0x02, 0x04, 0x08, 0x10, 0x20, 0x40, 0x80, 0x00, 0x00, 
     30          0x80, 0x40, 0x20, 0x10, 0x08, 0x04, 0x02, 0x01, 0x00, 0x00, 0x00, 0x00, 0x00, 0x00, 0x00, 0x00, 0x00, 0x00, 0x00, 0x00, 0x00, 0x00, 0x00, 0x00, 0x01, 0x02, 0x04, 0x08, 0x10, 0x20, 0x40, 0x80, 0x80, 0x40, 0x20, 0x10, 0x08, 0x04, 0x02, 0x01, 0x00, 0x00, 0x00, 0x00, 0x00, 0x00, 0x00, 0x00, 0x00, 0x00, 0x00, 0x00, 0x00, 0x00, 0x00, 0x00, 0x01, 0x02, 0x04, 0x08, 0x10, 0x20, 0x40, 0x80, 0x80, 0x40, 0x20, 0x10, 0x08, 0x04, 0x02, 0x01, 0x00, 0x00, 0x00, 0x00, 0x00, 0x00, 0x00, 0x00, 0x00, 0x00, 0x00, 0x00, 0x00, 0x00, 0x00, 0x00, 0x01, 0x02, 0x04, 0x08, 0x10, 0x20, 0x40, 0x80, 0x80, 0x40, 0x20, 0x10, 0x08, 0x04, 0x02, 0x01, 0x00, 0x00, 0x00, 0x00, 0x00, 0x00, 0x00, 0x00, 0x00, 0x00, 0x00, 0x00, 0x00, 0x00, 0x00, 0x00, 0x01, 0x02, 
     31          0x01, 0x02, 0x04, 0x08, 0x10, 0x20, 0x40, 0x80, 0x00, 0x00, 0x00, 0x00, 0x00, 0x00, 0x00, 0x00, 0x00, 0x00, 0x00, 0x00, 0x00, 0x00, 0x00, 0x00, 0x80, 0x40, 0x20, 0x10, 0x08, 0x04, 0x02, 0x01, 0x01, 0x02, 0x04, 0x08, 0x10, 0x20, 0x40, 0x80, 0x00, 0x00, 0x00, 0x00, 0x00, 0x00, 0x00, 0x00, 0x00, 0x00, 0x00, 0x00, 0x00, 0x00, 0x00, 0x00, 0x80, 0x40, 0x20, 0x10, 0x08, 0x04, 0x02, 0x01, 0x01, 0x02, 0x04, 0x08, 0x10, 0x20, 0x40, 0x80, 0x00, 0x00, 0x00, 0x00, 0x00, 0x00, 0x00, 0x00, 0x00, 0x00, 0x00, 0x00, 0x00, 0x00, 0x00, 0x00, 0x80, 0x40, 0x20, 0x10, 0x08, 0x04, 0x02, 0x01, 0x01, 0x02, 0x04, 0x08, 0x10, 0x20, 0x40, 0x80, 0x00, 0x00, 0x00, 0x00, 0x00, 0x00, 0x00, 0x00, 0x00, 0x00, 0x00, 0x00, 0x00, 0x00, 0x00, 0x00, 0x80, 0x40, 
     32          0x00, 0x00, 0x00, 0x00, 0x00, 0x00, 0x00, 0x00, 0x01, 0x02, 0x04, 0x08, 0x10, 0x20, 0x40, 0x80, 0x80, 0x40, 0x20, 0x10, 0x08, 0x04, 0x02, 0x01, 0x00, 0x00, 0x00, 0x00, 0x00, 0x00, 0x00, 0x00, 0x00, 0x00, 0x00, 0x00, 0x00, 0x00, 0x00, 0x00, 0x01, 0x02, 0x04, 0x08, 0x10, 0x20, 0x40, 0x80, 0x80, 0x40, 0x20, 0x10, 0x08, 0x04, 0x02, 0x01, 0x00, 0x00, 0x00, 0x00, 0x00, 0x00, 0x00, 0x00, 0x00, 0x00, 0x00, 0x00, 0x00, 0x00, 0x00, 0x00, 0x01, 0x02, 0x04, 0x08, 0x10, 0x20, 0x40, 0x80, 0x80, 0x40, 0x20, 0x10, 0x08, 0x04, 0x02, 0x01, 0x00, 0x00, 0x00, 0x00, 0x00, 0x00, 0x00, 0x00, 0x00, 0x00, 0x00, 0x00, 0x00, 0x00, 0x00, 0x00, 0x01, 0x02, 0x04, 0x08, 0x10, 0x20, 0x40, 0x80, 0x80, 0x40, 0x20, 0x10, 0x08, 0x04, 0x02, 0x01, 0x00, 0x00, 
     33          };

   \                                 In segment DATA_C, align 4, align-sorted
     34          const unsigned char IMAGE_TEST1[] = {/*122 x 32  TEST image */
   \                     IMAGE_TEST1:
   \   00000000   000101020203       DC8 0, 1, 1, 2, 2, 3, 3, 4, 4, 5, 5, 6, 6, 7, 7, 8, 8, 9, 9, 10, 10, 11
   \              030404050506
   \              060707080809
   \              090A0A0B    
   \   00000016   0B0C0C0D0D0E       DC8 11, 12, 12, 13, 13, 14, 14, 15, 15, 16, 17, 17, 18, 18, 19, 19, 20
   \              0E0F0F101111
   \              1212131314  
   \   00000027   141515161617       DC8 20, 21, 21, 22, 22, 23, 23, 24, 24, 25, 25, 26, 26, 27, 27, 28, 28
   \              17181819191A
   \              1A1B1B1C1C  
   \   00000038   1D1D1E1E1F1F       DC8 29, 29, 30, 30, 31, 31, 32, 33, 33, 34, 34, 35, 35, 36, 36, 37, 37
   \              202121222223
   \              2324242525  
   \   00000049   262627272828       DC8 38, 38, 39, 39, 40, 40, 41, 41, 42, 42, 43, 43, 44, 44, 45, 45, 46
   \              29292A2A2B2B
   \              2C2C2D2D2E  
   \   0000005A   2E2F2F303131       DC8 46, 47, 47, 48, 49, 49, 50, 50, 51, 51, 52, 52, 53, 53, 54, 54, 55
   \              323233333434
   \              3535363637  
   \   0000006B   37383839393A       DC8 55, 56, 56, 57, 57, 58, 58, 59, 59, 60, 60, 61, 61, 62, 62, 63, 63
   \              3A3B3B3C3C3D
   \              3D3E3E3F3F  
   \   0000007C   404141424243       DC8 64, 65, 65, 66, 66, 67, 67, 68, 68, 69, 69, 70, 70, 71, 71, 72, 72
   \              434444454546
   \              4647474848  
   \   0000008D   49494A4A4B4B       DC8 73, 73, 74, 74, 75, 75, 76, 76, 77, 77, 78, 78, 79, 79, 80, 81, 81
   \              4C4C4D4D4E4E
   \              4F4F505151  
   \   0000009E   525253535454       DC8 82, 82, 83, 83, 84, 84, 85, 85, 86, 86, 87, 87, 88, 88, 89, 89, 90
   \              555556565757
   \              585859595A  
   \   000000AF   5A5B5B5C5C5D       DC8 90, 91, 91, 92, 92, 93, 93, 94, 94, 95, 95, 96, 97, 97, 98, 98, 99
   \              5D5E5E5F5F60
   \              6161626263  
   \   000000C0   636464656566       DC8 99, 100, 100, 101, 101, 102, 102, 103, 103, 104, 104, 105, 105, 106
   \              666767686869
   \              696A        
   \   000000CE   6A6B6B6C6C6D       DC8 106, 107, 107, 108, 108, 109, 109, 110, 110, 111, 111, 112, 113
   \              6D6E6E6F6F70
   \              71          
   \   000000DB   717272737374       DC8 113, 114, 114, 115, 115, 116, 116, 117, 117, 118, 118, 119, 119
   \              747575767677
   \              77          
   \   000000E8   787879797A7A       DC8 120, 120, 121, 121, 122, 122, 123, 123, 124, 124, 125, 125, 126
   \              7B7B7C7C7D7D
   \              7E          
   \   000000F5   7E7F7F808181       DC8 126, 127, 127, 128, 129, 129, 130, 130, 131, 131, 132, 132, 133
   \              828283838484
   \              85          
   \   00000102   858686878788       DC8 133, 134, 134, 135, 135, 136, 136, 137, 137, 138, 138, 139, 139
   \              8889898A8A8B
   \              8B          
   \   0000010F   8C8C8D8D8E8E       DC8 140, 140, 141, 141, 142, 142, 143, 143, 144, 145, 145, 146, 146
   \              8F8F90919192
   \              92          
   \   0000011C   939394949595       DC8 147, 147, 148, 148, 149, 149, 150, 150, 151, 151, 152, 152, 153
   \              969697979898
   \              99          
   \   00000129   999A9A9B9B9C       DC8 153, 154, 154, 155, 155, 156, 156, 157, 157, 158, 158, 159, 159
   \              9C9D9D9E9E9F
   \              9F          
   \   00000136   A0A1A1A2A2A3       DC8 160, 161, 161, 162, 162, 163, 163, 164, 164, 165, 165, 166, 166
   \              A3A4A4A5A5A6
   \              A6          
   \   00000143   A7A7A8A8A9A9       DC8 167, 167, 168, 168, 169, 169, 170, 170, 171, 171, 172, 172, 173
   \              AAAAABABACAC
   \              AD          
   \   00000150   ADAEAEAFAFB0       DC8 173, 174, 174, 175, 175, 176, 177, 177, 178, 178, 179, 179, 180
   \              B1B1B2B2B3B3
   \              B4          
   \   0000015D   B4B5B5B6B6B7       DC8 180, 181, 181, 182, 182, 183, 183, 184, 184, 185, 185, 186, 186
   \              B7B8B8B9B9BA
   \              BA          
   \   0000016A   BBBBBCBCBDBD       DC8 187, 187, 188, 188, 189, 189, 190, 190, 191, 191, 192, 193, 193
   \              BEBEBFBFC0C1
   \              C1          
   \   00000177   C2C2C3C3C4C4       DC8 194, 194, 195, 195, 196, 196, 197, 197, 198, 198, 199, 199, 200
   \              C5C5C6C6C7C7
   \              C8          
   \   00000184   C8C9C9CACACB       DC8 200, 201, 201, 202, 202, 203, 203, 204, 204, 205, 205, 206, 206
   \              CBCCCCCDCDCE
   \              CE          
   \   00000191   CFCFD0D1D1D2       DC8 207, 207, 208, 209, 209, 210, 210, 211, 211, 212, 212, 213, 213
   \              D2D3D3D4D4D5
   \              D5          
   \   0000019E   D6D6D7D7D8D8       DC8 214, 214, 215, 215, 216, 216, 217, 217, 218, 218, 219, 219, 220
   \              D9D9DADADBDB
   \              DC          
   \   000001AB   DCDDDDDEDEDF       DC8 220, 221, 221, 222, 222, 223, 223, 224, 225, 225, 226, 226, 227
   \              DFE0E1E1E2E2
   \              E3          
   \   000001B8   E3E4E4E5E5E6       DC8 227, 228, 228, 229, 229, 230, 230, 231, 231, 232, 232, 233, 233
   \              E6E7E7E8E8E9
   \              E9          
   \   000001C5   EAEAEBEBECEC       DC8 234, 234, 235, 235, 236, 236, 237, 237, 238, 238, 239, 239, 240
   \              EDEDEEEEEFEF
   \              F0          
   \   000001D2   F1F1F2F2F3F3       DC8 241, 241, 242, 242, 243, 243, 244, 244, 245, 245, 246, 246, 247
   \              F4F4F5F5F6F6
   \              F7          
   \   000001DF   F7F8F8F9F9FA       DC8 247, 248, 248, 249, 249, 250, 250, 251, 251, 252, 252, 253, 253
   \              FAFBFBFCFCFD
   \              FD          
   \   000001EC   FEFEFFFF           DC8 254, 254, 255, 255
     35          0x00, 0x01, 0x01, 0x02, 0x02, 0x03, 0x03, 0x04, 0x04, 0x05, 0x05, 0x06, 0x06, 0x07, 0x07, 0x08, 0x08, 0x09, 0x09, 0x0A, 0x0A, 0x0B, 0x0B, 0x0C, 0x0C, 0x0D, 0x0D, 0x0E, 0x0E, 0x0F, 0x0F, 0x10, 0x11, 0x11, 0x12, 0x12, 0x13, 0x13, 0x14, 0x14, 0x15, 0x15, 0x16, 0x16, 0x17, 0x17, 0x18, 0x18, 0x19, 0x19, 0x1A, 0x1A, 0x1B, 0x1B, 0x1C, 0x1C, 0x1D, 0x1D, 0x1E, 0x1E, 0x1F, 0x1F, 0x20, 0x21, 0x21, 0x22, 0x22, 0x23, 0x23, 0x24, 0x24, 0x25, 0x25, 0x26, 0x26, 0x27, 0x27, 0x28, 0x28, 0x29, 0x29, 0x2A, 0x2A, 0x2B, 0x2B, 0x2C, 0x2C, 0x2D, 0x2D, 0x2E, 0x2E, 0x2F, 0x2F, 0x30, 0x31, 0x31, 0x32, 0x32, 0x33, 0x33, 0x34, 0x34, 0x35, 0x35, 0x36, 0x36, 0x37, 0x37, 0x38, 0x38, 0x39, 0x39, 0x3A, 0x3A, 0x3B, 0x3B, 0x3C, 0x3C, 0x3D, 0x3D, 0x3E, 0x3E, 0x3F, 0x3F,
     36          0x40, 0x41, 0x41, 0x42, 0x42, 0x43, 0x43, 0x44, 0x44, 0x45, 0x45, 0x46, 0x46, 0x47, 0x47, 0x48, 0x48, 0x49, 0x49, 0x4A, 0x4A, 0x4B, 0x4B, 0x4C, 0x4C, 0x4D, 0x4D, 0x4E, 0x4E, 0x4F, 0x4F, 0x50, 0x51, 0x51, 0x52, 0x52, 0x53, 0x53, 0x54, 0x54, 0x55, 0x55, 0x56, 0x56, 0x57, 0x57, 0x58, 0x58, 0x59, 0x59, 0x5A, 0x5A, 0x5B, 0x5B, 0x5C, 0x5C, 0x5D, 0x5D, 0x5E, 0x5E, 0x5F, 0x5F, 0x60, 0x61, 0x61, 0x62, 0x62, 0x63, 0x63, 0x64, 0x64, 0x65, 0x65, 0x66, 0x66, 0x67, 0x67, 0x68, 0x68, 0x69, 0x69, 0x6A, 0x6A, 0x6B, 0x6B, 0x6C, 0x6C, 0x6D, 0x6D, 0x6E, 0x6E, 0x6F, 0x6F, 0x70, 0x71, 0x71, 0x72, 0x72, 0x73, 0x73, 0x74, 0x74, 0x75, 0x75, 0x76, 0x76, 0x77, 0x77, 0x78, 0x78, 0x79, 0x79, 0x7A, 0x7A, 0x7B, 0x7B, 0x7C, 0x7C, 0x7D, 0x7D, 0x7E, 0x7E, 0x7F, 0x7F,
     37          0x80, 0x81, 0x81, 0x82, 0x82, 0x83, 0x83, 0x84, 0x84, 0x85, 0x85, 0x86, 0x86, 0x87, 0x87, 0x88, 0x88, 0x89, 0x89, 0x8A, 0x8A, 0x8B, 0x8B, 0x8C, 0x8C, 0x8D, 0x8D, 0x8E, 0x8E, 0x8F, 0x8F, 0x90, 0x91, 0x91, 0x92, 0x92, 0x93, 0x93, 0x94, 0x94, 0x95, 0x95, 0x96, 0x96, 0x97, 0x97, 0x98, 0x98, 0x99, 0x99, 0x9A, 0x9A, 0x9B, 0x9B, 0x9C, 0x9C, 0x9D, 0x9D, 0x9E, 0x9E, 0x9F, 0x9F, 0xA0, 0xA1, 0xA1, 0xA2, 0xA2, 0xA3, 0xA3, 0xA4, 0xA4, 0xA5, 0xA5, 0xA6, 0xA6, 0xA7, 0xA7, 0xA8, 0xA8, 0xA9, 0xA9, 0xAA, 0xAA, 0xAB, 0xAB, 0xAC, 0xAC, 0xAD, 0xAD, 0xAE, 0xAE, 0xAF, 0xAF, 0xB0, 0xB1, 0xB1, 0xB2, 0xB2, 0xB3, 0xB3, 0xB4, 0xB4, 0xB5, 0xB5, 0xB6, 0xB6, 0xB7, 0xB7, 0xB8, 0xB8, 0xB9, 0xB9, 0xBA, 0xBA, 0xBB, 0xBB, 0xBC, 0xBC, 0xBD, 0xBD, 0xBE, 0xBE, 0xBF, 0xBF,
     38          0xC0, 0xC1, 0xC1, 0xC2, 0xC2, 0xC3, 0xC3, 0xC4, 0xC4, 0xC5, 0xC5, 0xC6, 0xC6, 0xC7, 0xC7, 0xC8, 0xC8, 0xC9, 0xC9, 0xCA, 0xCA, 0xCB, 0xCB, 0xCC, 0xCC, 0xCD, 0xCD, 0xCE, 0xCE, 0xCF, 0xCF, 0xD0, 0xD1, 0xD1, 0xD2, 0xD2, 0xD3, 0xD3, 0xD4, 0xD4, 0xD5, 0xD5, 0xD6, 0xD6, 0xD7, 0xD7, 0xD8, 0xD8, 0xD9, 0xD9, 0xDA, 0xDA, 0xDB, 0xDB, 0xDC, 0xDC, 0xDD, 0xDD, 0xDE, 0xDE, 0xDF, 0xDF, 0xE0, 0xE1, 0xE1, 0xE2, 0xE2, 0xE3, 0xE3, 0xE4, 0xE4, 0xE5, 0xE5, 0xE6, 0xE6, 0xE7, 0xE7, 0xE8, 0xE8, 0xE9, 0xE9, 0xEA, 0xEA, 0xEB, 0xEB, 0xEC, 0xEC, 0xED, 0xED, 0xEE, 0xEE, 0xEF, 0xEF, 0xF0, 0xF1, 0xF1, 0xF2, 0xF2, 0xF3, 0xF3, 0xF4, 0xF4, 0xF5, 0xF5, 0xF6, 0xF6, 0xF7, 0xF7, 0xF8, 0xF8, 0xF9, 0xF9, 0xFA, 0xFA, 0xFB, 0xFB, 0xFC, 0xFC, 0xFD, 0xFD, 0xFE, 0xFE, 0xFF, 0xFF};
     39          
     40          // image pointer

   \                                 In segment DATA_I, align 4, align-sorted
     41          const unsigned char*	pImagePtr[] = {
   \                     pImagePtr:
   \   00000000                      DS8 20
   \   00000014                      REQUIRE `?<Initializer for pImagePtr>`
     42           &IMAGE_EpiaLogo[0],   &IMAGE_EpiaLogo1[0],  &IMAGE_EpiaLogo2[0],
     43           &IMAGE_TEST[0],       &IMAGE_TEST1[0]
     44          };
     45          

   \                                 In segment DATA_C, align 4, align-sorted
     46          const unsigned char ASCII_FONT6x7[128][6] = {	/* 5x7 ASCII character font */
   \                     ASCII_FONT6x7:
   \   00000000   000000000000       DC8 0, 0, 0, 0, 0, 0, 248, 4, 20, 4, 4, 20, 248, 252, 108, 124, 124
   \              F80414040414
   \              F8FC6C7C7C  
   \   00000011   6C00F0F8F8F0       DC8 108, 0, 240, 248, 248, 240, 248, 0, 64, 224, 240, 248, 240, 224
   \              F80040E0F0F8
   \              F0E0        
   \   0000001F   E0F81C1CF860       DC8 224, 248, 28, 28, 248, 96, 240, 248, 252, 252, 248, 0, 0, 96, 240
   \              F0F8FCFCF800
   \              0060F0      
   \   0000002E   F06000FF1F0F       DC8 240, 96, 0, 255, 31, 15, 15, 15, 0, 0, 224, 16, 16, 16, 0, 255, 31
   \              0F0F0000E010
   \              101000FF1F  
   \   0000003F   EFEFEF000090       DC8 239, 239, 239, 0, 0, 144, 72, 124, 72, 0, 48, 72, 132, 132, 132, 0
   \              487C48003048
   \              84848400    
   \   0000004F   0000FC040800       DC8 0, 0, 252, 4, 8, 0, 0, 0, 252, 20, 20, 80, 80, 224, 188, 188, 224
   \              0000FC141450
   \              50E0BCBCE0  
   \   00000060   0000FCF8F0E0       DC8 0, 0, 252, 248, 240, 224, 0, 0, 64, 224, 240, 248, 0, 16, 24, 252
   \              000040E0F0F8
   \              001018FC    
   \   00000070   FC180000FCFC       DC8 252, 24, 0, 0, 252, 252, 0, 0, 56, 124, 68, 252, 252, 4, 0, 196
   \              0000387C44FC
   \              FC0400C4    
   \   00000080   EE3A12320000       DC8 238, 58, 18, 50, 0, 0, 0, 0, 0, 0, 0, 16, 24, 252, 252, 24, 0, 16
   \              000000000010
   \              18FCFC180010
   \   00000092   18FCFC180000       DC8 24, 252, 252, 24, 0, 0, 0, 252, 252, 0, 0, 64, 64, 64, 80, 240, 0
   \              00FCFC000040
   \              404050F000  
   \   000000A3   40E0F05040F8       DC8 64, 224, 240, 80, 64, 248, 0, 0, 0, 0, 0, 64, 224, 80, 64, 64, 80
   \              000000000040
   \              E050404050  
   \   000000B4   000000C0F0C0       DC8 0, 0, 0, 192, 240, 192, 0, 16, 112, 240, 240, 240, 0, 0, 0, 0, 0, 0
   \              001070F0F0F0
   \              000000000000
   \   000000C6   00004F000000       DC8 0, 0, 79, 0, 0, 0, 0, 7, 0, 7, 0, 0, 20, 127, 20, 127, 20, 0, 36
   \              000700070000
   \              147F147F1400
   \              24          
   \   000000D9   2A7F2A120023       DC8 42, 127, 42, 18, 0, 35, 19, 8, 100, 98, 0, 54, 73, 85, 34, 80, 0, 0
   \              130864620036
   \              495522500000
   \   000000EB   050300000000       DC8 5, 3, 0, 0, 0, 0, 28, 34, 65, 0, 0, 0, 65, 34, 28, 0, 0, 20, 8, 62
   \              1C2241000000
   \              41221C000014
   \              083E        
   \   000000FF   08140008083E       DC8 8, 20, 0, 8, 8, 62, 8, 8, 0, 0, 80, 48, 0, 0, 0, 8, 8, 8, 8, 8, 0
   \              080800005030
   \              000000080808
   \              080800      
   \   00000114   006060000000       DC8 0, 96, 96, 0, 0, 0, 32, 16, 8, 4, 2, 0, 62, 81, 73, 69, 62, 0, 0
   \              201008040200
   \              3E5149453E00
   \              00          
   \   00000127   427F40000042       DC8 66, 127, 64, 0, 0, 66, 97, 81, 73, 70, 0, 33, 65, 69, 75, 49, 0, 24
   \              615149460021
   \              41454B310018
   \   00000139   14127F100027       DC8 20, 18, 127, 16, 0, 39, 69, 69, 69, 57, 0, 60, 74, 73, 73, 48, 0, 1
   \              45454539003C
   \              4A4949300001
   \   0000014B   710905030036       DC8 113, 9, 5, 3, 0, 54, 73, 73, 73, 54, 0, 6, 73, 73, 41, 30, 0, 0, 54
   \              494949360006
   \              4949291E0000
   \              36          
   \   0000015E   360000000056       DC8 54, 0, 0, 0, 0, 86, 54, 0, 0, 0, 8, 20, 34, 65, 0, 0, 20, 20, 20
   \              360000000814
   \              224100001414
   \              14          
   \   00000171   141400004122       DC8 20, 20, 0, 0, 65, 34, 20, 8, 0, 2, 1, 81, 9, 6, 0, 50, 73, 121, 65
   \              140800020151
   \              090600324979
   \              41          
   \   00000184   3E007E111111       DC8 62, 0, 126, 17, 17, 17, 126, 0, 127, 73, 73, 73, 54, 0, 62, 65, 65
   \              7E007F494949
   \              36003E4141  
   \   00000195   4122007F4141       DC8 65, 34, 0, 127, 65, 65, 34, 28, 0, 127, 73, 73, 73, 65, 0, 127, 9
   \              221C007F4949
   \              4941007F09  
   \   000001A6   090901003E41       DC8 9, 9, 1, 0, 62, 65, 73, 73, 122, 0, 127, 8, 8, 8, 127, 0, 0, 65
   \              49497A007F08
   \              08087F000041
   \   000001B8   7F4100002040       DC8 127, 65, 0, 0, 32, 64, 65, 63, 1, 0, 127, 8, 20, 34, 65, 0, 127, 64
   \              413F01007F08
   \              142241007F40
   \   000001CA   404040007F02       DC8 64, 64, 64, 0, 127, 2, 12, 2, 127, 0, 127, 4, 8, 16, 127, 0, 62, 65
   \              0C027F007F04
   \              08107F003E41
   \   000001DC   41413E007F09       DC8 65, 65, 62, 0, 127, 9, 9, 9, 6, 0, 62, 65, 81, 33, 94, 0, 127, 9
   \              090906003E41
   \              51215E007F09
   \   000001EE   192946002649       DC8 25, 41, 70, 0, 38, 73, 73, 73, 50, 0, 1, 1, 127, 1, 1, 0, 63, 64
   \              494932000101
   \              7F0101003F40
   \   00000200   40403F001F20       DC8 64, 64, 63, 0, 31, 32, 64, 32, 31, 0, 63, 64, 56, 64, 63, 0, 99, 20
   \              40201F003F40
   \              38403F006314
   \   00000212   081463000708       DC8 8, 20, 99, 0, 7, 8, 112, 8, 7, 0, 97, 81, 73, 69, 67, 0, 0, 127, 65
   \              700807006151
   \              49454300007F
   \              41          
   \   00000225   410000020408       DC8 65, 0, 0, 2, 4, 8, 16, 32, 0, 0, 65, 65, 127, 0, 0, 4, 2, 1, 2, 4
   \              102000004141
   \              7F0000040201
   \              0204        
   \   00000239   004040404040       DC8 0, 64, 64, 64, 64, 64, 0, 0, 1, 2, 4, 0, 0, 32, 84, 84, 84, 120, 0
   \              000001020400
   \              002054545478
   \              00          
   \   0000024C   7F4844443800       DC8 127, 72, 68, 68, 56, 0, 56, 68, 68, 68, 32, 0, 56, 68, 68, 72, 127
   \              384444442000
   \              384444487F  
   \   0000025D   003854545418       DC8 0, 56, 84, 84, 84, 24, 0, 8, 126, 9, 1, 2, 0, 12, 82, 82, 82, 62, 0
   \              00087E090102
   \              000C5252523E
   \              00          
   \   00000270   7F0804047800       DC8 127, 8, 4, 4, 120, 0, 0, 4, 125, 0, 0, 0, 32, 64, 68, 61, 0, 0, 127
   \              00047D000000
   \              2040443D0000
   \              7F          
   \   00000283   102844000000       DC8 16, 40, 68, 0, 0, 0, 65, 127, 64, 0, 0, 124, 4, 24, 4, 124, 0, 124
   \              417F4000007C
   \              0418047C007C
   \   00000295   080404780038       DC8 8, 4, 4, 120, 0, 56, 68, 68, 68, 56, 0, 124, 20, 20, 20, 8, 0, 8
   \              44444438007C
   \              141414080008
   \   000002A7   1414187C007C       DC8 20, 20, 24, 124, 0, 124, 8, 4, 4, 8, 0, 72, 84, 84, 84, 32, 0, 4
   \              080404080048
   \              545454200004
   \   000002B9   3F444020003C       DC8 63, 68, 64, 32, 0, 60, 64, 64, 32, 124, 0, 28, 32, 64, 32, 28, 0
   \              4040207C001C
   \              2040201C00  
   \   000002CA   3C4030403C00       DC8 60, 64, 48, 64, 60, 0, 68, 40, 16, 40, 68, 0, 12, 80, 80, 80, 60, 0
   \              442810284400
   \              0C5050503C00
   \   000002DC   4464544C4400       DC8 68, 100, 84, 76, 68, 0, 0, 8, 54, 65, 0, 0, 0, 0, 119, 0, 0, 0, 0
   \              000836410000
   \              000077000000
   \              00          
   \   000002EF   413608000008       DC8 65, 54, 8, 0, 0, 8, 4, 8, 16, 8, 0, 128, 192, 96, 48, 96, 192
   \              040810080080
   \              C0603060C0  
     47                  {0x00, 0x00, 0x00, 0x00, 0x00, 0x00}, 	/* 0x00 */
     48                  {0xF8, 0x04, 0x14, 0x04, 0x04, 0x14}, 	/* 0x01 */
     49                  {0xF8, 0xFC, 0x6C, 0x7C, 0x7C, 0x6C}, 	/* 0x02 */
     50                  {0x00, 0xF0, 0xF8, 0xF8, 0xF0, 0xF8}, 	/* 0x03 */
     51                  {0x00, 0x40, 0xE0, 0xF0, 0xF8, 0xF0}, 	/* 0x04 */
     52                  {0xE0, 0xE0, 0xF8, 0x1C, 0x1C, 0xF8}, 	/* 0x05 */
     53                  {0x60, 0xF0, 0xF8, 0xFC, 0xFC, 0xF8}, 	/* 0x06 */
     54                  {0x00, 0x00, 0x60, 0xF0, 0xF0, 0x60}, 	/* 0x07 */
     55                  {0x00, 0xFF, 0x1F, 0x0F, 0x0F, 0x0F}, 	/* 0x08 */
     56                  {0x00, 0x00, 0xE0, 0x10, 0x10, 0x10}, 	/* 0x09 */
     57                  {0x00, 0xFF, 0x1F, 0xEF, 0xEF, 0xEF}, 	/* 0x0A */
     58                  {0x00, 0x00, 0x90, 0x48, 0x7C, 0x48}, 	/* 0x0B */
     59                  {0x00, 0x30, 0x48, 0x84, 0x84, 0x84}, 	/* 0x0C */
     60                  {0x00, 0x00, 0x00, 0xFC, 0x04, 0x08}, 	/* 0x0D */
     61                  {0x00, 0x00, 0x00, 0xFC, 0x14, 0x14}, 	/* 0x0E */
     62                  {0x50, 0x50, 0xE0, 0xBC, 0xBC, 0xE0}, 	/* 0x0F */
     63                  {0x00, 0x00, 0xFC, 0xF8, 0xF0, 0xE0}, 	/* 0x10 */
     64                  {0x00, 0x00, 0x40, 0xE0, 0xF0, 0xF8}, 	/* 0x11 */
     65                  {0x00, 0x10, 0x18, 0xFC, 0xFC, 0x18}, 	/* 0x12 */
     66                  {0x00, 0x00, 0xFC, 0xFC, 0x00, 0x00}, 	/* 0x13 */
     67                  {0x38, 0x7C, 0x44, 0xFC, 0xFC, 0x04}, 	/* 0x14 */
     68                  {0x00, 0xC4, 0xEE, 0x3A, 0x12, 0x32}, 	/* 0x15 */
     69                  {0x00, 0x00, 0x00, 0x00, 0x00, 0x00}, 	/* 0x16 */
     70                  {0x00, 0x10, 0x18, 0xFC, 0xFC, 0x18}, 	/* 0x17 */
     71                  {0x00, 0x10, 0x18, 0xFC, 0xFC, 0x18}, 	/* 0x18 */
     72                  {0x00, 0x00, 0x00, 0xFC, 0xFC, 0x00}, 	/* 0x19 */
     73                  {0x00, 0x40, 0x40, 0x40, 0x50, 0xF0}, 	/* 0x1A */
     74                  {0x00, 0x40, 0xE0, 0xF0, 0x50, 0x40}, 	/* 0x1B */
     75                  {0xF8, 0x00, 0x00, 0x00, 0x00, 0x00}, 	/* 0x1C */
     76                  {0x40, 0xE0, 0x50, 0x40, 0x40, 0x50}, 	/* 0x1D */
     77                  {0x00, 0x00, 0x00, 0xC0, 0xF0, 0xC0}, 	/* 0x1E */
     78                  {0x00, 0x10, 0x70, 0xF0, 0xF0, 0xF0}, 	/* 0x1F */
     79          	{0x00, 0x00, 0x00, 0x00, 0x00, 0x00},	/* 0x20 space */
     80          	{0x00, 0x00, 0x4f, 0x00, 0x00, 0x00},	/* 0x21 ! */
     81          	{0x00, 0x07, 0x00, 0x07, 0x00, 0x00},	/* 0x22 " */
     82          	{0x14, 0x7f, 0x14, 0x7f, 0x14, 0x00},	/* 0x23 # */
     83          	{0x24, 0x2a, 0x7f, 0x2a, 0x12, 0x00},	/* 0x24 $ */
     84          	{0x23, 0x13, 0x08, 0x64, 0x62, 0x00},	/* 0x25 % */
     85          	{0x36, 0x49, 0x55, 0x22, 0x50, 0x00},	/* 0x26 & */
     86          	{0x00, 0x05, 0x03, 0x00, 0x00, 0x00},	/* 0x27 ' */
     87          	{0x00, 0x1c, 0x22, 0x41, 0x00, 0x00},	/* 0x28 ( */
     88          	{0x00, 0x41, 0x22, 0x1c, 0x00, 0x00},	/* 0x29 ) */
     89          	{0x14, 0x08, 0x3e, 0x08, 0x14, 0x00},	/* 0x2a * */
     90          	{0x08, 0x08, 0x3e, 0x08, 0x08, 0x00},	/* 0x2b + */
     91          	{0x00, 0x50, 0x30, 0x00, 0x00, 0x00},	/* 0x2c , */
     92          	{0x08, 0x08, 0x08, 0x08, 0x08, 0x00},	/* 0x2d - */
     93          	{0x00, 0x60, 0x60, 0x00, 0x00, 0x00},	/* 0x2e . */
     94          	{0x20, 0x10, 0x08, 0x04, 0x02, 0x00},	/* 0x2f / */
     95          	{0x3e, 0x51, 0x49, 0x45, 0x3e, 0x00},	/* 0x30 0 */
     96          	{0x00, 0x42, 0x7f, 0x40, 0x00, 0x00},	/* 0x31 1 */
     97          	{0x42, 0x61, 0x51, 0x49, 0x46, 0x00},	/* 0x32 2 */
     98          	{0x21, 0x41, 0x45, 0x4b, 0x31, 0x00},	/* 0x33 3 */
     99          	{0x18, 0x14, 0x12, 0x7f, 0x10, 0x00},	/* 0x34 4 */
    100          	{0x27, 0x45, 0x45, 0x45, 0x39, 0x00},	/* 0x35 5 */
    101          	{0x3c, 0x4a, 0x49, 0x49, 0x30, 0x00},	/* 0x36 6 */
    102          	{0x01, 0x71, 0x09, 0x05, 0x03, 0x00},	/* 0x37 7 */
    103          	{0x36, 0x49, 0x49, 0x49, 0x36, 0x00},	/* 0x38 8 */
    104          	{0x06, 0x49, 0x49, 0x29, 0x1e, 0x00},	/* 0x39 9 */
    105          	{0x00, 0x36, 0x36, 0x00, 0x00, 0x00},	/* 0x3a : */
    106          	{0x00, 0x56, 0x36, 0x00, 0x00, 0x00},	/* 0x3b ; */
    107          	{0x08, 0x14, 0x22, 0x41, 0x00, 0x00},	/* 0x3c < */
    108          	{0x14, 0x14, 0x14, 0x14, 0x14, 0x00},	/* 0x3d = */
    109          	{0x00, 0x41, 0x22, 0x14, 0x08, 0x00},	/* 0x3e > */
    110          	{0x02, 0x01, 0x51, 0x09, 0x06, 0x00},	/* 0x3f ? */
    111          	{0x32, 0x49, 0x79, 0x41, 0x3e, 0x00},	/* 0x40 @ */
    112          	{0x7e, 0x11, 0x11, 0x11, 0x7e, 0x00},	/* 0x41 A */
    113          	{0x7f, 0x49, 0x49, 0x49, 0x36, 0x00},	/* 0x42 B */
    114          	{0x3e, 0x41, 0x41, 0x41, 0x22, 0x00},	/* 0x43 C */
    115          	{0x7f, 0x41, 0x41, 0x22, 0x1c, 0x00},	/* 0x44 D */
    116          	{0x7f, 0x49, 0x49, 0x49, 0x41, 0x00},	/* 0x45 E */
    117          	{0x7f, 0x09, 0x09, 0x09, 0x01, 0x00},	/* 0x46 F */
    118          	{0x3e, 0x41, 0x49, 0x49, 0x7a, 0x00},	/* 0x47 G */
    119          	{0x7f, 0x08, 0x08, 0x08, 0x7f, 0x00},	/* 0x48 H */
    120          	{0x00, 0x41, 0x7f, 0x41, 0x00, 0x00},	/* 0x49 I */
    121          	{0x20, 0x40, 0x41, 0x3f, 0x01, 0x00},	/* 0x4a J */
    122          	{0x7f, 0x08, 0x14, 0x22, 0x41, 0x00},	/* 0x4b K */
    123          	{0x7f, 0x40, 0x40, 0x40, 0x40, 0x00},	/* 0x4c L */
    124          	{0x7f, 0x02, 0x0c, 0x02, 0x7f, 0x00},	/* 0x4d M */
    125          	{0x7f, 0x04, 0x08, 0x10, 0x7f, 0x00},	/* 0x4e N */
    126          	{0x3e, 0x41, 0x41, 0x41, 0x3e, 0x00},	/* 0x4f O */
    127          	{0x7f, 0x09, 0x09, 0x09, 0x06, 0x00},	/* 0x50 P */
    128          	{0x3e, 0x41, 0x51, 0x21, 0x5e, 0x00},	/* 0x51 Q */
    129          	{0x7f, 0x09, 0x19, 0x29, 0x46, 0x00},	/* 0x52 R */
    130          	{0x26, 0x49, 0x49, 0x49, 0x32, 0x00},	/* 0x53 S */
    131          	{0x01, 0x01, 0x7f, 0x01, 0x01, 0x00},	/* 0x54 T */
    132          	{0x3f, 0x40, 0x40, 0x40, 0x3f, 0x00},	/* 0x55 U */
    133          	{0x1f, 0x20, 0x40, 0x20, 0x1f, 0x00},	/* 0x56 V */
    134          	{0x3f, 0x40, 0x38, 0x40, 0x3f, 0x00},	/* 0x57 W */
    135          	{0x63, 0x14, 0x08, 0x14, 0x63, 0x00},	/* 0x58 X */
    136          	{0x07, 0x08, 0x70, 0x08, 0x07, 0x00},	/* 0x59 Y */
    137          	{0x61, 0x51, 0x49, 0x45, 0x43, 0x00},	/* 0x5a Z */
    138          	{0x00, 0x7f, 0x41, 0x41, 0x00, 0x00},	/* 0x5b [ */
    139          	{0x02, 0x04, 0x08, 0x10, 0x20, 0x00},	/* 0x5c \ */
    140          	{0x00, 0x41, 0x41, 0x7f, 0x00, 0x00},	/* 0x5d ] */
    141          	{0x04, 0x02, 0x01, 0x02, 0x04, 0x00},	/* 0x5e ^ */
    142          	{0x40, 0x40, 0x40, 0x40, 0x40, 0x00},	/* 0x5f _ */
    143          	{0x00, 0x01, 0x02, 0x04, 0x00, 0x00},	/* 0x60 ` */
    144          	{0x20, 0x54, 0x54, 0x54, 0x78, 0x00},	/* 0x61 a */
    145          	{0x7f, 0x48, 0x44, 0x44, 0x38, 0x00},	/* 0x62 b */
    146          	{0x38, 0x44, 0x44, 0x44, 0x20, 0x00},	/* 0x63 c */
    147          	{0x38, 0x44, 0x44, 0x48, 0x7f, 0x00},	/* 0x64 d */
    148          	{0x38, 0x54, 0x54, 0x54, 0x18, 0x00},	/* 0x65 e */
    149          	{0x08, 0x7e, 0x09, 0x01, 0x02, 0x00},	/* 0x66 f */
    150          	{0x0c, 0x52, 0x52, 0x52, 0x3e, 0x00},	/* 0x67 g */
    151          	{0x7f, 0x08, 0x04, 0x04, 0x78, 0x00},	/* 0x68 h */
    152          	{0x00, 0x04, 0x7d, 0x00, 0x00, 0x00},	/* 0x69 i */
    153          	{0x20, 0x40, 0x44, 0x3d, 0x00, 0x00},	/* 0x6a j */
    154          	{0x7f, 0x10, 0x28, 0x44, 0x00, 0x00},	/* 0x6b k */
    155          	{0x00, 0x41, 0x7f, 0x40, 0x00, 0x00},	/* 0x6c l */
    156          	{0x7c, 0x04, 0x18, 0x04, 0x7c, 0x00},	/* 0x6d m */
    157          	{0x7c, 0x08, 0x04, 0x04, 0x78, 0x00},	/* 0x6e n */
    158          	{0x38, 0x44, 0x44, 0x44, 0x38, 0x00},	/* 0x6f o */
    159          	{0x7c, 0x14, 0x14, 0x14, 0x08, 0x00},	/* 0x70 p */
    160          	{0x08, 0x14, 0x14, 0x18, 0x7c, 0x00},	/* 0x71 q */
    161          	{0x7c, 0x08, 0x04, 0x04, 0x08, 0x00},	/* 0x72 r */
    162          	{0x48, 0x54, 0x54, 0x54, 0x20, 0x00},	/* 0x73 s */
    163          	{0x04, 0x3f, 0x44, 0x40, 0x20, 0x00},	/* 0x74 t */
    164          	{0x3c, 0x40, 0x40, 0x20, 0x7c, 0x00},	/* 0x75 u */
    165          	{0x1c, 0x20, 0x40, 0x20, 0x1c, 0x00},	/* 0x76 v */
    166          	{0x3c, 0x40, 0x30, 0x40, 0x3c, 0x00},	/* 0x77 w */
    167          	{0x44, 0x28, 0x10, 0x28, 0x44, 0x00},	/* 0x78 x */
    168          	{0x0c, 0x50, 0x50, 0x50, 0x3c, 0x00},	/* 0x79 y */
    169          	{0x44, 0x64, 0x54, 0x4c, 0x44, 0x00},	/* 0x7a z */
    170          	{0x00, 0x08, 0x36, 0x41, 0x00, 0x00},	/* 0x7b { */
    171          	{0x00, 0x00, 0x77, 0x00, 0x00, 0x00},	/* 0x7c | */
    172          	{0x00, 0x41, 0x36, 0x08, 0x00, 0x00},	/* 0x7d } */
    173          	{0x08, 0x04, 0x08, 0x10, 0x08, 0x00},  	/* 0x7e ~ */
    174                  {0x80, 0xC0, 0x60, 0x30, 0x60, 0xC0}};  /* 0x7F   */
    175          
    176          /* ------------------------------------------------------- */
    177          /*	8x16 Dot English(ASCII) Character Font		   */
    178          /* ------------------------------------------------------- */

   \                                 In segment DATA_C, align 4, align-sorted
    179          const unsigned char ASCII_FONT8x16[128][16] = {		/* 8x16 ASCII character font */
   \                     ASCII_FONT8x16:
   \   00000000   000000000000       DC8 0, 0, 0, 0, 0, 0, 0, 0, 0, 0, 0, 0, 0, 0, 0, 0, 248, 4, 20, 4, 4
   \              000000000000
   \              00000000F804
   \              140404      
   \   00000015   1404F8070809       DC8 20, 4, 248, 7, 8, 9, 11, 11, 9, 8, 7, 248, 252, 108, 124, 124, 108
   \              0B0B090807F8
   \              FC6C7C7C6C  
   \   00000026   FCF8070F0F0C       DC8 252, 248, 7, 15, 15, 12, 12, 15, 15, 7, 0, 240, 248, 248, 240, 248
   \              0C0F0F0700F0
   \              F8F8F0F8    
   \   00000036   F8F000000103       DC8 248, 240, 0, 0, 1, 3, 7, 3, 1, 0, 0, 64, 224, 240, 248, 240, 224
   \              070301000040
   \              E0F0F8F0E0  
   \   00000047   400000000103       DC8 64, 0, 0, 0, 1, 3, 1, 0, 0, 224, 224, 248, 28, 28, 248, 224, 224, 0
   \              010000E0E0F8
   \              1C1CF8E0E000
   \   00000059   000407070400       DC8 0, 4, 7, 7, 4, 0, 0, 96, 240, 248, 252, 252, 248, 240, 96, 0, 0, 4
   \              0060F0F8FCFC
   \              F8F060000004
   \   0000006B   070704000000       DC8 7, 7, 4, 0, 0, 0, 0, 96, 240, 240, 96, 0, 0, 0, 0, 0, 0, 0, 0, 0, 0
   \              0060F0F06000
   \              000000000000
   \              000000      
   \   00000080   00FF1F0F0F0F       DC8 0, 255, 31, 15, 15, 15, 31, 255, 0, 255, 255, 254, 254, 254, 255
   \              1FFF00FFFFFE
   \              FEFEFF      
   \   0000008F   FF0000E01010       DC8 255, 0, 0, 224, 16, 16, 16, 224, 0, 0, 0, 0, 1, 1, 1, 0, 0, 0, 255
   \              10E000000000
   \              010101000000
   \              FF          
   \   000000A2   1FEFEFEF1FFF       DC8 31, 239, 239, 239, 31, 255, 0, 255, 255, 254, 254, 254, 255, 255, 0
   \              00FFFFFEFEFE
   \              FFFF00      
   \   000000B1   0090487C4890       DC8 0, 144, 72, 124, 72, 144, 0, 0, 3, 4, 8, 8, 8, 4, 3, 0, 48, 72, 132
   \              000003040808
   \              080403003048
   \              84          
   \   000000C4   848448300002       DC8 132, 132, 72, 48, 0, 2, 2, 2, 15, 2, 2, 2, 0, 0, 0, 252, 4, 8, 112
   \              02020F020202
   \              000000FC0408
   \              70          
   \   000000D7   0000060F0700       DC8 0, 0, 6, 15, 7, 0, 0, 0, 0, 0, 0, 0, 252, 20, 20, 20, 252, 0, 12
   \              000000000000
   \              FC141414FC00
   \              0C          
   \   000000EA   1E0F00060F07       DC8 30, 15, 0, 6, 15, 7, 80, 80, 224, 188, 188, 224, 80, 80, 1, 1, 0, 7
   \              5050E0BCBCE0
   \              505001010007
   \   000000FC   070001010000       DC8 7, 0, 1, 1, 0, 0, 252, 248, 240, 224, 64, 0, 0, 0, 7, 3, 1, 0, 0, 0
   \              FCF8F0E04000
   \              000007030100
   \              0000        
   \   00000110   000040E0F0F8       DC8 0, 0, 64, 224, 240, 248, 252, 0, 0, 0, 0, 0, 1, 3, 7, 0, 0, 16, 24
   \              FC0000000000
   \              010307000010
   \              18          
   \   00000123   FCFC18100000       DC8 252, 252, 24, 16, 0, 0, 1, 3, 7, 7, 3, 1, 0, 0, 0, 252, 252, 0, 0
   \              010307070301
   \              000000FCFC00
   \              00          
   \   00000136   FCFC00000404       DC8 252, 252, 0, 0, 4, 4, 0, 0, 4, 4, 56, 124, 68, 252, 252, 4, 252
   \              00000404387C
   \              44FCFC04FC  
   \   00000147   FC0000000707       DC8 252, 0, 0, 0, 7, 7, 0, 7, 7, 0, 196, 238, 58, 18, 50, 230, 196, 0
   \              00070700C4EE
   \              3A1232E6C400
   \   00000159   08191312171D       DC8 8, 25, 19, 18, 23, 29, 8, 0, 0, 0, 0, 0, 0, 0, 0, 0, 14, 14, 14, 14
   \              080000000000
   \              000000000E0E
   \              0E0E        
   \   0000016D   0E0E00001018       DC8 14, 14, 0, 0, 16, 24, 252, 252, 24, 16, 0, 8, 9, 11, 15, 15, 11, 9
   \              FCFC18100008
   \              090B0F0F0B09
   \   0000017F   08001018FCFC       DC8 8, 0, 16, 24, 252, 252, 24, 16, 0, 0, 0, 0, 7, 7, 0, 0, 0, 0, 0, 0
   \              181000000000
   \              070700000000
   \              0000        
   \   00000193   FCFC00000000       DC8 252, 252, 0, 0, 0, 0, 1, 3, 7, 7, 3, 1, 0, 0, 64, 64, 64, 80, 240
   \              010307070301
   \              000040404050
   \              F0          
   \   000001A6   E04000000000       DC8 224, 64, 0, 0, 0, 0, 1, 1, 0, 0, 0, 64, 224, 240, 80, 64, 64, 64, 0
   \              010100000040
   \              E0F050404040
   \              00          
   \   000001B9   000001010000       DC8 0, 0, 1, 1, 0, 0, 0, 248, 0, 0, 0, 0, 0, 0, 0, 3, 2, 2, 2, 2, 2, 2
   \              00F800000000
   \              000000030202
   \              02020202    
   \   000001CF   0240E0504040       DC8 2, 64, 224, 80, 64, 64, 80, 224, 64, 0, 0, 1, 0, 0, 1, 0, 0, 0, 0
   \              50E040000001
   \              000001000000
   \              00          
   \   000001E2   00C0F0C00000       DC8 0, 192, 240, 192, 0, 0, 0, 4, 7, 7, 7, 7, 7, 4, 0, 16, 112, 240
   \              000407070707
   \              0704001070F0
   \   000001F4   F0F070100000       DC8 240, 240, 112, 16, 0, 0, 0, 1, 7, 1, 0, 0, 0, 0, 0, 0, 0, 0, 0, 0
   \              000107010000
   \              000000000000
   \              0000        
   \   00000208   000000000000       DC8 0, 0, 0, 0, 0, 0, 0, 0, 0, 0, 56, 252, 252, 56, 0, 0, 0, 0, 0, 13
   \              0000000038FC
   \              FC3800000000
   \              000D        
   \   0000021C   0D000000000E       DC8 13, 0, 0, 0, 0, 14, 30, 0, 0, 30, 14, 0, 0, 0, 0, 0, 0, 0, 0, 0, 32
   \              1E00001E0E00
   \              000000000000
   \              000020      
   \   00000231   F8F820F8F820       DC8 248, 248, 32, 248, 248, 32, 0, 2, 15, 15, 2, 15, 15, 2, 0, 56, 124
   \              00020F0F020F
   \              0F0200387C  
   \   00000242   444747CC9800       DC8 68, 71, 71, 204, 152, 0, 6, 12, 8, 56, 56, 15, 7, 0, 48, 48, 0, 128
   \              060C0838380F
   \              070030300080
   \   00000254   C06030000C06       DC8 192, 96, 48, 0, 12, 6, 3, 1, 0, 12, 12, 0, 128, 216, 124, 228, 188
   \              0301000C0C00
   \              80D87CE4BC  
   \   00000265   D84000070F08       DC8 216, 64, 0, 7, 15, 8, 8, 7, 15, 8, 0, 0, 16, 30, 14, 0, 0, 0, 0, 0
   \              08070F080000
   \              101E0E000000
   \              0000        
   \   00000279   000000000000       DC8 0, 0, 0, 0, 0, 0, 0, 0, 0, 240, 248, 12, 4, 0, 0, 0, 0, 3, 7, 12, 8
   \              000000F0F80C
   \              040000000003
   \              070C08      
   \   0000028E   00000000040C       DC8 0, 0, 0, 0, 4, 12, 248, 240, 0, 0, 0, 0, 8, 12, 7, 3, 0, 0, 128
   \              F8F000000000
   \              080C07030000
   \              80          
   \   000002A1   A0E0C0C0E0A0       DC8 160, 224, 192, 192, 224, 160, 128, 0, 2, 3, 1, 1, 3, 2, 0, 0, 128
   \              800002030101
   \              0302000080  
   \   000002B2   80E0E0808000       DC8 128, 224, 224, 128, 128, 0, 0, 0, 0, 3, 3, 0, 0, 0, 0, 0, 0, 0, 0
   \              000000030300
   \              000000000000
   \              00          
   \   000002C5   000000000010       DC8 0, 0, 0, 0, 0, 16, 30, 14, 0, 0, 0, 128, 128, 128, 128, 128, 128
   \              1E0E00000080
   \              8080808080  
   \   000002D6   800000000000       DC8 128, 0, 0, 0, 0, 0, 0, 0, 0, 0, 0, 0, 0, 0, 0, 0, 0, 0, 0, 0, 0, 12
   \              000000000000
   \              000000000000
   \              0000000C    
   \   000002EC   0C0000000000       DC8 12, 0, 0, 0, 0, 0, 0, 128, 192, 96, 48, 0, 12, 6, 3, 1, 0, 0, 0, 0
   \              0080C0603000
   \              0C0603010000
   \              0000        
   \   00000300   F0F80CC40CF8       DC8 240, 248, 12, 196, 12, 248, 240, 0, 3, 7, 12, 8, 12, 7, 3, 0, 0, 16
   \              F00003070C08
   \              0C0703000010
   \   00000312   18FCFC000000       DC8 24, 252, 252, 0, 0, 0, 0, 8, 8, 15, 15, 8, 8, 0, 8, 12, 132, 196
   \              0008080F0F08
   \              0800080C84C4
   \   00000324   643C18000E0F       DC8 100, 60, 24, 0, 14, 15, 9, 8, 8, 12, 12, 0, 8, 12, 68, 68, 68, 252
   \              0908080C0C00
   \              080C444444FC
   \   00000336   B800040C0808       DC8 184, 0, 4, 12, 8, 8, 8, 15, 7, 0, 192, 224, 176, 152, 252, 252, 128
   \              080F0700C0E0
   \              B098FCFC80  
   \   00000347   00000000080F       DC8 0, 0, 0, 0, 8, 15, 15, 8, 0, 124, 124, 68, 68, 68, 196, 132, 0, 4
   \              0F08007C7C44
   \              4444C4840004
   \   00000359   0C0808080F07       DC8 12, 8, 8, 8, 15, 7, 0, 240, 248, 76, 68, 68, 192, 128, 0, 7, 15, 8
   \              00F0F84C4444
   \              C08000070F08
   \   0000036B   08080F07000C       DC8 8, 8, 15, 7, 0, 12, 12, 4, 132, 196, 124, 60, 0, 0, 0, 15, 15, 0, 0
   \              0C0484C47C3C
   \              0000000F0F00
   \              00          
   \   0000037E   0000B8FC4444       DC8 0, 0, 184, 252, 68, 68, 68, 252, 184, 0, 7, 15, 8, 8, 8, 15, 7, 0
   \              44FCB800070F
   \              0808080F0700
   \   00000390   387C444444FC       DC8 56, 124, 68, 68, 68, 252, 248, 0, 0, 8, 8, 8, 12, 7, 3, 0, 0, 0, 0
   \              F80000080808
   \              0C0703000000
   \              00          
   \   000003A3   303000000000       DC8 48, 48, 0, 0, 0, 0, 0, 0, 6, 6, 0, 0, 0, 0, 0, 0, 48, 48, 0, 0, 0
   \              000006060000
   \              000000003030
   \              000000      
   \   000003B8   0000080E0600       DC8 0, 0, 8, 14, 6, 0, 0, 0, 0, 128, 192, 96, 48, 24, 8, 0, 0, 0, 1, 3
   \              00000080C060
   \              301808000000
   \              0103        
   \   000003CC   060C08000020       DC8 6, 12, 8, 0, 0, 32, 32, 32, 32, 32, 32, 0, 0, 1, 1, 1, 1, 1, 1, 0
   \              202020202000
   \              000101010101
   \              0100        
   \   000003E0   0008183060C0       DC8 0, 8, 24, 48, 96, 192, 128, 0, 0, 8, 12, 6, 3, 1, 0, 0, 24, 28, 4
   \              800000080C06
   \              03010000181C
   \              04          
   \   000003F3   C4E43C180000       DC8 196, 228, 60, 24, 0, 0, 0, 0, 13, 13, 0, 0, 0, 240, 248, 8, 200
   \              00000D0D0000
   \              00F0F808C8  
   \   00000404   C8F8F000070F       DC8 200, 248, 240, 0, 7, 15, 8, 11, 11, 11, 1, 0, 224, 240, 152, 140
   \              080B0B0B0100
   \              E0F0988C    
   \   00000414   98F0E0000F0F       DC8 152, 240, 224, 0, 15, 15, 0, 0, 0, 15, 15, 0, 4, 252, 252, 68, 68
   \              0000000F0F00
   \              04FCFC4444  
   \   00000425   FCB800080F0F       DC8 252, 184, 0, 8, 15, 15, 8, 8, 15, 7, 0, 240, 248, 12, 4, 4, 12, 24
   \              08080F0700F0
   \              F80C04040C18
   \   00000437   0003070C0808       DC8 0, 3, 7, 12, 8, 8, 12, 6, 0, 4, 252, 252, 4, 12, 248, 240, 0, 8, 15
   \              0C060004FCFC
   \              040CF8F00008
   \              0F          
   \   0000044A   0F080C070300       DC8 15, 8, 12, 7, 3, 0, 4, 252, 252, 68, 228, 12, 28, 0, 8, 15, 15, 8
   \              04FCFC44E40C
   \              1C00080F0F08
   \   0000045C   080C0E0004FC       DC8 8, 12, 14, 0, 4, 252, 252, 68, 228, 12, 28, 0, 8, 15, 15, 8, 0, 0
   \              FC44E40C1C00
   \              080F0F080000
   \   0000046E   0000F0F80C84       DC8 0, 0, 240, 248, 12, 132, 132, 140, 152, 0, 3, 7, 12, 8, 8, 7, 15, 0
   \              848C98000307
   \              0C0808070F00
   \   00000480   FCFC404040FC       DC8 252, 252, 64, 64, 64, 252, 252, 0, 15, 15, 0, 0, 0, 15, 15, 0, 0, 0
   \              FC000F0F0000
   \              000F0F000000
   \   00000492   04FCFC040000       DC8 4, 252, 252, 4, 0, 0, 0, 0, 8, 15, 15, 8, 0, 0, 0, 0, 0, 4, 252
   \              0000080F0F08
   \              000000000004
   \              FC          
   \   000004A5   FC0400070F08       DC8 252, 4, 0, 7, 15, 8, 8, 15, 7, 0, 0, 4, 252, 252, 192, 224, 60, 28
   \              080F07000004
   \              FCFCC0E03C1C
   \   000004B7   00080F0F0001       DC8 0, 8, 15, 15, 0, 1, 15, 14, 0, 4, 252, 252, 4, 0, 0, 0, 0, 8, 15
   \              0F0E0004FCFC
   \              040000000008
   \              0F          
   \   000004CA   0F08080C0E00       DC8 15, 8, 8, 12, 14, 0, 252, 252, 56, 112, 56, 252, 252, 0, 15, 15, 0
   \              FCFC387038FC
   \              FC000F0F00  
   \   000004DB   00000F0F00FC       DC8 0, 0, 15, 15, 0, 252, 252, 56, 112, 224, 252, 252, 0, 15, 15, 0, 0
   \              FC3870E0FCFC
   \              000F0F0000  
   \   000004EC   000F0F00F8FC       DC8 0, 15, 15, 0, 248, 252, 4, 4, 4, 252, 248, 0, 7, 15, 8, 8, 8, 15, 7
   \              040404FCF800
   \              070F0808080F
   \              07          
   \   000004FF   0004FCFC4444       DC8 0, 4, 252, 252, 68, 68, 124, 56, 0, 8, 15, 15, 8, 0, 0, 0, 0, 248
   \              7C3800080F0F
   \              0800000000F8
   \   00000511   FC040404FCF8       DC8 252, 4, 4, 4, 252, 248, 0, 7, 15, 8, 14, 60, 63, 39, 0, 4, 252, 252
   \              00070F080E3C
   \              3F270004FCFC
   \   00000523   44C4FC380008       DC8 68, 196, 252, 56, 0, 8, 15, 15, 0, 0, 15, 15, 0, 24, 60, 100, 68
   \              0F0F00000F0F
   \              00183C6444  
   \   00000534   C49C1800060E       DC8 196, 156, 24, 0, 6, 14, 8, 8, 8, 15, 7, 0, 0, 28, 12, 252, 252, 12
   \              0808080F0700
   \              001C0CFCFC0C
   \   00000546   1C000000080F       DC8 28, 0, 0, 0, 8, 15, 15, 8, 0, 0, 252, 252, 0, 0, 0, 252, 252, 0, 7
   \              0F080000FCFC
   \              000000FCFC00
   \              07          
   \   00000559   0F0808080F07       DC8 15, 8, 8, 8, 15, 7, 0, 252, 252, 0, 0, 0, 252, 252, 0, 1, 3, 6, 12
   \              00FCFC000000
   \              FCFC00010306
   \              0C          
   \   0000056C   06030100FCFC       DC8 6, 3, 1, 0, 252, 252, 0, 192, 0, 252, 252, 0, 7, 15, 14, 3, 14, 15
   \              00C000FCFC00
   \              070F0E030E0F
   \   0000057E   07000C3CF0E0       DC8 7, 0, 12, 60, 240, 224, 240, 60, 12, 0, 12, 15, 3, 1, 3, 15, 12, 0
   \              F03C0C000C0F
   \              0301030F0C00
   \   00000590   003C7CC0C07C       DC8 0, 60, 124, 192, 192, 124, 60, 0, 0, 0, 8, 15, 15, 8, 0, 0, 28, 12
   \              3C000000080F
   \              0F0800001C0C
   \   000005A2   84C4643C1C00       DC8 132, 196, 100, 60, 28, 0, 14, 15, 9, 8, 8, 12, 14, 0, 0, 0, 252
   \              0E0F0908080C
   \              0E000000FC  
   \   000005B3   FC0404000000       DC8 252, 4, 4, 0, 0, 0, 0, 15, 15, 8, 8, 0, 0, 56, 112, 224, 192, 128
   \              000F0F080800
   \              003870E0C080
   \   000005C5   000000000000       DC8 0, 0, 0, 0, 0, 0, 1, 3, 7, 14, 0, 0, 0, 4, 4, 252, 252, 0, 0, 0, 0
   \              0103070E0000
   \              000404FCFC00
   \              000000      
   \   000005DA   08080F0F0000       DC8 8, 8, 15, 15, 0, 0, 8, 12, 6, 3, 6, 12, 8, 0, 0, 0, 0, 0, 0, 0, 0
   \              080C0603060C
   \              080000000000
   \              000000      
   \   000005EF   000000000000       DC8 0, 0, 0, 0, 0, 0, 0, 0, 0, 32, 32, 32, 32, 32, 32, 32, 32, 0, 0, 3
   \              000000202020
   \              202020202000
   \              0003        
   \   00000603   070400000000       DC8 7, 4, 0, 0, 0, 0, 0, 0, 0, 0, 0, 0, 0, 0, 160, 160, 160, 224, 192
   \              000000000000
   \              0000A0A0A0E0
   \              C0          
   \   00000616   0000070F0808       DC8 0, 0, 7, 15, 8, 8, 7, 15, 8, 0, 4, 252, 252, 32, 96, 192, 128, 0, 0
   \              070F080004FC
   \              FC2060C08000
   \              00          
   \   00000629   0F0F08080F07       DC8 15, 15, 8, 8, 15, 7, 0, 192, 224, 32, 32, 32, 96, 64, 0, 7, 15, 8
   \              00C0E0202020
   \              604000070F08
   \   0000063B   08080C040080       DC8 8, 8, 12, 4, 0, 128, 192, 96, 36, 252, 252, 0, 0, 7, 15, 8, 8, 7
   \              C06024FCFC00
   \              00070F080807
   \   0000064D   0F0800C0E0A0       DC8 15, 8, 0, 192, 224, 160, 160, 160, 224, 192, 0, 7, 15, 8, 8, 8, 12
   \              A0A0E0C00007
   \              0F0808080C  
   \   0000065E   040040F8FC44       DC8 4, 0, 64, 248, 252, 68, 12, 24, 0, 0, 8, 15, 15, 8, 0, 0, 0, 0, 192
   \              0C180000080F
   \              0F0800000000
   \              C0          
   \   00000671   E02020C0E020       DC8 224, 32, 32, 192, 224, 32, 0, 39, 111, 72, 72, 127, 63, 0, 0, 4
   \              00276F48487F
   \              3F000004    
   \   00000681   FCFC4020E0C0       DC8 252, 252, 64, 32, 224, 192, 0, 8, 15, 15, 0, 0, 15, 15, 0, 0, 0, 32
   \              00080F0F0000
   \              0F0F00000020
   \   00000693   ECEC00000000       DC8 236, 236, 0, 0, 0, 0, 0, 8, 15, 15, 8, 0, 0, 0, 0, 0, 0, 32, 236
   \              00080F0F0800
   \              000000000020
   \              EC          
   \   000006A6   EC0000307040       DC8 236, 0, 0, 48, 112, 64, 64, 127, 63, 0, 4, 252, 252, 128, 192, 96
   \              407F3F0004FC
   \              FC80C060    
   \   000006B6   2000080F0F01       DC8 32, 0, 8, 15, 15, 1, 3, 14, 12, 0, 0, 0, 4, 252, 252, 0, 0, 0, 0, 0
   \              030E0C000000
   \              04FCFC000000
   \              0000        
   \   000006CA   080F0F080000       DC8 8, 15, 15, 8, 0, 0, 224, 224, 96, 192, 96, 224, 192, 0, 15, 15, 0
   \              E0E060C060E0
   \              C0000F0F00  
   \   000006DB   07000F0F0020       DC8 7, 0, 15, 15, 0, 32, 224, 192, 32, 32, 224, 192, 0, 0, 15, 15, 0, 0
   \              E0C02020E0C0
   \              00000F0F0000
   \   000006ED   0F0F00C0E020       DC8 15, 15, 0, 192, 224, 32, 32, 32, 224, 192, 0, 7, 15, 8, 8, 8, 15, 7
   \              2020E0C00007
   \              0F0808080F07
   \   000006FF   0020E0C02020       DC8 0, 32, 224, 192, 32, 32, 224, 192, 0, 64, 127, 127, 72, 8, 15, 7, 0
   \              E0C000407F7F
   \              48080F0700  
   \   00000710   C0E02020C0E0       DC8 192, 224, 32, 32, 192, 224, 32, 0, 7, 15, 8, 72, 127, 127, 64, 0
   \              2000070F0848
   \              7F7F4000    
   \   00000720   20E0C06020E0       DC8 32, 224, 192, 96, 32, 224, 192, 0, 8, 15, 15, 8, 0, 0, 0, 0, 64
   \              C000080F0F08
   \              0000000040  
   \   00000731   E0A020206040       DC8 224, 160, 32, 32, 96, 64, 0, 4, 12, 9, 9, 11, 14, 4, 0, 32, 32, 248
   \              00040C09090B
   \              0E04002020F8
   \   00000743   FC2020000000       DC8 252, 32, 32, 0, 0, 0, 0, 7, 15, 8, 12, 4, 0, 224, 224, 0, 0, 224
   \              00070F080C04
   \              00E0E00000E0
   \   00000755   E00000070F08       DC8 224, 0, 0, 7, 15, 8, 8, 7, 15, 8, 0, 0, 224, 224, 0, 0, 224, 224, 0
   \              08070F080000
   \              E0E00000E0E0
   \              00          
   \   00000768   0003070C0C07       DC8 0, 3, 7, 12, 12, 7, 3, 0, 224, 224, 0, 128, 0, 224, 224, 0, 7, 15
   \              0300E0E00080
   \              00E0E000070F
   \   0000077A   0C070C0F0700       DC8 12, 7, 12, 15, 7, 0, 32, 96, 192, 128, 192, 96, 32, 0, 8, 12, 7, 3
   \              2060C080C060
   \              2000080C0703
   \   0000078C   070C0800E0E0       DC8 7, 12, 8, 0, 224, 224, 0, 0, 0, 224, 224, 0, 71, 79, 72, 72, 104
   \              000000E0E000
   \              474F484868  
   \   0000079D   3F1F00606020       DC8 63, 31, 0, 96, 96, 32, 160, 224, 96, 32, 0, 12, 14, 11, 9, 8, 12
   \              A0E06020000C
   \              0E0B09080C  
   \   000007AE   0C00004040F8       DC8 12, 0, 0, 64, 64, 248, 188, 4, 4, 0, 0, 0, 0, 7, 15, 8, 8, 0, 0, 0
   \              BC0404000000
   \              00070F080800
   \              0000        
   \   000007C2   00BCBC000000       DC8 0, 188, 188, 0, 0, 0, 0, 0, 0, 15, 15, 0, 0, 0, 0, 4, 4, 188, 248
   \              0000000F0F00
   \              0000000404BC
   \              F8          
   \   000007D5   404000000808       DC8 64, 64, 0, 0, 8, 8, 15, 7, 0, 0, 0, 128, 192, 64, 192, 128, 192, 64
   \              0F0700000080
   \              C040C080C040
   \   000007E7   000000000000       DC8 0, 0, 0, 0, 0, 0, 0, 0, 0, 128, 192, 96, 48, 96, 192, 128, 0, 7, 7
   \              00000080C060
   \              3060C0800007
   \              07          
   \   000007FA   040404070700       DC8 4, 4, 4, 7, 7, 0

   \                                 In segment DATA_ID, align 4, align-sorted
   \                     `?<Initializer for pImagePtr>`:
   \   00000000   ............       DC32 IMAGE_EpiaLogo, IMAGE_EpiaLogo1, IMAGE_EpiaLogo2, IMAGE_TEST
   \              ............
   \              ........    
   \   00000010   ........           DC32 IMAGE_TEST1
    180            {0x00,0x00,0x00,0x00,0x00,0x00,0x00,0x00,0x00,0x00,0x00,0x00,0x00,0x00,0x00,0x00}, /* 0x00 */
    181            {0xF8,0x04,0x14,0x04,0x04,0x14,0x04,0xF8,0x07,0x08,0x09,0x0B,0x0B,0x09,0x08,0x07}, /* 0x01 */
    182            {0xF8,0xFC,0x6C,0x7C,0x7C,0x6C,0xFC,0xF8,0x07,0x0F,0x0F,0x0C,0x0C,0x0F,0x0F,0x07}, /* 0x02 */
    183            {0x00,0xF0,0xF8,0xF8,0xF0,0xF8,0xF8,0xF0,0x00,0x00,0x01,0x03,0x07,0x03,0x01,0x00}, /* 0x03 */
    184            {0x00,0x40,0xE0,0xF0,0xF8,0xF0,0xE0,0x40,0x00,0x00,0x00,0x01,0x03,0x01,0x00,0x00}, /* 0x04 */
    185            {0xE0,0xE0,0xF8,0x1C,0x1C,0xF8,0xE0,0xE0,0x00,0x00,0x04,0x07,0x07,0x04,0x00,0x00}, /* 0x05 */
    186            {0x60,0xF0,0xF8,0xFC,0xFC,0xF8,0xF0,0x60,0x00,0x00,0x04,0x07,0x07,0x04,0x00,0x00}, /* 0x06 */
    187            {0x00,0x00,0x60,0xF0,0xF0,0x60,0x00,0x00,0x00,0x00,0x00,0x00,0x00,0x00,0x00,0x00}, /* 0x07 */
    188            {0x00,0xFF,0x1F,0x0F,0x0F,0x0F,0x1F,0xFF,0x00,0xFF,0xFF,0xFE,0xFE,0xFE,0xFF,0xFF}, /* 0x08 */
    189            {0x00,0x00,0xE0,0x10,0x10,0x10,0xE0,0x00,0x00,0x00,0x00,0x01,0x01,0x01,0x00,0x00}, /* 0x09 */
    190            {0x00,0xFF,0x1F,0xEF,0xEF,0xEF,0x1F,0xFF,0x00,0xFF,0xFF,0xFE,0xFE,0xFE,0xFF,0xFF}, /* 0x0A */
    191            {0x00,0x00,0x90,0x48,0x7C,0x48,0x90,0x00,0x00,0x03,0x04,0x08,0x08,0x08,0x04,0x03}, /* 0x0B */
    192            {0x00,0x30,0x48,0x84,0x84,0x84,0x48,0x30,0x00,0x02,0x02,0x02,0x0F,0x02,0x02,0x02}, /* 0x0C */
    193            {0x00,0x00,0x00,0xFC,0x04,0x08,0x70,0x00,0x00,0x06,0x0F,0x07,0x00,0x00,0x00,0x00}, /* 0x0D */
    194            {0x00,0x00,0x00,0xFC,0x14,0x14,0x14,0xFC,0x00,0x0C,0x1E,0x0F,0x00,0x06,0x0F,0x07}, /* 0x0E */
    195            {0x50,0x50,0xE0,0xBC,0xBC,0xE0,0x50,0x50,0x01,0x01,0x00,0x07,0x07,0x00,0x01,0x01}, /* 0x0F */
    196            {0x00,0x00,0xFC,0xF8,0xF0,0xE0,0x40,0x00,0x00,0x00,0x07,0x03,0x01,0x00,0x00,0x00}, /* 0x10 */
    197            {0x00,0x00,0x40,0xE0,0xF0,0xF8,0xFC,0x00,0x00,0x00,0x00,0x00,0x01,0x03,0x07,0x00}, /* 0x11 */
    198            {0x00,0x10,0x18,0xFC,0xFC,0x18,0x10,0x00,0x00,0x01,0x03,0x07,0x07,0x03,0x01,0x00}, /* 0x12 */
    199            {0x00,0x00,0xFC,0xFC,0x00,0x00,0xFC,0xFC,0x00,0x00,0x04,0x04,0x00,0x00,0x04,0x04}, /* 0x13 */
    200            {0x38,0x7C,0x44,0xFC,0xFC,0x04,0xFC,0xFC,0x00,0x00,0x00,0x07,0x07,0x00,0x07,0x07}, /* 0x14 */
    201            {0x00,0xC4,0xEE,0x3A,0x12,0x32,0xE6,0xC4,0x00,0x08,0x19,0x13,0x12,0x17,0x1D,0x08}, /* 0x15 */
    202            {0x00,0x00,0x00,0x00,0x00,0x00,0x00,0x00,0x00,0x0E,0x0E,0x0E,0x0E,0x0E,0x0E,0x00}, /* 0x16 */
    203            {0x00,0x10,0x18,0xFC,0xFC,0x18,0x10,0x00,0x08,0x09,0x0B,0x0F,0x0F,0x0B,0x09,0x08}, /* 0x17 */
    204            {0x00,0x10,0x18,0xFC,0xFC,0x18,0x10,0x00,0x00,0x00,0x00,0x07,0x07,0x00,0x00,0x00}, /* 0x18 */
    205            {0x00,0x00,0x00,0xFC,0xFC,0x00,0x00,0x00,0x00,0x01,0x03,0x07,0x07,0x03,0x01,0x00}, /* 0x19 */
    206            {0x00,0x40,0x40,0x40,0x50,0xF0,0xE0,0x40,0x00,0x00,0x00,0x00,0x01,0x01,0x00,0x00}, /* 0x1A */
    207            {0x00,0x40,0xE0,0xF0,0x50,0x40,0x40,0x40,0x00,0x00,0x00,0x01,0x01,0x00,0x00,0x00}, /* 0x1B */
    208            {0xF8,0x00,0x00,0x00,0x00,0x00,0x00,0x00,0x03,0x02,0x02,0x02,0x02,0x02,0x02,0x02}, /* 0x1C */
    209            {0x40,0xE0,0x50,0x40,0x40,0x50,0xE0,0x40,0x00,0x00,0x01,0x00,0x00,0x01,0x00,0x00}, /* 0x1D */
    210            {0x00,0x00,0x00,0xC0,0xF0,0xC0,0x00,0x00,0x00,0x04,0x07,0x07,0x07,0x07,0x07,0x04}, /* 0x1E */
    211            {0x00,0x10,0x70,0xF0,0xF0,0xF0,0x70,0x10,0x00,0x00,0x00,0x01,0x07,0x01,0x00,0x00}, /* 0x1F */
    212            {0x00,0x00,0x00,0x00,0x00,0x00,0x00,0x00,0x00,0x00,0x00,0x00,0x00,0x00,0x00,0x00}, /* space */
    213            {0x00,0x00,0x38,0xFC,0xFC,0x38,0x00,0x00,0x00,0x00,0x00,0x0D,0x0D,0x00,0x00,0x00}, /* ! */
    214            {0x00,0x0E,0x1E,0x00,0x00,0x1E,0x0E,0x00,0x00,0x00,0x00,0x00,0x00,0x00,0x00,0x00}, /* " */
    215            {0x20,0xF8,0xF8,0x20,0xF8,0xF8,0x20,0x00,0x02,0x0F,0x0F,0x02,0x0F,0x0F,0x02,0x00}, /* # */
    216            {0x38,0x7C,0x44,0x47,0x47,0xCC,0x98,0x00,0x06,0x0C,0x08,0x38,0x38,0x0F,0x07,0x00}, /* $ */
    217            {0x30,0x30,0x00,0x80,0xC0,0x60,0x30,0x00,0x0C,0x06,0x03,0x01,0x00,0x0C,0x0C,0x00}, /* % */
    218            {0x80,0xD8,0x7C,0xE4,0xBC,0xD8,0x40,0x00,0x07,0x0F,0x08,0x08,0x07,0x0F,0x08,0x00}, /* & */
    219            {0x00,0x10,0x1E,0x0E,0x00,0x00,0x00,0x00,0x00,0x00,0x00,0x00,0x00,0x00,0x00,0x00}, /* ' */
    220            {0x00,0x00,0xF0,0xF8,0x0C,0x04,0x00,0x00,0x00,0x00,0x03,0x07,0x0C,0x08,0x00,0x00}, /* ( */
    221            {0x00,0x00,0x04,0x0C,0xF8,0xF0,0x00,0x00,0x00,0x00,0x08,0x0C,0x07,0x03,0x00,0x00}, /* ) */
    222            {0x80,0xA0,0xE0,0xC0,0xC0,0xE0,0xA0,0x80,0x00,0x02,0x03,0x01,0x01,0x03,0x02,0x00}, /* * */
    223            {0x00,0x80,0x80,0xE0,0xE0,0x80,0x80,0x00,0x00,0x00,0x00,0x03,0x03,0x00,0x00,0x00}, /* + */
    224            {0x00,0x00,0x00,0x00,0x00,0x00,0x00,0x00,0x00,0x00,0x10,0x1E,0x0E,0x00,0x00,0x00}, /* , */
    225            {0x80,0x80,0x80,0x80,0x80,0x80,0x80,0x00,0x00,0x00,0x00,0x00,0x00,0x00,0x00,0x00}, /* - */
    226            {0x00,0x00,0x00,0x00,0x00,0x00,0x00,0x00,0x00,0x00,0x00,0x0C,0x0C,0x00,0x00,0x00}, /* . */
    227            {0x00,0x00,0x00,0x80,0xC0,0x60,0x30,0x00,0x0C,0x06,0x03,0x01,0x00,0x00,0x00,0x00}, /* / */
    228            {0xF0,0xF8,0x0C,0xC4,0x0C,0xF8,0xF0,0x00,0x03,0x07,0x0C,0x08,0x0C,0x07,0x03,0x00}, /* 0 */
    229            {0x00,0x10,0x18,0xFC,0xFC,0x00,0x00,0x00,0x00,0x08,0x08,0x0F,0x0F,0x08,0x08,0x00}, /* 1 */
    230            {0x08,0x0C,0x84,0xC4,0x64,0x3C,0x18,0x00,0x0E,0x0F,0x09,0x08,0x08,0x0C,0x0C,0x00}, /* 2 */
    231            {0x08,0x0C,0x44,0x44,0x44,0xFC,0xB8,0x00,0x04,0x0C,0x08,0x08,0x08,0x0F,0x07,0x00}, /* 3 */
    232            {0xC0,0xE0,0xB0,0x98,0xFC,0xFC,0x80,0x00,0x00,0x00,0x00,0x08,0x0F,0x0F,0x08,0x00}, /* 4 */
    233            {0x7C,0x7C,0x44,0x44,0x44,0xC4,0x84,0x00,0x04,0x0C,0x08,0x08,0x08,0x0F,0x07,0x00}, /* 5 */
    234            {0xF0,0xF8,0x4C,0x44,0x44,0xC0,0x80,0x00,0x07,0x0F,0x08,0x08,0x08,0x0F,0x07,0x00}, /* 6 */
    235            {0x0C,0x0C,0x04,0x84,0xC4,0x7C,0x3C,0x00,0x00,0x00,0x0F,0x0F,0x00,0x00,0x00,0x00}, /* 7 */
    236            {0xB8,0xFC,0x44,0x44,0x44,0xFC,0xB8,0x00,0x07,0x0F,0x08,0x08,0x08,0x0F,0x07,0x00}, /* 8 */
    237            {0x38,0x7C,0x44,0x44,0x44,0xFC,0xF8,0x00,0x00,0x08,0x08,0x08,0x0C,0x07,0x03,0x00}, /* 9 */
    238            {0x00,0x00,0x00,0x30,0x30,0x00,0x00,0x00,0x00,0x00,0x00,0x06,0x06,0x00,0x00,0x00}, /* : */
    239            {0x00,0x00,0x00,0x30,0x30,0x00,0x00,0x00,0x00,0x00,0x08,0x0E,0x06,0x00,0x00,0x00}, /* ; */
    240            {0x00,0x80,0xC0,0x60,0x30,0x18,0x08,0x00,0x00,0x00,0x01,0x03,0x06,0x0C,0x08,0x00}, /* < */
    241            {0x00,0x20,0x20,0x20,0x20,0x20,0x20,0x00,0x00,0x01,0x01,0x01,0x01,0x01,0x01,0x00}, /* = */
    242            {0x00,0x08,0x18,0x30,0x60,0xC0,0x80,0x00,0x00,0x08,0x0C,0x06,0x03,0x01,0x00,0x00}, /* > */
    243            {0x18,0x1C,0x04,0xC4,0xE4,0x3C,0x18,0x00,0x00,0x00,0x00,0x0D,0x0D,0x00,0x00,0x00}, /* ? */
    244            {0xF0,0xF8,0x08,0xC8,0xC8,0xF8,0xF0,0x00,0x07,0x0F,0x08,0x0B,0x0B,0x0B,0x01,0x00}, /* @ */
    245            {0xE0,0xF0,0x98,0x8C,0x98,0xF0,0xE0,0x00,0x0F,0x0F,0x00,0x00,0x00,0x0F,0x0F,0x00}, /* A */
    246            {0x04,0xFC,0xFC,0x44,0x44,0xFC,0xB8,0x00,0x08,0x0F,0x0F,0x08,0x08,0x0F,0x07,0x00}, /* B */
    247            {0xF0,0xF8,0x0C,0x04,0x04,0x0C,0x18,0x00,0x03,0x07,0x0C,0x08,0x08,0x0C,0x06,0x00}, /* C */
    248            {0x04,0xFC,0xFC,0x04,0x0C,0xF8,0xF0,0x00,0x08,0x0F,0x0F,0x08,0x0C,0x07,0x03,0x00}, /* D */
    249            {0x04,0xFC,0xFC,0x44,0xE4,0x0C,0x1C,0x00,0x08,0x0F,0x0F,0x08,0x08,0x0C,0x0E,0x00}, /* E */
    250            {0x04,0xFC,0xFC,0x44,0xE4,0x0C,0x1C,0x00,0x08,0x0F,0x0F,0x08,0x00,0x00,0x00,0x00}, /* F */
    251            {0xF0,0xF8,0x0C,0x84,0x84,0x8C,0x98,0x00,0x03,0x07,0x0C,0x08,0x08,0x07,0x0F,0x00}, /* G */
    252            {0xFC,0xFC,0x40,0x40,0x40,0xFC,0xFC,0x00,0x0F,0x0F,0x00,0x00,0x00,0x0F,0x0F,0x00}, /* H */
    253            {0x00,0x00,0x04,0xFC,0xFC,0x04,0x00,0x00,0x00,0x00,0x08,0x0F,0x0F,0x08,0x00,0x00}, /* I */
    254            {0x00,0x00,0x00,0x04,0xFC,0xFC,0x04,0x00,0x07,0x0F,0x08,0x08,0x0F,0x07,0x00,0x00}, /* J */
    255            {0x04,0xFC,0xFC,0xC0,0xE0,0x3C,0x1C,0x00,0x08,0x0F,0x0F,0x00,0x01,0x0F,0x0E,0x00}, /* K */
    256            {0x04,0xFC,0xFC,0x04,0x00,0x00,0x00,0x00,0x08,0x0F,0x0F,0x08,0x08,0x0C,0x0E,0x00}, /* L */
    257            {0xFC,0xFC,0x38,0x70,0x38,0xFC,0xFC,0x00,0x0F,0x0F,0x00,0x00,0x00,0x0F,0x0F,0x00}, /* M */
    258            {0xFC,0xFC,0x38,0x70,0xE0,0xFC,0xFC,0x00,0x0F,0x0F,0x00,0x00,0x00,0x0F,0x0F,0x00}, /* N */
    259            {0xF8,0xFC,0x04,0x04,0x04,0xFC,0xF8,0x00,0x07,0x0F,0x08,0x08,0x08,0x0F,0x07,0x00}, /* O */
    260            {0x04,0xFC,0xFC,0x44,0x44,0x7C,0x38,0x00,0x08,0x0F,0x0F,0x08,0x00,0x00,0x00,0x00}, /* P */
    261            {0xF8,0xFC,0x04,0x04,0x04,0xFC,0xF8,0x00,0x07,0x0F,0x08,0x0E,0x3C,0x3F,0x27,0x00}, /* Q */
    262            {0x04,0xFC,0xFC,0x44,0xC4,0xFC,0x38,0x00,0x08,0x0F,0x0F,0x00,0x00,0x0F,0x0F,0x00}, /* R */
    263            {0x18,0x3C,0x64,0x44,0xC4,0x9C,0x18,0x00,0x06,0x0E,0x08,0x08,0x08,0x0F,0x07,0x00}, /* S */
    264            {0x00,0x1C,0x0C,0xFC,0xFC,0x0C,0x1C,0x00,0x00,0x00,0x08,0x0F,0x0F,0x08,0x00,0x00}, /* T */
    265            {0xFC,0xFC,0x00,0x00,0x00,0xFC,0xFC,0x00,0x07,0x0F,0x08,0x08,0x08,0x0F,0x07,0x00}, /* U */
    266            {0xFC,0xFC,0x00,0x00,0x00,0xFC,0xFC,0x00,0x01,0x03,0x06,0x0C,0x06,0x03,0x01,0x00}, /* V */
    267            {0xFC,0xFC,0x00,0xC0,0x00,0xFC,0xFC,0x00,0x07,0x0F,0x0E,0x03,0x0E,0x0F,0x07,0x00}, /* W */
    268            {0x0C,0x3C,0xF0,0xE0,0xF0,0x3C,0x0C,0x00,0x0C,0x0F,0x03,0x01,0x03,0x0F,0x0C,0x00}, /* X */
    269            {0x00,0x3C,0x7C,0xC0,0xC0,0x7C,0x3C,0x00,0x00,0x00,0x08,0x0F,0x0F,0x08,0x00,0x00}, /* Y */
    270            {0x1C,0x0C,0x84,0xC4,0x64,0x3C,0x1C,0x00,0x0E,0x0F,0x09,0x08,0x08,0x0C,0x0E,0x00}, /* Z */
    271            {0x00,0x00,0xFC,0xFC,0x04,0x04,0x00,0x00,0x00,0x00,0x0F,0x0F,0x08,0x08,0x00,0x00}, /* [ */
    272            {0x38,0x70,0xE0,0xC0,0x80,0x00,0x00,0x00,0x00,0x00,0x00,0x01,0x03,0x07,0x0E,0x00}, /* \ */
    273            {0x00,0x00,0x04,0x04,0xFC,0xFC,0x00,0x00,0x00,0x00,0x08,0x08,0x0F,0x0F,0x00,0x00}, /* ] */
    274            {0x08,0x0C,0x06,0x03,0x06,0x0C,0x08,0x00,0x00,0x00,0x00,0x00,0x00,0x00,0x00,0x00}, /* ^ */
    275            {0x00,0x00,0x00,0x00,0x00,0x00,0x00,0x00,0x20,0x20,0x20,0x20,0x20,0x20,0x20,0x20}, /* _ */
    276            {0x00,0x00,0x03,0x07,0x04,0x00,0x00,0x00,0x00,0x00,0x00,0x00,0x00,0x00,0x00,0x00}, /* ` */
    277            {0x00,0xA0,0xA0,0xA0,0xE0,0xC0,0x00,0x00,0x07,0x0F,0x08,0x08,0x07,0x0F,0x08,0x00}, /* a */
    278            {0x04,0xFC,0xFC,0x20,0x60,0xC0,0x80,0x00,0x00,0x0F,0x0F,0x08,0x08,0x0F,0x07,0x00}, /* b */
    279            {0xC0,0xE0,0x20,0x20,0x20,0x60,0x40,0x00,0x07,0x0F,0x08,0x08,0x08,0x0C,0x04,0x00}, /* c */
    280            {0x80,0xC0,0x60,0x24,0xFC,0xFC,0x00,0x00,0x07,0x0F,0x08,0x08,0x07,0x0F,0x08,0x00}, /* d */
    281            {0xC0,0xE0,0xA0,0xA0,0xA0,0xE0,0xC0,0x00,0x07,0x0F,0x08,0x08,0x08,0x0C,0x04,0x00}, /* e */
    282            {0x40,0xF8,0xFC,0x44,0x0C,0x18,0x00,0x00,0x08,0x0F,0x0F,0x08,0x00,0x00,0x00,0x00}, /* f */
    283            {0xC0,0xE0,0x20,0x20,0xC0,0xE0,0x20,0x00,0x27,0x6F,0x48,0x48,0x7F,0x3F,0x00,0x00}, /* g */
    284            {0x04,0xFC,0xFC,0x40,0x20,0xE0,0xC0,0x00,0x08,0x0F,0x0F,0x00,0x00,0x0F,0x0F,0x00}, /* h */
    285            {0x00,0x00,0x20,0xEC,0xEC,0x00,0x00,0x00,0x00,0x00,0x08,0x0F,0x0F,0x08,0x00,0x00}, /* i */
    286            {0x00,0x00,0x00,0x00,0x20,0xEC,0xEC,0x00,0x00,0x30,0x70,0x40,0x40,0x7F,0x3F,0x00}, /* j */
    287            {0x04,0xFC,0xFC,0x80,0xC0,0x60,0x20,0x00,0x08,0x0F,0x0F,0x01,0x03,0x0E,0x0C,0x00}, /* k */
    288            {0x00,0x00,0x04,0xFC,0xFC,0x00,0x00,0x00,0x00,0x00,0x08,0x0F,0x0F,0x08,0x00,0x00}, /* l */
    289            {0xE0,0xE0,0x60,0xC0,0x60,0xE0,0xC0,0x00,0x0F,0x0F,0x00,0x07,0x00,0x0F,0x0F,0x00}, /* m */
    290            {0x20,0xE0,0xC0,0x20,0x20,0xE0,0xC0,0x00,0x00,0x0F,0x0F,0x00,0x00,0x0F,0x0F,0x00}, /* n */
    291            {0xC0,0xE0,0x20,0x20,0x20,0xE0,0xC0,0x00,0x07,0x0F,0x08,0x08,0x08,0x0F,0x07,0x00}, /* o */
    292            {0x20,0xE0,0xC0,0x20,0x20,0xE0,0xC0,0x00,0x40,0x7F,0x7F,0x48,0x08,0x0F,0x07,0x00}, /* p */
    293            {0xC0,0xE0,0x20,0x20,0xC0,0xE0,0x20,0x00,0x07,0x0F,0x08,0x48,0x7F,0x7F,0x40,0x00}, /* q */
    294            {0x20,0xE0,0xC0,0x60,0x20,0xE0,0xC0,0x00,0x08,0x0F,0x0F,0x08,0x00,0x00,0x00,0x00}, /* r */
    295            {0x40,0xE0,0xA0,0x20,0x20,0x60,0x40,0x00,0x04,0x0C,0x09,0x09,0x0B,0x0E,0x04,0x00}, /* s */
    296            {0x20,0x20,0xF8,0xFC,0x20,0x20,0x00,0x00,0x00,0x00,0x07,0x0F,0x08,0x0C,0x04,0x00}, /* t */
    297            {0xE0,0xE0,0x00,0x00,0xE0,0xE0,0x00,0x00,0x07,0x0F,0x08,0x08,0x07,0x0F,0x08,0x00}, /* u */
    298            {0x00,0xE0,0xE0,0x00,0x00,0xE0,0xE0,0x00,0x00,0x03,0x07,0x0C,0x0C,0x07,0x03,0x00}, /* v */
    299            {0xE0,0xE0,0x00,0x80,0x00,0xE0,0xE0,0x00,0x07,0x0F,0x0C,0x07,0x0C,0x0F,0x07,0x00}, /* w */
    300            {0x20,0x60,0xC0,0x80,0xC0,0x60,0x20,0x00,0x08,0x0C,0x07,0x03,0x07,0x0C,0x08,0x00}, /* x */
    301            {0xE0,0xE0,0x00,0x00,0x00,0xE0,0xE0,0x00,0x47,0x4F,0x48,0x48,0x68,0x3F,0x1F,0x00}, /* y */
    302            {0x60,0x60,0x20,0xA0,0xE0,0x60,0x20,0x00,0x0C,0x0E,0x0B,0x09,0x08,0x0C,0x0C,0x00}, /* z */
    303            {0x00,0x40,0x40,0xF8,0xBC,0x04,0x04,0x00,0x00,0x00,0x00,0x07,0x0F,0x08,0x08,0x00}, /* { */
    304            {0x00,0x00,0x00,0xBC,0xBC,0x00,0x00,0x00,0x00,0x00,0x00,0x0F,0x0F,0x00,0x00,0x00}, /* | */
    305            {0x00,0x04,0x04,0xBC,0xF8,0x40,0x40,0x00,0x00,0x08,0x08,0x0F,0x07,0x00,0x00,0x00}, /* } */
    306            {0x80,0xC0,0x40,0xC0,0x80,0xC0,0x40,0x00,0x00,0x00,0x00,0x00,0x00,0x00,0x00,0x00}, /* ~ */
    307            {0x80,0xC0,0x60,0x30,0x60,0xC0,0x80,0x00,0x07,0x07,0x04,0x04,0x04,0x07,0x07,0x00}}; /* 0x7F */


   Segment part sizes:

     Function/Label               Bytes
     --------------               -----
     ImageNO                         1
     IMAGE_EpiaLogo                488
     IMAGE_EpiaLogo1               488
     IMAGE_EpiaLogo2               488
     IMAGE_TEST                    488
     IMAGE_TEST1                   496
     pImagePtr                      20
     ASCII_FONT6x7                 768
     ASCII_FONT8x16               2048
     ?<Initializer for pImagePtr>   20
      Others                        24

 
 5 264 bytes in segment DATA_C
    20 bytes in segment DATA_I
    20 bytes in segment DATA_ID
     1 byte  in segment DATA_Z
    24 bytes in segment INITTAB
 
     0 bytes of CODE  memory (+ 24 bytes shared)
 5 284 bytes of CONST memory
    21 bytes of DATA  memory

Errors: none
Warnings: none
